<?xml version="1.0" encoding="ISO-8859-1" ?>
<link_info>
   <banner>TI ARM Linker PC v18.1.5.LTS</banner>
   <copyright>Copyright (c) 1996-2018 Texas Instruments Incorporated</copyright>
   <link_time>0x5cab60dc</link_time>
   <link_errors>0x0</link_errors>
   <output_file>meter.out</output_file>
   <entry_point>
      <name>_c_int00_noargs</name>
      <address>0x4ac1</address>
   </entry_point>
   <input_file_list>
      <input_file id="fl-2">
         <path>.\</path>
         <kind>object</kind>
         <file>ClockSys.obj</file>
         <name>ClockSys.obj</name>
      </input_file>
      <input_file id="fl-3">
         <path>.\</path>
         <kind>object</kind>
         <file>_data_pack_.obj</file>
         <name>_data_pack_.obj</name>
      </input_file>
      <input_file id="fl-4">
         <path>.\</path>
         <kind>object</kind>
         <file>adc14.obj</file>
         <name>adc14.obj</name>
      </input_file>
      <input_file id="fl-5">
         <path>.\</path>
         <kind>object</kind>
         <file>aes256.obj</file>
         <name>aes256.obj</name>
      </input_file>
      <input_file id="fl-6">
         <path>.\</path>
         <kind>object</kind>
         <file>comp_e.obj</file>
         <name>comp_e.obj</name>
      </input_file>
      <input_file id="fl-7">
         <path>.\</path>
         <kind>object</kind>
         <file>cpu.obj</file>
         <name>cpu.obj</name>
      </input_file>
      <input_file id="fl-8">
         <path>.\</path>
         <kind>object</kind>
         <file>crc32.obj</file>
         <name>crc32.obj</name>
      </input_file>
      <input_file id="fl-9">
         <path>.\</path>
         <kind>object</kind>
         <file>cs.obj</file>
         <name>cs.obj</name>
      </input_file>
      <input_file id="fl-a">
         <path>.\</path>
         <kind>object</kind>
         <file>dma.obj</file>
         <name>dma.obj</name>
      </input_file>
      <input_file id="fl-b">
         <path>.\</path>
         <kind>object</kind>
         <file>energy_meter.obj</file>
         <name>energy_meter.obj</name>
      </input_file>
      <input_file id="fl-c">
         <path>.\</path>
         <kind>object</kind>
         <file>flash.obj</file>
         <name>flash.obj</name>
      </input_file>
      <input_file id="fl-d">
         <path>.\</path>
         <kind>object</kind>
         <file>fpu.obj</file>
         <name>fpu.obj</name>
      </input_file>
      <input_file id="fl-e">
         <path>.\</path>
         <kind>object</kind>
         <file>gpio.obj</file>
         <name>gpio.obj</name>
      </input_file>
      <input_file id="fl-f">
         <path>.\</path>
         <kind>object</kind>
         <file>i2c.obj</file>
         <name>i2c.obj</name>
      </input_file>
      <input_file id="fl-10">
         <path>.\</path>
         <kind>object</kind>
         <file>interrupt.obj</file>
         <name>interrupt.obj</name>
      </input_file>
      <input_file id="fl-11">
         <path>.\</path>
         <kind>object</kind>
         <file>main.obj</file>
         <name>main.obj</name>
      </input_file>
      <input_file id="fl-12">
         <path>.\</path>
         <kind>object</kind>
         <file>mpu.obj</file>
         <name>mpu.obj</name>
      </input_file>
      <input_file id="fl-13">
         <path>.\</path>
         <kind>object</kind>
         <file>pcm.obj</file>
         <name>pcm.obj</name>
      </input_file>
      <input_file id="fl-14">
         <path>.\</path>
         <kind>object</kind>
         <file>pmap.obj</file>
         <name>pmap.obj</name>
      </input_file>
      <input_file id="fl-15">
         <path>.\</path>
         <kind>object</kind>
         <file>pss.obj</file>
         <name>pss.obj</name>
      </input_file>
      <input_file id="fl-16">
         <path>.\</path>
         <kind>object</kind>
         <file>ref_a.obj</file>
         <name>ref_a.obj</name>
      </input_file>
      <input_file id="fl-17">
         <path>.\</path>
         <kind>object</kind>
         <file>reset.obj</file>
         <name>reset.obj</name>
      </input_file>
      <input_file id="fl-18">
         <path>.\</path>
         <kind>object</kind>
         <file>rtc_c.obj</file>
         <name>rtc_c.obj</name>
      </input_file>
      <input_file id="fl-19">
         <path>.\</path>
         <kind>object</kind>
         <file>spi.obj</file>
         <name>spi.obj</name>
      </input_file>
      <input_file id="fl-1a">
         <path>.\</path>
         <kind>object</kind>
         <file>sysctl.obj</file>
         <name>sysctl.obj</name>
      </input_file>
      <input_file id="fl-1b">
         <path>.\</path>
         <kind>object</kind>
         <file>system_msp432p401r.obj</file>
         <name>system_msp432p401r.obj</name>
      </input_file>
      <input_file id="fl-1c">
         <path>.\</path>
         <kind>object</kind>
         <file>systick.obj</file>
         <name>systick.obj</name>
      </input_file>
      <input_file id="fl-1d">
         <path>.\</path>
         <kind>object</kind>
         <file>timer32.obj</file>
         <name>timer32.obj</name>
      </input_file>
      <input_file id="fl-1e">
         <path>.\</path>
         <kind>object</kind>
         <file>timer_a.obj</file>
         <name>timer_a.obj</name>
      </input_file>
      <input_file id="fl-1f">
         <path>.\</path>
         <kind>object</kind>
         <file>uart.obj</file>
         <name>uart.obj</name>
      </input_file>
      <input_file id="fl-20">
         <path>.\</path>
         <kind>object</kind>
         <file>uart_driver.obj</file>
         <name>uart_driver.obj</name>
      </input_file>
      <input_file id="fl-21">
         <path>.\</path>
         <kind>object</kind>
         <file>wdt_a.obj</file>
         <name>wdt_a.obj</name>
      </input_file>
      <input_file id="fl-22">
         <path>.\WiFi\</path>
         <kind>object</kind>
         <file>board.obj</file>
         <name>board.obj</name>
      </input_file>
      <input_file id="fl-23">
         <path>.\WiFi\</path>
         <kind>object</kind>
         <file>cc3100_usage.obj</file>
         <name>cc3100_usage.obj</name>
      </input_file>
      <input_file id="fl-24">
         <path>.\WiFi\</path>
         <kind>object</kind>
         <file>device.obj</file>
         <name>device.obj</name>
      </input_file>
      <input_file id="fl-25">
         <path>.\WiFi\</path>
         <kind>object</kind>
         <file>driver.obj</file>
         <name>driver.obj</name>
      </input_file>
      <input_file id="fl-26">
         <path>.\WiFi\</path>
         <kind>object</kind>
         <file>flowcont.obj</file>
         <name>flowcont.obj</name>
      </input_file>
      <input_file id="fl-27">
         <path>.\WiFi\</path>
         <kind>object</kind>
         <file>fs.obj</file>
         <name>fs.obj</name>
      </input_file>
      <input_file id="fl-28">
         <path>.\WiFi\</path>
         <kind>object</kind>
         <file>netapp.obj</file>
         <name>netapp.obj</name>
      </input_file>
      <input_file id="fl-29">
         <path>.\WiFi\</path>
         <kind>object</kind>
         <file>netcfg.obj</file>
         <name>netcfg.obj</name>
      </input_file>
      <input_file id="fl-2a">
         <path>.\WiFi\</path>
         <kind>object</kind>
         <file>nonos.obj</file>
         <name>nonos.obj</name>
      </input_file>
      <input_file id="fl-2b">
         <path>.\WiFi\</path>
         <kind>object</kind>
         <file>socket.obj</file>
         <name>socket.obj</name>
      </input_file>
      <input_file id="fl-2c">
         <path>.\WiFi\</path>
         <kind>object</kind>
         <file>spawn.obj</file>
         <name>spawn.obj</name>
      </input_file>
      <input_file id="fl-2d">
         <path>.\WiFi\</path>
         <kind>object</kind>
         <file>spi_cc3100.obj</file>
         <name>spi_cc3100.obj</name>
      </input_file>
      <input_file id="fl-2e">
         <path>.\WiFi\</path>
         <kind>object</kind>
         <file>wlan.obj</file>
         <name>wlan.obj</name>
      </input_file>
      <input_file id="fl-2f">
         <path>.\ccs\</path>
         <kind>object</kind>
         <file>startup_msp432p401r_ccs.obj</file>
         <name>startup_msp432p401r_ccs.obj</name>
      </input_file>
      <input_file id="fl-39">
         <kind>object</kind>
         <file>&lt;internal&gt;</file>
         <name>&lt;internal&gt;</name>
      </input_file>
      <input_file id="fl-ef">
         <path>C:\ti\ccsv8\tools\compiler\ti-cgt-arm_18.1.5.LTS\lib\</path>
         <kind>archive</kind>
         <file>rtsv7M4_T_le_v4SPD16_eabi.lib</file>
         <name>memset_t2.asm.obj</name>
      </input_file>
      <input_file id="fl-f0">
         <path>C:\ti\ccsv8\tools\compiler\ti-cgt-arm_18.1.5.LTS\lib\</path>
         <kind>archive</kind>
         <file>rtsv7M4_T_le_v4SPD16_eabi.lib</file>
         <name>fd_add_t2.asm.obj</name>
      </input_file>
      <input_file id="fl-f1">
         <path>C:\ti\ccsv8\tools\compiler\ti-cgt-arm_18.1.5.LTS\lib\</path>
         <kind>archive</kind>
         <file>rtsv7M4_T_le_v4SPD16_eabi.lib</file>
         <name>fd_cmp_t2.asm.obj</name>
      </input_file>
      <input_file id="fl-f2">
         <path>C:\ti\ccsv8\tools\compiler\ti-cgt-arm_18.1.5.LTS\lib\</path>
         <kind>archive</kind>
         <file>rtsv7M4_T_le_v4SPD16_eabi.lib</file>
         <name>fd_div_t2.asm.obj</name>
      </input_file>
      <input_file id="fl-f3">
         <path>C:\ti\ccsv8\tools\compiler\ti-cgt-arm_18.1.5.LTS\lib\</path>
         <kind>archive</kind>
         <file>rtsv7M4_T_le_v4SPD16_eabi.lib</file>
         <name>fd_mul_t2.asm.obj</name>
      </input_file>
      <input_file id="fl-f4">
         <path>C:\ti\ccsv8\tools\compiler\ti-cgt-arm_18.1.5.LTS\lib\</path>
         <kind>archive</kind>
         <file>rtsv7M4_T_le_v4SPD16_eabi.lib</file>
         <name>fd_tou_t2.asm.obj</name>
      </input_file>
      <input_file id="fl-f5">
         <path>C:\ti\ccsv8\tools\compiler\ti-cgt-arm_18.1.5.LTS\lib\</path>
         <kind>archive</kind>
         <file>rtsv7M4_T_le_v4SPD16_eabi.lib</file>
         <name>memcpy_t2.asm.obj</name>
      </input_file>
      <input_file id="fl-f6">
         <path>C:\ti\ccsv8\tools\compiler\ti-cgt-arm_18.1.5.LTS\lib\</path>
         <kind>archive</kind>
         <file>rtsv7M4_T_le_v4SPD16_eabi.lib</file>
         <name>u_tofd_t2.asm.obj</name>
      </input_file>
      <input_file id="fl-f7">
         <path>C:\ti\ccsv8\tools\compiler\ti-cgt-arm_18.1.5.LTS\lib\</path>
         <kind>archive</kind>
         <file>rtsv7M4_T_le_v4SPD16_eabi.lib</file>
         <name>copy_zero_init.c.obj</name>
      </input_file>
      <input_file id="fl-f8">
         <path>C:\ti\ccsv8\tools\compiler\ti-cgt-arm_18.1.5.LTS\lib\</path>
         <kind>archive</kind>
         <file>rtsv7M4_T_le_v4SPD16_eabi.lib</file>
         <name>copy_decompress_none.c.obj</name>
      </input_file>
      <input_file id="fl-f9">
         <path>C:\ti\ccsv8\tools\compiler\ti-cgt-arm_18.1.5.LTS\lib\</path>
         <kind>archive</kind>
         <file>rtsv7M4_T_le_v4SPD16_eabi.lib</file>
         <name>copy_decompress_lzss.c.obj</name>
      </input_file>
      <input_file id="fl-fa">
         <path>C:\ti\ccsv8\tools\compiler\ti-cgt-arm_18.1.5.LTS\lib\</path>
         <kind>archive</kind>
         <file>rtsv7M4_T_le_v4SPD16_eabi.lib</file>
         <name>boot_cortex_m.c.obj</name>
      </input_file>
      <input_file id="fl-fb">
         <path>C:\ti\ccsv8\tools\compiler\ti-cgt-arm_18.1.5.LTS\lib\</path>
         <kind>archive</kind>
         <file>rtsv7M4_T_le_v4SPD16_eabi.lib</file>
         <name>exit.c.obj</name>
      </input_file>
      <input_file id="fl-fc">
         <path>C:\ti\ccsv8\tools\compiler\ti-cgt-arm_18.1.5.LTS\lib\</path>
         <kind>archive</kind>
         <file>rtsv7M4_T_le_v4SPD16_eabi.lib</file>
         <name>_lock.c.obj</name>
      </input_file>
      <input_file id="fl-fd">
         <path>C:\ti\ccsv8\tools\compiler\ti-cgt-arm_18.1.5.LTS\lib\</path>
         <kind>archive</kind>
         <file>rtsv7M4_T_le_v4SPD16_eabi.lib</file>
         <name>args_main.c.obj</name>
      </input_file>
      <input_file id="fl-fe">
         <path>C:\ti\ccsv8\tools\compiler\ti-cgt-arm_18.1.5.LTS\lib\</path>
         <kind>archive</kind>
         <file>rtsv7M4_T_le_v4SPD16_eabi.lib</file>
         <name>strlen.c.obj</name>
      </input_file>
      <input_file id="fl-ff">
         <path>C:\ti\ccsv8\tools\compiler\ti-cgt-arm_18.1.5.LTS\lib\</path>
         <kind>archive</kind>
         <file>rtsv7M4_T_le_v4SPD16_eabi.lib</file>
         <name>strncpy.c.obj</name>
      </input_file>
      <input_file id="fl-100">
         <path>C:\ti\ccsv8\tools\compiler\ti-cgt-arm_18.1.5.LTS\lib\</path>
         <kind>archive</kind>
         <file>rtsv7M4_T_le_v4SPD16_eabi.lib</file>
         <name>autoinit.c.obj</name>
      </input_file>
      <input_file id="fl-101">
         <path>C:\ti\ccsv8\tools\compiler\ti-cgt-arm_18.1.5.LTS\lib\</path>
         <kind>archive</kind>
         <file>rtsv7M4_T_le_v4SPD16_eabi.lib</file>
         <name>pre_init.c.obj</name>
      </input_file>
      <input_file id="fl-102">
         <path>C:\ti\ccsv8\tools\compiler\ti-cgt-arm_18.1.5.LTS\lib\</path>
         <kind>archive</kind>
         <file>rtsv7M4_T_le_v4SPD16_eabi.lib</file>
         <name>cpy_tbl.c.obj</name>
      </input_file>
   </input_file_list>
   <object_component_list>
      <object_component id="oc-23">
         <name>.intvecs:retain</name>
         <load_address>0x0</load_address>
         <run_address>0x0</run_address>
         <size>0xe4</size>
         <input_file_ref idref="fl-2f"/>
      </object_component>
      <object_component id="oc-565">
         <name>.text:_SlDrvMsgRead</name>
         <load_address>0xe4</load_address>
         <run_address>0xe4</run_address>
         <size>0x634</size>
         <input_file_ref idref="fl-25"/>
      </object_component>
      <object_component id="oc-56b">
         <name>.text:_SlAsyncEventGenericHandler</name>
         <load_address>0x718</load_address>
         <run_address>0x718</run_address>
         <size>0x4e4</size>
         <input_file_ref idref="fl-25"/>
      </object_component>
      <object_component id="oc-3b6">
         <name>.text:sl_WlanConnect</name>
         <load_address>0xbfc</load_address>
         <run_address>0xbfc</run_address>
         <size>0x244</size>
         <input_file_ref idref="fl-2e"/>
      </object_component>
      <object_component id="oc-596">
         <name>.text:_SlDrvRxHdrRead</name>
         <load_address>0xe40</load_address>
         <run_address>0xe40</run_address>
         <size>0x214</size>
         <input_file_ref idref="fl-25"/>
      </object_component>
      <object_component id="oc-365">
         <name>.text:_SlDrvReleasePoolObj</name>
         <load_address>0x1054</load_address>
         <run_address>0x1054</run_address>
         <size>0x208</size>
         <input_file_ref idref="fl-25"/>
      </object_component>
      <object_component id="oc-341">
         <name>.text:_SlDrvWaitForPoolObj</name>
         <load_address>0x125c</load_address>
         <run_address>0x125c</run_address>
         <size>0x208</size>
         <input_file_ref idref="fl-25"/>
      </object_component>
      <object_component id="oc-4b9">
         <name>.text:_SlDrvMsgWrite</name>
         <load_address>0x1464</load_address>
         <run_address>0x1464</run_address>
         <size>0x1f8</size>
         <input_file_ref idref="fl-25"/>
      </object_component>
      <object_component id="oc-228">
         <name>.text:configureSimpleLinkToDefaultState</name>
         <load_address>0x165c</load_address>
         <run_address>0x165c</run_address>
         <size>0x1e4</size>
         <input_file_ref idref="fl-23"/>
      </object_component>
      <object_component id="oc-511">
         <name>.text:_SlDrvDataWriteOp</name>
         <load_address>0x1840</load_address>
         <run_address>0x1840</run_address>
         <size>0x1cc</size>
         <input_file_ref idref="fl-25"/>
      </object_component>
      <object_component id="oc-5a8">
         <name>.text:_SlFindAndSetActiveObj</name>
         <load_address>0x1a0c</load_address>
         <run_address>0x1a0c</run_address>
         <size>0x170</size>
         <input_file_ref idref="fl-25"/>
      </object_component>
      <object_component id="oc-1ca">
         <name>.text:_getIndexForMemRegister</name>
         <load_address>0x1b7c</load_address>
         <run_address>0x1b7c</run_address>
         <size>0x160</size>
         <input_file_ref idref="fl-4"/>
      </object_component>
      <object_component id="oc-52d">
         <name>.text:__PCM_setPowerModeAdvanced</name>
         <load_address>0x1cdc</load_address>
         <run_address>0x1cdc</run_address>
         <size>0x15c</size>
         <input_file_ref idref="fl-13"/>
      </object_component>
      <object_component id="oc-3d2">
         <name>.text:privateTimer_AProcessClockSourceDivider</name>
         <load_address>0x1e38</load_address>
         <run_address>0x1e38</run_address>
         <size>0x144</size>
         <input_file_ref idref="fl-1e"/>
      </object_component>
      <object_component id="oc-13f">
         <name>.text:spi_Open</name>
         <load_address>0x1f7c</load_address>
         <run_address>0x1f7c</run_address>
         <size>0x13c</size>
         <input_file_ref idref="fl-2d"/>
      </object_component>
      <object_component id="oc-23a">
         <name>.text:sl_Stop</name>
         <load_address>0x20b8</load_address>
         <run_address>0x20b8</run_address>
         <size>0x12c</size>
         <input_file_ref idref="fl-24"/>
      </object_component>
      <object_component id="oc-ae">
         <name>.text:main</name>
         <load_address>0x21e4</load_address>
         <run_address>0x21e4</run_address>
         <size>0x120</size>
         <input_file_ref idref="fl-11"/>
      </object_component>
      <object_component id="oc-3fd">
         <name>.text:sl_SendTo</name>
         <load_address>0x2304</load_address>
         <run_address>0x2304</run_address>
         <size>0x120</size>
         <input_file_ref idref="fl-2b"/>
      </object_component>
      <object_component id="oc-59c">
         <name>.text:_SlDrvClassifyRxMsg</name>
         <load_address>0x2424</load_address>
         <run_address>0x2424</run_address>
         <size>0x118</size>
         <input_file_ref idref="fl-25"/>
      </object_component>
      <object_component id="oc-22e">
         <name>.text:sl_Start</name>
         <load_address>0x253c</load_address>
         <run_address>0x253c</run_address>
         <size>0x110</size>
         <input_file_ref idref="fl-24"/>
      </object_component>
      <object_component id="oc-76">
         <name>.text:ADC14_IRQHandler</name>
         <load_address>0x264c</load_address>
         <run_address>0x264c</run_address>
         <size>0x108</size>
         <input_file_ref idref="fl-11"/>
      </object_component>
      <object_component id="oc-2ee">
         <name>.text:__PCM_setCoreVoltageLevelAdvanced</name>
         <load_address>0x2754</load_address>
         <run_address>0x2754</run_address>
         <size>0x108</size>
         <input_file_ref idref="fl-13"/>
      </object_component>
      <object_component id="oc-4bf">
         <name>.text:_SlDrvMsgReadCmdCtx</name>
         <load_address>0x285c</load_address>
         <run_address>0x285c</run_address>
         <size>0x104</size>
         <input_file_ref idref="fl-25"/>
      </object_component>
      <object_component id="oc-5d5">
         <name>.text:_SlDrvNetAppEventHandler</name>
         <load_address>0x2960</load_address>
         <run_address>0x2960</run_address>
         <size>0xfe</size>
         <input_file_ref idref="fl-28"/>
      </object_component>
      <object_component id="oc-6a">
         <name>.text:Default_Handler</name>
         <load_address>0x2a5e</load_address>
         <run_address>0x2a5e</run_address>
         <size>0x2</size>
         <input_file_ref idref="fl-2f"/>
      </object_component>
      <object_component id="oc-33b">
         <name>.text:_SlDrvDriverCBInit</name>
         <load_address>0x2a60</load_address>
         <run_address>0x2a60</run_address>
         <size>0xf0</size>
         <input_file_ref idref="fl-25"/>
      </object_component>
      <object_component id="oc-4b0">
         <name>.text:_SlDrvMsgReadSpawnCtx</name>
         <load_address>0x2b50</load_address>
         <run_address>0x2b50</run_address>
         <size>0xe8</size>
         <input_file_ref idref="fl-25"/>
      </object_component>
      <object_component id="oc-c0">
         <name>.text:SystemInit</name>
         <load_address>0x2c38</load_address>
         <run_address>0x2c38</run_address>
         <size>0xd4</size>
         <input_file_ref idref="fl-1b"/>
      </object_component>
      <object_component id="oc-60c">
         <name>.text:_sl_HandleAsync_DnsGetHostByService</name>
         <load_address>0x2d0c</load_address>
         <run_address>0x2d0c</run_address>
         <size>0xd4</size>
         <input_file_ref idref="fl-28"/>
      </object_component>
      <object_component id="oc-145">
         <name>.text:initCC3100</name>
         <load_address>0x2de0</load_address>
         <run_address>0x2de0</run_address>
         <size>0xcc</size>
         <input_file_ref idref="fl-23"/>
      </object_component>
      <object_component id="oc-606">
         <name>.text:_sl_HandleAsync_DnsGetHostByName</name>
         <load_address>0x2eac</load_address>
         <run_address>0x2eac</run_address>
         <size>0xc8</size>
         <input_file_ref idref="fl-28"/>
      </object_component>
      <object_component id="oc-5af">
         <name>.text:_sl_HandleAsync_PingResponse</name>
         <load_address>0x2f74</load_address>
         <run_address>0x2f74</run_address>
         <size>0xc8</size>
         <input_file_ref idref="fl-28"/>
      </object_component>
      <object_component id="oc-505">
         <name>.text:_sl_TruncatePayloadByProtocol</name>
         <load_address>0x303c</load_address>
         <run_address>0x303c</run_address>
         <size>0xc8</size>
         <input_file_ref idref="fl-2b"/>
      </object_component>
      <object_component id="oc-4a0">
         <name>.text:_SlRemoveFromList</name>
         <load_address>0x3104</load_address>
         <run_address>0x3104</run_address>
         <size>0xc4</size>
         <input_file_ref idref="fl-25"/>
      </object_component>
      <object_component id="oc-2a8">
         <name>.text:BsdUdpClient</name>
         <load_address>0x31c8</load_address>
         <run_address>0x31c8</run_address>
         <size>0xb8</size>
         <input_file_ref idref="fl-23"/>
      </object_component>
      <object_component id="oc-386">
         <name>.text:_SlDrvCmdOp</name>
         <load_address>0x3280</load_address>
         <run_address>0x3280</run_address>
         <size>0xb8</size>
         <input_file_ref idref="fl-25"/>
      </object_component>
      <object_component id="oc-5f1">
         <name>.text:_sl_HandleAsync_InitComplete</name>
         <load_address>0x3338</load_address>
         <run_address>0x3338</run_address>
         <size>0xb8</size>
         <input_file_ref idref="fl-24"/>
      </object_component>
      <object_component id="oc-478">
         <name>.text:sl_NetAppMDNSRegisterUnregisterService</name>
         <load_address>0x33f0</load_address>
         <run_address>0x33f0</run_address>
         <size>0xb8</size>
         <input_file_ref idref="fl-28"/>
      </object_component>
      <object_component id="oc-626">
         <name>.text:_sl_HandleAsync_Connect</name>
         <load_address>0x34a8</load_address>
         <run_address>0x34a8</run_address>
         <size>0xb4</size>
         <input_file_ref idref="fl-2b"/>
      </object_component>
      <object_component id="oc-c8">
         <name>.text:uartReceive</name>
         <load_address>0x355c</load_address>
         <run_address>0x355c</run_address>
         <size>0xac</size>
         <input_file_ref idref="fl-20"/>
      </object_component>
      <object_component id="oc-26b">
         <name>.text:ADC14_configureMultiSequenceMode</name>
         <load_address>0x3608</load_address>
         <run_address>0x3608</run_address>
         <size>0xa8</size>
         <input_file_ref idref="fl-4"/>
      </object_component>
      <object_component id="oc-3a1">
         <name>.text:_SlDrvDriverCBDeinit</name>
         <load_address>0x36b0</load_address>
         <run_address>0x36b0</run_address>
         <size>0xa8</size>
         <input_file_ref idref="fl-25"/>
      </object_component>
      <object_component id="oc-305">
         <name>.text:sl_DevGet</name>
         <load_address>0x3758</load_address>
         <run_address>0x3758</run_address>
         <size>0xa8</size>
         <input_file_ref idref="fl-24"/>
      </object_component>
      <object_component id="oc-271">
         <name>.text:ADC14_configureConversionMemory</name>
         <load_address>0x3800</load_address>
         <run_address>0x3800</run_address>
         <size>0xa4</size>
         <input_file_ref idref="fl-4"/>
      </object_component>
      <object_component id="oc-151">
         <name>.text:init_EnergyMeter</name>
         <load_address>0x38a4</load_address>
         <run_address>0x38a4</run_address>
         <size>0xa0</size>
         <input_file_ref idref="fl-b"/>
      </object_component>
      <object_component id="oc-34">
         <name>.text</name>
         <load_address>0x3944</load_address>
         <run_address>0x3944</run_address>
         <size>0x9c</size>
         <input_file_ref idref="fl-f5"/>
      </object_component>
      <object_component id="oc-620">
         <name>.text:_sl_HandleAsync_Accept</name>
         <load_address>0x39e0</load_address>
         <run_address>0x39e0</run_address>
         <size>0x98</size>
         <input_file_ref idref="fl-2b"/>
      </object_component>
      <object_component id="oc-12d">
         <name>.text:ClockSys_SetMaxFreq</name>
         <load_address>0x3a78</load_address>
         <run_address>0x3a78</run_address>
         <size>0x94</size>
         <input_file_ref idref="fl-2"/>
      </object_component>
      <object_component id="oc-62c">
         <name>.text:_sl_HandleAsync_Select</name>
         <load_address>0x3b0c</load_address>
         <run_address>0x3b0c</run_address>
         <size>0x8c</size>
         <input_file_ref idref="fl-2b"/>
      </object_component>
      <object_component id="oc-265">
         <name>.text:GPIO_setAsPeripheralModuleFunctionInputPin</name>
         <load_address>0x3b98</load_address>
         <run_address>0x3b98</run_address>
         <size>0x88</size>
         <input_file_ref idref="fl-e"/>
      </object_component>
      <object_component id="oc-5f7">
         <name>.text:_sl_HandleAsync_Stop</name>
         <load_address>0x3c20</load_address>
         <run_address>0x3c20</run_address>
         <size>0x88</size>
         <input_file_ref idref="fl-24"/>
      </object_component>
      <object_component id="oc-240">
         <name>.text:establishConnectionWithAP</name>
         <load_address>0x3ca8</load_address>
         <run_address>0x3ca8</run_address>
         <size>0x88</size>
         <input_file_ref idref="fl-23"/>
      </object_component>
      <object_component id="oc-e9">
         <name>.text:Interrupt_disableInterrupt</name>
         <load_address>0x3d30</load_address>
         <run_address>0x3d30</run_address>
         <size>0x80</size>
         <input_file_ref idref="fl-10"/>
      </object_component>
      <object_component id="oc-163">
         <name>.text:Interrupt_enableInterrupt</name>
         <load_address>0x3db0</load_address>
         <run_address>0x3db0</run_address>
         <size>0x80</size>
         <input_file_ref idref="fl-10"/>
      </object_component>
      <object_component id="oc-488">
         <name>.text:_SlDrvObjInit</name>
         <load_address>0x3e30</load_address>
         <run_address>0x3e30</run_address>
         <size>0x80</size>
         <input_file_ref idref="fl-25"/>
      </object_component>
      <object_component id="oc-a2">
         <name>.text</name>
         <load_address>0x3eb0</load_address>
         <run_address>0x3eb0</run_address>
         <size>0x7a</size>
         <input_file_ref idref="fl-ef"/>
      </object_component>
      <object_component id="oc-7c">
         <name>.text:PORT1_IRQHandler</name>
         <load_address>0x3f2a</load_address>
         <run_address>0x3f2a</run_address>
         <size>0x2</size>
         <input_file_ref idref="fl-22"/>
      </object_component>
      <object_component id="oc-5a2">
         <name>.text:spi_Read</name>
         <load_address>0x3f2c</load_address>
         <run_address>0x3f2c</run_address>
         <size>0x74</size>
         <input_file_ref idref="fl-2d"/>
      </object_component>
      <object_component id="oc-2f9">
         <name>.text:_SlNonOsMainLoopTask</name>
         <load_address>0x3fa0</load_address>
         <run_address>0x3fa0</run_address>
         <size>0x6c</size>
         <input_file_ref idref="fl-2a"/>
      </object_component>
      <object_component id="oc-234">
         <name>.text:sl_NetCfgSet</name>
         <load_address>0x400c</load_address>
         <run_address>0x400c</run_address>
         <size>0x6c</size>
         <input_file_ref idref="fl-29"/>
      </object_component>
      <object_component id="oc-31d">
         <name>.text:sl_WlanSet</name>
         <load_address>0x4078</load_address>
         <run_address>0x4078</run_address>
         <size>0x6c</size>
         <input_file_ref idref="fl-2e"/>
      </object_component>
      <object_component id="oc-572">
         <name>.text:spi_Write</name>
         <load_address>0x40e4</load_address>
         <run_address>0x40e4</run_address>
         <size>0x6c</size>
         <input_file_ref idref="fl-2d"/>
      </object_component>
      <object_component id="oc-277">
         <name>.text:Timer_A_configureUpMode</name>
         <load_address>0x4150</load_address>
         <run_address>0x4150</run_address>
         <size>0x68</size>
         <input_file_ref idref="fl-1e"/>
      </object_component>
      <object_component id="oc-14">
         <name>.text:decompress:lzss:__TI_decompress_lzss</name>
         <load_address>0x41b8</load_address>
         <run_address>0x41b8</run_address>
         <size>0x68</size>
         <input_file_ref idref="fl-f9"/>
      </object_component>
      <object_component id="oc-618">
         <name>.text:sl_NetAppSendTokenValue</name>
         <load_address>0x4220</load_address>
         <run_address>0x4220</run_address>
         <size>0x68</size>
         <input_file_ref idref="fl-28"/>
      </object_component>
      <object_component id="oc-5c3">
         <name>.text:_SlDrvDeviceEventHandler</name>
         <load_address>0x4288</load_address>
         <run_address>0x4288</run_address>
         <size>0x64</size>
         <input_file_ref idref="fl-24"/>
      </object_component>
      <object_component id="oc-30b">
         <name>.text:sl_WlanPolicySet</name>
         <load_address>0x42ec</load_address>
         <run_address>0x42ec</run_address>
         <size>0x64</size>
         <input_file_ref idref="fl-2e"/>
      </object_component>
      <object_component id="oc-440">
         <name>.text:PCM_getCoreVoltageLevel</name>
         <load_address>0x4350</load_address>
         <run_address>0x4350</run_address>
         <size>0x5e</size>
         <input_file_ref idref="fl-13"/>
      </object_component>
      <object_component id="oc-347">
         <name>.text:_SlNonOsSemGet</name>
         <load_address>0x43ae</load_address>
         <run_address>0x43ae</run_address>
         <size>0x5c</size>
         <input_file_ref idref="fl-2a"/>
      </object_component>
      <object_component id="oc-3f7">
         <name>.text:sl_Socket</name>
         <load_address>0x440c</load_address>
         <run_address>0x440c</run_address>
         <size>0x5c</size>
         <input_file_ref idref="fl-2b"/>
      </object_component>
      <object_component id="oc-43a">
         <name>.text:PCM_getPowerMode</name>
         <load_address>0x4468</load_address>
         <run_address>0x4468</run_address>
         <size>0x5a</size>
         <input_file_ref idref="fl-13"/>
      </object_component>
      <object_component id="oc-5c9">
         <name>.text:SimpleLinkWlanEventHandler</name>
         <load_address>0x44c4</load_address>
         <run_address>0x44c4</run_address>
         <size>0x58</size>
         <input_file_ref idref="fl-23"/>
      </object_component>
      <object_component id="oc-36b">
         <name>.text:_sl_GetStartResponseConvert</name>
         <load_address>0x451c</load_address>
         <run_address>0x451c</run_address>
         <size>0x58</size>
         <input_file_ref idref="fl-24"/>
      </object_component>
      <object_component id="oc-329">
         <name>.text:sl_WlanRxFilterSet</name>
         <load_address>0x4574</load_address>
         <run_address>0x4574</run_address>
         <size>0x58</size>
         <input_file_ref idref="fl-2e"/>
      </object_component>
      <object_component id="oc-25f">
         <name>.text:ADC14_initModule</name>
         <load_address>0x45cc</load_address>
         <run_address>0x45cc</run_address>
         <size>0x54</size>
         <input_file_ref idref="fl-4"/>
      </object_component>
      <object_component id="oc-4aa">
         <name>.text:_SlNonOsSpawn</name>
         <load_address>0x4620</load_address>
         <run_address>0x4620</run_address>
         <size>0x54</size>
         <input_file_ref idref="fl-2a"/>
      </object_component>
      <object_component id="oc-50b">
         <name>.text:_sl_BuildAddress</name>
         <load_address>0x4674</load_address>
         <run_address>0x4674</run_address>
         <size>0x50</size>
         <input_file_ref idref="fl-2b"/>
      </object_component>
      <object_component id="oc-27d">
         <name>.text:Timer_A_initCompare</name>
         <load_address>0x46c4</load_address>
         <run_address>0x46c4</run_address>
         <size>0x4e</size>
         <input_file_ref idref="fl-1e"/>
      </object_component>
      <object_component id="oc-374">
         <name>.text:_SlDrvRxIrqHandler</name>
         <load_address>0x4714</load_address>
         <run_address>0x4714</run_address>
         <size>0x4c</size>
         <input_file_ref idref="fl-25"/>
      </object_component>
      <object_component id="oc-283">
         <name>.text:ADC14_setSampleHoldTrigger</name>
         <load_address>0x4760</load_address>
         <run_address>0x4760</run_address>
         <size>0x48</size>
         <input_file_ref idref="fl-4"/>
      </object_component>
      <object_component id="oc-220">
         <name>.text:CC3100_InterruptEnable</name>
         <load_address>0x47a8</load_address>
         <run_address>0x47a8</run_address>
         <size>0x48</size>
         <input_file_ref idref="fl-22"/>
      </object_component>
      <object_component id="oc-46d">
         <name>.text:_SlDrvBasicCmd</name>
         <load_address>0x47f0</load_address>
         <run_address>0x47f0</run_address>
         <size>0x48</size>
         <input_file_ref idref="fl-25"/>
      </object_component>
      <object_component id="oc-63b">
         <name>.text:_SlDrvCmdSend</name>
         <load_address>0x4838</load_address>
         <run_address>0x4838</run_address>
         <size>0x48</size>
         <input_file_ref idref="fl-25"/>
      </object_component>
      <object_component id="oc-4d1">
         <name>.text:_SlDrvFlowContDeinit</name>
         <load_address>0x4880</load_address>
         <run_address>0x4880</run_address>
         <size>0x44</size>
         <input_file_ref idref="fl-26"/>
      </object_component>
      <object_component id="oc-48e">
         <name>.text:_SlDrvFlowContInit</name>
         <load_address>0x48c4</load_address>
         <run_address>0x48c4</run_address>
         <size>0x44</size>
         <input_file_ref idref="fl-26"/>
      </object_component>
      <object_component id="oc-179">
         <name>.text:__TI_auto_init_nobinit_nopinit:__TI_auto_init_nobinit_nopinit</name>
         <load_address>0x4908</load_address>
         <run_address>0x4908</run_address>
         <size>0x44</size>
         <input_file_ref idref="fl-100"/>
      </object_component>
      <object_component id="oc-5b9">
         <name>.text:_SlDrvShiftDWord</name>
         <load_address>0x494c</load_address>
         <run_address>0x494c</run_address>
         <size>0x42</size>
         <input_file_ref idref="fl-25"/>
      </object_component>
      <object_component id="oc-3f1">
         <name>.text:sl_Htonl</name>
         <load_address>0x498e</load_address>
         <run_address>0x498e</run_address>
         <size>0x42</size>
         <input_file_ref idref="fl-2b"/>
      </object_component>
      <object_component id="oc-5db">
         <name>.text:SimpleLinkNetAppEventHandler</name>
         <load_address>0x49d0</load_address>
         <run_address>0x49d0</run_address>
         <size>0x40</size>
         <input_file_ref idref="fl-23"/>
      </object_component>
      <object_component id="oc-5e7">
         <name>.text:CopyPingResultsToReport</name>
         <load_address>0x4a10</load_address>
         <run_address>0x4a10</run_address>
         <size>0x3c</size>
         <input_file_ref idref="fl-28"/>
      </object_component>
      <object_component id="oc-3eb">
         <name>.text:sl_Htons</name>
         <load_address>0x4a4c</load_address>
         <run_address>0x4a4c</run_address>
         <size>0x3c</size>
         <input_file_ref idref="fl-2b"/>
      </object_component>
      <object_component id="oc-d7">
         <name>.text:ADC14_getEnabledInterruptStatus</name>
         <load_address>0x4a88</load_address>
         <run_address>0x4a88</run_address>
         <size>0x38</size>
         <input_file_ref idref="fl-4"/>
      </object_component>
      <object_component id="oc-52">
         <name>.text:_c_int00_noargs:_c_int00_noargs</name>
         <load_address>0x4ac0</load_address>
         <run_address>0x4ac0</run_address>
         <size>0x38</size>
         <input_file_ref idref="fl-fa"/>
      </object_component>
      <object_component id="oc-323">
         <name>.text:sl_NetAppMDNSUnRegisterService</name>
         <load_address>0x4af8</load_address>
         <run_address>0x4af8</run_address>
         <size>0x36</size>
         <input_file_ref idref="fl-28"/>
      </object_component>
      <object_component id="oc-1ac">
         <name>.text:strncpy</name>
         <load_address>0x4b2e</load_address>
         <run_address>0x4b2e</run_address>
         <size>0x36</size>
         <input_file_ref idref="fl-ff"/>
      </object_component>
      <object_component id="oc-28f">
         <name>.text:ADC14_enableSampleTimer</name>
         <load_address>0x4b64</load_address>
         <run_address>0x4b64</run_address>
         <size>0x34</size>
         <input_file_ref idref="fl-4"/>
      </object_component>
      <object_component id="oc-dd">
         <name>.text:ADC14_clearInterruptFlag</name>
         <load_address>0x4b98</load_address>
         <run_address>0x4b98</run_address>
         <size>0x30</size>
         <input_file_ref idref="fl-4"/>
      </object_component>
      <object_component id="oc-289">
         <name>.text:ADC14_enableInterrupt</name>
         <load_address>0x4bc8</load_address>
         <run_address>0x4bc8</run_address>
         <size>0x30</size>
         <input_file_ref idref="fl-4"/>
      </object_component>
      <object_component id="oc-4ca">
         <name>.text:CC3100_InterruptDisable</name>
         <load_address>0x4bf8</load_address>
         <run_address>0x4bf8</run_address>
         <size>0x30</size>
         <input_file_ref idref="fl-22"/>
      </object_component>
      <object_component id="oc-82">
         <name>.text:PORT2_IRQHandler</name>
         <load_address>0x4c28</load_address>
         <run_address>0x4c28</run_address>
         <size>0x30</size>
         <input_file_ref idref="fl-22"/>
      </object_component>
      <object_component id="oc-311">
         <name>.text:sl_WlanProfileDel</name>
         <load_address>0x4c58</load_address>
         <run_address>0x4c58</run_address>
         <size>0x30</size>
         <input_file_ref idref="fl-2e"/>
      </object_component>
      <object_component id="oc-2ff">
         <name>.text:sl_WlanSetMode</name>
         <load_address>0x4c88</load_address>
         <run_address>0x4c88</run_address>
         <size>0x30</size>
         <input_file_ref idref="fl-2e"/>
      </object_component>
      <object_component id="oc-1bd">
         <name>.text:ADC14_getInterruptStatus</name>
         <load_address>0x4cb8</load_address>
         <run_address>0x4cb8</run_address>
         <size>0x2c</size>
         <input_file_ref idref="fl-4"/>
      </object_component>
      <object_component id="oc-15d">
         <name>.text:ADC14_enableConversion</name>
         <load_address>0x4ce4</load_address>
         <run_address>0x4ce4</run_address>
         <size>0x28</size>
         <input_file_ref idref="fl-4"/>
      </object_component>
      <object_component id="oc-21a">
         <name>.text:Delay</name>
         <load_address>0x4d0c</load_address>
         <run_address>0x4d0c</run_address>
         <size>0x28</size>
         <input_file_ref idref="fl-22"/>
      </object_component>
      <object_component id="oc-70">
         <name>.text:EUSCIA0_IRQHandler</name>
         <load_address>0x4d34</load_address>
         <run_address>0x4d34</run_address>
         <size>0x24</size>
         <input_file_ref idref="fl-20"/>
      </object_component>
      <object_component id="oc-157">
         <name>.text:SendData</name>
         <load_address>0x4d58</load_address>
         <run_address>0x4d58</run_address>
         <size>0x24</size>
         <input_file_ref idref="fl-23"/>
      </object_component>
      <object_component id="oc-121">
         <name>.text:WDT_A_clearTimer</name>
         <load_address>0x4d7c</load_address>
         <run_address>0x4d7c</run_address>
         <size>0x24</size>
         <input_file_ref idref="fl-21"/>
      </object_component>
      <object_component id="oc-127">
         <name>.text:WDT_A_holdTimer</name>
         <load_address>0x4da0</load_address>
         <run_address>0x4da0</run_address>
         <size>0x24</size>
         <input_file_ref idref="fl-21"/>
      </object_component>
      <object_component id="oc-4d7">
         <name>.text:_SlDrvObjDeInit</name>
         <load_address>0x4dc4</load_address>
         <run_address>0x4dc4</run_address>
         <size>0x24</size>
         <input_file_ref idref="fl-25"/>
      </object_component>
      <object_component id="oc-253">
         <name>.text:ADC14_setResolution</name>
         <load_address>0x4de8</load_address>
         <run_address>0x4de8</run_address>
         <size>0x20</size>
         <input_file_ref idref="fl-4"/>
      </object_component>
      <object_component id="oc-e3">
         <name>.text:ADC14_getResult</name>
         <load_address>0x4e08</load_address>
         <run_address>0x4e08</run_address>
         <size>0x1c</size>
         <input_file_ref idref="fl-4"/>
      </object_component>
      <object_component id="oc-133">
         <name>.text:FPU_enableModule</name>
         <load_address>0x4e24</load_address>
         <run_address>0x4e24</run_address>
         <size>0x18</size>
         <input_file_ref idref="fl-d"/>
      </object_component>
      <object_component id="oc-34d">
         <name>.text:_SlNonOsSemSet</name>
         <load_address>0x4e3c</load_address>
         <run_address>0x4e3c</run_address>
         <size>0x18</size>
         <input_file_ref idref="fl-2a"/>
      </object_component>
      <object_component id="oc-359">
         <name>.text:registerInterruptHandler</name>
         <load_address>0x4e54</load_address>
         <run_address>0x4e54</run_address>
         <size>0x18</size>
         <input_file_ref idref="fl-22"/>
      </object_component>
      <object_component id="oc-29b">
         <name>.text:Timer_A_startCounter</name>
         <load_address>0x4e6c</load_address>
         <run_address>0x4e6c</run_address>
         <size>0x16</size>
         <input_file_ref idref="fl-1e"/>
      </object_component>
      <object_component id="oc-446">
         <name>.text:PCM_getPowerState</name>
         <load_address>0x4e84</load_address>
         <run_address>0x4e84</run_address>
         <size>0x14</size>
         <input_file_ref idref="fl-13"/>
      </object_component>
      <object_component id="oc-3b0">
         <name>.text:strlen</name>
         <load_address>0x4e98</load_address>
         <run_address>0x4e98</run_address>
         <size>0x14</size>
         <input_file_ref idref="fl-fe"/>
      </object_component>
      <object_component id="oc-40">
         <name>.text:decompress:ZI:__TI_zero_init_nomemset:__TI_zero_init_nomemset</name>
         <load_address>0x4eac</load_address>
         <run_address>0x4eac</run_address>
         <size>0x12</size>
         <input_file_ref idref="fl-f7"/>
      </object_component>
      <object_component id="oc-ef">
         <name>.text:ADC14_disableConversion</name>
         <load_address>0x4ec0</load_address>
         <run_address>0x4ec0</run_address>
         <size>0x10</size>
         <input_file_ref idref="fl-4"/>
      </object_component>
      <object_component id="oc-2b0">
         <name>.text:ADCIsConversionRunning</name>
         <load_address>0x4ed0</load_address>
         <run_address>0x4ed0</run_address>
         <size>0x10</size>
         <input_file_ref idref="fl-4"/>
      </object_component>
      <object_component id="oc-353">
         <name>.text:CC3100_disable</name>
         <load_address>0x4ee0</load_address>
         <run_address>0x4ee0</run_address>
         <size>0x10</size>
         <input_file_ref idref="fl-22"/>
      </object_component>
      <object_component id="oc-35f">
         <name>.text:CC3100_enable</name>
         <load_address>0x4ef0</load_address>
         <run_address>0x4ef0</run_address>
         <size>0x10</size>
         <input_file_ref idref="fl-22"/>
      </object_component>
      <object_component id="oc-139">
         <name>.text:FPU_enableLazyStacking</name>
         <load_address>0x4f00</load_address>
         <run_address>0x4f00</run_address>
         <size>0x10</size>
         <input_file_ref idref="fl-d"/>
      </object_component>
      <object_component id="oc-295">
         <name>.text:Interrupt_enableMaster</name>
         <load_address>0x4f10</load_address>
         <run_address>0x4f10</run_address>
         <size>0x10</size>
         <input_file_ref idref="fl-10"/>
      </object_component>
      <object_component id="oc-211">
         <name>.text:PCM_setCoreVoltageLevel</name>
         <load_address>0x4f20</load_address>
         <run_address>0x4f20</run_address>
         <size>0x10</size>
         <input_file_ref idref="fl-13"/>
      </object_component>
      <object_component id="oc-44c">
         <name>.text:PCM_setPowerMode</name>
         <load_address>0x4f30</load_address>
         <run_address>0x4f30</run_address>
         <size>0x10</size>
         <input_file_ref idref="fl-13"/>
      </object_component>
      <object_component id="oc-5cf">
         <name>.text:SimpleLinkSockEventHandler</name>
         <load_address>0x4f40</load_address>
         <run_address>0x4f40</run_address>
         <size>0x10</size>
         <input_file_ref idref="fl-23"/>
      </object_component>
      <object_component id="oc-1a">
         <name>.text:decompress:none:__TI_decompress_none</name>
         <load_address>0x4f50</load_address>
         <run_address>0x4f50</run_address>
         <size>0xe</size>
         <input_file_ref idref="fl-f8"/>
      </object_component>
      <object_component id="oc-259">
         <name>.text:ADC14_enableModule</name>
         <load_address>0x4f60</load_address>
         <run_address>0x4f60</run_address>
         <size>0xc</size>
         <input_file_ref idref="fl-4"/>
      </object_component>
      <object_component id="oc-3de">
         <name>.text:CPU_cpsie</name>
         <load_address>0x4f6c</load_address>
         <run_address>0x4f6c</run_address>
         <size>0xc</size>
         <input_file_ref idref="fl-7"/>
      </object_component>
      <object_component id="oc-64">
         <name>.text:Reset_Handler</name>
         <load_address>0x4f78</load_address>
         <run_address>0x4f78</run_address>
         <size>0xc</size>
         <input_file_ref idref="fl-2f"/>
      </object_component>
      <object_component id="oc-612">
         <name>.text:SimpleLinkHttpServerCallback</name>
         <load_address>0x4f84</load_address>
         <run_address>0x4f84</run_address>
         <size>0xc</size>
         <input_file_ref idref="fl-23"/>
      </object_component>
      <object_component id="oc-14b">
         <name>.text:getLocalIP</name>
         <load_address>0x4f90</load_address>
         <run_address>0x4f90</run_address>
         <size>0xc</size>
         <input_file_ref idref="fl-23"/>
      </object_component>
      <object_component id="oc-317">
         <name>.text:sl_WlanDisconnect</name>
         <load_address>0x4f9c</load_address>
         <run_address>0x4f9c</run_address>
         <size>0xc</size>
         <input_file_ref idref="fl-2e"/>
      </object_component>
      <object_component id="oc-39b">
         <name>.text:spi_Close</name>
         <load_address>0x4fa8</load_address>
         <run_address>0x4fa8</run_address>
         <size>0xc</size>
         <input_file_ref idref="fl-2d"/>
      </object_component>
      <object_component id="oc-5fd">
         <name>.text:SimpleLinkGeneralEventHandler</name>
         <load_address>0x4fb4</load_address>
         <run_address>0x4fb4</run_address>
         <size>0xa</size>
         <input_file_ref idref="fl-23"/>
      </object_component>
      <object_component id="oc-a8">
         <name>.text:_system_pre_init</name>
         <load_address>0x4fbe</load_address>
         <run_address>0x4fbe</run_address>
         <size>0x4</size>
         <input_file_ref idref="fl-101"/>
      </object_component>
      <object_component id="oc-16d">
         <name>.text:abort:abort</name>
         <load_address>0x4fc2</load_address>
         <run_address>0x4fc2</run_address>
         <size>0x4</size>
         <input_file_ref idref="fl-fb"/>
      </object_component>
      <object_component id="oc-4e2">
         <name>.const:$P$T0$1</name>
         <load_address>0x4fc8</load_address>
         <run_address>0x4fc8</run_address>
         <size>0xb0</size>
         <input_file_ref idref="fl-2e"/>
      </object_component>
      <object_component id="oc-1d0">
         <name>.const:_ctlRegs</name>
         <load_address>0x5078</load_address>
         <run_address>0x5078</run_address>
         <size>0x80</size>
         <input_file_ref idref="fl-4"/>
      </object_component>
      <object_component id="oc-5e3">
         <name>.const:_SlActionLookupTable</name>
         <load_address>0x50f8</load_address>
         <run_address>0x50f8</run_address>
         <size>0x38</size>
         <input_file_ref idref="fl-25"/>
      </object_component>
      <object_component id="oc-3cc">
         <name>.const:GPIO_PORT_TO_BASE</name>
         <load_address>0x5130</load_address>
         <run_address>0x5130</run_address>
         <size>0x30</size>
         <input_file_ref idref="fl-e"/>
      </object_component>
      <object_component id="oc-32f">
         <name>.const:$P$T0$1</name>
         <load_address>0x5160</load_address>
         <run_address>0x5160</run_address>
         <size>0x2c</size>
         <input_file_ref idref="fl-23"/>
      </object_component>
      <object_component id="oc-2a1">
         <name>.const:upModeConfig</name>
         <load_address>0x518c</load_address>
         <run_address>0x518c</run_address>
         <size>0x18</size>
         <input_file_ref idref="fl-b"/>
      </object_component>
      <object_component id="oc-332">
         <name>.const:$P$T1$2</name>
         <load_address>0x51a4</load_address>
         <run_address>0x51a4</run_address>
         <size>0x14</size>
         <input_file_ref idref="fl-23"/>
      </object_component>
      <object_component id="oc-2a4">
         <name>.const:compareConfig</name>
         <load_address>0x51b8</load_address>
         <run_address>0x51b8</run_address>
         <size>0x10</size>
         <input_file_ref idref="fl-b"/>
      </object_component>
      <object_component id="oc-3bc">
         <name>.const:$P$T2$3</name>
         <load_address>0x51c8</load_address>
         <run_address>0x51c8</run_address>
         <size>0xc</size>
         <input_file_ref idref="fl-23"/>
      </object_component>
      <object_component id="oc-5bf">
         <name>.const:g_H2NCnysPattern</name>
         <load_address>0x51d4</load_address>
         <run_address>0x51d4</run_address>
         <size>0x8</size>
         <input_file_ref idref="fl-25"/>
      </object_component>
      <object_component id="oc-578">
         <name>.const:g_H2NSyncPattern</name>
         <load_address>0x51dc</load_address>
         <run_address>0x51dc</run_address>
         <size>0x8</size>
         <input_file_ref idref="fl-25"/>
      </object_component>
      <object_component id="oc-1d4">
         <name>.const:g_pulDisRegs</name>
         <load_address>0x51e4</load_address>
         <run_address>0x51e4</run_address>
         <size>0x8</size>
         <input_file_ref idref="fl-10"/>
      </object_component>
      <object_component id="oc-2b7">
         <name>.const:g_pulEnRegs</name>
         <load_address>0x51ec</load_address>
         <run_address>0x51ec</run_address>
         <size>0x8</size>
         <input_file_ref idref="fl-10"/>
      </object_component>
      <object_component id="oc-545">
         <name>.const:$P$T0$1</name>
         <load_address>0x51f4</load_address>
         <run_address>0x51f4</run_address>
         <size>0x4</size>
         <input_file_ref idref="fl-25"/>
      </object_component>
      <object_component id="oc-517">
         <name>.const:$P$T1$2</name>
         <load_address>0x51f8</load_address>
         <run_address>0x51f8</run_address>
         <size>0x4</size>
         <input_file_ref idref="fl-2b"/>
      </object_component>
      <object_component id="oc-4e5">
         <name>.const:$P$T1$2</name>
         <load_address>0x51fc</load_address>
         <run_address>0x51fc</run_address>
         <size>0x4</size>
         <input_file_ref idref="fl-2e"/>
      </object_component>
      <object_component id="oc-461">
         <name>.const:_SlDeviceGetCmdCtrl</name>
         <load_address>0x5200</load_address>
         <run_address>0x5200</run_address>
         <size>0x4</size>
         <input_file_ref idref="fl-24"/>
      </object_component>
      <object_component id="oc-641">
         <name>.const:_SlNetAppSendTokenValueCmdCtrl</name>
         <load_address>0x5204</load_address>
         <run_address>0x5204</run_address>
         <size>0x4</size>
         <input_file_ref idref="fl-28"/>
      </object_component>
      <object_component id="oc-38c">
         <name>.const:_SlNetCfgSetCmdCtrl</name>
         <load_address>0x5208</load_address>
         <run_address>0x5208</run_address>
         <size>0x4</size>
         <input_file_ref idref="fl-29"/>
      </object_component>
      <object_component id="oc-465">
         <name>.const:_SlPolicySetCmdCtrl</name>
         <load_address>0x520c</load_address>
         <run_address>0x520c</run_address>
         <size>0x4</size>
         <input_file_ref idref="fl-2e"/>
      </object_component>
      <object_component id="oc-469">
         <name>.const:_SlProfileDelCmdCtrl</name>
         <load_address>0x5210</load_address>
         <run_address>0x5210</run_address>
         <size>0x4</size>
         <input_file_ref idref="fl-2e"/>
      </object_component>
      <object_component id="oc-550">
         <name>.const:_SlRegisterServiceCtrl</name>
         <load_address>0x5214</load_address>
         <run_address>0x5214</run_address>
         <size>0x4</size>
         <input_file_ref idref="fl-28"/>
      </object_component>
      <object_component id="oc-480">
         <name>.const:_SlRxFilterSetCmdCtrl</name>
         <load_address>0x5218</load_address>
         <run_address>0x5218</run_address>
         <size>0x4</size>
         <input_file_ref idref="fl-2e"/>
      </object_component>
      <object_component id="oc-4fc">
         <name>.const:_SlSockSocketCmdCtrl</name>
         <load_address>0x521c</load_address>
         <run_address>0x521c</run_address>
         <size>0x4</size>
         <input_file_ref idref="fl-2b"/>
      </object_component>
      <object_component id="oc-3a7">
         <name>.const:_SlStopCmdCtrl</name>
         <load_address>0x5220</load_address>
         <run_address>0x5220</run_address>
         <size>0x4</size>
         <input_file_ref idref="fl-24"/>
      </object_component>
      <object_component id="oc-474">
         <name>.const:_SlWlanCfgSetCmdCtrl</name>
         <load_address>0x5224</load_address>
         <run_address>0x5224</run_address>
         <size>0x4</size>
         <input_file_ref idref="fl-2e"/>
      </object_component>
      <object_component id="oc-457">
         <name>.const:_SlWlanSetModeCmdCtrl</name>
         <load_address>0x5228</load_address>
         <run_address>0x5228</run_address>
         <size>0x4</size>
         <input_file_ref idref="fl-2e"/>
      </object_component>
      <object_component id="oc-67a">
         <name>.cinit..data.load</name>
         <load_address>0x5230</load_address>
         <run_address>0x5230</run_address>
         <size>0xf</size>
      </object_component>
      <object_component id="oc-678">
         <name>__TI_handler_table</name>
         <load_address>0x5240</load_address>
         <run_address>0x5240</run_address>
         <size>0xc</size>
      </object_component>
      <object_component id="oc-67b">
         <name>.cinit..bss.load</name>
         <load_address>0x5250</load_address>
         <run_address>0x5250</run_address>
         <size>0x8</size>
      </object_component>
      <object_component id="oc-679">
         <name>__TI_cinit_table</name>
         <load_address>0x5258</load_address>
         <run_address>0x5258</run_address>
         <size>0x10</size>
      </object_component>
      <object_component id="oc-64d">
         <name>.binit</name>
         <load_address>0x0</load_address>
         <run_address>0x0</run_address>
         <size>0x0</size>
      </object_component>
      <object_component id="oc-ce">
         <name>.data:test</name>
         <load_address>0x20000000</load_address>
         <run_address>0x20000000</run_address>
         <size>0x21f</size>
         <input_file_ref idref="fl-20"/>
      </object_component>
      <object_component id="oc-1b2">
         <name>.data</name>
         <load_address>0x20000350</load_address>
         <run_address>0x20000350</run_address>
         <size>0x8</size>
         <input_file_ref idref="fl-20"/>
      </object_component>
      <object_component id="oc-1b3">
         <name>.data:pieceOfString$2</name>
         <load_address>0x2000021f</load_address>
         <run_address>0x2000021f</run_address>
         <size>0x10f</size>
         <input_file_ref idref="fl-20"/>
      </object_component>
      <object_component id="oc-106">
         <name>.data</name>
         <load_address>0x20000358</load_address>
         <run_address>0x20000358</run_address>
         <size>0x4</size>
         <input_file_ref idref="fl-22"/>
      </object_component>
      <object_component id="oc-246">
         <name>.data</name>
         <load_address>0x20000330</load_address>
         <run_address>0x20000330</run_address>
         <size>0x14</size>
         <input_file_ref idref="fl-23"/>
      </object_component>
      <object_component id="oc-371">
         <name>.data</name>
         <load_address>0x20000344</load_address>
         <run_address>0x20000344</run_address>
         <size>0x9</size>
         <input_file_ref idref="fl-25"/>
      </object_component>
      <object_component id="oc-f5">
         <name>.bss:ADC_result_buffer</name>
         <uninitialized>true</uninitialized>
         <run_address>0x2000050e</run_address>
         <size>0x8</size>
         <input_file_ref idref="fl-11"/>
      </object_component>
      <object_component id="oc-f8">
         <name>.bss</name>
         <uninitialized>true</uninitialized>
         <run_address>0x200004e8</run_address>
         <size>0x10</size>
         <input_file_ref idref="fl-11"/>
      </object_component>
      <object_component id="oc-24f">
         <name>.bss</name>
         <uninitialized>true</uninitialized>
         <run_address>0x20000518</run_address>
         <size>0x4</size>
         <input_file_ref idref="fl-23"/>
      </object_component>
      <object_component id="oc-fb">
         <name>.common:transmit</name>
         <uninitialized>true</uninitialized>
         <run_address>0x2000050d</run_address>
         <size>0x1</size>
      </object_component>
      <object_component id="oc-169">
         <name>.common:ctrl_info</name>
         <uninitialized>true</uninitialized>
         <run_address>0x200004f8</run_address>
         <size>0xb</size>
      </object_component>
      <object_component id="oc-fe">
         <name>.common:meter_info</name>
         <uninitialized>true</uninitialized>
         <run_address>0x20000503</run_address>
         <size>0xa</size>
      </object_component>
      <object_component id="oc-16b">
         <name>.common:METER_IP</name>
         <uninitialized>true</uninitialized>
         <run_address>0x20000520</run_address>
         <size>0x4</size>
      </object_component>
      <object_component id="oc-16a">
         <name>.common:HUB_IP</name>
         <uninitialized>true</uninitialized>
         <run_address>0x2000051c</run_address>
         <size>0x4</size>
      </object_component>
      <object_component id="oc-494">
         <name>.common:g_StatMem</name>
         <uninitialized>true</uninitialized>
         <run_address>0x2000035c</run_address>
         <size>0x164</size>
      </object_component>
      <object_component id="oc-453">
         <name>.common:g__SlNonOsCB</name>
         <uninitialized>true</uninitialized>
         <run_address>0x200004c0</run_address>
         <size>0x28</size>
      </object_component>
      <object_component id="oc-26">
         <name>.stack</name>
         <uninitialized>true</uninitialized>
         <run_address>0x2000fe00</run_address>
         <size>0x4</size>
         <input_file_ref idref="fl-fa"/>
      </object_component>
      <object_component id="oc-67c">
         <name>.stack</name>
         <uninitialized>true</uninitialized>
         <run_address>0x2000fe00</run_address>
         <size>0x0</size>
      </object_component>
      <object_component id="oc-20e">
         <name>.debug_info</name>
         <load_address>0x0</load_address>
         <run_address>0x0</run_address>
         <size>0x58f</size>
         <input_file_ref idref="fl-2"/>
      </object_component>
      <object_component id="oc-12e">
         <name>.debug_info</name>
         <load_address>0x58f</load_address>
         <run_address>0x58f</run_address>
         <size>0x158</size>
         <input_file_ref idref="fl-2"/>
      </object_component>
      <object_component id="oc-1df">
         <name>.debug_info</name>
         <load_address>0x6e7</load_address>
         <run_address>0x6e7</run_address>
         <size>0x37e2</size>
         <input_file_ref idref="fl-2"/>
      </object_component>
      <object_component id="oc-10c">
         <name>.debug_info</name>
         <load_address>0x3ec9</load_address>
         <run_address>0x3ec9</run_address>
         <size>0x26b</size>
         <input_file_ref idref="fl-2"/>
      </object_component>
      <object_component id="oc-1e9">
         <name>.debug_info</name>
         <load_address>0x4134</load_address>
         <run_address>0x4134</run_address>
         <size>0x1055</size>
         <input_file_ref idref="fl-2"/>
      </object_component>
      <object_component id="oc-4f1">
         <name>.debug_info</name>
         <load_address>0x5189</load_address>
         <run_address>0x5189</run_address>
         <size>0x341</size>
         <input_file_ref idref="fl-2"/>
      </object_component>
      <object_component id="oc-d2">
         <name>.debug_info</name>
         <load_address>0x54ca</load_address>
         <run_address>0x54ca</run_address>
         <size>0x8b</size>
         <input_file_ref idref="fl-2"/>
      </object_component>
      <object_component id="oc-202">
         <name>.debug_info</name>
         <load_address>0x5555</load_address>
         <run_address>0x5555</run_address>
         <size>0x297</size>
         <input_file_ref idref="fl-2"/>
      </object_component>
      <object_component id="oc-1c4">
         <name>.debug_info</name>
         <load_address>0x57ec</load_address>
         <run_address>0x57ec</run_address>
         <size>0xef</size>
         <input_file_ref idref="fl-2"/>
      </object_component>
      <object_component id="oc-100">
         <name>.debug_info</name>
         <load_address>0x58db</load_address>
         <run_address>0x58db</run_address>
         <size>0xbb</size>
         <input_file_ref idref="fl-2"/>
      </object_component>
      <object_component id="oc-2e8">
         <name>.debug_info</name>
         <load_address>0x5996</load_address>
         <run_address>0x5996</run_address>
         <size>0x66e</size>
         <input_file_ref idref="fl-4"/>
      </object_component>
      <object_component id="oc-1d1">
         <name>.debug_info</name>
         <load_address>0x6004</load_address>
         <run_address>0x6004</run_address>
         <size>0xc4</size>
         <input_file_ref idref="fl-4"/>
      </object_component>
      <object_component id="oc-1cb">
         <name>.debug_info</name>
         <load_address>0x60c8</load_address>
         <run_address>0x60c8</run_address>
         <size>0x131</size>
         <input_file_ref idref="fl-4"/>
      </object_component>
      <object_component id="oc-2b1">
         <name>.debug_info</name>
         <load_address>0x61f9</load_address>
         <run_address>0x61f9</run_address>
         <size>0x110</size>
         <input_file_ref idref="fl-4"/>
      </object_component>
      <object_component id="oc-25a">
         <name>.debug_info</name>
         <load_address>0x6309</load_address>
         <run_address>0x6309</run_address>
         <size>0x105</size>
         <input_file_ref idref="fl-4"/>
      </object_component>
      <object_component id="oc-290">
         <name>.debug_info</name>
         <load_address>0x640e</load_address>
         <run_address>0x640e</run_address>
         <size>0x18b</size>
         <input_file_ref idref="fl-4"/>
      </object_component>
      <object_component id="oc-260">
         <name>.debug_info</name>
         <load_address>0x6599</load_address>
         <run_address>0x6599</run_address>
         <size>0x252</size>
         <input_file_ref idref="fl-4"/>
      </object_component>
      <object_component id="oc-254">
         <name>.debug_info</name>
         <load_address>0x67eb</load_address>
         <run_address>0x67eb</run_address>
         <size>0x142</size>
         <input_file_ref idref="fl-4"/>
      </object_component>
      <object_component id="oc-284">
         <name>.debug_info</name>
         <load_address>0x692d</load_address>
         <run_address>0x692d</run_address>
         <size>0x1a5</size>
         <input_file_ref idref="fl-4"/>
      </object_component>
      <object_component id="oc-26c">
         <name>.debug_info</name>
         <load_address>0x6ad2</load_address>
         <run_address>0x6ad2</run_address>
         <size>0x240</size>
         <input_file_ref idref="fl-4"/>
      </object_component>
      <object_component id="oc-15e">
         <name>.debug_info</name>
         <load_address>0x6d12</load_address>
         <run_address>0x6d12</run_address>
         <size>0x131</size>
         <input_file_ref idref="fl-4"/>
      </object_component>
      <object_component id="oc-f0">
         <name>.debug_info</name>
         <load_address>0x6e43</load_address>
         <run_address>0x6e43</run_address>
         <size>0x112</size>
         <input_file_ref idref="fl-4"/>
      </object_component>
      <object_component id="oc-273">
         <name>.debug_info</name>
         <load_address>0x6f55</load_address>
         <run_address>0x6f55</run_address>
         <size>0x2b3</size>
         <input_file_ref idref="fl-4"/>
      </object_component>
      <object_component id="oc-e4">
         <name>.debug_info</name>
         <load_address>0x7208</load_address>
         <run_address>0x7208</run_address>
         <size>0x167</size>
         <input_file_ref idref="fl-4"/>
      </object_component>
      <object_component id="oc-28a">
         <name>.debug_info</name>
         <load_address>0x736f</load_address>
         <run_address>0x736f</run_address>
         <size>0x143</size>
         <input_file_ref idref="fl-4"/>
      </object_component>
      <object_component id="oc-1be">
         <name>.debug_info</name>
         <load_address>0x74b2</load_address>
         <run_address>0x74b2</run_address>
         <size>0x12e</size>
         <input_file_ref idref="fl-4"/>
      </object_component>
      <object_component id="oc-d8">
         <name>.debug_info</name>
         <load_address>0x75e0</load_address>
         <run_address>0x75e0</run_address>
         <size>0x157</size>
         <input_file_ref idref="fl-4"/>
      </object_component>
      <object_component id="oc-de">
         <name>.debug_info</name>
         <load_address>0x7737</load_address>
         <run_address>0x7737</run_address>
         <size>0x149</size>
         <input_file_ref idref="fl-4"/>
      </object_component>
      <object_component id="oc-3df">
         <name>.debug_info</name>
         <load_address>0x7880</load_address>
         <run_address>0x7880</run_address>
         <size>0xf2</size>
         <input_file_ref idref="fl-7"/>
      </object_component>
      <object_component id="oc-2f">
         <name>.debug_info</name>
         <load_address>0x7972</load_address>
         <run_address>0x7972</run_address>
         <size>0x84</size>
         <input_file_ref idref="fl-7"/>
      </object_component>
      <object_component id="oc-3e8">
         <name>.debug_info</name>
         <load_address>0x79f6</load_address>
         <run_address>0x79f6</run_address>
         <size>0x978</size>
         <input_file_ref idref="fl-b"/>
      </object_component>
      <object_component id="oc-2a2">
         <name>.debug_info</name>
         <load_address>0x836e</load_address>
         <run_address>0x836e</run_address>
         <size>0xd4</size>
         <input_file_ref idref="fl-b"/>
      </object_component>
      <object_component id="oc-2a5">
         <name>.debug_info</name>
         <load_address>0x8442</load_address>
         <run_address>0x8442</run_address>
         <size>0xd6</size>
         <input_file_ref idref="fl-b"/>
      </object_component>
      <object_component id="oc-153">
         <name>.debug_info</name>
         <load_address>0x8518</load_address>
         <run_address>0x8518</run_address>
         <size>0x332</size>
         <input_file_ref idref="fl-b"/>
      </object_component>
      <object_component id="oc-118">
         <name>.debug_info</name>
         <load_address>0x884a</load_address>
         <run_address>0x884a</run_address>
         <size>0x2c</size>
         <input_file_ref idref="fl-b"/>
      </object_component>
      <object_component id="oc-134">
         <name>.debug_info</name>
         <load_address>0x8876</load_address>
         <run_address>0x8876</run_address>
         <size>0xfb</size>
         <input_file_ref idref="fl-d"/>
      </object_component>
      <object_component id="oc-13a">
         <name>.debug_info</name>
         <load_address>0x8971</load_address>
         <run_address>0x8971</run_address>
         <size>0x107</size>
         <input_file_ref idref="fl-d"/>
      </object_component>
      <object_component id="oc-4ed">
         <name>.debug_info</name>
         <load_address>0x8a78</load_address>
         <run_address>0x8a78</run_address>
         <size>0x669</size>
         <input_file_ref idref="fl-e"/>
      </object_component>
      <object_component id="oc-3cd">
         <name>.debug_info</name>
         <load_address>0x90e1</load_address>
         <run_address>0x90e1</run_address>
         <size>0xd5</size>
         <input_file_ref idref="fl-e"/>
      </object_component>
      <object_component id="oc-266">
         <name>.debug_info</name>
         <load_address>0x91b6</load_address>
         <run_address>0x91b6</run_address>
         <size>0x1fb</size>
         <input_file_ref idref="fl-e"/>
      </object_component>
      <object_component id="oc-2eb">
         <name>.debug_info</name>
         <load_address>0x93b1</load_address>
         <run_address>0x93b1</run_address>
         <size>0x5f7</size>
         <input_file_ref idref="fl-10"/>
      </object_component>
      <object_component id="oc-2b8">
         <name>.debug_info</name>
         <load_address>0x99a8</load_address>
         <run_address>0x99a8</run_address>
         <size>0xce</size>
         <input_file_ref idref="fl-10"/>
      </object_component>
      <object_component id="oc-1d5">
         <name>.debug_info</name>
         <load_address>0x9a76</load_address>
         <run_address>0x9a76</run_address>
         <size>0xd0</size>
         <input_file_ref idref="fl-10"/>
      </object_component>
      <object_component id="oc-296">
         <name>.debug_info</name>
         <load_address>0x9b46</load_address>
         <run_address>0x9b46</run_address>
         <size>0x12d</size>
         <input_file_ref idref="fl-10"/>
      </object_component>
      <object_component id="oc-164">
         <name>.debug_info</name>
         <load_address>0x9c73</load_address>
         <run_address>0x9c73</run_address>
         <size>0x171</size>
         <input_file_ref idref="fl-10"/>
      </object_component>
      <object_component id="oc-ea">
         <name>.debug_info</name>
         <load_address>0x9de4</load_address>
         <run_address>0x9de4</run_address>
         <size>0x173</size>
         <input_file_ref idref="fl-10"/>
      </object_component>
      <object_component id="oc-fc">
         <name>.debug_info</name>
         <load_address>0x9f57</load_address>
         <run_address>0x9f57</run_address>
         <size>0xbb9</size>
         <input_file_ref idref="fl-11"/>
      </object_component>
      <object_component id="oc-f6">
         <name>.debug_info</name>
         <load_address>0xab10</load_address>
         <run_address>0xab10</run_address>
         <size>0xd5</size>
         <input_file_ref idref="fl-11"/>
      </object_component>
      <object_component id="oc-f9">
         <name>.debug_info</name>
         <load_address>0xabe5</load_address>
         <run_address>0xabe5</run_address>
         <size>0x133</size>
         <input_file_ref idref="fl-11"/>
      </object_component>
      <object_component id="oc-af">
         <name>.debug_info</name>
         <load_address>0xad18</load_address>
         <run_address>0xad18</run_address>
         <size>0x232</size>
         <input_file_ref idref="fl-11"/>
      </object_component>
      <object_component id="oc-77">
         <name>.debug_info</name>
         <load_address>0xaf4a</load_address>
         <run_address>0xaf4a</run_address>
         <size>0x1da</size>
         <input_file_ref idref="fl-11"/>
      </object_component>
      <object_component id="oc-336">
         <name>.debug_info</name>
         <load_address>0xb124</load_address>
         <run_address>0xb124</run_address>
         <size>0x30f</size>
         <input_file_ref idref="fl-11"/>
      </object_component>
      <object_component id="oc-1f8">
         <name>.debug_info</name>
         <load_address>0xb433</load_address>
         <run_address>0xb433</run_address>
         <size>0x7d</size>
         <input_file_ref idref="fl-11"/>
      </object_component>
      <object_component id="oc-209">
         <name>.debug_info</name>
         <load_address>0xb4b0</load_address>
         <run_address>0xb4b0</run_address>
         <size>0x13e</size>
         <input_file_ref idref="fl-11"/>
      </object_component>
      <object_component id="oc-404">
         <name>.debug_info</name>
         <load_address>0xb5ee</load_address>
         <run_address>0xb5ee</run_address>
         <size>0x827</size>
         <input_file_ref idref="fl-11"/>
      </object_component>
      <object_component id="oc-1e4">
         <name>.debug_info</name>
         <load_address>0xbe15</load_address>
         <run_address>0xbe15</run_address>
         <size>0x60f</size>
         <input_file_ref idref="fl-11"/>
      </object_component>
      <object_component id="oc-3c0">
         <name>.debug_info</name>
         <load_address>0xc424</load_address>
         <run_address>0xc424</run_address>
         <size>0x92b</size>
         <input_file_ref idref="fl-11"/>
      </object_component>
      <object_component id="oc-24a">
         <name>.debug_info</name>
         <load_address>0xcd4f</load_address>
         <run_address>0xcd4f</run_address>
         <size>0xee</size>
         <input_file_ref idref="fl-11"/>
      </object_component>
      <object_component id="oc-1f3">
         <name>.debug_info</name>
         <load_address>0xce3d</load_address>
[...]
         <value>0x285d</value>
         <object_component_ref idref="oc-4bf"/>
      </symbol>
      <symbol id="sm-821">
         <name>_SlDrvObjDeInit</name>
         <value>0x4dc5</value>
         <object_component_ref idref="oc-4d7"/>
      </symbol>
      <symbol id="sm-822">
         <name>_SlFindAndSetActiveObj</name>
         <value>0x1a0d</value>
         <object_component_ref idref="oc-5a8"/>
      </symbol>
      <symbol id="sm-823">
         <name>_SlDrvWaitForPoolObj</name>
         <value>0x125d</value>
         <object_component_ref idref="oc-341"/>
      </symbol>
      <symbol id="sm-824">
         <name>g_H2NCnysPattern</name>
         <value>0x51d4</value>
         <object_component_ref idref="oc-5bf"/>
      </symbol>
      <symbol id="sm-825">
         <name>_SlDrvMsgWrite</name>
         <value>0x1465</value>
         <object_component_ref idref="oc-4b9"/>
      </symbol>
      <symbol id="sm-826">
         <name>_SlDrvDataWriteOp</name>
         <value>0x1841</value>
         <object_component_ref idref="oc-511"/>
      </symbol>
      <symbol id="sm-827">
         <name>_SlDrvRxIrqHandler</name>
         <value>0x4715</value>
         <object_component_ref idref="oc-374"/>
      </symbol>
      <symbol id="sm-828">
         <name>_SlDrvMsgRead</name>
         <value>0xe5</value>
         <object_component_ref idref="oc-565"/>
      </symbol>
      <symbol id="sm-829">
         <name>g_H2NSyncPattern</name>
         <value>0x51dc</value>
         <object_component_ref idref="oc-578"/>
      </symbol>
      <symbol id="sm-82a">
         <name>_SlDrvObjInit</name>
         <value>0x3e31</value>
         <object_component_ref idref="oc-488"/>
      </symbol>
      <symbol id="sm-82b">
         <name>_SlDrvCmdSend</name>
         <value>0x4839</value>
         <object_component_ref idref="oc-63b"/>
      </symbol>
      <symbol id="sm-82c">
         <name>_SlActionLookupTable</name>
         <value>0x50f8</value>
         <object_component_ref idref="oc-5e3"/>
      </symbol>
      <symbol id="sm-84a">
         <name>_SlDrvFlowContDeinit</name>
         <value>0x4881</value>
         <object_component_ref idref="oc-4d1"/>
      </symbol>
      <symbol id="sm-84b">
         <name>_SlDrvFlowContInit</name>
         <value>0x48c5</value>
         <object_component_ref idref="oc-48e"/>
      </symbol>
      <symbol id="sm-8d3">
         <name>sl_NetAppMDNSUnRegisterService</name>
         <value>0x4af9</value>
         <object_component_ref idref="oc-323"/>
      </symbol>
      <symbol id="sm-8d4">
         <name>_SlNetAppSendTokenValueCmdCtrl</name>
         <value>0x5204</value>
         <object_component_ref idref="oc-641"/>
      </symbol>
      <symbol id="sm-8d5">
         <name>_sl_HandleAsync_DnsGetHostByName</name>
         <value>0x2ead</value>
         <object_component_ref idref="oc-606"/>
      </symbol>
      <symbol id="sm-8d6">
         <name>_SlRegisterServiceCtrl</name>
         <value>0x5214</value>
         <object_component_ref idref="oc-550"/>
      </symbol>
      <symbol id="sm-8d7">
         <name>_sl_HandleAsync_PingResponse</name>
         <value>0x2f75</value>
         <object_component_ref idref="oc-5af"/>
      </symbol>
      <symbol id="sm-8d8">
         <name>_SlDrvNetAppEventHandler</name>
         <value>0x2961</value>
         <object_component_ref idref="oc-5d5"/>
      </symbol>
      <symbol id="sm-8d9">
         <name>_sl_HandleAsync_DnsGetHostByService</name>
         <value>0x2d0d</value>
         <object_component_ref idref="oc-60c"/>
      </symbol>
      <symbol id="sm-8da">
         <name>sl_NetAppSendTokenValue</name>
         <value>0x4221</value>
         <object_component_ref idref="oc-618"/>
      </symbol>
      <symbol id="sm-8db">
         <name>CopyPingResultsToReport</name>
         <value>0x4a11</value>
         <object_component_ref idref="oc-5e7"/>
      </symbol>
      <symbol id="sm-8dc">
         <name>sl_NetAppMDNSRegisterUnregisterService</name>
         <value>0x33f1</value>
         <object_component_ref idref="oc-478"/>
      </symbol>
      <symbol id="sm-8f8">
         <name>_SlNetCfgSetCmdCtrl</name>
         <value>0x5208</value>
         <object_component_ref idref="oc-38c"/>
      </symbol>
      <symbol id="sm-8f9">
         <name>sl_NetCfgSet</name>
         <value>0x400d</value>
         <object_component_ref idref="oc-234"/>
      </symbol>
      <symbol id="sm-936">
         <name>g__SlNonOsCB</name>
         <value>0x200004c0</value>
      </symbol>
      <symbol id="sm-937">
         <name>_SlNonOsSemSet</name>
         <value>0x4e3d</value>
         <object_component_ref idref="oc-34d"/>
      </symbol>
      <symbol id="sm-938">
         <name>_SlNonOsSpawn</name>
         <value>0x4621</value>
         <object_component_ref idref="oc-4aa"/>
      </symbol>
      <symbol id="sm-939">
         <name>_SlNonOsSemGet</name>
         <value>0x43af</value>
         <object_component_ref idref="oc-347"/>
      </symbol>
      <symbol id="sm-93a">
         <name>_SlNonOsMainLoopTask</name>
         <value>0x3fa1</value>
         <object_component_ref idref="oc-2f9"/>
      </symbol>
      <symbol id="sm-9db">
         <name>sl_SendTo</name>
         <value>0x2305</value>
         <object_component_ref idref="oc-3fd"/>
      </symbol>
      <symbol id="sm-9dc">
         <name>_sl_BuildAddress</name>
         <value>0x4675</value>
         <object_component_ref idref="oc-50b"/>
      </symbol>
      <symbol id="sm-9dd">
         <name>_sl_HandleAsync_Connect</name>
         <value>0x34a9</value>
         <object_component_ref idref="oc-626"/>
      </symbol>
      <symbol id="sm-9de">
         <name>sl_Htonl</name>
         <value>0x498f</value>
         <object_component_ref idref="oc-3f1"/>
      </symbol>
      <symbol id="sm-9df">
         <name>sl_Htons</name>
         <value>0x4a4d</value>
         <object_component_ref idref="oc-3eb"/>
      </symbol>
      <symbol id="sm-9e0">
         <name>sl_Socket</name>
         <value>0x440d</value>
         <object_component_ref idref="oc-3f7"/>
      </symbol>
      <symbol id="sm-9e1">
         <name>_sl_HandleAsync_Select</name>
         <value>0x3b0d</value>
         <object_component_ref idref="oc-62c"/>
      </symbol>
      <symbol id="sm-9e2">
         <name>_SlSockSocketCmdCtrl</name>
         <value>0x521c</value>
         <object_component_ref idref="oc-4fc"/>
      </symbol>
      <symbol id="sm-9e3">
         <name>_sl_TruncatePayloadByProtocol</name>
         <value>0x303d</value>
         <object_component_ref idref="oc-505"/>
      </symbol>
      <symbol id="sm-9e4">
         <name>_sl_HandleAsync_Accept</name>
         <value>0x39e1</value>
         <object_component_ref idref="oc-620"/>
      </symbol>
      <symbol id="sm-a2e">
         <name>spi_Read</name>
         <value>0x3f2d</value>
         <object_component_ref idref="oc-5a2"/>
      </symbol>
      <symbol id="sm-a2f">
         <name>spi_Close</name>
         <value>0x4fa9</value>
         <object_component_ref idref="oc-39b"/>
      </symbol>
      <symbol id="sm-a30">
         <name>spi_Write</name>
         <value>0x40e5</value>
         <object_component_ref idref="oc-572"/>
      </symbol>
      <symbol id="sm-a31">
         <name>spi_Open</name>
         <value>0x1f7d</value>
         <object_component_ref idref="oc-13f"/>
      </symbol>
      <symbol id="sm-acc">
         <name>sl_WlanDisconnect</name>
         <value>0x4f9d</value>
         <object_component_ref idref="oc-317"/>
      </symbol>
      <symbol id="sm-acd">
         <name>_SlPolicySetCmdCtrl</name>
         <value>0x520c</value>
         <object_component_ref idref="oc-465"/>
      </symbol>
      <symbol id="sm-ace">
         <name>_SlRxFilterSetCmdCtrl</name>
         <value>0x5218</value>
         <object_component_ref idref="oc-480"/>
      </symbol>
      <symbol id="sm-acf">
         <name>sl_WlanPolicySet</name>
         <value>0x42ed</value>
         <object_component_ref idref="oc-30b"/>
      </symbol>
      <symbol id="sm-ad0">
         <name>_SlProfileDelCmdCtrl</name>
         <value>0x5210</value>
         <object_component_ref idref="oc-469"/>
      </symbol>
      <symbol id="sm-ad1">
         <name>_SlWlanSetModeCmdCtrl</name>
         <value>0x5228</value>
         <object_component_ref idref="oc-457"/>
      </symbol>
      <symbol id="sm-ad2">
         <name>_SlWlanCfgSetCmdCtrl</name>
         <value>0x5224</value>
         <object_component_ref idref="oc-474"/>
      </symbol>
      <symbol id="sm-ad3">
         <name>sl_WlanProfileDel</name>
         <value>0x4c59</value>
         <object_component_ref idref="oc-311"/>
      </symbol>
      <symbol id="sm-ad4">
         <name>sl_WlanRxFilterSet</name>
         <value>0x4575</value>
         <object_component_ref idref="oc-329"/>
      </symbol>
      <symbol id="sm-ad5">
         <name>sl_WlanConnect</name>
         <value>0xbfd</value>
         <object_component_ref idref="oc-3b6"/>
      </symbol>
      <symbol id="sm-ad6">
         <name>sl_WlanSet</name>
         <value>0x4079</value>
         <object_component_ref idref="oc-31d"/>
      </symbol>
      <symbol id="sm-ad7">
         <name>sl_WlanSetMode</name>
         <value>0x4c89</value>
         <object_component_ref idref="oc-2ff"/>
      </symbol>
      <symbol id="sm-af3">
         <name>Reset_Handler</name>
         <value>0x4f79</value>
         <object_component_ref idref="oc-64"/>
      </symbol>
      <symbol id="sm-af4">
         <name>Default_Handler</name>
         <value>0x2a5f</value>
         <object_component_ref idref="oc-6a"/>
      </symbol>
      <symbol id="sm-af5">
         <name>interruptVectors</name>
         <value>0x0</value>
         <object_component_ref idref="oc-23"/>
      </symbol>
      <symbol id="sm-b04">
         <name>__aeabi_memset</name>
         <value>0x3eb3</value>
         <object_component_ref idref="oc-a2"/>
      </symbol>
      <symbol id="sm-b05">
         <name>memset</name>
         <value>0x3eb9</value>
         <object_component_ref idref="oc-a2"/>
      </symbol>
      <symbol id="sm-b06">
         <name>__aeabi_memset8</name>
         <value>0x3eb3</value>
         <object_component_ref idref="oc-a2"/>
      </symbol>
      <symbol id="sm-b07">
         <name>__aeabi_memset4</name>
         <value>0x3eb3</value>
         <object_component_ref idref="oc-a2"/>
      </symbol>
      <symbol id="sm-b08">
         <name>__aeabi_memclr8</name>
         <value>0x3eb1</value>
         <object_component_ref idref="oc-a2"/>
      </symbol>
      <symbol id="sm-b09">
         <name>__aeabi_memclr4</name>
         <value>0x3eb1</value>
         <object_component_ref idref="oc-a2"/>
      </symbol>
      <symbol id="sm-b0a">
         <name>__aeabi_memclr</name>
         <value>0x3eb1</value>
         <object_component_ref idref="oc-a2"/>
      </symbol>
      <symbol id="sm-b2a">
         <name>memcpy</name>
         <value>0x3945</value>
         <object_component_ref idref="oc-34"/>
      </symbol>
      <symbol id="sm-b2b">
         <name>__aeabi_memcpy</name>
         <value>0x3945</value>
         <object_component_ref idref="oc-34"/>
      </symbol>
      <symbol id="sm-b2c">
         <name>__aeabi_memcpy8</name>
         <value>0x3945</value>
         <object_component_ref idref="oc-34"/>
      </symbol>
      <symbol id="sm-b2d">
         <name>__aeabi_memcpy4</name>
         <value>0x3945</value>
         <object_component_ref idref="oc-34"/>
      </symbol>
      <symbol id="sm-b42">
         <name>__TI_zero_init_nomemset</name>
         <value>0x4ead</value>
         <object_component_ref idref="oc-40"/>
      </symbol>
      <symbol id="sm-b59">
         <name>__TI_decompress_none</name>
         <value>0x4f51</value>
         <object_component_ref idref="oc-1a"/>
      </symbol>
      <symbol id="sm-b7c">
         <name>__TI_decompress_lzss</name>
         <value>0x41b9</value>
         <object_component_ref idref="oc-14"/>
      </symbol>
      <symbol id="sm-b8f">
         <name>__stack</name>
         <value>0x2000fe00</value>
         <object_component_ref idref="oc-26"/>
      </symbol>
      <symbol id="sm-b90">
         <name>_c_int00_noargs</name>
         <value>0x4ac1</value>
         <object_component_ref idref="oc-52"/>
      </symbol>
      <symbol id="sm-b9b">
         <name>C$$EXIT</name>
         <value>0x4fc3</value>
         <object_component_ref idref="oc-16d"/>
      </symbol>
      <symbol id="sm-b9c">
         <name>abort</name>
         <value>0x4fc3</value>
         <object_component_ref idref="oc-16d"/>
      </symbol>
      <symbol id="sm-bac">
         <name>strlen</name>
         <value>0x4e99</value>
         <object_component_ref idref="oc-3b0"/>
      </symbol>
      <symbol id="sm-bbc">
         <name>strncpy</name>
         <value>0x4b2f</value>
         <object_component_ref idref="oc-1ac"/>
      </symbol>
      <symbol id="sm-be4">
         <name>__TI_auto_init_nobinit_nopinit</name>
         <value>0x4909</value>
         <object_component_ref idref="oc-179"/>
      </symbol>
      <symbol id="sm-bee">
         <name>_system_pre_init</name>
         <value>0x4fbf</value>
         <object_component_ref idref="oc-a8"/>
      </symbol>
      <symbol id="sm-bf0">
         <name>__TI_static_base__</name>
         <value>0x0</value>
      </symbol>
      <symbol id="sm-bf3">
         <name>__mpu_init</name>
         <value>0x0</value>
      </symbol>
      <symbol id="sm-bf4">
         <name>_system_post_cinit</name>
         <value>0x0</value>
      </symbol>
      <symbol id="sm-bf5">
         <name>NMI_Handler</name>
         <value>0x2a5f</value>
      </symbol>
      <symbol id="sm-bf6">
         <name>HardFault_Handler</name>
         <value>0x2a5f</value>
      </symbol>
      <symbol id="sm-bf7">
         <name>MemManage_Handler</name>
         <value>0x2a5f</value>
      </symbol>
      <symbol id="sm-bf8">
         <name>BusFault_Handler</name>
         <value>0x2a5f</value>
      </symbol>
      <symbol id="sm-bf9">
         <name>UsageFault_Handler</name>
         <value>0x2a5f</value>
      </symbol>
      <symbol id="sm-bfa">
         <name>SVC_Handler</name>
         <value>0x2a5f</value>
      </symbol>
      <symbol id="sm-bfb">
         <name>DebugMon_Handler</name>
         <value>0x2a5f</value>
      </symbol>
      <symbol id="sm-bfc">
         <name>PendSV_Handler</name>
         <value>0x2a5f</value>
      </symbol>
      <symbol id="sm-bfd">
         <name>SysTick_Handler</name>
         <value>0x2a5f</value>
      </symbol>
      <symbol id="sm-bfe">
         <name>PSS_IRQHandler</name>
         <value>0x2a5f</value>
      </symbol>
      <symbol id="sm-bff">
         <name>CS_IRQHandler</name>
         <value>0x2a5f</value>
      </symbol>
      <symbol id="sm-c00">
         <name>PCM_IRQHandler</name>
         <value>0x2a5f</value>
      </symbol>
      <symbol id="sm-c01">
         <name>WDT_A_IRQHandler</name>
         <value>0x2a5f</value>
      </symbol>
      <symbol id="sm-c02">
         <name>FPU_IRQHandler</name>
         <value>0x2a5f</value>
      </symbol>
      <symbol id="sm-c03">
         <name>FLCTL_IRQHandler</name>
         <value>0x2a5f</value>
      </symbol>
      <symbol id="sm-c04">
         <name>COMP_E0_IRQHandler</name>
         <value>0x2a5f</value>
      </symbol>
      <symbol id="sm-c05">
         <name>COMP_E1_IRQHandler</name>
         <value>0x2a5f</value>
      </symbol>
      <symbol id="sm-c06">
         <name>TA0_0_IRQHandler</name>
         <value>0x2a5f</value>
      </symbol>
      <symbol id="sm-c07">
         <name>TA0_N_IRQHandler</name>
         <value>0x2a5f</value>
      </symbol>
      <symbol id="sm-c08">
         <name>TA1_0_IRQHandler</name>
         <value>0x2a5f</value>
      </symbol>
      <symbol id="sm-c09">
         <name>TA1_N_IRQHandler</name>
         <value>0x2a5f</value>
      </symbol>
      <symbol id="sm-c0a">
         <name>TA2_0_IRQHandler</name>
         <value>0x2a5f</value>
      </symbol>
      <symbol id="sm-c0b">
         <name>TA2_N_IRQHandler</name>
         <value>0x2a5f</value>
      </symbol>
      <symbol id="sm-c0c">
         <name>TA3_0_IRQHandler</name>
         <value>0x2a5f</value>
      </symbol>
      <symbol id="sm-c0d">
         <name>TA3_N_IRQHandler</name>
         <value>0x2a5f</value>
      </symbol>
      <symbol id="sm-c0e">
         <name>EUSCIA0_IRQHandler</name>
         <value>0x4d35</value>
      </symbol>
      <symbol id="sm-c0f">
         <name>EUSCIA1_IRQHandler</name>
         <value>0x2a5f</value>
      </symbol>
      <symbol id="sm-c10">
         <name>EUSCIA2_IRQHandler</name>
         <value>0x2a5f</value>
      </symbol>
      <symbol id="sm-c11">
         <name>EUSCIA3_IRQHandler</name>
         <value>0x2a5f</value>
      </symbol>
      <symbol id="sm-c12">
         <name>EUSCIB0_IRQHandler</name>
         <value>0x2a5f</value>
      </symbol>
      <symbol id="sm-c13">
         <name>EUSCIB1_IRQHandler</name>
         <value>0x2a5f</value>
      </symbol>
      <symbol id="sm-c14">
         <name>EUSCIB2_IRQHandler</name>
         <value>0x2a5f</value>
      </symbol>
      <symbol id="sm-c15">
         <name>EUSCIB3_IRQHandler</name>
         <value>0x2a5f</value>
      </symbol>
      <symbol id="sm-c16">
         <name>ADC14_IRQHandler</name>
         <value>0x264d</value>
      </symbol>
      <symbol id="sm-c17">
         <name>T32_INT1_IRQHandler</name>
         <value>0x2a5f</value>
      </symbol>
      <symbol id="sm-c18">
         <name>T32_INT2_IRQHandler</name>
         <value>0x2a5f</value>
      </symbol>
      <symbol id="sm-c19">
         <name>T32_INTC_IRQHandler</name>
         <value>0x2a5f</value>
      </symbol>
      <symbol id="sm-c1a">
         <name>AES256_IRQHandler</name>
         <value>0x2a5f</value>
      </symbol>
      <symbol id="sm-c1b">
         <name>RTC_C_IRQHandler</name>
         <value>0x2a5f</value>
      </symbol>
      <symbol id="sm-c1c">
         <name>DMA_ERR_IRQHandler</name>
         <value>0x2a5f</value>
      </symbol>
      <symbol id="sm-c1d">
         <name>DMA_INT3_IRQHandler</name>
         <value>0x2a5f</value>
      </symbol>
      <symbol id="sm-c1e">
         <name>DMA_INT2_IRQHandler</name>
         <value>0x2a5f</value>
      </symbol>
      <symbol id="sm-c1f">
         <name>DMA_INT1_IRQHandler</name>
         <value>0x2a5f</value>
      </symbol>
      <symbol id="sm-c20">
         <name>DMA_INT0_IRQHandler</name>
         <value>0x2a5f</value>
      </symbol>
      <symbol id="sm-c21">
         <name>PORT1_IRQHandler</name>
         <value>0x3f2b</value>
      </symbol>
      <symbol id="sm-c22">
         <name>PORT2_IRQHandler</name>
         <value>0x4c29</value>
      </symbol>
      <symbol id="sm-c23">
         <name>PORT3_IRQHandler</name>
         <value>0x2a5f</value>
      </symbol>
      <symbol id="sm-c24">
         <name>PORT4_IRQHandler</name>
         <value>0x2a5f</value>
      </symbol>
      <symbol id="sm-c25">
         <name>PORT5_IRQHandler</name>
         <value>0x2a5f</value>
      </symbol>
      <symbol id="sm-c26">
         <name>PORT6_IRQHandler</name>
         <value>0x2a5f</value>
      </symbol>
   </symbol_table>
   <title>Link successful</title>
</link_info>
