******************************************************************************
                  TI ARM Linker PC v18.1.5                     
******************************************************************************
>> Linked Mon Mar 11 13:24:41 2019

OUTPUT FILE NAME:   <meter.out>
ENTRY POINT SYMBOL: "_c_int00_noargs"  address: 00004c75


MEMORY CONFIGURATION

         name            origin    length      used     unused   attr    fill
----------------------  --------  ---------  --------  --------  ----  --------
  MAIN                  00000000   00040000  00005486  0003ab7a  R  X
  INFO                  00200000   00004000  00000000  00004000  R  X
  SRAM_CODE             01000000   00010000  0000071d  0000f8e3  RW X
  SRAM_DATA             20000000   00010000  0000071d  0000f8e3  RW  


SEGMENT ALLOCATION MAP

run origin  load origin   length   init length attrs members
----------  ----------- ---------- ----------- ----- -------
00000000    00000000    00005488   00005488    r-x
  00000000    00000000    000000e4   000000e4    r-- .intvecs
  000000e4    000000e4    00005106   00005106    r-x .text
  000051ec    000051ec    00000264   00000264    r-- .const
  00005450    00005450    00000038   00000038    r-- .cinit
20000000    20000000    0000051d   00000000    rw-
  20000000    20000000    0000035c   00000000    rw- .data
  2000035c    2000035c    000001c1   00000000    rw- .bss
2000fe00    2000fe00    00000200   00000000    rw-
  2000fe00    2000fe00    00000200   00000000    rw- .stack


SECTION ALLOCATION MAP

 output                                  attributes/
section   page    origin      length       input sections
--------  ----  ----------  ----------   ----------------
.intvecs   0    00000000    000000e4     
                  00000000    000000e4     startup_msp432p401r_ccs.obj (.intvecs:retain)

.text      0    000000e4    00005106     
                  000000e4    00000634     driver.obj (.text:_SlDrvMsgRead)
                  00000718    000004e4     driver.obj (.text:_SlAsyncEventGenericHandler)
                  00000bfc    00000244     wlan.obj (.text:sl_WlanConnect)
                  00000e40    00000214     driver.obj (.text:_SlDrvRxHdrRead)
                  00001054    00000208     driver.obj (.text:_SlDrvReleasePoolObj)
                  0000125c    00000208     driver.obj (.text:_SlDrvWaitForPoolObj)
                  00001464    000001f8     driver.obj (.text:_SlDrvMsgWrite)
                  0000165c    000001e4     cc3100_usage.obj (.text:configureSimpleLinkToDefaultState)
                  00001840    000001cc     driver.obj (.text:_SlDrvDataWriteOp)
                  00001a0c    00000170     driver.obj (.text:_SlFindAndSetActiveObj)
                  00001b7c    00000160     adc14.obj (.text:_getIndexForMemRegister)
                  00001cdc    0000015c     pcm.obj (.text:__PCM_setPowerModeAdvanced)
                  00001e38    00000144     timer_a.obj (.text:privateTimer_AProcessClockSourceDivider)
                  00001f7c    0000013c     spi_cc3100.obj (.text:spi_Open)
                  000020b8    0000012c     device.obj (.text:sl_Stop)
                  000021e4    00000120     socket.obj (.text:sl_SendTo)
                  00002304    00000118     driver.obj (.text:_SlDrvClassifyRxMsg)
                  0000241c    00000110     device.obj (.text:sl_Start)
                  0000252c    00000108     main.obj (.text:ADC14_IRQHandler)
                  00002634    00000108     pcm.obj (.text:__PCM_setCoreVoltageLevelAdvanced)
                  0000273c    00000104     driver.obj (.text:_SlDrvMsgReadCmdCtx)
                  00002840    000000fe     netapp.obj (.text:_SlDrvNetAppEventHandler)
                  0000293e    00000002     startup_msp432p401r_ccs.obj (.text:Default_Handler)
                  00002940    000000fc     main.obj (.text:main)
                  00002a3c    000000f0     driver.obj (.text:_SlDrvDriverCBInit)
                  00002b2c    000000e8     driver.obj (.text:_SlDrvMsgReadSpawnCtx)
                  00002c14    000000e4     cs.obj (.text:CS_startHFXTWithTimeout)
                  00002cf8    000000dc     cs.obj (.text:_CSGetHFXTFrequency)
                  00002dd4    000000d4     system_msp432p401r.obj (.text:SystemInit)
                  00002ea8    000000d4     netapp.obj (.text:_sl_HandleAsync_DnsGetHostByService)
                  00002f7c    000000cc     cc3100_usage.obj (.text:initCC3100)
                  00003048    000000c8     netapp.obj (.text:_sl_HandleAsync_DnsGetHostByName)
                  00003110    000000c8     netapp.obj (.text:_sl_HandleAsync_PingResponse)
                  000031d8    000000c8     socket.obj (.text:_sl_TruncatePayloadByProtocol)
                  000032a0    000000c4     driver.obj (.text:_SlRemoveFromList)
                  00003364    000000b8     cc3100_usage.obj (.text:BsdUdpClient)
                  0000341c    000000b8     driver.obj (.text:_SlDrvCmdOp)
                  000034d4    000000b8     device.obj (.text:_sl_HandleAsync_InitComplete)
                  0000358c    000000b8     netapp.obj (.text:sl_NetAppMDNSRegisterUnregisterService)
                  00003644    000000b4     socket.obj (.text:_sl_HandleAsync_Connect)
                  000036f8    000000ac     ClockSys.obj (.text:ClockSys_SetMaxFreq)
                  000037a4    000000ac     uart_driver.obj (.text:uartReceive)
                  00003850    000000a8     adc14.obj (.text:ADC14_configureMultiSequenceMode)
                  000038f8    000000a8     driver.obj (.text:_SlDrvDriverCBDeinit)
                  000039a0    000000a8     device.obj (.text:sl_DevGet)
                  00003a48    000000a4     adc14.obj (.text:ADC14_configureConversionMemory)
                  00003aec    000000a0     energy_meter.obj (.text:init_EnergyMeter)
                  00003b8c    0000009c     rtsv7M4_T_le_v4SPD16_eabi.lib : memcpy_t2.asm.obj (.text)
                  00003c28    00000098     socket.obj (.text:_sl_HandleAsync_Accept)
                  00003cc0    0000008c     socket.obj (.text:_sl_HandleAsync_Select)
                  00003d4c    00000088     gpio.obj (.text:GPIO_setAsPeripheralModuleFunctionInputPin)
                  00003dd4    00000088     device.obj (.text:_sl_HandleAsync_Stop)
                  00003e5c    00000088     cc3100_usage.obj (.text:establishConnectionWithAP)
                  00003ee4    00000080     interrupt.obj (.text:Interrupt_disableInterrupt)
                  00003f64    00000080     interrupt.obj (.text:Interrupt_enableInterrupt)
                  00003fe4    00000080     driver.obj (.text:_SlDrvObjInit)
                  00004064    0000007a     rtsv7M4_T_le_v4SPD16_eabi.lib : memset_t2.asm.obj (.text)
                  000040de    00000002     board.obj (.text:PORT1_IRQHandler)
                  000040e0    00000074     spi_cc3100.obj (.text:spi_Read)
                  00004154    0000006c     nonos.obj (.text:_SlNonOsMainLoopTask)
                  000041c0    0000006c     netcfg.obj (.text:sl_NetCfgSet)
                  0000422c    0000006c     wlan.obj (.text:sl_WlanSet)
                  00004298    0000006c     spi_cc3100.obj (.text:spi_Write)
                  00004304    00000068     timer_a.obj (.text:Timer_A_configureUpMode)
                  0000436c    00000068     rtsv7M4_T_le_v4SPD16_eabi.lib : copy_decompress_lzss.c.obj (.text:decompress:lzss:__TI_decompress_lzss)
                  000043d4    00000068     netapp.obj (.text:sl_NetAppSendTokenValue)
                  0000443c    00000064     device.obj (.text:_SlDrvDeviceEventHandler)
                  000044a0    00000064     wlan.obj (.text:sl_WlanPolicySet)
                  00004504    0000005e     pcm.obj (.text:PCM_getCoreVoltageLevel)
                  00004562    0000005c     nonos.obj (.text:_SlNonOsSemGet)
                  000045be    00000002     --HOLE-- [fill = 0]
                  000045c0    0000005c     socket.obj (.text:sl_Socket)
                  0000461c    0000005a     pcm.obj (.text:PCM_getPowerMode)
                  00004676    00000002     --HOLE-- [fill = 0]
                  00004678    00000058     cc3100_usage.obj (.text:SimpleLinkWlanEventHandler)
                  000046d0    00000058     device.obj (.text:_sl_GetStartResponseConvert)
                  00004728    00000058     wlan.obj (.text:sl_WlanRxFilterSet)
                  00004780    00000054     adc14.obj (.text:ADC14_initModule)
                  000047d4    00000054     nonos.obj (.text:_SlNonOsSpawn)
                  00004828    00000050     socket.obj (.text:_sl_BuildAddress)
                  00004878    0000004e     timer_a.obj (.text:Timer_A_initCompare)
                  000048c6    00000002     --HOLE-- [fill = 0]
                  000048c8    0000004c     driver.obj (.text:_SlDrvRxIrqHandler)
                  00004914    00000048     adc14.obj (.text:ADC14_setSampleHoldTrigger)
                  0000495c    00000048     board.obj (.text:CC3100_InterruptEnable)
                  000049a4    00000048     driver.obj (.text:_SlDrvBasicCmd)
                  000049ec    00000048     driver.obj (.text:_SlDrvCmdSend)
                  00004a34    00000044     flowcont.obj (.text:_SlDrvFlowContDeinit)
                  00004a78    00000044     flowcont.obj (.text:_SlDrvFlowContInit)
                  00004abc    00000044     rtsv7M4_T_le_v4SPD16_eabi.lib : autoinit.c.obj (.text:__TI_auto_init_nobinit_nopinit:__TI_auto_init_nobinit_nopinit)
                  00004b00    00000042     driver.obj (.text:_SlDrvShiftDWord)
                  00004b42    00000042     socket.obj (.text:sl_Htonl)
                  00004b84    00000040     cc3100_usage.obj (.text:SimpleLinkNetAppEventHandler)
                  00004bc4    0000003c     netapp.obj (.text:CopyPingResultsToReport)
                  00004c00    0000003c     socket.obj (.text:sl_Htons)
                  00004c3c    00000038     adc14.obj (.text:ADC14_getEnabledInterruptStatus)
                  00004c74    00000038     rtsv7M4_T_le_v4SPD16_eabi.lib : boot_cortex_m.c.obj (.text:_c_int00_noargs:_c_int00_noargs)
                  00004cac    00000036     netapp.obj (.text:sl_NetAppMDNSUnRegisterService)
                  00004ce2    00000036     rtsv7M4_T_le_v4SPD16_eabi.lib : strncpy.c.obj (.text:strncpy)
                  00004d18    00000034     adc14.obj (.text:ADC14_enableSampleTimer)
                  00004d4c    00000030     adc14.obj (.text:ADC14_clearInterruptFlag)
                  00004d7c    00000030     adc14.obj (.text:ADC14_enableInterrupt)
                  00004dac    00000030     board.obj (.text:CC3100_InterruptDisable)
                  00004ddc    00000030     board.obj (.text:PORT2_IRQHandler)
                  00004e0c    00000030     wlan.obj (.text:sl_WlanProfileDel)
                  00004e3c    00000030     wlan.obj (.text:sl_WlanSetMode)
                  00004e6c    0000002c     adc14.obj (.text:ADC14_getInterruptStatus)
                  00004e98    00000028     adc14.obj (.text:ADC14_enableConversion)
                  00004ec0    00000028     board.obj (.text:Delay)
                  00004ee8    00000024     uart_driver.obj (.text:EUSCIA0_IRQHandler)
                  00004f0c    00000024     cc3100_usage.obj (.text:SendData)
                  00004f30    00000024     wdt_a.obj (.text:WDT_A_clearTimer)
                  00004f54    00000024     wdt_a.obj (.text:WDT_A_holdTimer)
                  00004f78    00000024     driver.obj (.text:_SlDrvObjDeInit)
                  00004f9c    00000020     adc14.obj (.text:ADC14_setResolution)
                  00004fbc    00000020     cs.obj (.text:CS_setExternalClockSourceFrequency)
                  00004fdc    0000001c     adc14.obj (.text:ADC14_getResult)
                  00004ff8    00000018     fpu.obj (.text:FPU_enableModule)
                  00005010    00000018     sysctl.obj (.text:SysCtl_disableNMISource)
                  00005028    00000018     sysctl.obj (.text:SysCtl_enableNMISource)
                  00005040    00000018     nonos.obj (.text:_SlNonOsSemSet)
                  00005058    00000018     board.obj (.text:registerInterruptHandler)
                  00005070    00000016     timer_a.obj (.text:Timer_A_startCounter)
                  00005086    00000002     --HOLE-- [fill = 0]
                  00005088    00000014     pcm.obj (.text:PCM_getPowerState)
                  0000509c    00000014     rtsv7M4_T_le_v4SPD16_eabi.lib : strlen.c.obj (.text:strlen)
                  000050b0    00000012     cs.obj (.text:CS_startHFXT)
                  000050c2    00000012     rtsv7M4_T_le_v4SPD16_eabi.lib : copy_zero_init.c.obj (.text:decompress:ZI:__TI_zero_init_nomemset:__TI_zero_init_nomemset)
                  000050d4    00000010     adc14.obj (.text:ADC14_disableConversion)
                  000050e4    00000010     adc14.obj (.text:ADCIsConversionRunning)
                  000050f4    00000010     board.obj (.text:CC3100_disable)
                  00005104    00000010     board.obj (.text:CC3100_enable)
                  00005114    00000010     fpu.obj (.text:FPU_enableLazyStacking)
                  00005124    00000010     interrupt.obj (.text:Interrupt_enableMaster)
                  00005134    00000010     pcm.obj (.text:PCM_setCoreVoltageLevel)
                  00005144    00000010     pcm.obj (.text:PCM_setPowerMode)
                  00005154    00000010     cc3100_usage.obj (.text:SimpleLinkSockEventHandler)
                  00005164    00000010     sysctl.obj (.text:SysCtl_getNMISourceStatus)
                  00005174    0000000e     rtsv7M4_T_le_v4SPD16_eabi.lib : copy_decompress_none.c.obj (.text:decompress:none:__TI_decompress_none)
                  00005182    00000002     --HOLE-- [fill = 0]
                  00005184    0000000c     adc14.obj (.text:ADC14_enableModule)
                  00005190    0000000c     cpu.obj (.text:CPU_cpsie)
                  0000519c    0000000c     startup_msp432p401r_ccs.obj (.text:Reset_Handler)
                  000051a8    0000000c     cc3100_usage.obj (.text:SimpleLinkHttpServerCallback)
                  000051b4    0000000c     cc3100_usage.obj (.text:getLocalIP)
                  000051c0    0000000c     wlan.obj (.text:sl_WlanDisconnect)
                  000051cc    0000000c     spi_cc3100.obj (.text:spi_Close)
                  000051d8    0000000a     cc3100_usage.obj (.text:SimpleLinkGeneralEventHandler)
                  000051e2    00000004     rtsv7M4_T_le_v4SPD16_eabi.lib : pre_init.c.obj (.text:_system_pre_init)
                  000051e6    00000004                                   : exit.c.obj (.text:abort:abort)

.const     0    000051ec    00000264     
                  000051ec    000000b0     wlan.obj (.const:$P$T0$1)
                  0000529c    00000080     adc14.obj (.const:_ctlRegs)
                  0000531c    00000038     driver.obj (.const:_SlActionLookupTable)
                  00005354    00000030     gpio.obj (.const:GPIO_PORT_TO_BASE)
                  00005384    0000002c     cc3100_usage.obj (.const:$P$T0$1)
                  000053b0    00000018     energy_meter.obj (.const:upModeConfig)
                  000053c8    00000014     cc3100_usage.obj (.const:$P$T1$2)
                  000053dc    00000010     energy_meter.obj (.const:compareConfig)
                  000053ec    0000000c     cc3100_usage.obj (.const:$P$T2$3)
                  000053f8    00000008     driver.obj (.const:g_H2NCnysPattern)
                  00005400    00000008     driver.obj (.const:g_H2NSyncPattern)
                  00005408    00000008     interrupt.obj (.const:g_pulDisRegs)
                  00005410    00000008     interrupt.obj (.const:g_pulEnRegs)
                  00005418    00000004     driver.obj (.const:$P$T0$1)
                  0000541c    00000004     socket.obj (.const:$P$T1$2)
                  00005420    00000004     wlan.obj (.const:$P$T1$2)
                  00005424    00000004     device.obj (.const:_SlDeviceGetCmdCtrl)
                  00005428    00000004     netapp.obj (.const:_SlNetAppSendTokenValueCmdCtrl)
                  0000542c    00000004     netcfg.obj (.const:_SlNetCfgSetCmdCtrl)
                  00005430    00000004     wlan.obj (.const:_SlPolicySetCmdCtrl)
                  00005434    00000004     wlan.obj (.const:_SlProfileDelCmdCtrl)
                  00005438    00000004     netapp.obj (.const:_SlRegisterServiceCtrl)
                  0000543c    00000004     wlan.obj (.const:_SlRxFilterSetCmdCtrl)
                  00005440    00000004     socket.obj (.const:_SlSockSocketCmdCtrl)
                  00005444    00000004     device.obj (.const:_SlStopCmdCtrl)
                  00005448    00000004     wlan.obj (.const:_SlWlanCfgSetCmdCtrl)
                  0000544c    00000004     wlan.obj (.const:_SlWlanSetModeCmdCtrl)

.cinit     0    00005450    00000038     
                  00005450    0000000f     (.cinit..data.load) [load image, compression = lzss]
                  0000545f    00000001     --HOLE-- [fill = 0]
                  00005460    0000000c     (__TI_handler_table)
                  0000546c    00000004     --HOLE-- [fill = 0]
                  00005470    00000008     (.cinit..bss.load) [load image, compression = zero_init]
                  00005478    00000010     (__TI_cinit_table)

.init_array 
*          0    00000000    00000000     UNINITIALIZED

.binit     0    00000000    00000000     

.data      0    20000000    0000035c     UNINITIALIZED
                  20000000    0000021f     uart_driver.obj (.data:test)
                  2000021f    0000010f     uart_driver.obj (.data:pieceOfString$2)
                  2000032e    00000002     --HOLE--
                  20000330    00000014     cc3100_usage.obj (.data)
                  20000344    00000009     driver.obj (.data)
                  2000034d    00000003     --HOLE--
                  20000350    00000008     uart_driver.obj (.data)
                  20000358    00000004     board.obj (.data)

.bss       0    2000035c    000001c1     UNINITIALIZED
                  2000035c    00000164     (.common:g_StatMem)
                  200004c0    00000028     (.common:g__SlNonOsCB)
                  200004e8    00000010     main.obj (.bss)
                  200004f8    0000000a     (.common:meter_info)
                  20000502    00000008     main.obj (.bss:ADC_result_buffer)
                  2000050a    00000002     (.common:ctrl_info)
                  2000050c    00000008     cs.obj (.bss)
                  20000514    00000004     cc3100_usage.obj (.bss)
                  20000518    00000004     (.common:METER_IP)
                  2000051c    00000001     (.common:transmit)

.stack     0    2000fe00    00000200     UNINITIALIZED
                  2000fe00    00000004     rtsv7M4_T_le_v4SPD16_eabi.lib : boot_cortex_m.c.obj (.stack)
                  2000fe04    000001fc     --HOLE--

MODULE SUMMARY

       Module                        code    ro data   rw data
       ------                        ----    -------   -------
    .\
       uart_driver.obj               208     0         1644   
       adc14.obj                     1232    128       0      
       pcm.obj                       848     0         0      
       main.obj                      516     0         82     
       timer_a.obj                   528     0         0      
       cs.obj                        498     0         16     
       interrupt.obj                 272     16        0      
       system_msp432p401r.obj        212     0         0      
       energy_meter.obj              160     40        0      
       gpio.obj                      136     48        0      
       ClockSys.obj                  172     0         0      
       wdt_a.obj                     72      0         0      
       sysctl.obj                    64      0         0      
       fpu.obj                       40      0         0      
       cpu.obj                       12      0         0      
    +--+-----------------------------+-------+---------+---------+
       Total:                        4970    232       1742   
                                                              
    .\WiFi\
       driver.obj                    7754    76        730    
       cc3100_usage.obj              1246    76        48     
       netapp.obj                    1268    8         0      
       socket.obj                    1258    8         0      
       device.obj                    1248    8         0      
       wlan.obj                      984     200       0      
       spi_cc3100.obj                552     0         0      
       nonos.obj                     308     0         80     
       board.obj                     266     0         8      
       flowcont.obj                  136     0         0      
       netcfg.obj                    108     4         0      
    +--+-----------------------------+-------+---------+---------+
       Total:                        15128   380       866    
                                                              
    .\ccs\
       startup_msp432p401r_ccs.obj   14      228       0      
    +--+-----------------------------+-------+---------+---------+
       Total:                        14      228       0      
                                                              
    C:\ti\ccsv8\tools\compiler\ti-cgt-arm_18.1.5.LTS\lib\rtsv7M4_T_le_v4SPD16_eabi.lib
       memcpy_t2.asm.obj             156     0         0      
       memset_t2.asm.obj             122     0         0      
       copy_decompress_lzss.c.obj    104     0         0      
       autoinit.c.obj                68      0         0      
       boot_cortex_m.c.obj           56      0         0      
       strncpy.c.obj                 54      0         0      
       strlen.c.obj                  20      0         0      
       copy_zero_init.c.obj          18      0         0      
       copy_decompress_none.c.obj    14      0         0      
       exit.c.obj                    4       0         0      
       pre_init.c.obj                4       0         0      
    +--+-----------------------------+-------+---------+---------+
       Total:                        620     0         0      
                                                              
       Stack:                        0       0         1024   
       Linker Generated:             0       51        0      
    +--+-----------------------------+-------+---------+---------+
       Grand Total:                  20732   891       3632   


LINKER GENERATED COPY TABLES

__TI_cinit_table @ 00005478 records: 2, size/record: 8, table size: 16
	.data: load addr=00005450, load size=0000000f bytes, run addr=20000000, run size=0000035c bytes, compression=lzss
	.bss: load addr=00005470, load size=00000008 bytes, run addr=2000035c, run size=000001c1 bytes, compression=zero_init


LINKER GENERATED HANDLER TABLE

__TI_handler_table @ 00005460 records: 3, size/record: 4, table size: 12
	index: 0, handler: __TI_decompress_lzss
	index: 1, handler: __TI_decompress_none
	index: 2, handler: __TI_zero_init


GLOBAL SYMBOLS: SORTED ALPHABETICALLY BY Name 

address   name                                      
-------   ----                                      
0000252d  ADC14_IRQHandler                          
0000252d  ADC14_IRQHandler                          
00004d4d  ADC14_clearInterruptFlag                  
00003a49  ADC14_configureConversionMemory           
00003851  ADC14_configureMultiSequenceMode          
000050d5  ADC14_disableConversion                   
00004e99  ADC14_enableConversion                    
00004d7d  ADC14_enableInterrupt                     
00005185  ADC14_enableModule                        
00004d19  ADC14_enableSampleTimer                   
00004c3d  ADC14_getEnabledInterruptStatus           
00004e6d  ADC14_getInterruptStatus                  
00004fdd  ADC14_getResult                           
00004781  ADC14_initModule                          
00004f9d  ADC14_setResolution                       
00004915  ADC14_setSampleHoldTrigger                
0000293f  AES256_IRQHandler                         
0000293f  BusFault_Handler                          
000051e7  C$$EXIT                                   
00004dad  CC3100_InterruptDisable                   
0000495d  CC3100_InterruptEnable                    
000050f5  CC3100_disable                            
00005105  CC3100_enable                             
0000293f  COMP_E0_IRQHandler                        
0000293f  COMP_E1_IRQHandler                        
00005191  CPU_cpsie                                 
0000293f  CS_IRQHandler                             
00004fbd  CS_setExternalClockSourceFrequency        
000050b1  CS_startHFXT                              
00002c15  CS_startHFXTWithTimeout                   
000036f9  ClockSys_SetMaxFreq                       
00004bc5  CopyPingResultsToReport                   
0000293f  DMA_ERR_IRQHandler                        
0000293f  DMA_INT0_IRQHandler                       
0000293f  DMA_INT1_IRQHandler                       
0000293f  DMA_INT2_IRQHandler                       
0000293f  DMA_INT3_IRQHandler                       
0000293f  DebugMon_Handler                          
0000293f  Default_Handler                           
00004ec1  Delay                                     
00004ee9  EUSCIA0_IRQHandler                        
00004ee9  EUSCIA0_IRQHandler                        
0000293f  EUSCIA1_IRQHandler                        
0000293f  EUSCIA2_IRQHandler                        
0000293f  EUSCIA3_IRQHandler                        
0000293f  EUSCIB0_IRQHandler                        
0000293f  EUSCIB1_IRQHandler                        
0000293f  EUSCIB2_IRQHandler                        
0000293f  EUSCIB3_IRQHandler                        
0000293f  FLCTL_IRQHandler                          
0000293f  FPU_IRQHandler                            
00005115  FPU_enableLazyStacking                    
00004ff9  FPU_enableModule                          
00003d4d  GPIO_setAsPeripheralModuleFunctionInputPin
0000293f  HardFault_Handler                         
00003ee5  Interrupt_disableInterrupt                
00003f65  Interrupt_enableInterrupt                 
00005125  Interrupt_enableMaster                    
20000518  METER_IP                                  
0000293f  MemManage_Handler                         
0000293f  NMI_Handler                               
0000293f  PCM_IRQHandler                            
00004505  PCM_getCoreVoltageLevel                   
0000461d  PCM_getPowerMode                          
00005089  PCM_getPowerState                         
00005135  PCM_setCoreVoltageLevel                   
00005145  PCM_setPowerMode                          
000040df  PORT1_IRQHandler                          
000040df  PORT1_IRQHandler                          
00004ddd  PORT2_IRQHandler                          
00004ddd  PORT2_IRQHandler                          
0000293f  PORT3_IRQHandler                          
0000293f  PORT4_IRQHandler                          
0000293f  PORT5_IRQHandler                          
0000293f  PORT6_IRQHandler                          
0000293f  PSS_IRQHandler                            
0000293f  PendSV_Handler                            
0000293f  RTC_C_IRQHandler                          
0000519d  Reset_Handler                             
0000293f  SVC_Handler                               
00004f0d  SendData                                  
000051d9  SimpleLinkGeneralEventHandler             
000051a9  SimpleLinkHttpServerCallback              
00004b85  SimpleLinkNetAppEventHandler              
00005155  SimpleLinkSockEventHandler                
00004679  SimpleLinkWlanEventHandler                
20000340  SockIDRx                                  
20000342  SockIDTx                                  
00005011  SysCtl_disableNMISource                   
00005029  SysCtl_enableNMISource                    
00005165  SysCtl_getNMISourceStatus                 
0000293f  SysTick_Handler                           
00002dd5  SystemInit                                
0000293f  T32_INT1_IRQHandler                       
0000293f  T32_INT2_IRQHandler                       
0000293f  T32_INTC_IRQHandler                       
0000293f  TA0_0_IRQHandler                          
0000293f  TA0_N_IRQHandler                          
0000293f  TA1_0_IRQHandler                          
0000293f  TA1_N_IRQHandler                          
0000293f  TA2_0_IRQHandler                          
0000293f  TA2_N_IRQHandler                          
0000293f  TA3_0_IRQHandler                          
0000293f  TA3_N_IRQHandler                          
00004305  Timer_A_configureUpMode                   
00004879  Timer_A_initCompare                       
00005071  Timer_A_startCounter                      
0000293f  UsageFault_Handler                        
4000480c  WDTCTL_SYM                                
0000293f  WDT_A_IRQHandler                          
00004f31  WDT_A_clearTimer                          
00004f55  WDT_A_holdTimer                           
0000531c  _SlActionLookupTable                      
00000719  _SlAsyncEventGenericHandler               
00005424  _SlDeviceGetCmdCtrl                       
000049a5  _SlDrvBasicCmd                            
00002305  _SlDrvClassifyRxMsg                       
0000341d  _SlDrvCmdOp                               
000049ed  _SlDrvCmdSend                             
00001841  _SlDrvDataWriteOp                         
0000443d  _SlDrvDeviceEventHandler                  
000038f9  _SlDrvDriverCBDeinit                      
00002a3d  _SlDrvDriverCBInit                        
00004a35  _SlDrvFlowContDeinit                      
00004a79  _SlDrvFlowContInit                        
000000e5  _SlDrvMsgRead                             
0000273d  _SlDrvMsgReadCmdCtx                       
00002b2d  _SlDrvMsgReadSpawnCtx                     
00001465  _SlDrvMsgWrite                            
00002841  _SlDrvNetAppEventHandler                  
00004f79  _SlDrvObjDeInit                           
00003fe5  _SlDrvObjInit                             
00001055  _SlDrvReleasePoolObj                      
00000e41  _SlDrvRxHdrRead                           
000048c9  _SlDrvRxIrqHandler                        
00004b01  _SlDrvShiftDWord                          
0000125d  _SlDrvWaitForPoolObj                      
00001a0d  _SlFindAndSetActiveObj                    
00005428  _SlNetAppSendTokenValueCmdCtrl            
0000542c  _SlNetCfgSetCmdCtrl                       
00004155  _SlNonOsMainLoopTask                      
00004563  _SlNonOsSemGet                            
00005041  _SlNonOsSemSet                            
000047d5  _SlNonOsSpawn                             
00005430  _SlPolicySetCmdCtrl                       
00005434  _SlProfileDelCmdCtrl                      
00005438  _SlRegisterServiceCtrl                    
000032a1  _SlRemoveFromList                         
0000543c  _SlRxFilterSetCmdCtrl                     
00005440  _SlSockSocketCmdCtrl                      
00005444  _SlStopCmdCtrl                            
00005448  _SlWlanCfgSetCmdCtrl                      
0000544c  _SlWlanSetModeCmdCtrl                     
20010000  __STACK_END                               
00000200  __STACK_SIZE                              
00005478  __TI_CINIT_Base                           
00005488  __TI_CINIT_Limit                          
00005460  __TI_Handler_Table_Base                   
0000546c  __TI_Handler_Table_Limit                  
00004abd  __TI_auto_init_nobinit_nopinit            
0000436d  __TI_decompress_lzss                      
00005175  __TI_decompress_none                      
ffffffff  __TI_pprof_out_hndl                       
ffffffff  __TI_prof_data_size                       
ffffffff  __TI_prof_data_start                      
00000000  __TI_static_base__                        
000050c3  __TI_zero_init_nomemset                   
00004065  __aeabi_memclr                            
00004065  __aeabi_memclr4                           
00004065  __aeabi_memclr8                           
00003b8d  __aeabi_memcpy                            
00003b8d  __aeabi_memcpy4                           
00003b8d  __aeabi_memcpy8                           
00004067  __aeabi_memset                            
00004067  __aeabi_memset4                           
00004067  __aeabi_memset8                           
ffffffff  __binit__                                 
ffffffff  __c_args__                                
UNDEFED   __mpu_init                                
2000fe00  __stack                                   
00004c75  _c_int00_noargs                           
00004829  _sl_BuildAddress                          
000046d1  _sl_GetStartResponseConvert               
00003c29  _sl_HandleAsync_Accept                    
00003645  _sl_HandleAsync_Connect                   
00003049  _sl_HandleAsync_DnsGetHostByName          
00002ea9  _sl_HandleAsync_DnsGetHostByService       
000034d5  _sl_HandleAsync_InitComplete              
00003111  _sl_HandleAsync_PingResponse              
00003cc1  _sl_HandleAsync_Select                    
00003dd5  _sl_HandleAsync_Stop                      
000031d9  _sl_TruncatePayloadByProtocol             
UNDEFED   _system_post_cinit                        
000051e3  _system_pre_init                          
000051e7  abort                                     
ffffffff  binit                                     
000053dc  compareConfig                             
2000050a  ctrl_info                                 
2000034c  gFirstCmdMode                             
000053f8  g_H2NCnysPattern                          
00005400  g_H2NSyncPattern                          
2000035c  g_StatMem                                 
20000330  g_Status                                  
200004c0  g__SlNonOsCB                              
20000344  g_pCB                                     
000051b5  getLocalIP                                
00002f7d  initCC3100                                
00003aed  init_EnergyMeter                          
00000000  interruptVectors                          
00002941  main                                      
00003b8d  memcpy                                    
0000406d  memset                                    
200004f8  meter_info                                
20000358  pIraEventHandler                          
20000348  pPingCallBackFunc                         
20000338  receivedAlready                           
00005059  registerInterruptHandler                  
20000334  retVal                                    
000039a1  sl_DevGet                                 
00004b43  sl_Htonl                                  
00004c01  sl_Htons                                  
0000358d  sl_NetAppMDNSRegisterUnregisterService    
00004cad  sl_NetAppMDNSUnRegisterService            
000043d5  sl_NetAppSendTokenValue                   
000041c1  sl_NetCfgSet                              
000021e5  sl_SendTo                                 
000045c1  sl_Socket                                 
0000241d  sl_Start                                  
000020b9  sl_Stop                                   
00000bfd  sl_WlanConnect                            
000051c1  sl_WlanDisconnect                         
000044a1  sl_WlanPolicySet                          
00004e0d  sl_WlanProfileDel                         
00004729  sl_WlanRxFilterSet                        
0000422d  sl_WlanSet                                
00004e3d  sl_WlanSetMode                            
000051cd  spi_Close                                 
00001f7d  spi_Open                                  
000040e1  spi_Read                                  
00004299  spi_Write                                 
0000509d  strlen                                    
00004ce3  strncpy                                   
20000000  test                                      
2000051c  transmit                                  
2000033c  transmitedAlready                         
000037a5  uartReceive                               
000053b0  upModeConfig                              


GLOBAL SYMBOLS: SORTED BY Symbol Address 

address   name                                      
-------   ----                                      
00000000  __TI_static_base__                        
00000000  interruptVectors                          
000000e5  _SlDrvMsgRead                             
00000200  __STACK_SIZE                              
00000719  _SlAsyncEventGenericHandler               
00000bfd  sl_WlanConnect                            
00000e41  _SlDrvRxHdrRead                           
00001055  _SlDrvReleasePoolObj                      
0000125d  _SlDrvWaitForPoolObj                      
00001465  _SlDrvMsgWrite                            
00001841  _SlDrvDataWriteOp                         
00001a0d  _SlFindAndSetActiveObj                    
00001f7d  spi_Open                                  
000020b9  sl_Stop                                   
000021e5  sl_SendTo                                 
00002305  _SlDrvClassifyRxMsg                       
0000241d  sl_Start                                  
0000252d  ADC14_IRQHandler                          
0000252d  ADC14_IRQHandler                          
0000273d  _SlDrvMsgReadCmdCtx                       
00002841  _SlDrvNetAppEventHandler                  
0000293f  AES256_IRQHandler                         
0000293f  BusFault_Handler                          
0000293f  COMP_E0_IRQHandler                        
0000293f  COMP_E1_IRQHandler                        
0000293f  CS_IRQHandler                             
0000293f  DMA_ERR_IRQHandler                        
0000293f  DMA_INT0_IRQHandler                       
0000293f  DMA_INT1_IRQHandler                       
0000293f  DMA_INT2_IRQHandler                       
0000293f  DMA_INT3_IRQHandler                       
0000293f  DebugMon_Handler                          
0000293f  Default_Handler                           
0000293f  EUSCIA1_IRQHandler                        
0000293f  EUSCIA2_IRQHandler                        
0000293f  EUSCIA3_IRQHandler                        
0000293f  EUSCIB0_IRQHandler                        
0000293f  EUSCIB1_IRQHandler                        
0000293f  EUSCIB2_IRQHandler                        
0000293f  EUSCIB3_IRQHandler                        
0000293f  FLCTL_IRQHandler                          
0000293f  FPU_IRQHandler                            
0000293f  HardFault_Handler                         
0000293f  MemManage_Handler                         
0000293f  NMI_Handler                               
0000293f  PCM_IRQHandler                            
0000293f  PORT3_IRQHandler                          
0000293f  PORT4_IRQHandler                          
0000293f  PORT5_IRQHandler                          
0000293f  PORT6_IRQHandler                          
0000293f  PSS_IRQHandler                            
0000293f  PendSV_Handler                            
0000293f  RTC_C_IRQHandler                          
0000293f  SVC_Handler                               
0000293f  SysTick_Handler                           
0000293f  T32_INT1_IRQHandler                       
0000293f  T32_INT2_IRQHandler                       
0000293f  T32_INTC_IRQHandler                       
0000293f  TA0_0_IRQHandler                          
0000293f  TA0_N_IRQHandler                          
0000293f  TA1_0_IRQHandler                          
0000293f  TA1_N_IRQHandler                          
0000293f  TA2_0_IRQHandler                          
0000293f  TA2_N_IRQHandler                          
0000293f  TA3_0_IRQHandler                          
0000293f  TA3_N_IRQHandler                          
0000293f  UsageFault_Handler                        
0000293f  WDT_A_IRQHandler                          
00002941  main                                      
00002a3d  _SlDrvDriverCBInit                        
00002b2d  _SlDrvMsgReadSpawnCtx                     
00002c15  CS_startHFXTWithTimeout                   
00002dd5  SystemInit                                
00002ea9  _sl_HandleAsync_DnsGetHostByService       
00002f7d  initCC3100                                
00003049  _sl_HandleAsync_DnsGetHostByName          
00003111  _sl_HandleAsync_PingResponse              
000031d9  _sl_TruncatePayloadByProtocol             
000032a1  _SlRemoveFromList                         
0000341d  _SlDrvCmdOp                               
000034d5  _sl_HandleAsync_InitComplete              
0000358d  sl_NetAppMDNSRegisterUnregisterService    
00003645  _sl_HandleAsync_Connect                   
000036f9  ClockSys_SetMaxFreq                       
000037a5  uartReceive                               
00003851  ADC14_configureMultiSequenceMode          
000038f9  _SlDrvDriverCBDeinit                      
000039a1  sl_DevGet                                 
00003a49  ADC14_configureConversionMemory           
00003aed  init_EnergyMeter                          
00003b8d  __aeabi_memcpy                            
00003b8d  __aeabi_memcpy4                           
00003b8d  __aeabi_memcpy8                           
00003b8d  memcpy                                    
00003c29  _sl_HandleAsync_Accept                    
00003cc1  _sl_HandleAsync_Select                    
00003d4d  GPIO_setAsPeripheralModuleFunctionInputPin
00003dd5  _sl_HandleAsync_Stop                      
00003ee5  Interrupt_disableInterrupt                
00003f65  Interrupt_enableInterrupt                 
00003fe5  _SlDrvObjInit                             
00004065  __aeabi_memclr                            
00004065  __aeabi_memclr4                           
00004065  __aeabi_memclr8                           
00004067  __aeabi_memset                            
00004067  __aeabi_memset4                           
00004067  __aeabi_memset8                           
0000406d  memset                                    
000040df  PORT1_IRQHandler                          
000040df  PORT1_IRQHandler                          
000040e1  spi_Read                                  
00004155  _SlNonOsMainLoopTask                      
000041c1  sl_NetCfgSet                              
0000422d  sl_WlanSet                                
00004299  spi_Write                                 
00004305  Timer_A_configureUpMode                   
0000436d  __TI_decompress_lzss                      
000043d5  sl_NetAppSendTokenValue                   
0000443d  _SlDrvDeviceEventHandler                  
000044a1  sl_WlanPolicySet                          
00004505  PCM_getCoreVoltageLevel                   
00004563  _SlNonOsSemGet                            
000045c1  sl_Socket                                 
0000461d  PCM_getPowerMode                          
00004679  SimpleLinkWlanEventHandler                
000046d1  _sl_GetStartResponseConvert               
00004729  sl_WlanRxFilterSet                        
00004781  ADC14_initModule                          
000047d5  _SlNonOsSpawn                             
00004829  _sl_BuildAddress                          
00004879  Timer_A_initCompare                       
000048c9  _SlDrvRxIrqHandler                        
00004915  ADC14_setSampleHoldTrigger                
0000495d  CC3100_InterruptEnable                    
000049a5  _SlDrvBasicCmd                            
000049ed  _SlDrvCmdSend                             
00004a35  _SlDrvFlowContDeinit                      
00004a79  _SlDrvFlowContInit                        
00004abd  __TI_auto_init_nobinit_nopinit            
00004b01  _SlDrvShiftDWord                          
00004b43  sl_Htonl                                  
00004b85  SimpleLinkNetAppEventHandler              
00004bc5  CopyPingResultsToReport                   
00004c01  sl_Htons                                  
00004c3d  ADC14_getEnabledInterruptStatus           
00004c75  _c_int00_noargs                           
00004cad  sl_NetAppMDNSUnRegisterService            
00004ce3  strncpy                                   
00004d19  ADC14_enableSampleTimer                   
00004d4d  ADC14_clearInterruptFlag                  
00004d7d  ADC14_enableInterrupt                     
00004dad  CC3100_InterruptDisable                   
00004ddd  PORT2_IRQHandler                          
00004ddd  PORT2_IRQHandler                          
00004e0d  sl_WlanProfileDel                         
00004e3d  sl_WlanSetMode                            
00004e6d  ADC14_getInterruptStatus                  
00004e99  ADC14_enableConversion                    
00004ec1  Delay                                     
00004ee9  EUSCIA0_IRQHandler                        
00004ee9  EUSCIA0_IRQHandler                        
00004f0d  SendData                                  
00004f31  WDT_A_clearTimer                          
00004f55  WDT_A_holdTimer                           
00004f79  _SlDrvObjDeInit                           
00004f9d  ADC14_setResolution                       
00004fbd  CS_setExternalClockSourceFrequency        
00004fdd  ADC14_getResult                           
00004ff9  FPU_enableModule                          
00005011  SysCtl_disableNMISource                   
00005029  SysCtl_enableNMISource                    
00005041  _SlNonOsSemSet                            
00005059  registerInterruptHandler                  
00005071  Timer_A_startCounter                      
00005089  PCM_getPowerState                         
0000509d  strlen                                    
000050b1  CS_startHFXT                              
000050c3  __TI_zero_init_nomemset                   
000050d5  ADC14_disableConversion                   
000050f5  CC3100_disable                            
00005105  CC3100_enable                             
00005115  FPU_enableLazyStacking                    
00005125  Interrupt_enableMaster                    
00005135  PCM_setCoreVoltageLevel                   
00005145  PCM_setPowerMode                          
00005155  SimpleLinkSockEventHandler                
00005165  SysCtl_getNMISourceStatus                 
00005175  __TI_decompress_none                      
00005185  ADC14_enableModule                        
00005191  CPU_cpsie                                 
0000519d  Reset_Handler                             
000051a9  SimpleLinkHttpServerCallback              
000051b5  getLocalIP                                
000051c1  sl_WlanDisconnect                         
000051cd  spi_Close                                 
000051d9  SimpleLinkGeneralEventHandler             
000051e3  _system_pre_init                          
000051e7  C$$EXIT                                   
000051e7  abort                                     
0000531c  _SlActionLookupTable                      
000053b0  upModeConfig                              
000053dc  compareConfig                             
000053f8  g_H2NCnysPattern                          
00005400  g_H2NSyncPattern                          
00005424  _SlDeviceGetCmdCtrl                       
00005428  _SlNetAppSendTokenValueCmdCtrl            
0000542c  _SlNetCfgSetCmdCtrl                       
00005430  _SlPolicySetCmdCtrl                       
00005434  _SlProfileDelCmdCtrl                      
00005438  _SlRegisterServiceCtrl                    
0000543c  _SlRxFilterSetCmdCtrl                     
00005440  _SlSockSocketCmdCtrl                      
00005444  _SlStopCmdCtrl                            
00005448  _SlWlanCfgSetCmdCtrl                      
0000544c  _SlWlanSetModeCmdCtrl                     
00005460  __TI_Handler_Table_Base                   
0000546c  __TI_Handler_Table_Limit                  
00005478  __TI_CINIT_Base                           
00005488  __TI_CINIT_Limit                          
20000000  test                                      
20000330  g_Status                                  
20000334  retVal                                    
20000338  receivedAlready                           
2000033c  transmitedAlready                         
20000340  SockIDRx                                  
20000342  SockIDTx                                  
20000344  g_pCB                                     
20000348  pPingCallBackFunc                         
2000034c  gFirstCmdMode                             
20000358  pIraEventHandler                          
2000035c  g_StatMem                                 
200004c0  g__SlNonOsCB                              
200004f8  meter_info                                
2000050a  ctrl_info                                 
20000518  METER_IP                                  
2000051c  transmit                                  
2000fe00  __stack                                   
20010000  __STACK_END                               
4000480c  WDTCTL_SYM                                
ffffffff  __TI_pprof_out_hndl                       
ffffffff  __TI_prof_data_size                       
ffffffff  __TI_prof_data_start                      
ffffffff  __binit__                                 
ffffffff  __c_args__                                
ffffffff  binit                                     
UNDEFED   __mpu_init                                
UNDEFED   _system_post_cinit                        

[247 symbols]
