******************************************************************************
                  TI ARM Linker PC v18.1.5                     
******************************************************************************
>> Linked Sat Mar  9 10:17:11 2019

OUTPUT FILE NAME:   <meter.out>
ENTRY POINT SYMBOL: "_c_int00_noargs"  address: 00004c81


MEMORY CONFIGURATION

         name            origin    length      used     unused   attr    fill
----------------------  --------  ---------  --------  --------  ----  --------
  MAIN                  00000000   00040000  00005492  0003ab6e  R  X
  INFO                  00200000   00004000  00000000  00004000  R  X
  SRAM_CODE             01000000   00010000  0000071d  0000f8e3  RW X
  SRAM_DATA             20000000   00010000  0000071d  0000f8e3  RW  


SEGMENT ALLOCATION MAP

run origin  load origin   length   init length attrs members
----------  ----------- ---------- ----------- ----- -------
00000000    00000000    00005498   00005498    r-x
  00000000    00000000    000000e4   000000e4    r-- .intvecs
  000000e4    000000e4    00005112   00005112    r-x .text
  000051f8    000051f8    00000264   00000264    r-- .const
  00005460    00005460    00000038   00000038    r-- .cinit
20000000    20000000    0000051d   00000000    rw-
  20000000    20000000    0000035c   00000000    rw- .data
  2000035c    2000035c    000001c1   00000000    rw- .bss
2000fe00    2000fe00    00000200   00000000    rw-
  2000fe00    2000fe00    00000200   00000000    rw- .stack


SECTION ALLOCATION MAP

 output                                  attributes/
section   page    origin      length       input sections
--------  ----  ----------  ----------   ----------------
.intvecs   0    00000000    000000e4     
                  00000000    000000e4     startup_msp432p401r_ccs.obj (.intvecs:retain)

.text      0    000000e4    00005112     
                  000000e4    00000634     driver.obj (.text:_SlDrvMsgRead)
                  00000718    000004e4     driver.obj (.text:_SlAsyncEventGenericHandler)
                  00000bfc    00000244     wlan.obj (.text:sl_WlanConnect)
                  00000e40    00000214     driver.obj (.text:_SlDrvRxHdrRead)
                  00001054    00000208     driver.obj (.text:_SlDrvReleasePoolObj)
                  0000125c    00000208     driver.obj (.text:_SlDrvWaitForPoolObj)
                  00001464    000001f8     driver.obj (.text:_SlDrvMsgWrite)
                  0000165c    000001e4     cc3100_usage.obj (.text:configureSimpleLinkToDefaultState)
                  00001840    000001cc     driver.obj (.text:_SlDrvDataWriteOp)
                  00001a0c    00000170     driver.obj (.text:_SlFindAndSetActiveObj)
                  00001b7c    00000160     adc14.obj (.text:_getIndexForMemRegister)
                  00001cdc    0000015c     pcm.obj (.text:__PCM_setPowerModeAdvanced)
                  00001e38    00000144     timer_a.obj (.text:privateTimer_AProcessClockSourceDivider)
                  00001f7c    0000013c     spi_cc3100.obj (.text:spi_Open)
                  000020b8    0000012c     device.obj (.text:sl_Stop)
                  000021e4    00000120     socket.obj (.text:sl_SendTo)
                  00002304    00000118     driver.obj (.text:_SlDrvClassifyRxMsg)
                  0000241c    00000114     main.obj (.text:ADC14_IRQHandler)
                  00002530    00000110     device.obj (.text:sl_Start)
                  00002640    00000108     pcm.obj (.text:__PCM_setCoreVoltageLevelAdvanced)
                  00002748    00000104     driver.obj (.text:_SlDrvMsgReadCmdCtx)
                  0000284c    000000fe     netapp.obj (.text:_SlDrvNetAppEventHandler)
                  0000294a    00000002     startup_msp432p401r_ccs.obj (.text:Default_Handler)
                  0000294c    000000fc     main.obj (.text:main)
                  00002a48    000000f0     driver.obj (.text:_SlDrvDriverCBInit)
                  00002b38    000000e8     driver.obj (.text:_SlDrvMsgReadSpawnCtx)
                  00002c20    000000e4     cs.obj (.text:CS_startHFXTWithTimeout)
                  00002d04    000000dc     cs.obj (.text:_CSGetHFXTFrequency)
                  00002de0    000000d4     system_msp432p401r.obj (.text:SystemInit)
                  00002eb4    000000d4     netapp.obj (.text:_sl_HandleAsync_DnsGetHostByService)
                  00002f88    000000cc     cc3100_usage.obj (.text:initCC3100)
                  00003054    000000c8     netapp.obj (.text:_sl_HandleAsync_DnsGetHostByName)
                  0000311c    000000c8     netapp.obj (.text:_sl_HandleAsync_PingResponse)
                  000031e4    000000c8     socket.obj (.text:_sl_TruncatePayloadByProtocol)
                  000032ac    000000c4     driver.obj (.text:_SlRemoveFromList)
                  00003370    000000b8     cc3100_usage.obj (.text:BsdUdpClient)
                  00003428    000000b8     driver.obj (.text:_SlDrvCmdOp)
                  000034e0    000000b8     device.obj (.text:_sl_HandleAsync_InitComplete)
                  00003598    000000b8     netapp.obj (.text:sl_NetAppMDNSRegisterUnregisterService)
                  00003650    000000b4     socket.obj (.text:_sl_HandleAsync_Connect)
                  00003704    000000ac     ClockSys.obj (.text:ClockSys_SetMaxFreq)
                  000037b0    000000ac     uart_driver.obj (.text:uartReceive)
                  0000385c    000000a8     adc14.obj (.text:ADC14_configureMultiSequenceMode)
                  00003904    000000a8     driver.obj (.text:_SlDrvDriverCBDeinit)
                  000039ac    000000a8     device.obj (.text:sl_DevGet)
                  00003a54    000000a4     adc14.obj (.text:ADC14_configureConversionMemory)
                  00003af8    000000a0     energy_meter.obj (.text:init_EnergyMeter)
                  00003b98    0000009c     rtsv7M4_T_le_v4SPD16_eabi.lib : memcpy_t2.asm.obj (.text)
                  00003c34    00000098     socket.obj (.text:_sl_HandleAsync_Accept)
                  00003ccc    0000008c     socket.obj (.text:_sl_HandleAsync_Select)
                  00003d58    00000088     gpio.obj (.text:GPIO_setAsPeripheralModuleFunctionInputPin)
                  00003de0    00000088     device.obj (.text:_sl_HandleAsync_Stop)
                  00003e68    00000088     cc3100_usage.obj (.text:establishConnectionWithAP)
                  00003ef0    00000080     interrupt.obj (.text:Interrupt_disableInterrupt)
                  00003f70    00000080     interrupt.obj (.text:Interrupt_enableInterrupt)
                  00003ff0    00000080     driver.obj (.text:_SlDrvObjInit)
                  00004070    0000007a     rtsv7M4_T_le_v4SPD16_eabi.lib : memset_t2.asm.obj (.text)
                  000040ea    00000002     board.obj (.text:PORT1_IRQHandler)
                  000040ec    00000074     spi_cc3100.obj (.text:spi_Read)
                  00004160    0000006c     nonos.obj (.text:_SlNonOsMainLoopTask)
                  000041cc    0000006c     netcfg.obj (.text:sl_NetCfgSet)
                  00004238    0000006c     wlan.obj (.text:sl_WlanSet)
                  000042a4    0000006c     spi_cc3100.obj (.text:spi_Write)
                  00004310    00000068     timer_a.obj (.text:Timer_A_configureUpMode)
                  00004378    00000068     rtsv7M4_T_le_v4SPD16_eabi.lib : copy_decompress_lzss.c.obj (.text:decompress:lzss:__TI_decompress_lzss)
                  000043e0    00000068     netapp.obj (.text:sl_NetAppSendTokenValue)
                  00004448    00000064     device.obj (.text:_SlDrvDeviceEventHandler)
                  000044ac    00000064     wlan.obj (.text:sl_WlanPolicySet)
                  00004510    0000005e     pcm.obj (.text:PCM_getCoreVoltageLevel)
                  0000456e    0000005c     nonos.obj (.text:_SlNonOsSemGet)
                  000045ca    00000002     --HOLE-- [fill = 0]
                  000045cc    0000005c     socket.obj (.text:sl_Socket)
                  00004628    0000005a     pcm.obj (.text:PCM_getPowerMode)
                  00004682    00000002     --HOLE-- [fill = 0]
                  00004684    00000058     cc3100_usage.obj (.text:SimpleLinkWlanEventHandler)
                  000046dc    00000058     device.obj (.text:_sl_GetStartResponseConvert)
                  00004734    00000058     wlan.obj (.text:sl_WlanRxFilterSet)
                  0000478c    00000054     adc14.obj (.text:ADC14_initModule)
                  000047e0    00000054     nonos.obj (.text:_SlNonOsSpawn)
                  00004834    00000050     socket.obj (.text:_sl_BuildAddress)
                  00004884    0000004e     timer_a.obj (.text:Timer_A_initCompare)
                  000048d2    00000002     --HOLE-- [fill = 0]
                  000048d4    0000004c     driver.obj (.text:_SlDrvRxIrqHandler)
                  00004920    00000048     adc14.obj (.text:ADC14_setSampleHoldTrigger)
                  00004968    00000048     board.obj (.text:CC3100_InterruptEnable)
                  000049b0    00000048     driver.obj (.text:_SlDrvBasicCmd)
                  000049f8    00000048     driver.obj (.text:_SlDrvCmdSend)
                  00004a40    00000044     flowcont.obj (.text:_SlDrvFlowContDeinit)
                  00004a84    00000044     flowcont.obj (.text:_SlDrvFlowContInit)
                  00004ac8    00000044     rtsv7M4_T_le_v4SPD16_eabi.lib : autoinit.c.obj (.text:__TI_auto_init_nobinit_nopinit:__TI_auto_init_nobinit_nopinit)
                  00004b0c    00000042     driver.obj (.text:_SlDrvShiftDWord)
                  00004b4e    00000042     socket.obj (.text:sl_Htonl)
                  00004b90    00000040     cc3100_usage.obj (.text:SimpleLinkNetAppEventHandler)
                  00004bd0    0000003c     netapp.obj (.text:CopyPingResultsToReport)
                  00004c0c    0000003c     socket.obj (.text:sl_Htons)
                  00004c48    00000038     adc14.obj (.text:ADC14_getEnabledInterruptStatus)
                  00004c80    00000038     rtsv7M4_T_le_v4SPD16_eabi.lib : boot_cortex_m.c.obj (.text:_c_int00_noargs:_c_int00_noargs)
                  00004cb8    00000036     netapp.obj (.text:sl_NetAppMDNSUnRegisterService)
                  00004cee    00000036     rtsv7M4_T_le_v4SPD16_eabi.lib : strncpy.c.obj (.text:strncpy)
                  00004d24    00000034     adc14.obj (.text:ADC14_enableSampleTimer)
                  00004d58    00000030     adc14.obj (.text:ADC14_clearInterruptFlag)
                  00004d88    00000030     adc14.obj (.text:ADC14_enableInterrupt)
                  00004db8    00000030     board.obj (.text:CC3100_InterruptDisable)
                  00004de8    00000030     board.obj (.text:PORT2_IRQHandler)
                  00004e18    00000030     wlan.obj (.text:sl_WlanProfileDel)
                  00004e48    00000030     wlan.obj (.text:sl_WlanSetMode)
                  00004e78    0000002c     adc14.obj (.text:ADC14_getInterruptStatus)
                  00004ea4    00000028     adc14.obj (.text:ADC14_enableConversion)
                  00004ecc    00000028     board.obj (.text:Delay)
                  00004ef4    00000024     uart_driver.obj (.text:EUSCIA0_IRQHandler)
                  00004f18    00000024     cc3100_usage.obj (.text:SendData)
                  00004f3c    00000024     wdt_a.obj (.text:WDT_A_clearTimer)
                  00004f60    00000024     wdt_a.obj (.text:WDT_A_holdTimer)
                  00004f84    00000024     driver.obj (.text:_SlDrvObjDeInit)
                  00004fa8    00000020     adc14.obj (.text:ADC14_setResolution)
                  00004fc8    00000020     cs.obj (.text:CS_setExternalClockSourceFrequency)
                  00004fe8    0000001c     adc14.obj (.text:ADC14_getResult)
                  00005004    00000018     fpu.obj (.text:FPU_enableModule)
                  0000501c    00000018     sysctl.obj (.text:SysCtl_disableNMISource)
                  00005034    00000018     sysctl.obj (.text:SysCtl_enableNMISource)
                  0000504c    00000018     nonos.obj (.text:_SlNonOsSemSet)
                  00005064    00000018     board.obj (.text:registerInterruptHandler)
                  0000507c    00000016     timer_a.obj (.text:Timer_A_startCounter)
                  00005092    00000002     --HOLE-- [fill = 0]
                  00005094    00000014     pcm.obj (.text:PCM_getPowerState)
                  000050a8    00000014     rtsv7M4_T_le_v4SPD16_eabi.lib : strlen.c.obj (.text:strlen)
                  000050bc    00000012     cs.obj (.text:CS_startHFXT)
                  000050ce    00000012     rtsv7M4_T_le_v4SPD16_eabi.lib : copy_zero_init.c.obj (.text:decompress:ZI:__TI_zero_init_nomemset:__TI_zero_init_nomemset)
                  000050e0    00000010     adc14.obj (.text:ADC14_disableConversion)
                  000050f0    00000010     adc14.obj (.text:ADCIsConversionRunning)
                  00005100    00000010     board.obj (.text:CC3100_disable)
                  00005110    00000010     board.obj (.text:CC3100_enable)
                  00005120    00000010     fpu.obj (.text:FPU_enableLazyStacking)
                  00005130    00000010     interrupt.obj (.text:Interrupt_enableMaster)
                  00005140    00000010     pcm.obj (.text:PCM_setCoreVoltageLevel)
                  00005150    00000010     pcm.obj (.text:PCM_setPowerMode)
                  00005160    00000010     cc3100_usage.obj (.text:SimpleLinkSockEventHandler)
                  00005170    00000010     sysctl.obj (.text:SysCtl_getNMISourceStatus)
                  00005180    0000000e     rtsv7M4_T_le_v4SPD16_eabi.lib : copy_decompress_none.c.obj (.text:decompress:none:__TI_decompress_none)
                  0000518e    00000002     --HOLE-- [fill = 0]
                  00005190    0000000c     adc14.obj (.text:ADC14_enableModule)
                  0000519c    0000000c     cpu.obj (.text:CPU_cpsie)
                  000051a8    0000000c     startup_msp432p401r_ccs.obj (.text:Reset_Handler)
                  000051b4    0000000c     cc3100_usage.obj (.text:SimpleLinkHttpServerCallback)
                  000051c0    0000000c     cc3100_usage.obj (.text:getLocalIP)
                  000051cc    0000000c     wlan.obj (.text:sl_WlanDisconnect)
                  000051d8    0000000c     spi_cc3100.obj (.text:spi_Close)
                  000051e4    0000000a     cc3100_usage.obj (.text:SimpleLinkGeneralEventHandler)
                  000051ee    00000004     rtsv7M4_T_le_v4SPD16_eabi.lib : pre_init.c.obj (.text:_system_pre_init)
                  000051f2    00000004                                   : exit.c.obj (.text:abort:abort)

.const     0    000051f8    00000264     
                  000051f8    000000b0     wlan.obj (.const:$P$T0$1)
                  000052a8    00000080     adc14.obj (.const:_ctlRegs)
                  00005328    00000038     driver.obj (.const:_SlActionLookupTable)
                  00005360    00000030     gpio.obj (.const:GPIO_PORT_TO_BASE)
                  00005390    0000002c     cc3100_usage.obj (.const:$P$T0$1)
                  000053bc    00000018     energy_meter.obj (.const:upModeConfig)
                  000053d4    00000014     cc3100_usage.obj (.const:$P$T1$2)
                  000053e8    00000010     energy_meter.obj (.const:compareConfig)
                  000053f8    0000000c     cc3100_usage.obj (.const:$P$T2$3)
                  00005404    00000008     driver.obj (.const:g_H2NCnysPattern)
                  0000540c    00000008     driver.obj (.const:g_H2NSyncPattern)
                  00005414    00000008     interrupt.obj (.const:g_pulDisRegs)
                  0000541c    00000008     interrupt.obj (.const:g_pulEnRegs)
                  00005424    00000004     driver.obj (.const:$P$T0$1)
                  00005428    00000004     socket.obj (.const:$P$T1$2)
                  0000542c    00000004     wlan.obj (.const:$P$T1$2)
                  00005430    00000004     device.obj (.const:_SlDeviceGetCmdCtrl)
                  00005434    00000004     netapp.obj (.const:_SlNetAppSendTokenValueCmdCtrl)
                  00005438    00000004     netcfg.obj (.const:_SlNetCfgSetCmdCtrl)
                  0000543c    00000004     wlan.obj (.const:_SlPolicySetCmdCtrl)
                  00005440    00000004     wlan.obj (.const:_SlProfileDelCmdCtrl)
                  00005444    00000004     netapp.obj (.const:_SlRegisterServiceCtrl)
                  00005448    00000004     wlan.obj (.const:_SlRxFilterSetCmdCtrl)
                  0000544c    00000004     socket.obj (.const:_SlSockSocketCmdCtrl)
                  00005450    00000004     device.obj (.const:_SlStopCmdCtrl)
                  00005454    00000004     wlan.obj (.const:_SlWlanCfgSetCmdCtrl)
                  00005458    00000004     wlan.obj (.const:_SlWlanSetModeCmdCtrl)

.cinit     0    00005460    00000038     
                  00005460    0000000f     (.cinit..data.load) [load image, compression = lzss]
                  0000546f    00000001     --HOLE-- [fill = 0]
                  00005470    0000000c     (__TI_handler_table)
                  0000547c    00000004     --HOLE-- [fill = 0]
                  00005480    00000008     (.cinit..bss.load) [load image, compression = zero_init]
                  00005488    00000010     (__TI_cinit_table)

.init_array 
*          0    00000000    00000000     UNINITIALIZED

.binit     0    00000000    00000000     

.data      0    20000000    0000035c     UNINITIALIZED
                  20000000    0000021f     uart_driver.obj (.data:test)
                  2000021f    0000010f     uart_driver.obj (.data:pieceOfString$2)
                  2000032e    00000002     --HOLE--
                  20000330    00000014     cc3100_usage.obj (.data)
                  20000344    00000009     driver.obj (.data)
                  2000034d    00000003     --HOLE--
                  20000350    00000008     uart_driver.obj (.data)
                  20000358    00000004     board.obj (.data)

.bss       0    2000035c    000001c1     UNINITIALIZED
                  2000035c    00000164     (.common:g_StatMem)
                  200004c0    00000028     (.common:g__SlNonOsCB)
                  200004e8    00000010     main.obj (.bss)
                  200004f8    0000000a     (.common:meter_info)
                  20000502    00000008     main.obj (.bss:ADC_result_buffer)
                  2000050a    00000002     (.common:ctrl_info)
                  2000050c    00000008     cs.obj (.bss)
                  20000514    00000004     cc3100_usage.obj (.bss)
                  20000518    00000004     (.common:METER_IP)
                  2000051c    00000001     (.common:transmit)

.stack     0    2000fe00    00000200     UNINITIALIZED
                  2000fe00    00000004     rtsv7M4_T_le_v4SPD16_eabi.lib : boot_cortex_m.c.obj (.stack)
                  2000fe04    000001fc     --HOLE--

MODULE SUMMARY

       Module                        code    ro data   rw data
       ------                        ----    -------   -------
    .\
       uart_driver.obj               208     0         1644   
       adc14.obj                     1232    128       0      
       pcm.obj                       848     0         0      
       main.obj                      528     0         82     
       timer_a.obj                   528     0         0      
       cs.obj                        498     0         16     
       interrupt.obj                 272     16        0      
       system_msp432p401r.obj        212     0         0      
       energy_meter.obj              160     40        0      
       gpio.obj                      136     48        0      
       ClockSys.obj                  172     0         0      
       wdt_a.obj                     72      0         0      
       sysctl.obj                    64      0         0      
       fpu.obj                       40      0         0      
       cpu.obj                       12      0         0      
    +--+-----------------------------+-------+---------+---------+
       Total:                        4982    232       1742   
                                                              
    .\WiFi\
       driver.obj                    7754    76        730    
       cc3100_usage.obj              1246    76        48     
       netapp.obj                    1268    8         0      
       socket.obj                    1258    8         0      
       device.obj                    1248    8         0      
       wlan.obj                      984     200       0      
       spi_cc3100.obj                552     0         0      
       nonos.obj                     308     0         80     
       board.obj                     266     0         8      
       flowcont.obj                  136     0         0      
       netcfg.obj                    108     4         0      
    +--+-----------------------------+-------+---------+---------+
       Total:                        15128   380       866    
                                                              
    .\ccs\
       startup_msp432p401r_ccs.obj   14      228       0      
    +--+-----------------------------+-------+---------+---------+
       Total:                        14      228       0      
                                                              
    C:\ti\ccsv8\tools\compiler\ti-cgt-arm_18.1.5.LTS\lib\rtsv7M4_T_le_v4SPD16_eabi.lib
       memcpy_t2.asm.obj             156     0         0      
       memset_t2.asm.obj             122     0         0      
       copy_decompress_lzss.c.obj    104     0         0      
       autoinit.c.obj                68      0         0      
       boot_cortex_m.c.obj           56      0         0      
       strncpy.c.obj                 54      0         0      
       strlen.c.obj                  20      0         0      
       copy_zero_init.c.obj          18      0         0      
       copy_decompress_none.c.obj    14      0         0      
       exit.c.obj                    4       0         0      
       pre_init.c.obj                4       0         0      
    +--+-----------------------------+-------+---------+---------+
       Total:                        620     0         0      
                                                              
       Stack:                        0       0         1024   
       Linker Generated:             0       51        0      
    +--+-----------------------------+-------+---------+---------+
       Grand Total:                  20744   891       3632   


LINKER GENERATED COPY TABLES

__TI_cinit_table @ 00005488 records: 2, size/record: 8, table size: 16
	.data: load addr=00005460, load size=0000000f bytes, run addr=20000000, run size=0000035c bytes, compression=lzss
	.bss: load addr=00005480, load size=00000008 bytes, run addr=2000035c, run size=000001c1 bytes, compression=zero_init


LINKER GENERATED HANDLER TABLE

__TI_handler_table @ 00005470 records: 3, size/record: 4, table size: 12
	index: 0, handler: __TI_decompress_lzss
	index: 1, handler: __TI_decompress_none
	index: 2, handler: __TI_zero_init


GLOBAL SYMBOLS: SORTED ALPHABETICALLY BY Name 

address   name                                      
-------   ----                                      
0000241d  ADC14_IRQHandler                          
0000241d  ADC14_IRQHandler                          
00004d59  ADC14_clearInterruptFlag                  
00003a55  ADC14_configureConversionMemory           
0000385d  ADC14_configureMultiSequenceMode          
000050e1  ADC14_disableConversion                   
00004ea5  ADC14_enableConversion                    
00004d89  ADC14_enableInterrupt                     
00005191  ADC14_enableModule                        
00004d25  ADC14_enableSampleTimer                   
00004c49  ADC14_getEnabledInterruptStatus           
00004e79  ADC14_getInterruptStatus                  
00004fe9  ADC14_getResult                           
0000478d  ADC14_initModule                          
00004fa9  ADC14_setResolution                       
00004921  ADC14_setSampleHoldTrigger                
0000294b  AES256_IRQHandler                         
0000294b  BusFault_Handler                          
000051f3  C$$EXIT                                   
00004db9  CC3100_InterruptDisable                   
00004969  CC3100_InterruptEnable                    
00005101  CC3100_disable                            
00005111  CC3100_enable                             
0000294b  COMP_E0_IRQHandler                        
0000294b  COMP_E1_IRQHandler                        
0000519d  CPU_cpsie                                 
0000294b  CS_IRQHandler                             
00004fc9  CS_setExternalClockSourceFrequency        
000050bd  CS_startHFXT                              
00002c21  CS_startHFXTWithTimeout                   
00003705  ClockSys_SetMaxFreq                       
00004bd1  CopyPingResultsToReport                   
0000294b  DMA_ERR_IRQHandler                        
0000294b  DMA_INT0_IRQHandler                       
0000294b  DMA_INT1_IRQHandler                       
0000294b  DMA_INT2_IRQHandler                       
0000294b  DMA_INT3_IRQHandler                       
0000294b  DebugMon_Handler                          
0000294b  Default_Handler                           
00004ecd  Delay                                     
00004ef5  EUSCIA0_IRQHandler                        
00004ef5  EUSCIA0_IRQHandler                        
0000294b  EUSCIA1_IRQHandler                        
0000294b  EUSCIA2_IRQHandler                        
0000294b  EUSCIA3_IRQHandler                        
0000294b  EUSCIB0_IRQHandler                        
0000294b  EUSCIB1_IRQHandler                        
0000294b  EUSCIB2_IRQHandler                        
0000294b  EUSCIB3_IRQHandler                        
0000294b  FLCTL_IRQHandler                          
0000294b  FPU_IRQHandler                            
00005121  FPU_enableLazyStacking                    
00005005  FPU_enableModule                          
00003d59  GPIO_setAsPeripheralModuleFunctionInputPin
0000294b  HardFault_Handler                         
00003ef1  Interrupt_disableInterrupt                
00003f71  Interrupt_enableInterrupt                 
00005131  Interrupt_enableMaster                    
20000518  METER_IP                                  
0000294b  MemManage_Handler                         
0000294b  NMI_Handler                               
0000294b  PCM_IRQHandler                            
00004511  PCM_getCoreVoltageLevel                   
00004629  PCM_getPowerMode                          
00005095  PCM_getPowerState                         
00005141  PCM_setCoreVoltageLevel                   
00005151  PCM_setPowerMode                          
000040eb  PORT1_IRQHandler                          
000040eb  PORT1_IRQHandler                          
00004de9  PORT2_IRQHandler                          
00004de9  PORT2_IRQHandler                          
0000294b  PORT3_IRQHandler                          
0000294b  PORT4_IRQHandler                          
0000294b  PORT5_IRQHandler                          
0000294b  PORT6_IRQHandler                          
0000294b  PSS_IRQHandler                            
0000294b  PendSV_Handler                            
0000294b  RTC_C_IRQHandler                          
000051a9  Reset_Handler                             
0000294b  SVC_Handler                               
00004f19  SendData                                  
000051e5  SimpleLinkGeneralEventHandler             
000051b5  SimpleLinkHttpServerCallback              
00004b91  SimpleLinkNetAppEventHandler              
00005161  SimpleLinkSockEventHandler                
00004685  SimpleLinkWlanEventHandler                
20000340  SockIDRx                                  
20000342  SockIDTx                                  
0000501d  SysCtl_disableNMISource                   
00005035  SysCtl_enableNMISource                    
00005171  SysCtl_getNMISourceStatus                 
0000294b  SysTick_Handler                           
00002de1  SystemInit                                
0000294b  T32_INT1_IRQHandler                       
0000294b  T32_INT2_IRQHandler                       
0000294b  T32_INTC_IRQHandler                       
0000294b  TA0_0_IRQHandler                          
0000294b  TA0_N_IRQHandler                          
0000294b  TA1_0_IRQHandler                          
0000294b  TA1_N_IRQHandler                          
0000294b  TA2_0_IRQHandler                          
0000294b  TA2_N_IRQHandler                          
0000294b  TA3_0_IRQHandler                          
0000294b  TA3_N_IRQHandler                          
00004311  Timer_A_configureUpMode                   
00004885  Timer_A_initCompare                       
0000507d  Timer_A_startCounter                      
0000294b  UsageFault_Handler                        
4000480c  WDTCTL_SYM                                
0000294b  WDT_A_IRQHandler                          
00004f3d  WDT_A_clearTimer                          
00004f61  WDT_A_holdTimer                           
00005328  _SlActionLookupTable                      
00000719  _SlAsyncEventGenericHandler               
00005430  _SlDeviceGetCmdCtrl                       
000049b1  _SlDrvBasicCmd                            
00002305  _SlDrvClassifyRxMsg                       
00003429  _SlDrvCmdOp                               
000049f9  _SlDrvCmdSend                             
00001841  _SlDrvDataWriteOp                         
00004449  _SlDrvDeviceEventHandler                  
00003905  _SlDrvDriverCBDeinit                      
00002a49  _SlDrvDriverCBInit                        
00004a41  _SlDrvFlowContDeinit                      
00004a85  _SlDrvFlowContInit                        
000000e5  _SlDrvMsgRead                             
00002749  _SlDrvMsgReadCmdCtx                       
00002b39  _SlDrvMsgReadSpawnCtx                     
00001465  _SlDrvMsgWrite                            
0000284d  _SlDrvNetAppEventHandler                  
00004f85  _SlDrvObjDeInit                           
00003ff1  _SlDrvObjInit                             
00001055  _SlDrvReleasePoolObj                      
00000e41  _SlDrvRxHdrRead                           
000048d5  _SlDrvRxIrqHandler                        
00004b0d  _SlDrvShiftDWord                          
0000125d  _SlDrvWaitForPoolObj                      
00001a0d  _SlFindAndSetActiveObj                    
00005434  _SlNetAppSendTokenValueCmdCtrl            
00005438  _SlNetCfgSetCmdCtrl                       
00004161  _SlNonOsMainLoopTask                      
0000456f  _SlNonOsSemGet                            
0000504d  _SlNonOsSemSet                            
000047e1  _SlNonOsSpawn                             
0000543c  _SlPolicySetCmdCtrl                       
00005440  _SlProfileDelCmdCtrl                      
00005444  _SlRegisterServiceCtrl                    
000032ad  _SlRemoveFromList                         
00005448  _SlRxFilterSetCmdCtrl                     
0000544c  _SlSockSocketCmdCtrl                      
00005450  _SlStopCmdCtrl                            
00005454  _SlWlanCfgSetCmdCtrl                      
00005458  _SlWlanSetModeCmdCtrl                     
20010000  __STACK_END                               
00000200  __STACK_SIZE                              
00005488  __TI_CINIT_Base                           
00005498  __TI_CINIT_Limit                          
00005470  __TI_Handler_Table_Base                   
0000547c  __TI_Handler_Table_Limit                  
00004ac9  __TI_auto_init_nobinit_nopinit            
00004379  __TI_decompress_lzss                      
00005181  __TI_decompress_none                      
ffffffff  __TI_pprof_out_hndl                       
ffffffff  __TI_prof_data_size                       
ffffffff  __TI_prof_data_start                      
00000000  __TI_static_base__                        
000050cf  __TI_zero_init_nomemset                   
00004071  __aeabi_memclr                            
00004071  __aeabi_memclr4                           
00004071  __aeabi_memclr8                           
00003b99  __aeabi_memcpy                            
00003b99  __aeabi_memcpy4                           
00003b99  __aeabi_memcpy8                           
00004073  __aeabi_memset                            
00004073  __aeabi_memset4                           
00004073  __aeabi_memset8                           
ffffffff  __binit__                                 
ffffffff  __c_args__                                
UNDEFED   __mpu_init                                
2000fe00  __stack                                   
00004c81  _c_int00_noargs                           
00004835  _sl_BuildAddress                          
000046dd  _sl_GetStartResponseConvert               
00003c35  _sl_HandleAsync_Accept                    
00003651  _sl_HandleAsync_Connect                   
00003055  _sl_HandleAsync_DnsGetHostByName          
00002eb5  _sl_HandleAsync_DnsGetHostByService       
000034e1  _sl_HandleAsync_InitComplete              
0000311d  _sl_HandleAsync_PingResponse              
00003ccd  _sl_HandleAsync_Select                    
00003de1  _sl_HandleAsync_Stop                      
000031e5  _sl_TruncatePayloadByProtocol             
UNDEFED   _system_post_cinit                        
000051ef  _system_pre_init                          
000051f3  abort                                     
ffffffff  binit                                     
000053e8  compareConfig                             
2000050a  ctrl_info                                 
2000034c  gFirstCmdMode                             
00005404  g_H2NCnysPattern                          
0000540c  g_H2NSyncPattern                          
2000035c  g_StatMem                                 
20000330  g_Status                                  
200004c0  g__SlNonOsCB                              
20000344  g_pCB                                     
000051c1  getLocalIP                                
00002f89  initCC3100                                
00003af9  init_EnergyMeter                          
00000000  interruptVectors                          
0000294d  main                                      
00003b99  memcpy                                    
00004079  memset                                    
200004f8  meter_info                                
20000358  pIraEventHandler                          
20000348  pPingCallBackFunc                         
20000338  receivedAlready                           
00005065  registerInterruptHandler                  
20000334  retVal                                    
000039ad  sl_DevGet                                 
00004b4f  sl_Htonl                                  
00004c0d  sl_Htons                                  
00003599  sl_NetAppMDNSRegisterUnregisterService    
00004cb9  sl_NetAppMDNSUnRegisterService            
000043e1  sl_NetAppSendTokenValue                   
000041cd  sl_NetCfgSet                              
000021e5  sl_SendTo                                 
000045cd  sl_Socket                                 
00002531  sl_Start                                  
000020b9  sl_Stop                                   
00000bfd  sl_WlanConnect                            
000051cd  sl_WlanDisconnect                         
000044ad  sl_WlanPolicySet                          
00004e19  sl_WlanProfileDel                         
00004735  sl_WlanRxFilterSet                        
00004239  sl_WlanSet                                
00004e49  sl_WlanSetMode                            
000051d9  spi_Close                                 
00001f7d  spi_Open                                  
000040ed  spi_Read                                  
000042a5  spi_Write                                 
000050a9  strlen                                    
00004cef  strncpy                                   
20000000  test                                      
2000051c  transmit                                  
2000033c  transmitedAlready                         
000037b1  uartReceive                               
000053bc  upModeConfig                              


GLOBAL SYMBOLS: SORTED BY Symbol Address 

address   name                                      
-------   ----                                      
00000000  __TI_static_base__                        
00000000  interruptVectors                          
000000e5  _SlDrvMsgRead                             
00000200  __STACK_SIZE                              
00000719  _SlAsyncEventGenericHandler               
00000bfd  sl_WlanConnect                            
00000e41  _SlDrvRxHdrRead                           
00001055  _SlDrvReleasePoolObj                      
0000125d  _SlDrvWaitForPoolObj                      
00001465  _SlDrvMsgWrite                            
00001841  _SlDrvDataWriteOp                         
00001a0d  _SlFindAndSetActiveObj                    
00001f7d  spi_Open                                  
000020b9  sl_Stop                                   
000021e5  sl_SendTo                                 
00002305  _SlDrvClassifyRxMsg                       
0000241d  ADC14_IRQHandler                          
0000241d  ADC14_IRQHandler                          
00002531  sl_Start                                  
00002749  _SlDrvMsgReadCmdCtx                       
0000284d  _SlDrvNetAppEventHandler                  
0000294b  AES256_IRQHandler                         
0000294b  BusFault_Handler                          
0000294b  COMP_E0_IRQHandler                        
0000294b  COMP_E1_IRQHandler                        
0000294b  CS_IRQHandler                             
0000294b  DMA_ERR_IRQHandler                        
0000294b  DMA_INT0_IRQHandler                       
0000294b  DMA_INT1_IRQHandler                       
0000294b  DMA_INT2_IRQHandler                       
0000294b  DMA_INT3_IRQHandler                       
0000294b  DebugMon_Handler                          
0000294b  Default_Handler                           
0000294b  EUSCIA1_IRQHandler                        
0000294b  EUSCIA2_IRQHandler                        
0000294b  EUSCIA3_IRQHandler                        
0000294b  EUSCIB0_IRQHandler                        
0000294b  EUSCIB1_IRQHandler                        
0000294b  EUSCIB2_IRQHandler                        
0000294b  EUSCIB3_IRQHandler                        
0000294b  FLCTL_IRQHandler                          
0000294b  FPU_IRQHandler                            
0000294b  HardFault_Handler                         
0000294b  MemManage_Handler                         
0000294b  NMI_Handler                               
0000294b  PCM_IRQHandler                            
0000294b  PORT3_IRQHandler                          
0000294b  PORT4_IRQHandler                          
0000294b  PORT5_IRQHandler                          
0000294b  PORT6_IRQHandler                          
0000294b  PSS_IRQHandler                            
0000294b  PendSV_Handler                            
0000294b  RTC_C_IRQHandler                          
0000294b  SVC_Handler                               
0000294b  SysTick_Handler                           
0000294b  T32_INT1_IRQHandler                       
0000294b  T32_INT2_IRQHandler                       
0000294b  T32_INTC_IRQHandler                       
0000294b  TA0_0_IRQHandler                          
0000294b  TA0_N_IRQHandler                          
0000294b  TA1_0_IRQHandler                          
0000294b  TA1_N_IRQHandler                          
0000294b  TA2_0_IRQHandler                          
0000294b  TA2_N_IRQHandler                          
0000294b  TA3_0_IRQHandler                          
0000294b  TA3_N_IRQHandler                          
0000294b  UsageFault_Handler                        
0000294b  WDT_A_IRQHandler                          
0000294d  main                                      
00002a49  _SlDrvDriverCBInit                        
00002b39  _SlDrvMsgReadSpawnCtx                     
00002c21  CS_startHFXTWithTimeout                   
00002de1  SystemInit                                
00002eb5  _sl_HandleAsync_DnsGetHostByService       
00002f89  initCC3100                                
00003055  _sl_HandleAsync_DnsGetHostByName          
0000311d  _sl_HandleAsync_PingResponse              
000031e5  _sl_TruncatePayloadByProtocol             
000032ad  _SlRemoveFromList                         
00003429  _SlDrvCmdOp                               
000034e1  _sl_HandleAsync_InitComplete              
00003599  sl_NetAppMDNSRegisterUnregisterService    
00003651  _sl_HandleAsync_Connect                   
00003705  ClockSys_SetMaxFreq                       
000037b1  uartReceive                               
0000385d  ADC14_configureMultiSequenceMode          
00003905  _SlDrvDriverCBDeinit                      
000039ad  sl_DevGet                                 
00003a55  ADC14_configureConversionMemory           
00003af9  init_EnergyMeter                          
00003b99  __aeabi_memcpy                            
00003b99  __aeabi_memcpy4                           
00003b99  __aeabi_memcpy8                           
00003b99  memcpy                                    
00003c35  _sl_HandleAsync_Accept                    
00003ccd  _sl_HandleAsync_Select                    
00003d59  GPIO_setAsPeripheralModuleFunctionInputPin
00003de1  _sl_HandleAsync_Stop                      
00003ef1  Interrupt_disableInterrupt                
00003f71  Interrupt_enableInterrupt                 
00003ff1  _SlDrvObjInit                             
00004071  __aeabi_memclr                            
00004071  __aeabi_memclr4                           
00004071  __aeabi_memclr8                           
00004073  __aeabi_memset                            
00004073  __aeabi_memset4                           
00004073  __aeabi_memset8                           
00004079  memset                                    
000040eb  PORT1_IRQHandler                          
000040eb  PORT1_IRQHandler                          
000040ed  spi_Read                                  
00004161  _SlNonOsMainLoopTask                      
000041cd  sl_NetCfgSet                              
00004239  sl_WlanSet                                
000042a5  spi_Write                                 
00004311  Timer_A_configureUpMode                   
00004379  __TI_decompress_lzss                      
000043e1  sl_NetAppSendTokenValue                   
00004449  _SlDrvDeviceEventHandler                  
000044ad  sl_WlanPolicySet                          
00004511  PCM_getCoreVoltageLevel                   
0000456f  _SlNonOsSemGet                            
000045cd  sl_Socket                                 
00004629  PCM_getPowerMode                          
00004685  SimpleLinkWlanEventHandler                
000046dd  _sl_GetStartResponseConvert               
00004735  sl_WlanRxFilterSet                        
0000478d  ADC14_initModule                          
000047e1  _SlNonOsSpawn                             
00004835  _sl_BuildAddress                          
00004885  Timer_A_initCompare                       
000048d5  _SlDrvRxIrqHandler                        
00004921  ADC14_setSampleHoldTrigger                
00004969  CC3100_InterruptEnable                    
000049b1  _SlDrvBasicCmd                            
000049f9  _SlDrvCmdSend                             
00004a41  _SlDrvFlowContDeinit                      
00004a85  _SlDrvFlowContInit                        
00004ac9  __TI_auto_init_nobinit_nopinit            
00004b0d  _SlDrvShiftDWord                          
00004b4f  sl_Htonl                                  
00004b91  SimpleLinkNetAppEventHandler              
00004bd1  CopyPingResultsToReport                   
00004c0d  sl_Htons                                  
00004c49  ADC14_getEnabledInterruptStatus           
00004c81  _c_int00_noargs                           
00004cb9  sl_NetAppMDNSUnRegisterService            
00004cef  strncpy                                   
00004d25  ADC14_enableSampleTimer                   
00004d59  ADC14_clearInterruptFlag                  
00004d89  ADC14_enableInterrupt                     
00004db9  CC3100_InterruptDisable                   
00004de9  PORT2_IRQHandler                          
00004de9  PORT2_IRQHandler                          
00004e19  sl_WlanProfileDel                         
00004e49  sl_WlanSetMode                            
00004e79  ADC14_getInterruptStatus                  
00004ea5  ADC14_enableConversion                    
00004ecd  Delay                                     
00004ef5  EUSCIA0_IRQHandler                        
00004ef5  EUSCIA0_IRQHandler                        
00004f19  SendData                                  
00004f3d  WDT_A_clearTimer                          
00004f61  WDT_A_holdTimer                           
00004f85  _SlDrvObjDeInit                           
00004fa9  ADC14_setResolution                       
00004fc9  CS_setExternalClockSourceFrequency        
00004fe9  ADC14_getResult                           
00005005  FPU_enableModule                          
0000501d  SysCtl_disableNMISource                   
00005035  SysCtl_enableNMISource                    
0000504d  _SlNonOsSemSet                            
00005065  registerInterruptHandler                  
0000507d  Timer_A_startCounter                      
00005095  PCM_getPowerState                         
000050a9  strlen                                    
000050bd  CS_startHFXT                              
000050cf  __TI_zero_init_nomemset                   
000050e1  ADC14_disableConversion                   
00005101  CC3100_disable                            
00005111  CC3100_enable                             
00005121  FPU_enableLazyStacking                    
00005131  Interrupt_enableMaster                    
00005141  PCM_setCoreVoltageLevel                   
00005151  PCM_setPowerMode                          
00005161  SimpleLinkSockEventHandler                
00005171  SysCtl_getNMISourceStatus                 
00005181  __TI_decompress_none                      
00005191  ADC14_enableModule                        
0000519d  CPU_cpsie                                 
000051a9  Reset_Handler                             
000051b5  SimpleLinkHttpServerCallback              
000051c1  getLocalIP                                
000051cd  sl_WlanDisconnect                         
000051d9  spi_Close                                 
000051e5  SimpleLinkGeneralEventHandler             
000051ef  _system_pre_init                          
000051f3  C$$EXIT                                   
000051f3  abort                                     
00005328  _SlActionLookupTable                      
000053bc  upModeConfig                              
000053e8  compareConfig                             
00005404  g_H2NCnysPattern                          
0000540c  g_H2NSyncPattern                          
00005430  _SlDeviceGetCmdCtrl                       
00005434  _SlNetAppSendTokenValueCmdCtrl            
00005438  _SlNetCfgSetCmdCtrl                       
0000543c  _SlPolicySetCmdCtrl                       
00005440  _SlProfileDelCmdCtrl                      
00005444  _SlRegisterServiceCtrl                    
00005448  _SlRxFilterSetCmdCtrl                     
0000544c  _SlSockSocketCmdCtrl                      
00005450  _SlStopCmdCtrl                            
00005454  _SlWlanCfgSetCmdCtrl                      
00005458  _SlWlanSetModeCmdCtrl                     
00005470  __TI_Handler_Table_Base                   
0000547c  __TI_Handler_Table_Limit                  
00005488  __TI_CINIT_Base                           
00005498  __TI_CINIT_Limit                          
20000000  test                                      
20000330  g_Status                                  
20000334  retVal                                    
20000338  receivedAlready                           
2000033c  transmitedAlready                         
20000340  SockIDRx                                  
20000342  SockIDTx                                  
20000344  g_pCB                                     
20000348  pPingCallBackFunc                         
2000034c  gFirstCmdMode                             
20000358  pIraEventHandler                          
2000035c  g_StatMem                                 
200004c0  g__SlNonOsCB                              
200004f8  meter_info                                
2000050a  ctrl_info                                 
20000518  METER_IP                                  
2000051c  transmit                                  
2000fe00  __stack                                   
20010000  __STACK_END                               
4000480c  WDTCTL_SYM                                
ffffffff  __TI_pprof_out_hndl                       
ffffffff  __TI_prof_data_size                       
ffffffff  __TI_prof_data_start                      
ffffffff  __binit__                                 
ffffffff  __c_args__                                
ffffffff  binit                                     
UNDEFED   __mpu_init                                
UNDEFED   _system_post_cinit                        

[247 symbols]
