******************************************************************************
                  TI ARM Linker PC v18.1.5                     
******************************************************************************
>> Linked Wed Mar  6 18:25:17 2019

OUTPUT FILE NAME:   <meter.out>
ENTRY POINT SYMBOL: "_c_int00_noargs"  address: 00004301


MEMORY CONFIGURATION

         name            origin    length      used     unused   attr    fill
----------------------  --------  ---------  --------  --------  ----  --------
  MAIN                  00000000   00040000  00004894  0003b76c  R  X
  INFO                  00200000   00004000  00000000  00004000  R  X
  SRAM_CODE             01000000   00010000  000003c8  0000fc38  RW X
  SRAM_DATA             20000000   00010000  000003c8  0000fc38  RW  


SEGMENT ALLOCATION MAP

run origin  load origin   length   init length attrs members
----------  ----------- ---------- ----------- ----- -------
00000000    00000000    00004898   00004898    r-x
  00000000    00000000    000000e4   000000e4    r-- .intvecs
  000000e4    000000e4    00004604   00004604    r-x .text
  000046e8    000046e8    0000017c   0000017c    r-- .const
  00004868    00004868    00000030   00000030    r-- .cinit
20000000    20000000    000001c8   00000000    rw-
  20000000    20000000    000001a4   00000000    rw- .bss
  200001a4    200001a4    00000024   00000000    rw- .data
2000fe00    2000fe00    00000200   00000000    rw-
  2000fe00    2000fe00    00000200   00000000    rw- .stack


SECTION ALLOCATION MAP

 output                                  attributes/
section   page    origin      length       input sections
--------  ----  ----------  ----------   ----------------
.intvecs   0    00000000    000000e4     
                  00000000    000000e4     startup_msp432p401r_ccs.obj (.intvecs:retain)

.text      0    000000e4    00004604     
                  000000e4    00000634     driver.obj (.text:_SlDrvMsgRead)
                  00000718    000004e4     driver.obj (.text:_SlAsyncEventGenericHandler)
                  00000bfc    00000244     wlan.obj (.text:sl_WlanConnect)
                  00000e40    00000214     driver.obj (.text:_SlDrvRxHdrRead)
                  00001054    00000208     driver.obj (.text:_SlDrvReleasePoolObj)
                  0000125c    00000208     driver.obj (.text:_SlDrvWaitForPoolObj)
                  00001464    000001f8     driver.obj (.text:_SlDrvMsgWrite)
                  0000165c    000001e4     cc3100_usage.obj (.text:configureSimpleLinkToDefaultState)
                  00001840    000001cc     driver.obj (.text:_SlDrvDataWriteOp)
                  00001a0c    00000170     driver.obj (.text:_SlFindAndSetActiveObj)
                  00001b7c    0000015c     pcm.obj (.text:__PCM_setPowerModeAdvanced)
                  00001cd8    0000013c     spi_cc3100.obj (.text:spi_Open)
                  00001e14    0000012c     device.obj (.text:sl_Stop)
                  00001f40    00000120     socket.obj (.text:sl_SendTo)
                  00002060    00000118     driver.obj (.text:_SlDrvClassifyRxMsg)
                  00002178    00000110     device.obj (.text:sl_Start)
                  00002288    00000108     pcm.obj (.text:__PCM_setCoreVoltageLevelAdvanced)
                  00002390    00000104     driver.obj (.text:_SlDrvMsgReadCmdCtx)
                  00002494    000000fe     netapp.obj (.text:_SlDrvNetAppEventHandler)
                  00002592    00000002     startup_msp432p401r_ccs.obj (.text:Default_Handler)
                  00002594    000000f0     driver.obj (.text:_SlDrvDriverCBInit)
                  00002684    000000e8     driver.obj (.text:_SlDrvMsgReadSpawnCtx)
                  0000276c    000000e4     cs.obj (.text:CS_startHFXTWithTimeout)
                  00002850    000000dc     cs.obj (.text:_CSGetHFXTFrequency)
                  0000292c    000000d4     system_msp432p401r.obj (.text:SystemInit)
                  00002a00    000000d4     netapp.obj (.text:_sl_HandleAsync_DnsGetHostByService)
                  00002ad4    000000cc     cc3100_usage.obj (.text:initCC3100)
                  00002ba0    000000c8     netapp.obj (.text:_sl_HandleAsync_DnsGetHostByName)
                  00002c68    000000c8     netapp.obj (.text:_sl_HandleAsync_PingResponse)
                  00002d30    000000c8     socket.obj (.text:_sl_TruncatePayloadByProtocol)
                  00002df8    000000c4     driver.obj (.text:_SlRemoveFromList)
                  00002ebc    000000b8     cc3100_usage.obj (.text:BsdUdpClient)
                  00002f74    000000b8     driver.obj (.text:_SlDrvCmdOp)
                  0000302c    000000b8     device.obj (.text:_sl_HandleAsync_InitComplete)
                  000030e4    000000b8     netapp.obj (.text:sl_NetAppMDNSRegisterUnregisterService)
                  0000319c    000000b4     socket.obj (.text:_sl_HandleAsync_Connect)
                  00003250    000000ac     ClockSys.obj (.text:ClockSys_SetMaxFreq)
                  000032fc    000000a8     driver.obj (.text:_SlDrvDriverCBDeinit)
                  000033a4    000000a8     main.obj (.text:main)
                  0000344c    000000a8     device.obj (.text:sl_DevGet)
                  000034f4    0000009c     rtsv7M4_T_le_v4SPD16_eabi.lib : memcpy_t2.asm.obj (.text)
                  00003590    00000098     socket.obj (.text:_sl_HandleAsync_Accept)
                  00003628    0000008c     socket.obj (.text:_sl_HandleAsync_Select)
                  000036b4    00000088     device.obj (.text:_sl_HandleAsync_Stop)
                  0000373c    00000088     cc3100_usage.obj (.text:establishConnectionWithAP)
                  000037c4    00000080     driver.obj (.text:_SlDrvObjInit)
                  00003844    0000007a     rtsv7M4_T_le_v4SPD16_eabi.lib : memset_t2.asm.obj (.text)
                  000038be    00000002     board.obj (.text:EUSCIA0_IRQHandler)
                  000038c0    00000074     spi_cc3100.obj (.text:spi_Read)
                  00003934    0000006c     nonos.obj (.text:_SlNonOsMainLoopTask)
                  000039a0    0000006c     netcfg.obj (.text:sl_NetCfgSet)
                  00003a0c    0000006c     wlan.obj (.text:sl_WlanSet)
                  00003a78    0000006c     spi_cc3100.obj (.text:spi_Write)
                  00003ae4    00000068     rtsv7M4_T_le_v4SPD16_eabi.lib : copy_decompress_lzss.c.obj (.text:decompress:lzss:__TI_decompress_lzss)
                  00003b4c    00000068     netapp.obj (.text:sl_NetAppSendTokenValue)
                  00003bb4    00000064     device.obj (.text:_SlDrvDeviceEventHandler)
                  00003c18    00000064     wlan.obj (.text:sl_WlanPolicySet)
                  00003c7c    0000005e     pcm.obj (.text:PCM_getCoreVoltageLevel)
                  00003cda    0000005c     nonos.obj (.text:_SlNonOsSemGet)
                  00003d36    00000002     board.obj (.text:PORT1_IRQHandler)
                  00003d38    0000005c     socket.obj (.text:sl_Socket)
                  00003d94    0000005a     pcm.obj (.text:PCM_getPowerMode)
                  00003dee    00000002     --HOLE-- [fill = 0]
                  00003df0    00000058     cc3100_usage.obj (.text:SimpleLinkWlanEventHandler)
                  00003e48    00000058     device.obj (.text:_sl_GetStartResponseConvert)
                  00003ea0    00000058     wlan.obj (.text:sl_WlanRxFilterSet)
                  00003ef8    00000054     nonos.obj (.text:_SlNonOsSpawn)
                  00003f4c    00000050     socket.obj (.text:_sl_BuildAddress)
                  00003f9c    0000004c     driver.obj (.text:_SlDrvRxIrqHandler)
                  00003fe8    00000048     board.obj (.text:CC3100_InterruptEnable)
                  00004030    00000048     driver.obj (.text:_SlDrvBasicCmd)
                  00004078    00000048     driver.obj (.text:_SlDrvCmdSend)
                  000040c0    00000044     flowcont.obj (.text:_SlDrvFlowContDeinit)
                  00004104    00000044     flowcont.obj (.text:_SlDrvFlowContInit)
                  00004148    00000044     rtsv7M4_T_le_v4SPD16_eabi.lib : autoinit.c.obj (.text:__TI_auto_init_nobinit_nopinit:__TI_auto_init_nobinit_nopinit)
                  0000418c    00000042     driver.obj (.text:_SlDrvShiftDWord)
                  000041ce    00000042     socket.obj (.text:sl_Htonl)
                  00004210    00000040     cc3100_usage.obj (.text:SimpleLinkNetAppEventHandler)
                  00004250    0000003c     netapp.obj (.text:CopyPingResultsToReport)
                  0000428c    0000003c     socket.obj (.text:sl_Htons)
                  000042c8    00000038     adc14.obj (.text:ADC14_getEnabledInterruptStatus)
                  00004300    00000038     rtsv7M4_T_le_v4SPD16_eabi.lib : boot_cortex_m.c.obj (.text:_c_int00_noargs:_c_int00_noargs)
                  00004338    00000036     netapp.obj (.text:sl_NetAppMDNSUnRegisterService)
                  0000436e    00000002     --HOLE-- [fill = 0]
                  00004370    00000030     adc14.obj (.text:ADC14_clearInterruptFlag)
                  000043a0    00000030     board.obj (.text:CC3100_InterruptDisable)
                  000043d0    00000030     board.obj (.text:PORT2_IRQHandler)
                  00004400    00000030     wlan.obj (.text:sl_WlanProfileDel)
                  00004430    00000030     wlan.obj (.text:sl_WlanSetMode)
                  00004460    0000002c     adc14.obj (.text:ADC14_getInterruptStatus)
                  0000448c    00000028     board.obj (.text:Delay)
                  000044b4    00000026     main.obj (.text:ADC14_IRQHandler)
                  000044da    00000002     --HOLE-- [fill = 0]
                  000044dc    00000024     cc3100_usage.obj (.text:SendData)
                  00004500    00000024     wdt_a.obj (.text:WDT_A_clearTimer)
                  00004524    00000024     wdt_a.obj (.text:WDT_A_holdTimer)
                  00004548    00000024     driver.obj (.text:_SlDrvObjDeInit)
                  0000456c    00000020     cs.obj (.text:CS_setExternalClockSourceFrequency)
                  0000458c    00000018     sysctl.obj (.text:SysCtl_disableNMISource)
                  000045a4    00000018     sysctl.obj (.text:SysCtl_enableNMISource)
                  000045bc    00000018     nonos.obj (.text:_SlNonOsSemSet)
                  000045d4    00000018     board.obj (.text:registerInterruptHandler)
                  000045ec    00000014     pcm.obj (.text:PCM_getPowerState)
                  00004600    00000014     rtsv7M4_T_le_v4SPD16_eabi.lib : strlen.c.obj (.text:strlen)
                  00004614    00000012     cs.obj (.text:CS_startHFXT)
                  00004626    00000012     rtsv7M4_T_le_v4SPD16_eabi.lib : copy_zero_init.c.obj (.text:decompress:ZI:__TI_zero_init_nomemset:__TI_zero_init_nomemset)
                  00004638    00000010     board.obj (.text:CC3100_disable)
                  00004648    00000010     board.obj (.text:CC3100_enable)
                  00004658    00000010     pcm.obj (.text:PCM_setCoreVoltageLevel)
                  00004668    00000010     pcm.obj (.text:PCM_setPowerMode)
                  00004678    00000010     cc3100_usage.obj (.text:SimpleLinkSockEventHandler)
                  00004688    00000010     sysctl.obj (.text:SysCtl_getNMISourceStatus)
                  00004698    0000000e     rtsv7M4_T_le_v4SPD16_eabi.lib : copy_decompress_none.c.obj (.text:decompress:none:__TI_decompress_none)
                  000046a6    0000000c     startup_msp432p401r_ccs.obj (.text:Reset_Handler)
                  000046b2    0000000c     cc3100_usage.obj (.text:SimpleLinkHttpServerCallback)
                  000046be    0000000c     wlan.obj (.text:sl_WlanDisconnect)
                  000046ca    0000000c     spi_cc3100.obj (.text:spi_Close)
                  000046d6    0000000a     cc3100_usage.obj (.text:SimpleLinkGeneralEventHandler)
                  000046e0    00000004     rtsv7M4_T_le_v4SPD16_eabi.lib : pre_init.c.obj (.text:_system_pre_init)
                  000046e4    00000004                                   : exit.c.obj (.text:abort:abort)

.const     0    000046e8    0000017c     
                  000046e8    000000b0     wlan.obj (.const:$P$T0$1)
                  00004798    00000038     driver.obj (.const:_SlActionLookupTable)
                  000047d0    0000002c     cc3100_usage.obj (.const:$P$T0$1)
                  000047fc    00000014     cc3100_usage.obj (.const:$P$T1$2)
                  00004810    0000000c     cc3100_usage.obj (.const:$P$T2$3)
                  0000481c    00000008     driver.obj (.const:g_H2NCnysPattern)
                  00004824    00000008     driver.obj (.const:g_H2NSyncPattern)
                  0000482c    00000004     driver.obj (.const:$P$T0$1)
                  00004830    00000004     socket.obj (.const:$P$T1$2)
                  00004834    00000004     wlan.obj (.const:$P$T1$2)
                  00004838    00000004     device.obj (.const:_SlDeviceGetCmdCtrl)
                  0000483c    00000004     netapp.obj (.const:_SlNetAppSendTokenValueCmdCtrl)
                  00004840    00000004     netcfg.obj (.const:_SlNetCfgSetCmdCtrl)
                  00004844    00000004     wlan.obj (.const:_SlPolicySetCmdCtrl)
                  00004848    00000004     wlan.obj (.const:_SlProfileDelCmdCtrl)
                  0000484c    00000004     netapp.obj (.const:_SlRegisterServiceCtrl)
                  00004850    00000004     wlan.obj (.const:_SlRxFilterSetCmdCtrl)
                  00004854    00000004     socket.obj (.const:_SlSockSocketCmdCtrl)
                  00004858    00000004     device.obj (.const:_SlStopCmdCtrl)
                  0000485c    00000004     wlan.obj (.const:_SlWlanCfgSetCmdCtrl)
                  00004860    00000004     wlan.obj (.const:_SlWlanSetModeCmdCtrl)

.cinit     0    00004868    00000030     
                  00004868    0000000c     (.cinit..data.load) [load image, compression = lzss]
                  00004874    0000000c     (__TI_handler_table)
                  00004880    00000008     (.cinit..bss.load) [load image, compression = zero_init]
                  00004888    00000010     (__TI_cinit_table)

.init_array 
*          0    00000000    00000000     UNINITIALIZED

.binit     0    00000000    00000000     

.bss       0    20000000    000001a4     UNINITIALIZED
                  20000000    00000164     (.common:g_StatMem)
                  20000164    00000028     (.common:g__SlNonOsCB)
                  2000018c    0000000a     (.common:meter_info)
                  20000196    00000002     (.common:ctrl_info)
                  20000198    00000008     cs.obj (.bss)
                  200001a0    00000004     cc3100_usage.obj (.bss)

.data      0    200001a4    00000024     UNINITIALIZED
                  200001a4    00000014     cc3100_usage.obj (.data)
                  200001b8    00000009     driver.obj (.data)
                  200001c1    00000003     --HOLE--
                  200001c4    00000004     board.obj (.data)

.stack     0    2000fe00    00000200     UNINITIALIZED
                  2000fe00    00000004     rtsv7M4_T_le_v4SPD16_eabi.lib : boot_cortex_m.c.obj (.stack)
                  2000fe04    000001fc     --HOLE--

MODULE SUMMARY

       Module                        code    ro data   rw data
       ------                        ----    -------   -------
    .\
       pcm.obj                       848     0         0      
       cs.obj                        498     0         16     
       main.obj                      206     0         24     
       system_msp432p401r.obj        212     0         0      
       ClockSys.obj                  172     0         0      
       adc14.obj                     148     0         0      
       wdt_a.obj                     72      0         0      
       sysctl.obj                    64      0         0      
    +--+-----------------------------+-------+---------+---------+
       Total:                        2220    0         40     
                                                              
    .\WiFi\
       driver.obj                    7754    76        730    
       cc3100_usage.obj              1234    76        48     
       netapp.obj                    1268    8         0      
       socket.obj                    1258    8         0      
       device.obj                    1248    8         0      
       wlan.obj                      984     200       0      
       spi_cc3100.obj                552     0         0      
       nonos.obj                     308     0         80     
       board.obj                     268     0         8      
       flowcont.obj                  136     0         0      
       netcfg.obj                    108     4         0      
    +--+-----------------------------+-------+---------+---------+
       Total:                        15118   380       866    
                                                              
    .\ccs\
       startup_msp432p401r_ccs.obj   14      228       0      
    +--+-----------------------------+-------+---------+---------+
       Total:                        14      228       0      
                                                              
    C:\ti\ccsv8\tools\compiler\ti-cgt-arm_18.1.5.LTS\lib\rtsv7M4_T_le_v4SPD16_eabi.lib
       memcpy_t2.asm.obj             156     0         0      
       memset_t2.asm.obj             122     0         0      
       copy_decompress_lzss.c.obj    104     0         0      
       autoinit.c.obj                68      0         0      
       boot_cortex_m.c.obj           56      0         0      
       strlen.c.obj                  20      0         0      
       copy_zero_init.c.obj          18      0         0      
       copy_decompress_none.c.obj    14      0         0      
       exit.c.obj                    4       0         0      
       pre_init.c.obj                4       0         0      
    +--+-----------------------------+-------+---------+---------+
       Total:                        566     0         0      
                                                              
       Stack:                        0       0         1024   
       Linker Generated:             0       48        0      
    +--+-----------------------------+-------+---------+---------+
       Grand Total:                  17918   656       1930   


LINKER GENERATED COPY TABLES

__TI_cinit_table @ 00004888 records: 2, size/record: 8, table size: 16
	.data: load addr=00004868, load size=0000000c bytes, run addr=200001a4, run size=00000024 bytes, compression=lzss
	.bss: load addr=00004880, load size=00000008 bytes, run addr=20000000, run size=000001a4 bytes, compression=zero_init


LINKER GENERATED HANDLER TABLE

__TI_handler_table @ 00004874 records: 3, size/record: 4, table size: 12
	index: 0, handler: __TI_decompress_lzss
	index: 1, handler: __TI_decompress_none
	index: 2, handler: __TI_zero_init


GLOBAL SYMBOLS: SORTED ALPHABETICALLY BY Name 

address   name                                  
-------   ----                                  
000044b5  ADC14_IRQHandler                      
000044b5  ADC14_IRQHandler                      
00004371  ADC14_clearInterruptFlag              
000042c9  ADC14_getEnabledInterruptStatus       
00004461  ADC14_getInterruptStatus              
00002593  AES256_IRQHandler                     
00002593  BusFault_Handler                      
000046e5  C$$EXIT                               
000043a1  CC3100_InterruptDisable               
00003fe9  CC3100_InterruptEnable                
00004639  CC3100_disable                        
00004649  CC3100_enable                         
00002593  COMP_E0_IRQHandler                    
00002593  COMP_E1_IRQHandler                    
00002593  CS_IRQHandler                         
0000456d  CS_setExternalClockSourceFrequency    
00004615  CS_startHFXT                          
0000276d  CS_startHFXTWithTimeout               
00003251  ClockSys_SetMaxFreq                   
00004251  CopyPingResultsToReport               
00002593  DMA_ERR_IRQHandler                    
00002593  DMA_INT0_IRQHandler                   
00002593  DMA_INT1_IRQHandler                   
00002593  DMA_INT2_IRQHandler                   
00002593  DMA_INT3_IRQHandler                   
00002593  DebugMon_Handler                      
00002593  Default_Handler                       
0000448d  Delay                                 
000038bf  EUSCIA0_IRQHandler                    
000038bf  EUSCIA0_IRQHandler                    
00002593  EUSCIA1_IRQHandler                    
00002593  EUSCIA2_IRQHandler                    
00002593  EUSCIA3_IRQHandler                    
00002593  EUSCIB0_IRQHandler                    
00002593  EUSCIB1_IRQHandler                    
00002593  EUSCIB2_IRQHandler                    
00002593  EUSCIB3_IRQHandler                    
00002593  FLCTL_IRQHandler                      
00002593  FPU_IRQHandler                        
00002593  HardFault_Handler                     
00002593  MemManage_Handler                     
00002593  NMI_Handler                           
00002593  PCM_IRQHandler                        
00003c7d  PCM_getCoreVoltageLevel               
00003d95  PCM_getPowerMode                      
000045ed  PCM_getPowerState                     
00004659  PCM_setCoreVoltageLevel               
00004669  PCM_setPowerMode                      
00003d37  PORT1_IRQHandler                      
00003d37  PORT1_IRQHandler                      
000043d1  PORT2_IRQHandler                      
000043d1  PORT2_IRQHandler                      
00002593  PORT3_IRQHandler                      
00002593  PORT4_IRQHandler                      
00002593  PORT5_IRQHandler                      
00002593  PORT6_IRQHandler                      
00002593  PSS_IRQHandler                        
00002593  PendSV_Handler                        
00002593  RTC_C_IRQHandler                      
000046a7  Reset_Handler                         
00002593  SVC_Handler                           
000044dd  SendData                              
000046d7  SimpleLinkGeneralEventHandler         
000046b3  SimpleLinkHttpServerCallback          
00004211  SimpleLinkNetAppEventHandler          
00004679  SimpleLinkSockEventHandler            
00003df1  SimpleLinkWlanEventHandler            
200001b4  SockIDRx                              
200001b6  SockIDTx                              
0000458d  SysCtl_disableNMISource               
000045a5  SysCtl_enableNMISource                
00004689  SysCtl_getNMISourceStatus             
00002593  SysTick_Handler                       
0000292d  SystemInit                            
00002593  T32_INT1_IRQHandler                   
00002593  T32_INT2_IRQHandler                   
00002593  T32_INTC_IRQHandler                   
00002593  TA0_0_IRQHandler                      
00002593  TA0_N_IRQHandler                      
00002593  TA1_0_IRQHandler                      
00002593  TA1_N_IRQHandler                      
00002593  TA2_0_IRQHandler                      
00002593  TA2_N_IRQHandler                      
00002593  TA3_0_IRQHandler                      
00002593  TA3_N_IRQHandler                      
00002593  UsageFault_Handler                    
4000480c  WDTCTL_SYM                            
00002593  WDT_A_IRQHandler                      
00004501  WDT_A_clearTimer                      
00004525  WDT_A_holdTimer                       
00004798  _SlActionLookupTable                  
00000719  _SlAsyncEventGenericHandler           
00004838  _SlDeviceGetCmdCtrl                   
00004031  _SlDrvBasicCmd                        
00002061  _SlDrvClassifyRxMsg                   
00002f75  _SlDrvCmdOp                           
00004079  _SlDrvCmdSend                         
00001841  _SlDrvDataWriteOp                     
00003bb5  _SlDrvDeviceEventHandler              
000032fd  _SlDrvDriverCBDeinit                  
00002595  _SlDrvDriverCBInit                    
000040c1  _SlDrvFlowContDeinit                  
00004105  _SlDrvFlowContInit                    
000000e5  _SlDrvMsgRead                         
00002391  _SlDrvMsgReadCmdCtx                   
00002685  _SlDrvMsgReadSpawnCtx                 
00001465  _SlDrvMsgWrite                        
00002495  _SlDrvNetAppEventHandler              
00004549  _SlDrvObjDeInit                       
000037c5  _SlDrvObjInit                         
00001055  _SlDrvReleasePoolObj                  
00000e41  _SlDrvRxHdrRead                       
00003f9d  _SlDrvRxIrqHandler                    
0000418d  _SlDrvShiftDWord                      
0000125d  _SlDrvWaitForPoolObj                  
00001a0d  _SlFindAndSetActiveObj                
0000483c  _SlNetAppSendTokenValueCmdCtrl        
00004840  _SlNetCfgSetCmdCtrl                   
00003935  _SlNonOsMainLoopTask                  
00003cdb  _SlNonOsSemGet                        
000045bd  _SlNonOsSemSet                        
00003ef9  _SlNonOsSpawn                         
00004844  _SlPolicySetCmdCtrl                   
00004848  _SlProfileDelCmdCtrl                  
0000484c  _SlRegisterServiceCtrl                
00002df9  _SlRemoveFromList                     
00004850  _SlRxFilterSetCmdCtrl                 
00004854  _SlSockSocketCmdCtrl                  
00004858  _SlStopCmdCtrl                        
0000485c  _SlWlanCfgSetCmdCtrl                  
00004860  _SlWlanSetModeCmdCtrl                 
20010000  __STACK_END                           
00000200  __STACK_SIZE                          
00004888  __TI_CINIT_Base                       
00004898  __TI_CINIT_Limit                      
00004874  __TI_Handler_Table_Base               
00004880  __TI_Handler_Table_Limit              
00004149  __TI_auto_init_nobinit_nopinit        
00003ae5  __TI_decompress_lzss                  
00004699  __TI_decompress_none                  
ffffffff  __TI_pprof_out_hndl                   
ffffffff  __TI_prof_data_size                   
ffffffff  __TI_prof_data_start                  
00000000  __TI_static_base__                    
00004627  __TI_zero_init_nomemset               
00003845  __aeabi_memclr                        
00003845  __aeabi_memclr4                       
00003845  __aeabi_memclr8                       
000034f5  __aeabi_memcpy                        
000034f5  __aeabi_memcpy4                       
000034f5  __aeabi_memcpy8                       
00003847  __aeabi_memset                        
00003847  __aeabi_memset4                       
00003847  __aeabi_memset8                       
ffffffff  __binit__                             
ffffffff  __c_args__                            
UNDEFED   __mpu_init                            
2000fe00  __stack                               
00004301  _c_int00_noargs                       
00003f4d  _sl_BuildAddress                      
00003e49  _sl_GetStartResponseConvert           
00003591  _sl_HandleAsync_Accept                
0000319d  _sl_HandleAsync_Connect               
00002ba1  _sl_HandleAsync_DnsGetHostByName      
00002a01  _sl_HandleAsync_DnsGetHostByService   
0000302d  _sl_HandleAsync_InitComplete          
00002c69  _sl_HandleAsync_PingResponse          
00003629  _sl_HandleAsync_Select                
000036b5  _sl_HandleAsync_Stop                  
00002d31  _sl_TruncatePayloadByProtocol         
UNDEFED   _system_post_cinit                    
000046e1  _system_pre_init                      
000046e5  abort                                 
ffffffff  binit                                 
20000196  ctrl_info                             
200001c0  gFirstCmdMode                         
0000481c  g_H2NCnysPattern                      
00004824  g_H2NSyncPattern                      
20000000  g_StatMem                             
200001a4  g_Status                              
20000164  g__SlNonOsCB                          
200001b8  g_pCB                                 
00002ad5  initCC3100                            
00000000  interruptVectors                      
000033a5  main                                  
000034f5  memcpy                                
0000384d  memset                                
2000018c  meter_info                            
200001c4  pIraEventHandler                      
200001bc  pPingCallBackFunc                     
200001ac  receivedAlready                       
000045d5  registerInterruptHandler              
200001a8  retVal                                
0000344d  sl_DevGet                             
000041cf  sl_Htonl                              
0000428d  sl_Htons                              
000030e5  sl_NetAppMDNSRegisterUnregisterService
00004339  sl_NetAppMDNSUnRegisterService        
00003b4d  sl_NetAppSendTokenValue               
000039a1  sl_NetCfgSet                          
00001f41  sl_SendTo                             
00003d39  sl_Socket                             
00002179  sl_Start                              
00001e15  sl_Stop                               
00000bfd  sl_WlanConnect                        
000046bf  sl_WlanDisconnect                     
00003c19  sl_WlanPolicySet                      
00004401  sl_WlanProfileDel                     
00003ea1  sl_WlanRxFilterSet                    
00003a0d  sl_WlanSet                            
00004431  sl_WlanSetMode                        
000046cb  spi_Close                             
00001cd9  spi_Open                              
000038c1  spi_Read                              
00003a79  spi_Write                             
00004601  strlen                                
200001b0  transmitedAlready                     


GLOBAL SYMBOLS: SORTED BY Symbol Address 

address   name                                  
-------   ----                                  
00000000  __TI_static_base__                    
00000000  interruptVectors                      
000000e5  _SlDrvMsgRead                         
00000200  __STACK_SIZE                          
00000719  _SlAsyncEventGenericHandler           
00000bfd  sl_WlanConnect                        
00000e41  _SlDrvRxHdrRead                       
00001055  _SlDrvReleasePoolObj                  
0000125d  _SlDrvWaitForPoolObj                  
00001465  _SlDrvMsgWrite                        
00001841  _SlDrvDataWriteOp                     
00001a0d  _SlFindAndSetActiveObj                
00001cd9  spi_Open                              
00001e15  sl_Stop                               
00001f41  sl_SendTo                             
00002061  _SlDrvClassifyRxMsg                   
00002179  sl_Start                              
00002391  _SlDrvMsgReadCmdCtx                   
00002495  _SlDrvNetAppEventHandler              
00002593  AES256_IRQHandler                     
00002593  BusFault_Handler                      
00002593  COMP_E0_IRQHandler                    
00002593  COMP_E1_IRQHandler                    
00002593  CS_IRQHandler                         
00002593  DMA_ERR_IRQHandler                    
00002593  DMA_INT0_IRQHandler                   
00002593  DMA_INT1_IRQHandler                   
00002593  DMA_INT2_IRQHandler                   
00002593  DMA_INT3_IRQHandler                   
00002593  DebugMon_Handler                      
00002593  Default_Handler                       
00002593  EUSCIA1_IRQHandler                    
00002593  EUSCIA2_IRQHandler                    
00002593  EUSCIA3_IRQHandler                    
00002593  EUSCIB0_IRQHandler                    
00002593  EUSCIB1_IRQHandler                    
00002593  EUSCIB2_IRQHandler                    
00002593  EUSCIB3_IRQHandler                    
00002593  FLCTL_IRQHandler                      
00002593  FPU_IRQHandler                        
00002593  HardFault_Handler                     
00002593  MemManage_Handler                     
00002593  NMI_Handler                           
00002593  PCM_IRQHandler                        
00002593  PORT3_IRQHandler                      
00002593  PORT4_IRQHandler                      
00002593  PORT5_IRQHandler                      
00002593  PORT6_IRQHandler                      
00002593  PSS_IRQHandler                        
00002593  PendSV_Handler                        
00002593  RTC_C_IRQHandler                      
00002593  SVC_Handler                           
00002593  SysTick_Handler                       
00002593  T32_INT1_IRQHandler                   
00002593  T32_INT2_IRQHandler                   
00002593  T32_INTC_IRQHandler                   
00002593  TA0_0_IRQHandler                      
00002593  TA0_N_IRQHandler                      
00002593  TA1_0_IRQHandler                      
00002593  TA1_N_IRQHandler                      
00002593  TA2_0_IRQHandler                      
00002593  TA2_N_IRQHandler                      
00002593  TA3_0_IRQHandler                      
00002593  TA3_N_IRQHandler                      
00002593  UsageFault_Handler                    
00002593  WDT_A_IRQHandler                      
00002595  _SlDrvDriverCBInit                    
00002685  _SlDrvMsgReadSpawnCtx                 
0000276d  CS_startHFXTWithTimeout               
0000292d  SystemInit                            
00002a01  _sl_HandleAsync_DnsGetHostByService   
00002ad5  initCC3100                            
00002ba1  _sl_HandleAsync_DnsGetHostByName      
00002c69  _sl_HandleAsync_PingResponse          
00002d31  _sl_TruncatePayloadByProtocol         
00002df9  _SlRemoveFromList                     
00002f75  _SlDrvCmdOp                           
0000302d  _sl_HandleAsync_InitComplete          
000030e5  sl_NetAppMDNSRegisterUnregisterService
0000319d  _sl_HandleAsync_Connect               
00003251  ClockSys_SetMaxFreq                   
000032fd  _SlDrvDriverCBDeinit                  
000033a5  main                                  
0000344d  sl_DevGet                             
000034f5  __aeabi_memcpy                        
000034f5  __aeabi_memcpy4                       
000034f5  __aeabi_memcpy8                       
000034f5  memcpy                                
00003591  _sl_HandleAsync_Accept                
00003629  _sl_HandleAsync_Select                
000036b5  _sl_HandleAsync_Stop                  
000037c5  _SlDrvObjInit                         
00003845  __aeabi_memclr                        
00003845  __aeabi_memclr4                       
00003845  __aeabi_memclr8                       
00003847  __aeabi_memset                        
00003847  __aeabi_memset4                       
00003847  __aeabi_memset8                       
0000384d  memset                                
000038bf  EUSCIA0_IRQHandler                    
000038bf  EUSCIA0_IRQHandler                    
000038c1  spi_Read                              
00003935  _SlNonOsMainLoopTask                  
000039a1  sl_NetCfgSet                          
00003a0d  sl_WlanSet                            
00003a79  spi_Write                             
00003ae5  __TI_decompress_lzss                  
00003b4d  sl_NetAppSendTokenValue               
00003bb5  _SlDrvDeviceEventHandler              
00003c19  sl_WlanPolicySet                      
00003c7d  PCM_getCoreVoltageLevel               
00003cdb  _SlNonOsSemGet                        
00003d37  PORT1_IRQHandler                      
00003d37  PORT1_IRQHandler                      
00003d39  sl_Socket                             
00003d95  PCM_getPowerMode                      
00003df1  SimpleLinkWlanEventHandler            
00003e49  _sl_GetStartResponseConvert           
00003ea1  sl_WlanRxFilterSet                    
00003ef9  _SlNonOsSpawn                         
00003f4d  _sl_BuildAddress                      
00003f9d  _SlDrvRxIrqHandler                    
00003fe9  CC3100_InterruptEnable                
00004031  _SlDrvBasicCmd                        
00004079  _SlDrvCmdSend                         
000040c1  _SlDrvFlowContDeinit                  
00004105  _SlDrvFlowContInit                    
00004149  __TI_auto_init_nobinit_nopinit        
0000418d  _SlDrvShiftDWord                      
000041cf  sl_Htonl                              
00004211  SimpleLinkNetAppEventHandler          
00004251  CopyPingResultsToReport               
0000428d  sl_Htons                              
000042c9  ADC14_getEnabledInterruptStatus       
00004301  _c_int00_noargs                       
00004339  sl_NetAppMDNSUnRegisterService        
00004371  ADC14_clearInterruptFlag              
000043a1  CC3100_InterruptDisable               
000043d1  PORT2_IRQHandler                      
000043d1  PORT2_IRQHandler                      
00004401  sl_WlanProfileDel                     
00004431  sl_WlanSetMode                        
00004461  ADC14_getInterruptStatus              
0000448d  Delay                                 
000044b5  ADC14_IRQHandler                      
000044b5  ADC14_IRQHandler                      
000044dd  SendData                              
00004501  WDT_A_clearTimer                      
00004525  WDT_A_holdTimer                       
00004549  _SlDrvObjDeInit                       
0000456d  CS_setExternalClockSourceFrequency    
0000458d  SysCtl_disableNMISource               
000045a5  SysCtl_enableNMISource                
000045bd  _SlNonOsSemSet                        
000045d5  registerInterruptHandler              
000045ed  PCM_getPowerState                     
00004601  strlen                                
00004615  CS_startHFXT                          
00004627  __TI_zero_init_nomemset               
00004639  CC3100_disable                        
00004649  CC3100_enable                         
00004659  PCM_setCoreVoltageLevel               
00004669  PCM_setPowerMode                      
00004679  SimpleLinkSockEventHandler            
00004689  SysCtl_getNMISourceStatus             
00004699  __TI_decompress_none                  
000046a7  Reset_Handler                         
000046b3  SimpleLinkHttpServerCallback          
000046bf  sl_WlanDisconnect                     
000046cb  spi_Close                             
000046d7  SimpleLinkGeneralEventHandler         
000046e1  _system_pre_init                      
000046e5  C$$EXIT                               
000046e5  abort                                 
00004798  _SlActionLookupTable                  
0000481c  g_H2NCnysPattern                      
00004824  g_H2NSyncPattern                      
00004838  _SlDeviceGetCmdCtrl                   
0000483c  _SlNetAppSendTokenValueCmdCtrl        
00004840  _SlNetCfgSetCmdCtrl                   
00004844  _SlPolicySetCmdCtrl                   
00004848  _SlProfileDelCmdCtrl                  
0000484c  _SlRegisterServiceCtrl                
00004850  _SlRxFilterSetCmdCtrl                 
00004854  _SlSockSocketCmdCtrl                  
00004858  _SlStopCmdCtrl                        
0000485c  _SlWlanCfgSetCmdCtrl                  
00004860  _SlWlanSetModeCmdCtrl                 
00004874  __TI_Handler_Table_Base               
00004880  __TI_Handler_Table_Limit              
00004888  __TI_CINIT_Base                       
00004898  __TI_CINIT_Limit                      
20000000  g_StatMem                             
20000164  g__SlNonOsCB                          
2000018c  meter_info                            
20000196  ctrl_info                             
200001a4  g_Status                              
200001a8  retVal                                
200001ac  receivedAlready                       
200001b0  transmitedAlready                     
200001b4  SockIDRx                              
200001b6  SockIDTx                              
200001b8  g_pCB                                 
200001bc  pPingCallBackFunc                     
200001c0  gFirstCmdMode                         
200001c4  pIraEventHandler                      
2000fe00  __stack                               
20010000  __STACK_END                           
4000480c  WDTCTL_SYM                            
ffffffff  __TI_pprof_out_hndl                   
ffffffff  __TI_prof_data_size                   
ffffffff  __TI_prof_data_start                  
ffffffff  __binit__                             
ffffffff  __c_args__                            
ffffffff  binit                                 
UNDEFED   __mpu_init                            
UNDEFED   _system_post_cinit                    

[217 symbols]
