******************************************************************************
                  TI ARM Linker PC v18.1.5                     
******************************************************************************
>> Linked Wed Feb 27 22:14:05 2019

OUTPUT FILE NAME:   <test3.out>
ENTRY POINT SYMBOL: "_c_int00_noargs"  address: 000044d5


MEMORY CONFIGURATION

         name            origin    length      used     unused   attr    fill
----------------------  --------  ---------  --------  --------  ----  --------
  MAIN                  00000000   00040000  00004a64  0003b59c  R  X
  INFO                  00200000   00004000  00000000  00004000  R  X
  SRAM_CODE             01000000   00010000  000003c8  0000fc38  RW X
  SRAM_DATA             20000000   00010000  000003c8  0000fc38  RW  


SEGMENT ALLOCATION MAP

run origin  load origin   length   init length attrs members
----------  ----------- ---------- ----------- ----- -------
00000000    00000000    00004a68   00004a68    r-x
  00000000    00000000    000000e4   000000e4    r-- .intvecs
  000000e4    000000e4    000047c0   000047c0    r-x .text
  000048a4    000048a4    00000190   00000190    r-- .const
  00004a38    00004a38    00000030   00000030    r-- .cinit
20000000    20000000    000001c8   00000000    rw-
  20000000    20000000    000001a4   00000000    rw- .bss
  200001a4    200001a4    00000024   00000000    rw- .data
2000fe00    2000fe00    00000200   00000000    rw-
  2000fe00    2000fe00    00000200   00000000    rw- .stack


SECTION ALLOCATION MAP

 output                                  attributes/
section   page    origin      length       input sections
--------  ----  ----------  ----------   ----------------
.intvecs   0    00000000    000000e4     
                  00000000    000000e4     startup_msp432p401r_ccs.obj (.intvecs:retain)

.text      0    000000e4    000047c0     
                  000000e4    00000634     driver.obj (.text:_SlDrvMsgRead)
                  00000718    000004e4     driver.obj (.text:_SlAsyncEventGenericHandler)
                  00000bfc    00000244     wlan.obj (.text:sl_WlanConnect)
                  00000e40    00000214     driver.obj (.text:_SlDrvRxHdrRead)
                  00001054    00000208     driver.obj (.text:_SlDrvDataReadOp)
                  0000125c    00000208     driver.obj (.text:_SlDrvReleasePoolObj)
                  00001464    00000208     driver.obj (.text:_SlDrvWaitForPoolObj)
                  0000166c    000001f8     driver.obj (.text:_SlDrvMsgWrite)
                  00001864    000001e4     cc3100_usage.obj (.text:configureSimpleLinkToDefaultState)
                  00001a48    000001cc     driver.obj (.text:_SlDrvDataWriteOp)
                  00001c14    000001a8     cc3100_usage.obj (.text:BsdUdpServer)
                  00001dbc    00000194     socket.obj (.text:sl_Select)
                  00001f50    00000170     driver.obj (.text:_SlFindAndSetActiveObj)
                  000020c0    0000013c     spi_cc3100.obj (.text:spi_Open)
                  000021fc    0000012c     device.obj (.text:sl_Stop)
                  00002328    00000120     socket.obj (.text:sl_SendTo)
                  00002448    00000118     driver.obj (.text:_SlDrvClassifyRxMsg)
                  00002560    00000118     socket.obj (.text:sl_RecvFrom)
                  00002678    00000110     device.obj (.text:sl_Start)
                  00002788    00000104     driver.obj (.text:_SlDrvMsgReadCmdCtx)
                  0000288c    000000fe     netapp.obj (.text:_SlDrvNetAppEventHandler)
                  0000298a    00000002     startup_msp432p401r_ccs.obj (.text:Default_Handler)
                  0000298c    000000f0     driver.obj (.text:_SlDrvDriverCBInit)
                  00002a7c    000000e8     driver.obj (.text:_SlDrvMsgReadSpawnCtx)
                  00002b64    000000d4     system_msp432p401r.obj (.text:SystemInit)
                  00002c38    000000d4     netapp.obj (.text:_sl_HandleAsync_DnsGetHostByService)
                  00002d0c    000000cc     cc3100_usage.obj (.text:initCC3100)
                  00002dd8    000000c8     netapp.obj (.text:_sl_HandleAsync_DnsGetHostByName)
                  00002ea0    000000c8     netapp.obj (.text:_sl_HandleAsync_PingResponse)
                  00002f68    000000c8     socket.obj (.text:_sl_TruncatePayloadByProtocol)
                  00003030    000000c4     driver.obj (.text:_SlRemoveFromList)
                  000030f4    000000b8     cc3100_usage.obj (.text:BsdUdpClient)
                  000031ac    000000b8     driver.obj (.text:_SlDrvCmdOp)
                  00003264    000000b8     device.obj (.text:_sl_HandleAsync_InitComplete)
                  0000331c    000000b8     netapp.obj (.text:sl_NetAppMDNSRegisterUnregisterService)
                  000033d4    000000b4     socket.obj (.text:_sl_HandleAsync_Connect)
                  00003488    000000b4     main.obj (.text:main)
                  0000353c    000000a8     driver.obj (.text:_SlDrvDriverCBDeinit)
                  000035e4    000000a8     device.obj (.text:sl_DevGet)
                  0000368c    0000009c     rtsv7M4_T_le_v4SPD16_eabi.lib : memcpy_t2.asm.obj (.text)
                  00003728    00000098     socket.obj (.text:_sl_HandleAsync_Accept)
                  000037c0    0000008c     socket.obj (.text:_sl_HandleAsync_Select)
                  0000384c    0000008c     socket.obj (.text:sl_Bind)
                  000038d8    00000088     device.obj (.text:_sl_HandleAsync_Stop)
                  00003960    00000088     cc3100_usage.obj (.text:establishConnectionWithAP)
                  000039e8    00000080     driver.obj (.text:_SlDrvObjInit)
                  00003a68    0000007a     rtsv7M4_T_le_v4SPD16_eabi.lib : memset_t2.asm.obj (.text)
                  00003ae2    00000002     board.obj (.text:EUSCIA0_IRQHandler)
                  00003ae4    00000074     spi_cc3100.obj (.text:spi_Read)
                  00003b58    0000006c     nonos.obj (.text:_SlNonOsMainLoopTask)
                  00003bc4    0000006c     netcfg.obj (.text:sl_NetCfgSet)
                  00003c30    0000006c     socket.obj (.text:sl_SetSockOpt)
                  00003c9c    0000006c     wlan.obj (.text:sl_WlanSet)
                  00003d08    0000006c     spi_cc3100.obj (.text:spi_Write)
                  00003d74    00000068     rtsv7M4_T_le_v4SPD16_eabi.lib : copy_decompress_lzss.c.obj (.text:decompress:lzss:__TI_decompress_lzss)
                  00003ddc    00000068     netapp.obj (.text:sl_NetAppSendTokenValue)
                  00003e44    00000064     device.obj (.text:_SlDrvDeviceEventHandler)
                  00003ea8    00000064     wlan.obj (.text:sl_WlanPolicySet)
                  00003f0c    0000005c     nonos.obj (.text:_SlNonOsSemGet)
                  00003f68    0000005c     socket.obj (.text:sl_Socket)
                  00003fc4    00000058     cc3100_usage.obj (.text:SimpleLinkWlanEventHandler)
                  0000401c    00000058     device.obj (.text:_sl_GetStartResponseConvert)
                  00004074    00000058     wlan.obj (.text:sl_WlanRxFilterSet)
                  000040cc    00000054     nonos.obj (.text:_SlNonOsSpawn)
                  00004120    00000050     socket.obj (.text:_sl_BuildAddress)
                  00004170    0000004c     driver.obj (.text:_SlDrvRxIrqHandler)
                  000041bc    00000048     board.obj (.text:CC3100_InterruptEnable)
                  00004204    00000048     driver.obj (.text:_SlDrvBasicCmd)
                  0000424c    00000048     driver.obj (.text:_SlDrvCmdSend)
                  00004294    00000044     flowcont.obj (.text:_SlDrvFlowContDeinit)
                  000042d8    00000044     flowcont.obj (.text:_SlDrvFlowContInit)
                  0000431c    00000044     rtsv7M4_T_le_v4SPD16_eabi.lib : autoinit.c.obj (.text:__TI_auto_init_nobinit_nopinit:__TI_auto_init_nobinit_nopinit)
                  00004360    00000042     driver.obj (.text:_SlDrvShiftDWord)
                  000043a2    00000042     socket.obj (.text:sl_Htonl)
                  000043e4    00000040     cc3100_usage.obj (.text:SimpleLinkNetAppEventHandler)
                  00004424    0000003c     netapp.obj (.text:CopyPingResultsToReport)
                  00004460    0000003c     socket.obj (.text:sl_Htons)
                  0000449c    00000038     adc14.obj (.text:ADC14_getEnabledInterruptStatus)
                  000044d4    00000038     rtsv7M4_T_le_v4SPD16_eabi.lib : boot_cortex_m.c.obj (.text:_c_int00_noargs:_c_int00_noargs)
                  0000450c    00000036     netapp.obj (.text:sl_NetAppMDNSUnRegisterService)
                  00004542    00000002     board.obj (.text:PORT1_IRQHandler)
                  00004544    00000030     adc14.obj (.text:ADC14_clearInterruptFlag)
                  00004574    00000030     board.obj (.text:CC3100_InterruptDisable)
                  000045a4    00000030     board.obj (.text:PORT2_IRQHandler)
                  000045d4    00000030     socket.obj (.text:sl_Close)
                  00004604    00000030     wlan.obj (.text:sl_WlanProfileDel)
                  00004634    00000030     wlan.obj (.text:sl_WlanSetMode)
                  00004664    0000002c     adc14.obj (.text:ADC14_getInterruptStatus)
                  00004690    00000028     board.obj (.text:Delay)
                  000046b8    00000028     socket.obj (.text:SL_FD_ISSET)
                  000046e0    00000026     main.obj (.text:ADC14_IRQHandler)
                  00004706    00000002     --HOLE-- [fill = 0]
                  00004708    00000024     cc3100_usage.obj (.text:ReceiveData)
                  0000472c    00000024     cc3100_usage.obj (.text:SendData)
                  00004750    00000024     wdt_a.obj (.text:WDT_A_holdTimer)
                  00004774    00000024     driver.obj (.text:_SlDrvObjDeInit)
                  00004798    00000022     socket.obj (.text:SL_FD_SET)
                  000047ba    00000018     nonos.obj (.text:_SlNonOsSemSet)
                  000047d2    00000002     --HOLE-- [fill = 0]
                  000047d4    00000018     board.obj (.text:registerInterruptHandler)
                  000047ec    00000014     rtsv7M4_T_le_v4SPD16_eabi.lib : strlen.c.obj (.text:strlen)
                  00004800    00000012                                   : copy_zero_init.c.obj (.text:decompress:ZI:__TI_zero_init_nomemset:__TI_zero_init_nomemset)
                  00004812    00000002     --HOLE-- [fill = 0]
                  00004814    00000010     board.obj (.text:CC3100_disable)
                  00004824    00000010     board.obj (.text:CC3100_enable)
                  00004834    00000010     socket.obj (.text:SL_FD_ZERO)
                  00004844    00000010     cc3100_usage.obj (.text:SimpleLinkSockEventHandler)
                  00004854    0000000e     rtsv7M4_T_le_v4SPD16_eabi.lib : copy_decompress_none.c.obj (.text:decompress:none:__TI_decompress_none)
                  00004862    0000000c     startup_msp432p401r_ccs.obj (.text:Reset_Handler)
                  0000486e    0000000c     cc3100_usage.obj (.text:SimpleLinkHttpServerCallback)
                  0000487a    0000000c     wlan.obj (.text:sl_WlanDisconnect)
                  00004886    0000000c     spi_cc3100.obj (.text:spi_Close)
                  00004892    0000000a     cc3100_usage.obj (.text:SimpleLinkGeneralEventHandler)
                  0000489c    00000004     rtsv7M4_T_le_v4SPD16_eabi.lib : pre_init.c.obj (.text:_system_pre_init)
                  000048a0    00000004                                   : exit.c.obj (.text:abort:abort)

.const     0    000048a4    00000190     
                  000048a4    000000b0     wlan.obj (.const:$P$T0$1)
                  00004954    00000038     driver.obj (.const:_SlActionLookupTable)
                  0000498c    0000002c     cc3100_usage.obj (.const:$P$T0$1)
                  000049b8    00000014     cc3100_usage.obj (.const:$P$T1$2)
                  000049cc    0000000c     cc3100_usage.obj (.const:$P$T2$3)
                  000049d8    00000008     driver.obj (.const:g_H2NCnysPattern)
                  000049e0    00000008     driver.obj (.const:g_H2NSyncPattern)
                  000049e8    00000004     driver.obj (.const:$P$T0$1)
                  000049ec    00000004     socket.obj (.const:$P$T0$1)
                  000049f0    00000004     socket.obj (.const:$P$T1$2)
                  000049f4    00000004     wlan.obj (.const:$P$T1$2)
                  000049f8    00000004     device.obj (.const:_SlDeviceGetCmdCtrl)
                  000049fc    00000004     netapp.obj (.const:_SlNetAppSendTokenValueCmdCtrl)
                  00004a00    00000004     netcfg.obj (.const:_SlNetCfgSetCmdCtrl)
                  00004a04    00000004     wlan.obj (.const:_SlPolicySetCmdCtrl)
                  00004a08    00000004     wlan.obj (.const:_SlProfileDelCmdCtrl)
                  00004a0c    00000004     socket.obj (.const:_SlRecvfomCmdCtrl)
                  00004a10    00000004     netapp.obj (.const:_SlRegisterServiceCtrl)
                  00004a14    00000004     wlan.obj (.const:_SlRxFilterSetCmdCtrl)
                  00004a18    00000004     socket.obj (.const:_SlSelectCmdCtrl)
                  00004a1c    00000004     socket.obj (.const:_SlSetSockOptCmdCtrl)
                  00004a20    00000004     socket.obj (.const:_SlSockCloseCmdCtrl)
                  00004a24    00000004     socket.obj (.const:_SlSockSocketCmdCtrl)
                  00004a28    00000004     device.obj (.const:_SlStopCmdCtrl)
                  00004a2c    00000004     wlan.obj (.const:_SlWlanCfgSetCmdCtrl)
                  00004a30    00000004     wlan.obj (.const:_SlWlanSetModeCmdCtrl)

.cinit     0    00004a38    00000030     
                  00004a38    0000000c     (.cinit..data.load) [load image, compression = lzss]
                  00004a44    0000000c     (__TI_handler_table)
                  00004a50    00000008     (.cinit..bss.load) [load image, compression = zero_init]
                  00004a58    00000010     (__TI_cinit_table)

.init_array 
*          0    00000000    00000000     UNINITIALIZED

.binit     0    00000000    00000000     

.bss       0    20000000    000001a4     UNINITIALIZED
                  20000000    00000164     (.common:g_StatMem)
                  20000164    00000028     (.common:g__SlNonOsCB)
                  2000018c    0000000b     (.common:meter_info)
                  20000197    00000008     (.common:ctrl_info)
                  2000019f    00000001     --HOLE--
                  200001a0    00000004     cc3100_usage.obj (.bss)

.data      0    200001a4    00000024     UNINITIALIZED
                  200001a4    00000014     cc3100_usage.obj (.data)
                  200001b8    00000009     driver.obj (.data)
                  200001c1    00000003     --HOLE--
                  200001c4    00000004     board.obj (.data)

.stack     0    2000fe00    00000200     UNINITIALIZED
                  2000fe00    00000004     rtsv7M4_T_le_v4SPD16_eabi.lib : boot_cortex_m.c.obj (.stack)
                  2000fe04    000001fc     --HOLE--

MODULE SUMMARY

       Module                        code    ro data   rw data
       ------                        ----    -------   -------
    .\
       main.obj                      218     0         38     
       system_msp432p401r.obj        212     0         0      
       adc14.obj                     148     0         0      
       wdt_a.obj                     36      0         0      
    +--+-----------------------------+-------+---------+---------+
       Total:                        614     0         38     
                                                              
    .\WiFi\
       driver.obj                    8274    76        730    
       socket.obj                    2328    28        0      
       cc3100_usage.obj              1694    76        48     
       netapp.obj                    1268    8         0      
       device.obj                    1248    8         0      
       wlan.obj                      984     200       0      
       spi_cc3100.obj                552     0         0      
       nonos.obj                     308     0         80     
       board.obj                     268     0         8      
       flowcont.obj                  136     0         0      
       netcfg.obj                    108     4         0      
    +--+-----------------------------+-------+---------+---------+
       Total:                        17168   400       866    
                                                              
    .\ccs\
       startup_msp432p401r_ccs.obj   14      228       0      
    +--+-----------------------------+-------+---------+---------+
       Total:                        14      228       0      
                                                              
    C:\ti\ccsv8\tools\compiler\ti-cgt-arm_18.1.5.LTS\lib\rtsv7M4_T_le_v4SPD16_eabi.lib
       memcpy_t2.asm.obj             156     0         0      
       memset_t2.asm.obj             122     0         0      
       copy_decompress_lzss.c.obj    104     0         0      
       autoinit.c.obj                68      0         0      
       boot_cortex_m.c.obj           56      0         0      
       strlen.c.obj                  20      0         0      
       copy_zero_init.c.obj          18      0         0      
       copy_decompress_none.c.obj    14      0         0      
       exit.c.obj                    4       0         0      
       pre_init.c.obj                4       0         0      
    +--+-----------------------------+-------+---------+---------+
       Total:                        566     0         0      
                                                              
       Stack:                        0       0         1024   
       Linker Generated:             0       48        0      
    +--+-----------------------------+-------+---------+---------+
       Grand Total:                  18362   676       1928   


LINKER GENERATED COPY TABLES

__TI_cinit_table @ 00004a58 records: 2, size/record: 8, table size: 16
	.data: load addr=00004a38, load size=0000000c bytes, run addr=200001a4, run size=00000024 bytes, compression=lzss
	.bss: load addr=00004a50, load size=00000008 bytes, run addr=20000000, run size=000001a4 bytes, compression=zero_init


LINKER GENERATED HANDLER TABLE

__TI_handler_table @ 00004a44 records: 3, size/record: 4, table size: 12
	index: 0, handler: __TI_decompress_lzss
	index: 1, handler: __TI_decompress_none
	index: 2, handler: __TI_zero_init


GLOBAL SYMBOLS: SORTED ALPHABETICALLY BY Name 

address   name                                  
-------   ----                                  
000046e1  ADC14_IRQHandler                      
000046e1  ADC14_IRQHandler                      
00004545  ADC14_clearInterruptFlag              
0000449d  ADC14_getEnabledInterruptStatus       
00004665  ADC14_getInterruptStatus              
0000298b  AES256_IRQHandler                     
0000298b  BusFault_Handler                      
000048a1  C$$EXIT                               
00004575  CC3100_InterruptDisable               
000041bd  CC3100_InterruptEnable                
00004815  CC3100_disable                        
00004825  CC3100_enable                         
0000298b  COMP_E0_IRQHandler                    
0000298b  COMP_E1_IRQHandler                    
0000298b  CS_IRQHandler                         
00004425  CopyPingResultsToReport               
0000298b  DMA_ERR_IRQHandler                    
0000298b  DMA_INT0_IRQHandler                   
0000298b  DMA_INT1_IRQHandler                   
0000298b  DMA_INT2_IRQHandler                   
0000298b  DMA_INT3_IRQHandler                   
0000298b  DebugMon_Handler                      
0000298b  Default_Handler                       
00004691  Delay                                 
00003ae3  EUSCIA0_IRQHandler                    
00003ae3  EUSCIA0_IRQHandler                    
0000298b  EUSCIA1_IRQHandler                    
0000298b  EUSCIA2_IRQHandler                    
0000298b  EUSCIA3_IRQHandler                    
0000298b  EUSCIB0_IRQHandler                    
0000298b  EUSCIB1_IRQHandler                    
0000298b  EUSCIB2_IRQHandler                    
0000298b  EUSCIB3_IRQHandler                    
0000298b  FLCTL_IRQHandler                      
0000298b  FPU_IRQHandler                        
0000298b  HardFault_Handler                     
0000298b  MemManage_Handler                     
0000298b  NMI_Handler                           
0000298b  PCM_IRQHandler                        
00004543  PORT1_IRQHandler                      
00004543  PORT1_IRQHandler                      
000045a5  PORT2_IRQHandler                      
000045a5  PORT2_IRQHandler                      
0000298b  PORT3_IRQHandler                      
0000298b  PORT4_IRQHandler                      
0000298b  PORT5_IRQHandler                      
0000298b  PORT6_IRQHandler                      
0000298b  PSS_IRQHandler                        
0000298b  PendSV_Handler                        
0000298b  RTC_C_IRQHandler                      
00004709  ReceiveData                           
00004863  Reset_Handler                         
000046b9  SL_FD_ISSET                           
00004799  SL_FD_SET                             
00004835  SL_FD_ZERO                            
0000298b  SVC_Handler                           
0000472d  SendData                              
00004893  SimpleLinkGeneralEventHandler         
0000486f  SimpleLinkHttpServerCallback          
000043e5  SimpleLinkNetAppEventHandler          
00004845  SimpleLinkSockEventHandler            
00003fc5  SimpleLinkWlanEventHandler            
200001b4  SockIDRx                              
200001b6  SockIDTx                              
0000298b  SysTick_Handler                       
00002b65  SystemInit                            
0000298b  T32_INT1_IRQHandler                   
0000298b  T32_INT2_IRQHandler                   
0000298b  T32_INTC_IRQHandler                   
0000298b  TA0_0_IRQHandler                      
0000298b  TA0_N_IRQHandler                      
0000298b  TA1_0_IRQHandler                      
0000298b  TA1_N_IRQHandler                      
0000298b  TA2_0_IRQHandler                      
0000298b  TA2_N_IRQHandler                      
0000298b  TA3_0_IRQHandler                      
0000298b  TA3_N_IRQHandler                      
0000298b  UsageFault_Handler                    
4000480c  WDTCTL_SYM                            
0000298b  WDT_A_IRQHandler                      
00004751  WDT_A_holdTimer                       
00004954  _SlActionLookupTable                  
00000719  _SlAsyncEventGenericHandler           
000049f8  _SlDeviceGetCmdCtrl                   
00004205  _SlDrvBasicCmd                        
00002449  _SlDrvClassifyRxMsg                   
000031ad  _SlDrvCmdOp                           
0000424d  _SlDrvCmdSend                         
00001055  _SlDrvDataReadOp                      
00001a49  _SlDrvDataWriteOp                     
00003e45  _SlDrvDeviceEventHandler              
0000353d  _SlDrvDriverCBDeinit                  
0000298d  _SlDrvDriverCBInit                    
00004295  _SlDrvFlowContDeinit                  
000042d9  _SlDrvFlowContInit                    
000000e5  _SlDrvMsgRead                         
00002789  _SlDrvMsgReadCmdCtx                   
00002a7d  _SlDrvMsgReadSpawnCtx                 
0000166d  _SlDrvMsgWrite                        
0000288d  _SlDrvNetAppEventHandler              
00004775  _SlDrvObjDeInit                       
000039e9  _SlDrvObjInit                         
0000125d  _SlDrvReleasePoolObj                  
00000e41  _SlDrvRxHdrRead                       
00004171  _SlDrvRxIrqHandler                    
00004361  _SlDrvShiftDWord                      
00001465  _SlDrvWaitForPoolObj                  
00001f51  _SlFindAndSetActiveObj                
000049fc  _SlNetAppSendTokenValueCmdCtrl        
00004a00  _SlNetCfgSetCmdCtrl                   
00003b59  _SlNonOsMainLoopTask                  
00003f0d  _SlNonOsSemGet                        
000047bb  _SlNonOsSemSet                        
000040cd  _SlNonOsSpawn                         
00004a04  _SlPolicySetCmdCtrl                   
00004a08  _SlProfileDelCmdCtrl                  
00004a0c  _SlRecvfomCmdCtrl                     
00004a10  _SlRegisterServiceCtrl                
00003031  _SlRemoveFromList                     
00004a14  _SlRxFilterSetCmdCtrl                 
00004a18  _SlSelectCmdCtrl                      
00004a1c  _SlSetSockOptCmdCtrl                  
00004a20  _SlSockCloseCmdCtrl                   
00004a24  _SlSockSocketCmdCtrl                  
00004a28  _SlStopCmdCtrl                        
00004a2c  _SlWlanCfgSetCmdCtrl                  
00004a30  _SlWlanSetModeCmdCtrl                 
20010000  __STACK_END                           
00000200  __STACK_SIZE                          
00004a58  __TI_CINIT_Base                       
00004a68  __TI_CINIT_Limit                      
00004a44  __TI_Handler_Table_Base               
00004a50  __TI_Handler_Table_Limit              
0000431d  __TI_auto_init_nobinit_nopinit        
00003d75  __TI_decompress_lzss                  
00004855  __TI_decompress_none                  
ffffffff  __TI_pprof_out_hndl                   
ffffffff  __TI_prof_data_size                   
ffffffff  __TI_prof_data_start                  
00000000  __TI_static_base__                    
00004801  __TI_zero_init_nomemset               
00003a69  __aeabi_memclr                        
00003a69  __aeabi_memclr4                       
00003a69  __aeabi_memclr8                       
0000368d  __aeabi_memcpy                        
0000368d  __aeabi_memcpy4                       
0000368d  __aeabi_memcpy8                       
00003a6b  __aeabi_memset                        
00003a6b  __aeabi_memset4                       
00003a6b  __aeabi_memset8                       
ffffffff  __binit__                             
ffffffff  __c_args__                            
UNDEFED   __mpu_init                            
2000fe00  __stack                               
000044d5  _c_int00_noargs                       
00004121  _sl_BuildAddress                      
0000401d  _sl_GetStartResponseConvert           
00003729  _sl_HandleAsync_Accept                
000033d5  _sl_HandleAsync_Connect               
00002dd9  _sl_HandleAsync_DnsGetHostByName      
00002c39  _sl_HandleAsync_DnsGetHostByService   
00003265  _sl_HandleAsync_InitComplete          
00002ea1  _sl_HandleAsync_PingResponse          
000037c1  _sl_HandleAsync_Select                
000038d9  _sl_HandleAsync_Stop                  
00002f69  _sl_TruncatePayloadByProtocol         
UNDEFED   _system_post_cinit                    
0000489d  _system_pre_init                      
000048a1  abort                                 
ffffffff  binit                                 
20000197  ctrl_info                             
200001c0  gFirstCmdMode                         
000049d8  g_H2NCnysPattern                      
000049e0  g_H2NSyncPattern                      
20000000  g_StatMem                             
200001a4  g_Status                              
20000164  g__SlNonOsCB                          
200001b8  g_pCB                                 
00002d0d  initCC3100                            
00000000  interruptVectors                      
00003489  main                                  
0000368d  memcpy                                
00003a71  memset                                
2000018c  meter_info                            
200001c4  pIraEventHandler                      
200001bc  pPingCallBackFunc                     
200001ac  receivedAlready                       
000047d5  registerInterruptHandler              
200001a8  retVal                                
0000384d  sl_Bind                               
000045d5  sl_Close                              
000035e5  sl_DevGet                             
000043a3  sl_Htonl                              
00004461  sl_Htons                              
0000331d  sl_NetAppMDNSRegisterUnregisterService
0000450d  sl_NetAppMDNSUnRegisterService        
00003ddd  sl_NetAppSendTokenValue               
00003bc5  sl_NetCfgSet                          
00002561  sl_RecvFrom                           
00001dbd  sl_Select                             
00002329  sl_SendTo                             
00003c31  sl_SetSockOpt                         
00003f69  sl_Socket                             
00002679  sl_Start                              
000021fd  sl_Stop                               
00000bfd  sl_WlanConnect                        
0000487b  sl_WlanDisconnect                     
00003ea9  sl_WlanPolicySet                      
00004605  sl_WlanProfileDel                     
00004075  sl_WlanRxFilterSet                    
00003c9d  sl_WlanSet                            
00004635  sl_WlanSetMode                        
00004887  spi_Close                             
000020c1  spi_Open                              
00003ae5  spi_Read                              
00003d09  spi_Write                             
000047ed  strlen                                
200001b0  transmitedAlready                     


GLOBAL SYMBOLS: SORTED BY Symbol Address 

address   name                                  
-------   ----                                  
00000000  __TI_static_base__                    
00000000  interruptVectors                      
000000e5  _SlDrvMsgRead                         
00000200  __STACK_SIZE                          
00000719  _SlAsyncEventGenericHandler           
00000bfd  sl_WlanConnect                        
00000e41  _SlDrvRxHdrRead                       
00001055  _SlDrvDataReadOp                      
0000125d  _SlDrvReleasePoolObj                  
00001465  _SlDrvWaitForPoolObj                  
0000166d  _SlDrvMsgWrite                        
00001a49  _SlDrvDataWriteOp                     
00001dbd  sl_Select                             
00001f51  _SlFindAndSetActiveObj                
000020c1  spi_Open                              
000021fd  sl_Stop                               
00002329  sl_SendTo                             
00002449  _SlDrvClassifyRxMsg                   
00002561  sl_RecvFrom                           
00002679  sl_Start                              
00002789  _SlDrvMsgReadCmdCtx                   
0000288d  _SlDrvNetAppEventHandler              
0000298b  AES256_IRQHandler                     
0000298b  BusFault_Handler                      
0000298b  COMP_E0_IRQHandler                    
0000298b  COMP_E1_IRQHandler                    
0000298b  CS_IRQHandler                         
0000298b  DMA_ERR_IRQHandler                    
0000298b  DMA_INT0_IRQHandler                   
0000298b  DMA_INT1_IRQHandler                   
0000298b  DMA_INT2_IRQHandler                   
0000298b  DMA_INT3_IRQHandler                   
0000298b  DebugMon_Handler                      
0000298b  Default_Handler                       
0000298b  EUSCIA1_IRQHandler                    
0000298b  EUSCIA2_IRQHandler                    
0000298b  EUSCIA3_IRQHandler                    
0000298b  EUSCIB0_IRQHandler                    
0000298b  EUSCIB1_IRQHandler                    
0000298b  EUSCIB2_IRQHandler                    
0000298b  EUSCIB3_IRQHandler                    
0000298b  FLCTL_IRQHandler                      
0000298b  FPU_IRQHandler                        
0000298b  HardFault_Handler                     
0000298b  MemManage_Handler                     
0000298b  NMI_Handler                           
0000298b  PCM_IRQHandler                        
0000298b  PORT3_IRQHandler                      
0000298b  PORT4_IRQHandler                      
0000298b  PORT5_IRQHandler                      
0000298b  PORT6_IRQHandler                      
0000298b  PSS_IRQHandler                        
0000298b  PendSV_Handler                        
0000298b  RTC_C_IRQHandler                      
0000298b  SVC_Handler                           
0000298b  SysTick_Handler                       
0000298b  T32_INT1_IRQHandler                   
0000298b  T32_INT2_IRQHandler                   
0000298b  T32_INTC_IRQHandler                   
0000298b  TA0_0_IRQHandler                      
0000298b  TA0_N_IRQHandler                      
0000298b  TA1_0_IRQHandler                      
0000298b  TA1_N_IRQHandler                      
0000298b  TA2_0_IRQHandler                      
0000298b  TA2_N_IRQHandler                      
0000298b  TA3_0_IRQHandler                      
0000298b  TA3_N_IRQHandler                      
0000298b  UsageFault_Handler                    
0000298b  WDT_A_IRQHandler                      
0000298d  _SlDrvDriverCBInit                    
00002a7d  _SlDrvMsgReadSpawnCtx                 
00002b65  SystemInit                            
00002c39  _sl_HandleAsync_DnsGetHostByService   
00002d0d  initCC3100                            
00002dd9  _sl_HandleAsync_DnsGetHostByName      
00002ea1  _sl_HandleAsync_PingResponse          
00002f69  _sl_TruncatePayloadByProtocol         
00003031  _SlRemoveFromList                     
000031ad  _SlDrvCmdOp                           
00003265  _sl_HandleAsync_InitComplete          
0000331d  sl_NetAppMDNSRegisterUnregisterService
000033d5  _sl_HandleAsync_Connect               
00003489  main                                  
0000353d  _SlDrvDriverCBDeinit                  
000035e5  sl_DevGet                             
0000368d  __aeabi_memcpy                        
0000368d  __aeabi_memcpy4                       
0000368d  __aeabi_memcpy8                       
0000368d  memcpy                                
00003729  _sl_HandleAsync_Accept                
000037c1  _sl_HandleAsync_Select                
0000384d  sl_Bind                               
000038d9  _sl_HandleAsync_Stop                  
000039e9  _SlDrvObjInit                         
00003a69  __aeabi_memclr                        
00003a69  __aeabi_memclr4                       
00003a69  __aeabi_memclr8                       
00003a6b  __aeabi_memset                        
00003a6b  __aeabi_memset4                       
00003a6b  __aeabi_memset8                       
00003a71  memset                                
00003ae3  EUSCIA0_IRQHandler                    
00003ae3  EUSCIA0_IRQHandler                    
00003ae5  spi_Read                              
00003b59  _SlNonOsMainLoopTask                  
00003bc5  sl_NetCfgSet                          
00003c31  sl_SetSockOpt                         
00003c9d  sl_WlanSet                            
00003d09  spi_Write                             
00003d75  __TI_decompress_lzss                  
00003ddd  sl_NetAppSendTokenValue               
00003e45  _SlDrvDeviceEventHandler              
00003ea9  sl_WlanPolicySet                      
00003f0d  _SlNonOsSemGet                        
00003f69  sl_Socket                             
00003fc5  SimpleLinkWlanEventHandler            
0000401d  _sl_GetStartResponseConvert           
00004075  sl_WlanRxFilterSet                    
000040cd  _SlNonOsSpawn                         
00004121  _sl_BuildAddress                      
00004171  _SlDrvRxIrqHandler                    
000041bd  CC3100_InterruptEnable                
00004205  _SlDrvBasicCmd                        
0000424d  _SlDrvCmdSend                         
00004295  _SlDrvFlowContDeinit                  
000042d9  _SlDrvFlowContInit                    
0000431d  __TI_auto_init_nobinit_nopinit        
00004361  _SlDrvShiftDWord                      
000043a3  sl_Htonl                              
000043e5  SimpleLinkNetAppEventHandler          
00004425  CopyPingResultsToReport               
00004461  sl_Htons                              
0000449d  ADC14_getEnabledInterruptStatus       
000044d5  _c_int00_noargs                       
0000450d  sl_NetAppMDNSUnRegisterService        
00004543  PORT1_IRQHandler                      
00004543  PORT1_IRQHandler                      
00004545  ADC14_clearInterruptFlag              
00004575  CC3100_InterruptDisable               
000045a5  PORT2_IRQHandler                      
000045a5  PORT2_IRQHandler                      
000045d5  sl_Close                              
00004605  sl_WlanProfileDel                     
00004635  sl_WlanSetMode                        
00004665  ADC14_getInterruptStatus              
00004691  Delay                                 
000046b9  SL_FD_ISSET                           
000046e1  ADC14_IRQHandler                      
000046e1  ADC14_IRQHandler                      
00004709  ReceiveData                           
0000472d  SendData                              
00004751  WDT_A_holdTimer                       
00004775  _SlDrvObjDeInit                       
00004799  SL_FD_SET                             
000047bb  _SlNonOsSemSet                        
000047d5  registerInterruptHandler              
000047ed  strlen                                
00004801  __TI_zero_init_nomemset               
00004815  CC3100_disable                        
00004825  CC3100_enable                         
00004835  SL_FD_ZERO                            
00004845  SimpleLinkSockEventHandler            
00004855  __TI_decompress_none                  
00004863  Reset_Handler                         
0000486f  SimpleLinkHttpServerCallback          
0000487b  sl_WlanDisconnect                     
00004887  spi_Close                             
00004893  SimpleLinkGeneralEventHandler         
0000489d  _system_pre_init                      
000048a1  C$$EXIT                               
000048a1  abort                                 
00004954  _SlActionLookupTable                  
000049d8  g_H2NCnysPattern                      
000049e0  g_H2NSyncPattern                      
000049f8  _SlDeviceGetCmdCtrl                   
000049fc  _SlNetAppSendTokenValueCmdCtrl        
00004a00  _SlNetCfgSetCmdCtrl                   
00004a04  _SlPolicySetCmdCtrl                   
00004a08  _SlProfileDelCmdCtrl                  
00004a0c  _SlRecvfomCmdCtrl                     
00004a10  _SlRegisterServiceCtrl                
00004a14  _SlRxFilterSetCmdCtrl                 
00004a18  _SlSelectCmdCtrl                      
00004a1c  _SlSetSockOptCmdCtrl                  
00004a20  _SlSockCloseCmdCtrl                   
00004a24  _SlSockSocketCmdCtrl                  
00004a28  _SlStopCmdCtrl                        
00004a2c  _SlWlanCfgSetCmdCtrl                  
00004a30  _SlWlanSetModeCmdCtrl                 
00004a44  __TI_Handler_Table_Base               
00004a50  __TI_Handler_Table_Limit              
00004a58  __TI_CINIT_Base                       
00004a68  __TI_CINIT_Limit                      
20000000  g_StatMem                             
20000164  g__SlNonOsCB                          
2000018c  meter_info                            
20000197  ctrl_info                             
200001a4  g_Status                              
200001a8  retVal                                
200001ac  receivedAlready                       
200001b0  transmitedAlready                     
200001b4  SockIDRx                              
200001b6  SockIDTx                              
200001b8  g_pCB                                 
200001bc  pPingCallBackFunc                     
200001c0  gFirstCmdMode                         
200001c4  pIraEventHandler                      
2000fe00  __stack                               
20010000  __STACK_END                           
4000480c  WDTCTL_SYM                            
ffffffff  __TI_pprof_out_hndl                   
ffffffff  __TI_prof_data_size                   
ffffffff  __TI_prof_data_start                  
ffffffff  __binit__                             
ffffffff  __c_args__                            
ffffffff  binit                                 
UNDEFED   __mpu_init                            
UNDEFED   _system_post_cinit                    

[218 symbols]
