<?xml version="1.0" encoding="ISO-8859-1" ?>
<link_info>
   <banner>TI ARM Linker PC v18.1.5.LTS</banner>
   <copyright>Copyright (c) 1996-2018 Texas Instruments Incorporated</copyright>
   <link_time>0x5c7751fd</link_time>
   <link_errors>0x0</link_errors>
   <output_file>test3.out</output_file>
   <entry_point>
      <name>_c_int00_noargs</name>
      <address>0x44d5</address>
   </entry_point>
   <input_file_list>
      <input_file id="fl-2">
         <path>.\</path>
         <kind>object</kind>
         <file>_data_pack_.obj</file>
         <name>_data_pack_.obj</name>
      </input_file>
      <input_file id="fl-3">
         <path>.\</path>
         <kind>object</kind>
         <file>adc14.obj</file>
         <name>adc14.obj</name>
      </input_file>
      <input_file id="fl-4">
         <path>.\</path>
         <kind>object</kind>
         <file>aes256.obj</file>
         <name>aes256.obj</name>
      </input_file>
      <input_file id="fl-5">
         <path>.\</path>
         <kind>object</kind>
         <file>comp_e.obj</file>
         <name>comp_e.obj</name>
      </input_file>
      <input_file id="fl-6">
         <path>.\</path>
         <kind>object</kind>
         <file>cpu.obj</file>
         <name>cpu.obj</name>
      </input_file>
      <input_file id="fl-7">
         <path>.\</path>
         <kind>object</kind>
         <file>crc32.obj</file>
         <name>crc32.obj</name>
      </input_file>
      <input_file id="fl-8">
         <path>.\</path>
         <kind>object</kind>
         <file>cs.obj</file>
         <name>cs.obj</name>
      </input_file>
      <input_file id="fl-9">
         <path>.\</path>
         <kind>object</kind>
         <file>dma.obj</file>
         <name>dma.obj</name>
      </input_file>
      <input_file id="fl-a">
         <path>.\</path>
         <kind>object</kind>
         <file>flash.obj</file>
         <name>flash.obj</name>
      </input_file>
      <input_file id="fl-b">
         <path>.\</path>
         <kind>object</kind>
         <file>fpu.obj</file>
         <name>fpu.obj</name>
      </input_file>
      <input_file id="fl-c">
         <path>.\</path>
         <kind>object</kind>
         <file>gpio.obj</file>
         <name>gpio.obj</name>
      </input_file>
      <input_file id="fl-d">
         <path>.\</path>
         <kind>object</kind>
         <file>i2c.obj</file>
         <name>i2c.obj</name>
      </input_file>
      <input_file id="fl-e">
         <path>.\</path>
         <kind>object</kind>
         <file>interrupt.obj</file>
         <name>interrupt.obj</name>
      </input_file>
      <input_file id="fl-f">
         <path>.\</path>
         <kind>object</kind>
         <file>main.obj</file>
         <name>main.obj</name>
      </input_file>
      <input_file id="fl-10">
         <path>.\</path>
         <kind>object</kind>
         <file>mpu.obj</file>
         <name>mpu.obj</name>
      </input_file>
      <input_file id="fl-11">
         <path>.\</path>
         <kind>object</kind>
         <file>pcm.obj</file>
         <name>pcm.obj</name>
      </input_file>
      <input_file id="fl-12">
         <path>.\</path>
         <kind>object</kind>
         <file>pmap.obj</file>
         <name>pmap.obj</name>
      </input_file>
      <input_file id="fl-13">
         <path>.\</path>
         <kind>object</kind>
         <file>pss.obj</file>
         <name>pss.obj</name>
      </input_file>
      <input_file id="fl-14">
         <path>.\</path>
         <kind>object</kind>
         <file>ref_a.obj</file>
         <name>ref_a.obj</name>
      </input_file>
      <input_file id="fl-15">
         <path>.\</path>
         <kind>object</kind>
         <file>reset.obj</file>
         <name>reset.obj</name>
      </input_file>
      <input_file id="fl-16">
         <path>.\</path>
         <kind>object</kind>
         <file>rtc_c.obj</file>
         <name>rtc_c.obj</name>
      </input_file>
      <input_file id="fl-17">
         <path>.\</path>
         <kind>object</kind>
         <file>spi.obj</file>
         <name>spi.obj</name>
      </input_file>
      <input_file id="fl-18">
         <path>.\</path>
         <kind>object</kind>
         <file>sysctl.obj</file>
         <name>sysctl.obj</name>
      </input_file>
      <input_file id="fl-19">
         <path>.\</path>
         <kind>object</kind>
         <file>system_msp432p401r.obj</file>
         <name>system_msp432p401r.obj</name>
      </input_file>
      <input_file id="fl-1a">
         <path>.\</path>
         <kind>object</kind>
         <file>systick.obj</file>
         <name>systick.obj</name>
      </input_file>
      <input_file id="fl-1b">
         <path>.\</path>
         <kind>object</kind>
         <file>timer32.obj</file>
         <name>timer32.obj</name>
      </input_file>
      <input_file id="fl-1c">
         <path>.\</path>
         <kind>object</kind>
         <file>timer_a.obj</file>
         <name>timer_a.obj</name>
      </input_file>
      <input_file id="fl-1d">
         <path>.\</path>
         <kind>object</kind>
         <file>uart.obj</file>
         <name>uart.obj</name>
      </input_file>
      <input_file id="fl-1e">
         <path>.\</path>
         <kind>object</kind>
         <file>wdt_a.obj</file>
         <name>wdt_a.obj</name>
      </input_file>
      <input_file id="fl-1f">
         <path>.\WiFi\</path>
         <kind>object</kind>
         <file>board.obj</file>
         <name>board.obj</name>
      </input_file>
      <input_file id="fl-20">
         <path>.\WiFi\</path>
         <kind>object</kind>
         <file>cc3100_usage.obj</file>
         <name>cc3100_usage.obj</name>
      </input_file>
      <input_file id="fl-21">
         <path>.\WiFi\</path>
         <kind>object</kind>
         <file>device.obj</file>
         <name>device.obj</name>
      </input_file>
      <input_file id="fl-22">
         <path>.\WiFi\</path>
         <kind>object</kind>
         <file>driver.obj</file>
         <name>driver.obj</name>
      </input_file>
      <input_file id="fl-23">
         <path>.\WiFi\</path>
         <kind>object</kind>
         <file>flowcont.obj</file>
         <name>flowcont.obj</name>
      </input_file>
      <input_file id="fl-24">
         <path>.\WiFi\</path>
         <kind>object</kind>
         <file>fs.obj</file>
         <name>fs.obj</name>
      </input_file>
      <input_file id="fl-25">
         <path>.\WiFi\</path>
         <kind>object</kind>
         <file>netapp.obj</file>
         <name>netapp.obj</name>
      </input_file>
      <input_file id="fl-26">
         <path>.\WiFi\</path>
         <kind>object</kind>
         <file>netcfg.obj</file>
         <name>netcfg.obj</name>
      </input_file>
      <input_file id="fl-27">
         <path>.\WiFi\</path>
         <kind>object</kind>
         <file>nonos.obj</file>
         <name>nonos.obj</name>
      </input_file>
      <input_file id="fl-28">
         <path>.\WiFi\</path>
         <kind>object</kind>
         <file>socket.obj</file>
         <name>socket.obj</name>
      </input_file>
      <input_file id="fl-29">
         <path>.\WiFi\</path>
         <kind>object</kind>
         <file>spawn.obj</file>
         <name>spawn.obj</name>
      </input_file>
      <input_file id="fl-2a">
         <path>.\WiFi\</path>
         <kind>object</kind>
         <file>spi_cc3100.obj</file>
         <name>spi_cc3100.obj</name>
      </input_file>
      <input_file id="fl-2b">
         <path>.\WiFi\</path>
         <kind>object</kind>
         <file>wlan.obj</file>
         <name>wlan.obj</name>
      </input_file>
      <input_file id="fl-2c">
         <path>.\ccs\</path>
         <kind>object</kind>
         <file>startup_msp432p401r_ccs.obj</file>
         <name>startup_msp432p401r_ccs.obj</name>
      </input_file>
      <input_file id="fl-36">
         <kind>object</kind>
         <file>&lt;internal&gt;</file>
         <name>&lt;internal&gt;</name>
      </input_file>
      <input_file id="fl-ec">
         <path>C:\ti\ccsv8\tools\compiler\ti-cgt-arm_18.1.5.LTS\lib\</path>
         <kind>archive</kind>
         <file>rtsv7M4_T_le_v4SPD16_eabi.lib</file>
         <name>memset_t2.asm.obj</name>
      </input_file>
      <input_file id="fl-ed">
         <path>C:\ti\ccsv8\tools\compiler\ti-cgt-arm_18.1.5.LTS\lib\</path>
         <kind>archive</kind>
         <file>rtsv7M4_T_le_v4SPD16_eabi.lib</file>
         <name>memcpy_t2.asm.obj</name>
      </input_file>
      <input_file id="fl-ee">
         <path>C:\ti\ccsv8\tools\compiler\ti-cgt-arm_18.1.5.LTS\lib\</path>
         <kind>archive</kind>
         <file>rtsv7M4_T_le_v4SPD16_eabi.lib</file>
         <name>copy_zero_init.c.obj</name>
      </input_file>
      <input_file id="fl-ef">
         <path>C:\ti\ccsv8\tools\compiler\ti-cgt-arm_18.1.5.LTS\lib\</path>
         <kind>archive</kind>
         <file>rtsv7M4_T_le_v4SPD16_eabi.lib</file>
         <name>copy_decompress_none.c.obj</name>
      </input_file>
      <input_file id="fl-f0">
         <path>C:\ti\ccsv8\tools\compiler\ti-cgt-arm_18.1.5.LTS\lib\</path>
         <kind>archive</kind>
         <file>rtsv7M4_T_le_v4SPD16_eabi.lib</file>
         <name>copy_decompress_lzss.c.obj</name>
      </input_file>
      <input_file id="fl-f1">
         <path>C:\ti\ccsv8\tools\compiler\ti-cgt-arm_18.1.5.LTS\lib\</path>
         <kind>archive</kind>
         <file>rtsv7M4_T_le_v4SPD16_eabi.lib</file>
         <name>boot_cortex_m.c.obj</name>
      </input_file>
      <input_file id="fl-f2">
         <path>C:\ti\ccsv8\tools\compiler\ti-cgt-arm_18.1.5.LTS\lib\</path>
         <kind>archive</kind>
         <file>rtsv7M4_T_le_v4SPD16_eabi.lib</file>
         <name>exit.c.obj</name>
      </input_file>
      <input_file id="fl-f3">
         <path>C:\ti\ccsv8\tools\compiler\ti-cgt-arm_18.1.5.LTS\lib\</path>
         <kind>archive</kind>
         <file>rtsv7M4_T_le_v4SPD16_eabi.lib</file>
         <name>_lock.c.obj</name>
      </input_file>
      <input_file id="fl-f4">
         <path>C:\ti\ccsv8\tools\compiler\ti-cgt-arm_18.1.5.LTS\lib\</path>
         <kind>archive</kind>
         <file>rtsv7M4_T_le_v4SPD16_eabi.lib</file>
         <name>args_main.c.obj</name>
      </input_file>
      <input_file id="fl-f5">
         <path>C:\ti\ccsv8\tools\compiler\ti-cgt-arm_18.1.5.LTS\lib\</path>
         <kind>archive</kind>
         <file>rtsv7M4_T_le_v4SPD16_eabi.lib</file>
         <name>strlen.c.obj</name>
      </input_file>
      <input_file id="fl-f6">
         <path>C:\ti\ccsv8\tools\compiler\ti-cgt-arm_18.1.5.LTS\lib\</path>
         <kind>archive</kind>
         <file>rtsv7M4_T_le_v4SPD16_eabi.lib</file>
         <name>autoinit.c.obj</name>
      </input_file>
      <input_file id="fl-f7">
         <path>C:\ti\ccsv8\tools\compiler\ti-cgt-arm_18.1.5.LTS\lib\</path>
         <kind>archive</kind>
         <file>rtsv7M4_T_le_v4SPD16_eabi.lib</file>
         <name>pre_init.c.obj</name>
      </input_file>
      <input_file id="fl-f8">
         <path>C:\ti\ccsv8\tools\compiler\ti-cgt-arm_18.1.5.LTS\lib\</path>
         <kind>archive</kind>
         <file>rtsv7M4_T_le_v4SPD16_eabi.lib</file>
         <name>cpy_tbl.c.obj</name>
      </input_file>
   </input_file_list>
   <object_component_list>
      <object_component id="oc-23">
         <name>.intvecs:retain</name>
         <load_address>0x0</load_address>
         <run_address>0x0</run_address>
         <size>0xe4</size>
         <input_file_ref idref="fl-2c"/>
      </object_component>
      <object_component id="oc-465">
         <name>.text:_SlDrvMsgRead</name>
         <load_address>0xe4</load_address>
         <run_address>0xe4</run_address>
         <size>0x634</size>
         <input_file_ref idref="fl-22"/>
      </object_component>
      <object_component id="oc-46b">
         <name>.text:_SlAsyncEventGenericHandler</name>
         <load_address>0x718</load_address>
         <run_address>0x718</run_address>
         <size>0x4e4</size>
         <input_file_ref idref="fl-22"/>
      </object_component>
      <object_component id="oc-2c6">
         <name>.text:sl_WlanConnect</name>
         <load_address>0xbfc</load_address>
         <run_address>0xbfc</run_address>
         <size>0x244</size>
         <input_file_ref idref="fl-2b"/>
      </object_component>
      <object_component id="oc-49e">
         <name>.text:_SlDrvRxHdrRead</name>
         <load_address>0xe40</load_address>
         <run_address>0xe40</run_address>
         <size>0x214</size>
         <input_file_ref idref="fl-22"/>
      </object_component>
      <object_component id="oc-41b">
         <name>.text:_SlDrvDataReadOp</name>
         <load_address>0x1054</load_address>
         <run_address>0x1054</run_address>
         <size>0x208</size>
         <input_file_ref idref="fl-22"/>
      </object_component>
      <object_component id="oc-275">
         <name>.text:_SlDrvReleasePoolObj</name>
         <load_address>0x125c</load_address>
         <run_address>0x125c</run_address>
         <size>0x208</size>
         <input_file_ref idref="fl-22"/>
      </object_component>
      <object_component id="oc-251">
         <name>.text:_SlDrvWaitForPoolObj</name>
         <load_address>0x1464</load_address>
         <run_address>0x1464</run_address>
         <size>0x208</size>
         <input_file_ref idref="fl-22"/>
      </object_component>
      <object_component id="oc-3b4">
         <name>.text:_SlDrvMsgWrite</name>
         <load_address>0x166c</load_address>
         <run_address>0x166c</run_address>
         <size>0x1f8</size>
         <input_file_ref idref="fl-22"/>
      </object_component>
      <object_component id="oc-18c">
         <name>.text:configureSimpleLinkToDefaultState</name>
         <load_address>0x1864</load_address>
         <run_address>0x1864</run_address>
         <size>0x1e4</size>
         <input_file_ref idref="fl-20"/>
      </object_component>
      <object_component id="oc-3fe">
         <name>.text:_SlDrvDataWriteOp</name>
         <load_address>0x1a48</load_address>
         <run_address>0x1a48</run_address>
         <size>0x1cc</size>
         <input_file_ref idref="fl-22"/>
      </object_component>
      <object_component id="oc-1c0">
         <name>.text:BsdUdpServer</name>
         <load_address>0x1c14</load_address>
         <run_address>0x1c14</run_address>
         <size>0x1a8</size>
         <input_file_ref idref="fl-20"/>
      </object_component>
      <object_component id="oc-31a">
         <name>.text:sl_Select</name>
         <load_address>0x1dbc</load_address>
         <run_address>0x1dbc</run_address>
         <size>0x194</size>
         <input_file_ref idref="fl-28"/>
      </object_component>
      <object_component id="oc-4b0">
         <name>.text:_SlFindAndSetActiveObj</name>
         <load_address>0x1f50</load_address>
         <run_address>0x1f50</run_address>
         <size>0x170</size>
         <input_file_ref idref="fl-22"/>
      </object_component>
      <object_component id="oc-fd">
         <name>.text:spi_Open</name>
         <load_address>0x20c0</load_address>
         <run_address>0x20c0</run_address>
         <size>0x13c</size>
         <input_file_ref idref="fl-2a"/>
      </object_component>
      <object_component id="oc-19e">
         <name>.text:sl_Stop</name>
         <load_address>0x21fc</load_address>
         <run_address>0x21fc</run_address>
         <size>0x12c</size>
         <input_file_ref idref="fl-21"/>
      </object_component>
      <object_component id="oc-2e9">
         <name>.text:sl_SendTo</name>
         <load_address>0x2328</load_address>
         <run_address>0x2328</run_address>
         <size>0x120</size>
         <input_file_ref idref="fl-28"/>
      </object_component>
      <object_component id="oc-4a4">
         <name>.text:_SlDrvClassifyRxMsg</name>
         <load_address>0x2448</load_address>
         <run_address>0x2448</run_address>
         <size>0x118</size>
         <input_file_ref idref="fl-22"/>
      </object_component>
      <object_component id="oc-326">
         <name>.text:sl_RecvFrom</name>
         <load_address>0x2560</load_address>
         <run_address>0x2560</run_address>
         <size>0x118</size>
         <input_file_ref idref="fl-28"/>
      </object_component>
      <object_component id="oc-192">
         <name>.text:sl_Start</name>
         <load_address>0x2678</load_address>
         <run_address>0x2678</run_address>
         <size>0x110</size>
         <input_file_ref idref="fl-21"/>
      </object_component>
      <object_component id="oc-3ba">
         <name>.text:_SlDrvMsgReadCmdCtx</name>
         <load_address>0x2788</load_address>
         <run_address>0x2788</run_address>
         <size>0x104</size>
         <input_file_ref idref="fl-22"/>
      </object_component>
      <object_component id="oc-4dd">
         <name>.text:_SlDrvNetAppEventHandler</name>
         <load_address>0x288c</load_address>
         <run_address>0x288c</run_address>
         <size>0xfe</size>
         <input_file_ref idref="fl-25"/>
      </object_component>
      <object_component id="oc-6a">
         <name>.text:Default_Handler</name>
         <load_address>0x298a</load_address>
         <run_address>0x298a</run_address>
         <size>0x2</size>
         <input_file_ref idref="fl-2c"/>
      </object_component>
      <object_component id="oc-24b">
         <name>.text:_SlDrvDriverCBInit</name>
         <load_address>0x298c</load_address>
         <run_address>0x298c</run_address>
         <size>0xf0</size>
         <input_file_ref idref="fl-22"/>
      </object_component>
      <object_component id="oc-3ab">
         <name>.text:_SlDrvMsgReadSpawnCtx</name>
         <load_address>0x2a7c</load_address>
         <run_address>0x2a7c</run_address>
         <size>0xe8</size>
         <input_file_ref idref="fl-22"/>
      </object_component>
      <object_component id="oc-c0">
         <name>.text:SystemInit</name>
         <load_address>0x2b64</load_address>
         <run_address>0x2b64</run_address>
         <size>0xd4</size>
         <input_file_ref idref="fl-19"/>
      </object_component>
      <object_component id="oc-514">
         <name>.text:_sl_HandleAsync_DnsGetHostByService</name>
         <load_address>0x2c38</load_address>
         <run_address>0x2c38</run_address>
         <size>0xd4</size>
         <input_file_ref idref="fl-25"/>
      </object_component>
      <object_component id="oc-103">
         <name>.text:initCC3100</name>
         <load_address>0x2d0c</load_address>
         <run_address>0x2d0c</run_address>
         <size>0xcc</size>
         <input_file_ref idref="fl-20"/>
      </object_component>
      <object_component id="oc-50e">
         <name>.text:_sl_HandleAsync_DnsGetHostByName</name>
         <load_address>0x2dd8</load_address>
         <run_address>0x2dd8</run_address>
         <size>0xc8</size>
         <input_file_ref idref="fl-25"/>
      </object_component>
      <object_component id="oc-4b7">
         <name>.text:_sl_HandleAsync_PingResponse</name>
         <load_address>0x2ea0</load_address>
         <run_address>0x2ea0</run_address>
         <size>0xc8</size>
         <input_file_ref idref="fl-25"/>
      </object_component>
      <object_component id="oc-3f2">
         <name>.text:_sl_TruncatePayloadByProtocol</name>
         <load_address>0x2f68</load_address>
         <run_address>0x2f68</run_address>
         <size>0xc8</size>
         <input_file_ref idref="fl-28"/>
      </object_component>
      <object_component id="oc-39b">
         <name>.text:_SlRemoveFromList</name>
         <load_address>0x3030</load_address>
         <run_address>0x3030</run_address>
         <size>0xc4</size>
         <input_file_ref idref="fl-22"/>
      </object_component>
      <object_component id="oc-1b8">
         <name>.text:BsdUdpClient</name>
         <load_address>0x30f4</load_address>
         <run_address>0x30f4</run_address>
         <size>0xb8</size>
         <input_file_ref idref="fl-20"/>
      </object_component>
      <object_component id="oc-296">
         <name>.text:_SlDrvCmdOp</name>
         <load_address>0x31ac</load_address>
         <run_address>0x31ac</run_address>
         <size>0xb8</size>
         <input_file_ref idref="fl-22"/>
      </object_component>
      <object_component id="oc-4f9">
         <name>.text:_sl_HandleAsync_InitComplete</name>
         <load_address>0x3264</load_address>
         <run_address>0x3264</run_address>
         <size>0xb8</size>
         <input_file_ref idref="fl-21"/>
      </object_component>
      <object_component id="oc-373">
         <name>.text:sl_NetAppMDNSRegisterUnregisterService</name>
         <load_address>0x331c</load_address>
         <run_address>0x331c</run_address>
         <size>0xb8</size>
         <input_file_ref idref="fl-25"/>
      </object_component>
      <object_component id="oc-531">
         <name>.text:_sl_HandleAsync_Connect</name>
         <load_address>0x33d4</load_address>
         <run_address>0x33d4</run_address>
         <size>0xb4</size>
         <input_file_ref idref="fl-28"/>
      </object_component>
      <object_component id="oc-ae">
         <name>.text:main</name>
         <load_address>0x3488</load_address>
         <run_address>0x3488</run_address>
         <size>0xb4</size>
         <input_file_ref idref="fl-f"/>
      </object_component>
      <object_component id="oc-2b1">
         <name>.text:_SlDrvDriverCBDeinit</name>
         <load_address>0x353c</load_address>
         <run_address>0x353c</run_address>
         <size>0xa8</size>
         <input_file_ref idref="fl-22"/>
      </object_component>
      <object_component id="oc-215">
         <name>.text:sl_DevGet</name>
         <load_address>0x35e4</load_address>
         <run_address>0x35e4</run_address>
         <size>0xa8</size>
         <input_file_ref idref="fl-21"/>
      </object_component>
      <object_component id="oc-34">
         <name>.text</name>
         <load_address>0x368c</load_address>
         <run_address>0x368c</run_address>
         <size>0x9c</size>
         <input_file_ref idref="fl-ed"/>
      </object_component>
      <object_component id="oc-52b">
         <name>.text:_sl_HandleAsync_Accept</name>
         <load_address>0x3728</load_address>
         <run_address>0x3728</run_address>
         <size>0x98</size>
         <input_file_ref idref="fl-28"/>
      </object_component>
      <object_component id="oc-537">
         <name>.text:_sl_HandleAsync_Select</name>
         <load_address>0x37c0</load_address>
         <run_address>0x37c0</run_address>
         <size>0x8c</size>
         <input_file_ref idref="fl-28"/>
      </object_component>
      <object_component id="oc-302">
         <name>.text:sl_Bind</name>
         <load_address>0x384c</load_address>
         <run_address>0x384c</run_address>
         <size>0x8c</size>
         <input_file_ref idref="fl-28"/>
      </object_component>
      <object_component id="oc-4ff">
         <name>.text:_sl_HandleAsync_Stop</name>
         <load_address>0x38d8</load_address>
         <run_address>0x38d8</run_address>
         <size>0x88</size>
         <input_file_ref idref="fl-21"/>
      </object_component>
      <object_component id="oc-1a4">
         <name>.text:establishConnectionWithAP</name>
         <load_address>0x3960</load_address>
         <run_address>0x3960</run_address>
         <size>0x88</size>
         <input_file_ref idref="fl-20"/>
      </object_component>
      <object_component id="oc-383">
         <name>.text:_SlDrvObjInit</name>
         <load_address>0x39e8</load_address>
         <run_address>0x39e8</run_address>
         <size>0x80</size>
         <input_file_ref idref="fl-22"/>
      </object_component>
      <object_component id="oc-a2">
         <name>.text</name>
         <load_address>0x3a68</load_address>
         <run_address>0x3a68</run_address>
         <size>0x7a</size>
         <input_file_ref idref="fl-ec"/>
      </object_component>
      <object_component id="oc-70">
         <name>.text:EUSCIA0_IRQHandler</name>
         <load_address>0x3ae2</load_address>
         <run_address>0x3ae2</run_address>
         <size>0x2</size>
         <input_file_ref idref="fl-1f"/>
      </object_component>
      <object_component id="oc-4aa">
         <name>.text:spi_Read</name>
         <load_address>0x3ae4</load_address>
         <run_address>0x3ae4</run_address>
         <size>0x74</size>
         <input_file_ref idref="fl-2a"/>
      </object_component>
      <object_component id="oc-209">
         <name>.text:_SlNonOsMainLoopTask</name>
         <load_address>0x3b58</load_address>
         <run_address>0x3b58</run_address>
         <size>0x6c</size>
         <input_file_ref idref="fl-27"/>
      </object_component>
      <object_component id="oc-198">
         <name>.text:sl_NetCfgSet</name>
         <load_address>0x3bc4</load_address>
         <run_address>0x3bc4</run_address>
         <size>0x6c</size>
         <input_file_ref idref="fl-26"/>
      </object_component>
      <object_component id="oc-2fc">
         <name>.text:sl_SetSockOpt</name>
         <load_address>0x3c30</load_address>
         <run_address>0x3c30</run_address>
         <size>0x6c</size>
         <input_file_ref idref="fl-28"/>
      </object_component>
      <object_component id="oc-22d">
         <name>.text:sl_WlanSet</name>
         <load_address>0x3c9c</load_address>
         <run_address>0x3c9c</run_address>
         <size>0x6c</size>
         <input_file_ref idref="fl-2b"/>
      </object_component>
      <object_component id="oc-472">
         <name>.text:spi_Write</name>
         <load_address>0x3d08</load_address>
         <run_address>0x3d08</run_address>
         <size>0x6c</size>
         <input_file_ref idref="fl-2a"/>
      </object_component>
      <object_component id="oc-14">
         <name>.text:decompress:lzss:__TI_decompress_lzss</name>
         <load_address>0x3d74</load_address>
         <run_address>0x3d74</run_address>
         <size>0x68</size>
         <input_file_ref idref="fl-f0"/>
      </object_component>
      <object_component id="oc-520">
         <name>.text:sl_NetAppSendTokenValue</name>
         <load_address>0x3ddc</load_address>
         <run_address>0x3ddc</run_address>
         <size>0x68</size>
         <input_file_ref idref="fl-25"/>
      </object_component>
      <object_component id="oc-4cb">
         <name>.text:_SlDrvDeviceEventHandler</name>
         <load_address>0x3e44</load_address>
         <run_address>0x3e44</run_address>
         <size>0x64</size>
         <input_file_ref idref="fl-21"/>
      </object_component>
      <object_component id="oc-21b">
         <name>.text:sl_WlanPolicySet</name>
         <load_address>0x3ea8</load_address>
         <run_address>0x3ea8</run_address>
         <size>0x64</size>
         <input_file_ref idref="fl-2b"/>
      </object_component>
      <object_component id="oc-257">
         <name>.text:_SlNonOsSemGet</name>
         <load_address>0x3f0c</load_address>
         <run_address>0x3f0c</run_address>
         <size>0x5c</size>
         <input_file_ref idref="fl-27"/>
      </object_component>
      <object_component id="oc-2e3">
         <name>.text:sl_Socket</name>
         <load_address>0x3f68</load_address>
         <run_address>0x3f68</run_address>
         <size>0x5c</size>
         <input_file_ref idref="fl-28"/>
      </object_component>
      <object_component id="oc-4d1">
         <name>.text:SimpleLinkWlanEventHandler</name>
         <load_address>0x3fc4</load_address>
         <run_address>0x3fc4</run_address>
         <size>0x58</size>
         <input_file_ref idref="fl-20"/>
      </object_component>
      <object_component id="oc-27b">
         <name>.text:_sl_GetStartResponseConvert</name>
         <load_address>0x401c</load_address>
         <run_address>0x401c</run_address>
         <size>0x58</size>
         <input_file_ref idref="fl-21"/>
      </object_component>
      <object_component id="oc-239">
         <name>.text:sl_WlanRxFilterSet</name>
         <load_address>0x4074</load_address>
         <run_address>0x4074</run_address>
         <size>0x58</size>
         <input_file_ref idref="fl-2b"/>
      </object_component>
      <object_component id="oc-3a5">
         <name>.text:_SlNonOsSpawn</name>
         <load_address>0x40cc</load_address>
         <run_address>0x40cc</run_address>
         <size>0x54</size>
         <input_file_ref idref="fl-27"/>
      </object_component>
      <object_component id="oc-3f8">
         <name>.text:_sl_BuildAddress</name>
         <load_address>0x4120</load_address>
         <run_address>0x4120</run_address>
         <size>0x50</size>
         <input_file_ref idref="fl-28"/>
      </object_component>
      <object_component id="oc-284">
         <name>.text:_SlDrvRxIrqHandler</name>
         <load_address>0x4170</load_address>
         <run_address>0x4170</run_address>
         <size>0x4c</size>
         <input_file_ref idref="fl-22"/>
      </object_component>
      <object_component id="oc-17f">
         <name>.text:CC3100_InterruptEnable</name>
         <load_address>0x41bc</load_address>
         <run_address>0x41bc</run_address>
         <size>0x48</size>
         <input_file_ref idref="fl-1f"/>
      </object_component>
      <object_component id="oc-368">
         <name>.text:_SlDrvBasicCmd</name>
         <load_address>0x4204</load_address>
         <run_address>0x4204</run_address>
         <size>0x48</size>
         <input_file_ref idref="fl-22"/>
      </object_component>
      <object_component id="oc-546">
         <name>.text:_SlDrvCmdSend</name>
         <load_address>0x424c</load_address>
         <run_address>0x424c</run_address>
         <size>0x48</size>
         <input_file_ref idref="fl-22"/>
      </object_component>
      <object_component id="oc-3cc">
         <name>.text:_SlDrvFlowContDeinit</name>
         <load_address>0x4294</load_address>
         <run_address>0x4294</run_address>
         <size>0x44</size>
         <input_file_ref idref="fl-23"/>
      </object_component>
      <object_component id="oc-389">
         <name>.text:_SlDrvFlowContInit</name>
         <load_address>0x42d8</load_address>
         <run_address>0x42d8</run_address>
         <size>0x44</size>
         <input_file_ref idref="fl-23"/>
      </object_component>
      <object_component id="oc-126">
         <name>.text:__TI_auto_init_nobinit_nopinit:__TI_auto_init_nobinit_nopinit</name>
         <load_address>0x431c</load_address>
         <run_address>0x431c</run_address>
         <size>0x44</size>
         <input_file_ref idref="fl-f6"/>
      </object_component>
      <object_component id="oc-4c1">
         <name>.text:_SlDrvShiftDWord</name>
         <load_address>0x4360</load_address>
         <run_address>0x4360</run_address>
         <size>0x42</size>
         <input_file_ref idref="fl-22"/>
      </object_component>
      <object_component id="oc-2dd">
         <name>.text:sl_Htonl</name>
         <load_address>0x43a2</load_address>
         <run_address>0x43a2</run_address>
         <size>0x42</size>
         <input_file_ref idref="fl-28"/>
      </object_component>
      <object_component id="oc-4e3">
         <name>.text:SimpleLinkNetAppEventHandler</name>
         <load_address>0x43e4</load_address>
         <run_address>0x43e4</run_address>
         <size>0x40</size>
         <input_file_ref idref="fl-20"/>
      </object_component>
      <object_component id="oc-4ef">
         <name>.text:CopyPingResultsToReport</name>
         <load_address>0x4424</load_address>
         <run_address>0x4424</run_address>
         <size>0x3c</size>
         <input_file_ref idref="fl-25"/>
      </object_component>
      <object_component id="oc-2d7">
         <name>.text:sl_Htons</name>
         <load_address>0x4460</load_address>
         <run_address>0x4460</run_address>
         <size>0x3c</size>
         <input_file_ref idref="fl-28"/>
      </object_component>
      <object_component id="oc-c9">
         <name>.text:ADC14_getEnabledInterruptStatus</name>
         <load_address>0x449c</load_address>
         <run_address>0x449c</run_address>
         <size>0x38</size>
         <input_file_ref idref="fl-3"/>
      </object_component>
      <object_component id="oc-52">
         <name>.text:_c_int00_noargs:_c_int00_noargs</name>
         <load_address>0x44d4</load_address>
         <run_address>0x44d4</run_address>
         <size>0x38</size>
         <input_file_ref idref="fl-f1"/>
      </object_component>
      <object_component id="oc-233">
         <name>.text:sl_NetAppMDNSUnRegisterService</name>
         <load_address>0x450c</load_address>
         <run_address>0x450c</run_address>
         <size>0x36</size>
         <input_file_ref idref="fl-25"/>
      </object_component>
      <object_component id="oc-7c">
         <name>.text:PORT1_IRQHandler</name>
         <load_address>0x4542</load_address>
         <run_address>0x4542</run_address>
         <size>0x2</size>
         <input_file_ref idref="fl-1f"/>
      </object_component>
      <object_component id="oc-cf">
         <name>.text:ADC14_clearInterruptFlag</name>
         <load_address>0x4544</load_address>
         <run_address>0x4544</run_address>
         <size>0x30</size>
         <input_file_ref idref="fl-3"/>
      </object_component>
      <object_component id="oc-3c5">
         <name>.text:CC3100_InterruptDisable</name>
         <load_address>0x4574</load_address>
         <run_address>0x4574</run_address>
         <size>0x30</size>
         <input_file_ref idref="fl-1f"/>
      </object_component>
      <object_component id="oc-82">
         <name>.text:PORT2_IRQHandler</name>
         <load_address>0x45a4</load_address>
         <run_address>0x45a4</run_address>
         <size>0x30</size>
         <input_file_ref idref="fl-1f"/>
      </object_component>
      <object_component id="oc-308">
         <name>.text:sl_Close</name>
         <load_address>0x45d4</load_address>
         <run_address>0x45d4</run_address>
         <size>0x30</size>
         <input_file_ref idref="fl-28"/>
      </object_component>
      <object_component id="oc-221">
         <name>.text:sl_WlanProfileDel</name>
         <load_address>0x4604</load_address>
         <run_address>0x4604</run_address>
         <size>0x30</size>
         <input_file_ref idref="fl-2b"/>
      </object_component>
      <object_component id="oc-20f">
         <name>.text:sl_WlanSetMode</name>
         <load_address>0x4634</load_address>
         <run_address>0x4634</run_address>
         <size>0x30</size>
         <input_file_ref idref="fl-2b"/>
      </object_component>
      <object_component id="oc-159">
         <name>.text:ADC14_getInterruptStatus</name>
         <load_address>0x4664</load_address>
         <run_address>0x4664</run_address>
         <size>0x2c</size>
         <input_file_ref idref="fl-3"/>
      </object_component>
      <object_component id="oc-179">
         <name>.text:Delay</name>
         <load_address>0x4690</load_address>
         <run_address>0x4690</run_address>
         <size>0x28</size>
         <input_file_ref idref="fl-1f"/>
      </object_component>
      <object_component id="oc-320">
         <name>.text:SL_FD_ISSET</name>
         <load_address>0x46b8</load_address>
         <run_address>0x46b8</run_address>
         <size>0x28</size>
         <input_file_ref idref="fl-28"/>
      </object_component>
      <object_component id="oc-76">
         <name>.text:ADC14_IRQHandler</name>
         <load_address>0x46e0</load_address>
         <run_address>0x46e0</run_address>
         <size>0x26</size>
         <input_file_ref idref="fl-f"/>
      </object_component>
      <object_component id="oc-10f">
         <name>.text:ReceiveData</name>
         <load_address>0x4708</load_address>
         <run_address>0x4708</run_address>
         <size>0x24</size>
         <input_file_ref idref="fl-20"/>
      </object_component>
      <object_component id="oc-109">
         <name>.text:SendData</name>
         <load_address>0x472c</load_address>
         <run_address>0x472c</run_address>
         <size>0x24</size>
         <input_file_ref idref="fl-20"/>
      </object_component>
      <object_component id="oc-f7">
         <name>.text:WDT_A_holdTimer</name>
         <load_address>0x4750</load_address>
         <run_address>0x4750</run_address>
         <size>0x24</size>
         <input_file_ref idref="fl-1e"/>
      </object_component>
      <object_component id="oc-3d2">
         <name>.text:_SlDrvObjDeInit</name>
         <load_address>0x4774</load_address>
         <run_address>0x4774</run_address>
         <size>0x24</size>
         <input_file_ref idref="fl-22"/>
      </object_component>
      <object_component id="oc-314">
         <name>.text:SL_FD_SET</name>
         <load_address>0x4798</load_address>
         <run_address>0x4798</run_address>
         <size>0x22</size>
         <input_file_ref idref="fl-28"/>
      </object_component>
      <object_component id="oc-25d">
         <name>.text:_SlNonOsSemSet</name>
         <load_address>0x47ba</load_address>
         <run_address>0x47ba</run_address>
         <size>0x18</size>
         <input_file_ref idref="fl-27"/>
      </object_component>
      <object_component id="oc-269">
         <name>.text:registerInterruptHandler</name>
         <load_address>0x47d4</load_address>
         <run_address>0x47d4</run_address>
         <size>0x18</size>
         <input_file_ref idref="fl-1f"/>
      </object_component>
      <object_component id="oc-2c0">
         <name>.text:strlen</name>
         <load_address>0x47ec</load_address>
         <run_address>0x47ec</run_address>
         <size>0x14</size>
         <input_file_ref idref="fl-f5"/>
      </object_component>
      <object_component id="oc-40">
         <name>.text:decompress:ZI:__TI_zero_init_nomemset:__TI_zero_init_nomemset</name>
         <load_address>0x4800</load_address>
         <run_address>0x4800</run_address>
         <size>0x12</size>
         <input_file_ref idref="fl-ee"/>
      </object_component>
      <object_component id="oc-263">
         <name>.text:CC3100_disable</name>
         <load_address>0x4814</load_address>
         <run_address>0x4814</run_address>
         <size>0x10</size>
         <input_file_ref idref="fl-1f"/>
      </object_component>
      <object_component id="oc-26f">
         <name>.text:CC3100_enable</name>
         <load_address>0x4824</load_address>
         <run_address>0x4824</run_address>
         <size>0x10</size>
         <input_file_ref idref="fl-1f"/>
      </object_component>
      <object_component id="oc-30e">
         <name>.text:SL_FD_ZERO</name>
         <load_address>0x4834</load_address>
         <run_address>0x4834</run_address>
         <size>0x10</size>
         <input_file_ref idref="fl-28"/>
      </object_component>
      <object_component id="oc-4d7">
         <name>.text:SimpleLinkSockEventHandler</name>
         <load_address>0x4844</load_address>
         <run_address>0x4844</run_address>
         <size>0x10</size>
         <input_file_ref idref="fl-20"/>
      </object_component>
      <object_component id="oc-1a">
         <name>.text:decompress:none:__TI_decompress_none</name>
         <load_address>0x4854</load_address>
         <run_address>0x4854</run_address>
         <size>0xe</size>
         <input_file_ref idref="fl-ef"/>
      </object_component>
      <object_component id="oc-64">
         <name>.text:Reset_Handler</name>
         <load_address>0x4862</load_address>
         <run_address>0x4862</run_address>
         <size>0xc</size>
         <input_file_ref idref="fl-2c"/>
      </object_component>
      <object_component id="oc-51a">
         <name>.text:SimpleLinkHttpServerCallback</name>
         <load_address>0x486e</load_address>
         <run_address>0x486e</run_address>
         <size>0xc</size>
         <input_file_ref idref="fl-20"/>
      </object_component>
      <object_component id="oc-227">
         <name>.text:sl_WlanDisconnect</name>
         <load_address>0x487a</load_address>
         <run_address>0x487a</run_address>
         <size>0xc</size>
         <input_file_ref idref="fl-2b"/>
      </object_component>
      <object_component id="oc-2ab">
         <name>.text:spi_Close</name>
         <load_address>0x4886</load_address>
         <run_address>0x4886</run_address>
         <size>0xc</size>
         <input_file_ref idref="fl-2a"/>
      </object_component>
      <object_component id="oc-505">
         <name>.text:SimpleLinkGeneralEventHandler</name>
         <load_address>0x4892</load_address>
         <run_address>0x4892</run_address>
         <size>0xa</size>
         <input_file_ref idref="fl-20"/>
      </object_component>
      <object_component id="oc-a8">
         <name>.text:_system_pre_init</name>
         <load_address>0x489c</load_address>
         <run_address>0x489c</run_address>
         <size>0x4</size>
         <input_file_ref idref="fl-f7"/>
      </object_component>
      <object_component id="oc-11a">
         <name>.text:abort:abort</name>
         <load_address>0x48a0</load_address>
         <run_address>0x48a0</run_address>
         <size>0x4</size>
         <input_file_ref idref="fl-f2"/>
      </object_component>
      <object_component id="oc-3dd">
         <name>.const:$P$T0$1</name>
         <load_address>0x48a4</load_address>
         <run_address>0x48a4</run_address>
         <size>0xb0</size>
         <input_file_ref idref="fl-2b"/>
      </object_component>
      <object_component id="oc-4eb">
         <name>.const:_SlActionLookupTable</name>
         <load_address>0x4954</load_address>
         <run_address>0x4954</run_address>
         <size>0x38</size>
         <input_file_ref idref="fl-22"/>
      </object_component>
      <object_component id="oc-23f">
         <name>.const:$P$T0$1</name>
         <load_address>0x498c</load_address>
         <run_address>0x498c</run_address>
         <size>0x2c</size>
         <input_file_ref idref="fl-20"/>
      </object_component>
      <object_component id="oc-242">
         <name>.const:$P$T1$2</name>
         <load_address>0x49b8</load_address>
         <run_address>0x49b8</run_address>
         <size>0x14</size>
         <input_file_ref idref="fl-20"/>
      </object_component>
      <object_component id="oc-2cc">
         <name>.const:$P$T2$3</name>
         <load_address>0x49cc</load_address>
         <run_address>0x49cc</run_address>
         <size>0xc</size>
         <input_file_ref idref="fl-20"/>
      </object_component>
      <object_component id="oc-4c7">
         <name>.const:g_H2NCnysPattern</name>
         <load_address>0x49d8</load_address>
         <run_address>0x49d8</run_address>
         <size>0x8</size>
         <input_file_ref idref="fl-22"/>
      </object_component>
      <object_component id="oc-478">
         <name>.const:g_H2NSyncPattern</name>
         <load_address>0x49e0</load_address>
         <run_address>0x49e0</run_address>
         <size>0x8</size>
         <input_file_ref idref="fl-22"/>
      </object_component>
      <object_component id="oc-445">
         <name>.const:$P$T0$1</name>
         <load_address>0x49e8</load_address>
         <run_address>0x49e8</run_address>
         <size>0x4</size>
         <input_file_ref idref="fl-22"/>
      </object_component>
      <object_component id="oc-40c">
         <name>.const:$P$T0$1</name>
         <load_address>0x49ec</load_address>
         <run_address>0x49ec</run_address>
         <size>0x4</size>
         <input_file_ref idref="fl-28"/>
      </object_component>
      <object_component id="oc-404">
         <name>.const:$P$T1$2</name>
         <load_address>0x49f0</load_address>
         <run_address>0x49f0</run_address>
         <size>0x4</size>
         <input_file_ref idref="fl-28"/>
      </object_component>
      <object_component id="oc-3e0">
         <name>.const:$P$T1$2</name>
         <load_address>0x49f4</load_address>
         <run_address>0x49f4</run_address>
         <size>0x4</size>
         <input_file_ref idref="fl-2b"/>
      </object_component>
      <object_component id="oc-35c">
         <name>.const:_SlDeviceGetCmdCtrl</name>
         <load_address>0x49f8</load_address>
         <run_address>0x49f8</run_address>
         <size>0x4</size>
         <input_file_ref idref="fl-21"/>
      </object_component>
      <object_component id="oc-54c">
         <name>.const:_SlNetAppSendTokenValueCmdCtrl</name>
         <load_address>0x49fc</load_address>
         <run_address>0x49fc</run_address>
         <size>0x4</size>
         <input_file_ref idref="fl-25"/>
      </object_component>
      <object_component id="oc-29c">
         <name>.const:_SlNetCfgSetCmdCtrl</name>
         <load_address>0x4a00</load_address>
         <run_address>0x4a00</run_address>
         <size>0x4</size>
         <input_file_ref idref="fl-26"/>
      </object_component>
      <object_component id="oc-360">
         <name>.const:_SlPolicySetCmdCtrl</name>
         <load_address>0x4a04</load_address>
         <run_address>0x4a04</run_address>
         <size>0x4</size>
         <input_file_ref idref="fl-2b"/>
      </object_component>
      <object_component id="oc-364">
         <name>.const:_SlProfileDelCmdCtrl</name>
         <load_address>0x4a08</load_address>
         <run_address>0x4a08</run_address>
         <size>0x4</size>
         <input_file_ref idref="fl-2b"/>
      </object_component>
      <object_component id="oc-421">
         <name>.const:_SlRecvfomCmdCtrl</name>
         <load_address>0x4a0c</load_address>
         <run_address>0x4a0c</run_address>
         <size>0x4</size>
         <input_file_ref idref="fl-28"/>
      </object_component>
      <object_component id="oc-450">
         <name>.const:_SlRegisterServiceCtrl</name>
         <load_address>0x4a10</load_address>
         <run_address>0x4a10</run_address>
         <size>0x4</size>
         <input_file_ref idref="fl-25"/>
      </object_component>
      <object_component id="oc-37b">
         <name>.const:_SlRxFilterSetCmdCtrl</name>
         <load_address>0x4a14</load_address>
         <run_address>0x4a14</run_address>
         <size>0x4</size>
         <input_file_ref idref="fl-2b"/>
      </object_component>
      <object_component id="oc-416">
         <name>.const:_SlSelectCmdCtrl</name>
         <load_address>0x4a18</load_address>
         <run_address>0x4a18</run_address>
         <size>0x4</size>
         <input_file_ref idref="fl-28"/>
      </object_component>
      <object_component id="oc-408">
         <name>.const:_SlSetSockOptCmdCtrl</name>
         <load_address>0x4a1c</load_address>
         <run_address>0x4a1c</run_address>
         <size>0x4</size>
         <input_file_ref idref="fl-28"/>
      </object_component>
      <object_component id="oc-410">
         <name>.const:_SlSockCloseCmdCtrl</name>
         <load_address>0x4a20</load_address>
         <run_address>0x4a20</run_address>
         <size>0x4</size>
         <input_file_ref idref="fl-28"/>
      </object_component>
      <object_component id="oc-3e9">
         <name>.const:_SlSockSocketCmdCtrl</name>
         <load_address>0x4a24</load_address>
         <run_address>0x4a24</run_address>
         <size>0x4</size>
         <input_file_ref idref="fl-28"/>
      </object_component>
      <object_component id="oc-2b7">
         <name>.const:_SlStopCmdCtrl</name>
         <load_address>0x4a28</load_address>
         <run_address>0x4a28</run_address>
         <size>0x4</size>
         <input_file_ref idref="fl-21"/>
      </object_component>
      <object_component id="oc-36f">
         <name>.const:_SlWlanCfgSetCmdCtrl</name>
         <load_address>0x4a2c</load_address>
         <run_address>0x4a2c</run_address>
         <size>0x4</size>
         <input_file_ref idref="fl-2b"/>
      </object_component>
      <object_component id="oc-352">
         <name>.const:_SlWlanSetModeCmdCtrl</name>
         <load_address>0x4a30</load_address>
         <run_address>0x4a30</run_address>
         <size>0x4</size>
         <input_file_ref idref="fl-2b"/>
      </object_component>
      <object_component id="oc-587">
         <name>.cinit..data.load</name>
         <load_address>0x4a38</load_address>
         <run_address>0x4a38</run_address>
         <size>0xc</size>
      </object_component>
      <object_component id="oc-585">
         <name>__TI_handler_table</name>
         <load_address>0x4a44</load_address>
         <run_address>0x4a44</run_address>
         <size>0xc</size>
      </object_component>
      <object_component id="oc-588">
         <name>.cinit..bss.load</name>
         <load_address>0x4a50</load_address>
         <run_address>0x4a50</run_address>
         <size>0x8</size>
      </object_component>
      <object_component id="oc-586">
         <name>__TI_cinit_table</name>
         <load_address>0x4a58</load_address>
         <run_address>0x4a58</run_address>
         <size>0x10</size>
      </object_component>
      <object_component id="oc-55a">
         <name>.binit</name>
         <load_address>0x0</load_address>
         <run_address>0x0</run_address>
         <size>0x0</size>
      </object_component>
      <object_component id="oc-dc">
         <name>.data</name>
         <load_address>0x200001c4</load_address>
         <run_address>0x200001c4</run_address>
         <size>0x4</size>
         <input_file_ref idref="fl-1f"/>
      </object_component>
      <object_component id="oc-1aa">
         <name>.data</name>
         <load_address>0x200001a4</load_address>
         <run_address>0x200001a4</run_address>
         <size>0x14</size>
         <input_file_ref idref="fl-20"/>
      </object_component>
      <object_component id="oc-281">
         <name>.data</name>
         <load_address>0x200001b8</load_address>
         <run_address>0x200001b8</run_address>
         <size>0x9</size>
         <input_file_ref idref="fl-22"/>
      </object_component>
      <object_component id="oc-527">
         <name>.bss</name>
         <uninitialized>true</uninitialized>
         <run_address>0x200001a0</run_address>
         <size>0x4</size>
         <input_file_ref idref="fl-20"/>
      </object_component>
      <object_component id="oc-115">
         <name>.common:ctrl_info</name>
         <uninitialized>true</uninitialized>
         <run_address>0x20000197</run_address>
         <size>0x8</size>
      </object_component>
      <object_component id="oc-118">
         <name>.common:meter_info</name>
         <uninitialized>true</uninitialized>
         <run_address>0x2000018c</run_address>
         <size>0xb</size>
      </object_component>
      <object_component id="oc-38f">
         <name>.common:g_StatMem</name>
         <uninitialized>true</uninitialized>
         <run_address>0x20000000</run_address>
         <size>0x164</size>
      </object_component>
      <object_component id="oc-34e">
         <name>.common:g__SlNonOsCB</name>
         <uninitialized>true</uninitialized>
         <run_address>0x20000164</run_address>
         <size>0x28</size>
      </object_component>
      <object_component id="oc-26">
         <name>.stack</name>
         <uninitialized>true</uninitialized>
         <run_address>0x2000fe00</run_address>
         <size>0x4</size>
         <input_file_ref idref="fl-f1"/>
      </object_component>
      <object_component id="oc-589">
         <name>.stack</name>
         <uninitialized>true</uninitialized>
         <run_address>0x2000fe00</run_address>
         <size>0x0</size>
      </object_component>
      <object_component id="oc-177">
         <name>.debug_info</name>
         <load_address>0x0</load_address>
         <run_address>0x0</run_address>
         <size>0x66e</size>
         <input_file_ref idref="fl-3"/>
      </object_component>
      <object_component id="oc-15a">
         <name>.debug_info</name>
         <load_address>0x66e</load_address>
         <run_address>0x66e</run_address>
         <size>0x12e</size>
         <input_file_ref idref="fl-3"/>
      </object_component>
      <object_component id="oc-ca">
         <name>.debug_info</name>
         <load_address>0x79c</load_address>
         <run_address>0x79c</run_address>
         <size>0x157</size>
         <input_file_ref idref="fl-3"/>
      </object_component>
      <object_component id="oc-d0">
         <name>.debug_info</name>
         <load_address>0x8f3</load_address>
         <run_address>0x8f3</run_address>
         <size>0x149</size>
         <input_file_ref idref="fl-3"/>
      </object_component>
      <object_component id="oc-1c9">
         <name>.debug_info</name>
         <load_address>0xa3c</load_address>
         <run_address>0xa3c</run_address>
         <size>0x37e2</size>
         <input_file_ref idref="fl-3"/>
      </object_component>
      <object_component id="oc-e2">
         <name>.debug_info</name>
         <load_address>0x421e</load_address>
         <run_address>0x421e</run_address>
         <size>0x26b</size>
         <input_file_ref idref="fl-3"/>
      </object_component>
      <object_component id="oc-1d3">
         <name>.debug_info</name>
         <load_address>0x4489</load_address>
         <run_address>0x4489</run_address>
         <size>0x1055</size>
         <input_file_ref idref="fl-3"/>
      </object_component>
      <object_component id="oc-172">
         <name>.debug_info</name>
         <load_address>0x54de</load_address>
         <run_address>0x54de</run_address>
         <size>0x8b</size>
         <input_file_ref idref="fl-3"/>
      </object_component>
      <object_component id="oc-166">
         <name>.debug_info</name>
         <load_address>0x5569</load_address>
         <run_address>0x5569</run_address>
         <size>0x297</size>
         <input_file_ref idref="fl-3"/>
      </object_component>
      <object_component id="oc-160">
         <name>.debug_info</name>
         <load_address>0x5800</load_address>
         <run_address>0x5800</run_address>
         <size>0xef</size>
         <input_file_ref idref="fl-3"/>
      </object_component>
      <object_component id="oc-d6">
         <name>.debug_info</name>
         <load_address>0x58ef</load_address>
         <run_address>0x58ef</run_address>
         <size>0xbb</size>
         <input_file_ref idref="fl-3"/>
      </object_component>
      <object_component id="oc-2f">
         <name>.debug_info</name>
         <load_address>0x59aa</load_address>
         <run_address>0x59aa</run_address>
         <size>0x84</size>
         <input_file_ref idref="fl-6"/>
      </object_component>
      <object_component id="oc-116">
         <name>.debug_info</name>
         <load_address>0x5a2e</load_address>
         <run_address>0x5a2e</run_address>
         <size>0x956</size>
         <input_file_ref idref="fl-f"/>
      </object_component>
      <object_component id="oc-af">
         <name>.debug_info</name>
         <load_address>0x6384</load_address>
         <run_address>0x6384</run_address>
         <size>0x18e</size>
         <input_file_ref idref="fl-f"/>
      </object_component>
      <object_component id="oc-77">
         <name>.debug_info</name>
         <load_address>0x6512</load_address>
         <run_address>0x6512</run_address>
         <size>0x159</size>
         <input_file_ref idref="fl-f"/>
      </object_component>
      <object_component id="oc-246">
         <name>.debug_info</name>
         <load_address>0x666b</load_address>
         <run_address>0x666b</run_address>
         <size>0x30f</size>
         <input_file_ref idref="fl-f"/>
      </object_component>
      <object_component id="oc-1ae">
         <name>.debug_info</name>
         <load_address>0x697a</load_address>
         <run_address>0x697a</run_address>
         <size>0x7d</size>
         <input_file_ref idref="fl-f"/>
      </object_component>
      <object_component id="oc-16d">
         <name>.debug_info</name>
         <load_address>0x69f7</load_address>
         <run_address>0x69f7</run_address>
         <size>0x13e</size>
         <input_file_ref idref="fl-f"/>
      </object_component>
      <object_component id="oc-2f0">
         <name>.debug_info</name>
         <load_address>0x6b35</load_address>
         <run_address>0x6b35</run_address>
         <size>0x827</size>
         <input_file_ref idref="fl-f"/>
      </object_component>
      <object_component id="oc-1ce">
         <name>.debug_info</name>
         <load_address>0x735c</load_address>
         <run_address>0x735c</run_address>
         <size>0x60f</size>
         <input_file_ref idref="fl-f"/>
      </object_component>
      <object_component id="oc-2d0">
         <name>.debug_info</name>
         <load_address>0x796b</load_address>
         <run_address>0x796b</run_address>
         <size>0x92b</size>
         <input_file_ref idref="fl-f"/>
      </object_component>
      <object_component id="oc-1b3">
         <name>.debug_info</name>
         <load_address>0x8296</load_address>
         <run_address>0x8296</run_address>
         <size>0xee</size>
         <input_file_ref idref="fl-f"/>
      </object_component>
      <object_component id="oc-1dd">
         <name>.debug_info</name>
         <load_address>0x8384</load_address>
         <run_address>0x8384</run_address>
         <size>0x168</size>
         <input_file_ref idref="fl-f"/>
      </object_component>
      <object_component id="oc-1d8">
         <name>.debug_info</name>
         <load_address>0x84ec</load_address>
         <run_address>0x84ec</run_address>
         <size>0x6c8</size>
         <input_file_ref idref="fl-f"/>
      </object_component>
      <object_component id="oc-291">
         <name>.debug_info</name>
         <load_address>0x8bb4</load_address>
         <run_address>0x8bb4</run_address>
         <size>0x65</size>
         <input_file_ref idref="fl-f"/>
      </object_component>
      <object_component id="oc-2f7">
         <name>.debug_info</name>
         <load_address>0x8c19</load_address>
         <run_address>0x8c19</run_address>
         <size>0x46</size>
         <input_file_ref idref="fl-f"/>
      </object_component>
      <object_component id="oc-186">
         <name>.debug_info</name>
         <load_address>0x8c5f</load_address>
         <run_address>0x8c5f</run_address>
         <size>0x2c</size>
         <input_file_ref idref="fl-f"/>
      </object_component>
      <object_component id="oc-ee">
         <name>.debug_info</name>
         <load_address>0x8c8b</load_address>
         <run_address>0x8c8b</run_address>
         <size>0x2c</size>
         <input_file_ref idref="fl-f"/>
      </object_component>
      <object_component id="oc-c1">
         <name>.debug_info</name>
         <load_address>0x8cb7</load_address>
         <run_address>0x8cb7</run_address>
         <size>0x11f</size>
         <input_file_ref idref="fl-19"/>
      </object_component>
      <object_component id="oc-f9">
         <name>.debug_info</name>
         <load_address>0x8dd6</load_address>
         <run_address>0x8dd6</run_address>
         <size>0x121</size>
         <input_file_ref idref="fl-1e"/>
      </object_component>
      <object_component id="oc-398">
         <name>.debug_info</name>
         <load_address>0x8ef7</load_address>
         <run_address>0x8ef7</run_address>
         <size>0x7b5</size>
         <input_file_ref idref="fl-1f"/>
      </object_component>
      <object_component id="oc-dd">
         <name>.debug_info</name>
         <load_address>0x96ac</load_address>
         <run_address>0x96ac</run_address>
         <size>0xda</size>
         <input_file_ref idref="fl-1f"/>
      </object_component>
      <object_component id="oc-26a">
         <name>.debug_info</name>
         <load_address>0x9786</load_address>
         <run_address>0x9786</run_address>
         <size>0x192</size>
         <input_file_ref idref="fl-1f"/>
      </object_component>
      <object_component id="oc-264">
         <name>.debug_info</name>
         <load_address>0x9918</load_address>
         <run_address>0x9918</run_address>
         <size>0x10c</size>
         <input_file_ref idref="fl-1f"/>
      </object_component>
      <object_component id="oc-270">
         <name>.debug_info</name>
         <load_address>0x9a24</load_address>
         <run_address>0x9a24</run_address>
         <size>0x10a</size>
         <input_file_ref idref="fl-1f"/>
      </object_component>
      <object_component id="oc-180">
         <name>.debug_info</name>
         <load_address>0x9b2e</load_address>
         <run_address>0x9b2e</run_address>
         <size>0x131</size>
         <input_file_ref idref="fl-1f"/>
      </object_component>
      <object_component id="oc-3c6">
         <name>.debug_info</name>
         <load_address>0x9c5f</load_address>
         <run_address>0x9c5f</run_address>
         <size>0x125</size>
         <input_file_ref idref="fl-1f"/>
      </object_component>
      <object_component id="oc-7d">
         <name>.debug_info</name>
         <load_address>0x9d84</load_address>
         <run_address>0x9d84</run_address>
         <size>0x113</size>
         <input_file_ref idref="fl-1f"/>
      </object_component>
      <object_component id="oc-17a">
         <name>.debug_info</name>
         <load_address>0x9e97</load_address>
         <run_address>0x9e97</run_address>
         <size>0x130</size>
         <input_file_ref idref="fl-1f"/>
      </object_component>
      <object_component id="oc-83">
         <name>.debug_info</name>
         <load_address>0x9fc7</load_address>
         <run_address>0x9fc7</run_address>
         <size>0x11a</size>
         <input_file_ref idref="fl-1f"/>
      </object_component>
      <object_component id="oc-71">
         <name>.debug_info</name>
         <load_address>0xa0e1</load_address>
         <run_address>0xa0e1</run_address>
         <size>0x117</size>
         <input_file_ref idref="fl-1f"/>
      </object_component>
      <object_component id="oc-1bf">
         <name>.debug_info</name>
         <load_address>0xa1f8</load_address>
         <run_address>0xa1f8</run_address>
         <size>0xd89</size>
         <input_file_ref idref="fl-20"/>
      </object_component>
      <object_component id="oc-1ab">
         <name>.debug_info</name>
         <load_address>0xaf81</load_address>
         <run_address>0xaf81</run_address>
         <size>0x192</size>
         <input_file_ref idref="fl-20"/>
      </object_component>
      <object_component id="oc-528">
         <name>.debug_info</name>
         <load_address>0xb113</load_address>
         <run_address>0xb113</run_address>
         <size>0xce</size>
         <input_file_ref idref="fl-20"/>
      </object_component>
      <object_component id="oc-240">
         <name>.debug_info</name>
         <load_address>0xb1e1</load_address>
         <run_address>0xb1e1</run_address>
         <size>0xce</size>
         <input_file_ref idref="fl-20"/>
      </object_component>
      <object_component id="oc-243">
         <name>.debug_info</name>
         <load_address>0xb2af</load_address>
         <run_address>0xb2af</run_address>
         <size>0xce</size>
         <input_file_ref idref="fl-20"/>
      </object_component>
      <object_component id="oc-2cd">
         <name>.debug_info</name>
         <load_address>0xb37d</load_address>
         <run_address>0xb37d</run_address>
         <size>0xcf</size>
         <input_file_ref idref="fl-20"/>
      </object_component>
      <object_component id="oc-1c1">
         <name>.debug_info</name>
         <load_address>0xb44c</load_address>
         <run_address>0xb44c</run_address>
         <size>0x35d</size>
         <input_file_ref idref="fl-20"/>
      </object_component>
      <object_component id="oc-1b9">
         <name>.debug_info</name>
         <load_address>0xb7a9</load_address>
         <run_address>0xb7a9</run_address>
         <size>0x250</size>
         <input_file_ref idref="fl-20"/>
      </object_component>
      <object_component id="oc-18d">
         <name>.debug_info</name>
         <load_address>0xb9f9</load_address>
         <run_address>0xb9f9</run_address>
         <size>0x381</size>
         <input_file_ref idref="fl-20"/>
      </object_component>
      <object_component id="oc-1a5">
         <name>.debug_info</name>
         <load_address>0xbd7a</load_address>
         <run_address>0xbd7a</run_address>
         <size>0x1b9</size>
         <input_file_ref idref="fl-20"/>
      </object_component>
      <object_component id="oc-104">
         <name>.debug_info</name>
         <load_address>0xbf33</load_address>
         <run_address>0xbf33</run_address>
         <size>0x245</size>
         <input_file_ref idref="fl-20"/>
      </object_component>
      <object_component id="oc-10a">
         <name>.debug_info</name>
         <load_address>0xc178</load_address>
         <run_address>0xc178</run_address>
         <size>0x19c</size>
         <input_file_ref idref="fl-20"/>
      </object_component>
      <object_component id="oc-110">
         <name>.debug_info</name>
         <load_address>0xc314</load_address>
         <run_address>0xc314</run_address>
         <size>0x18b</size>
         <input_file_ref idref="fl-20"/>
      </object_component>
      <object_component id="oc-4d2">
         <name>.debug_info</name>
         <load_address>0xc49f</load_address>
         <run_address>0xc49f</run_address>
         <size>0x1b1</size>
         <input_file_ref idref="fl-20"/>
      </object_component>
      <object_component id="oc-4e4">
         <name>.debug_info</name>
         <load_address>0xc650</load_address>
         <run_address>0xc650</run_address>
         <size>0x1bd</size>
         <input_file_ref idref="fl-20"/>
      </object_component>
      <object_component id="oc-51b">
         <name>.debug_info</name>
         <load_address>0xc80d</load_address>
         <run_address>0xc80d</run_address>
         <size>0x1c2</size>
         <input_file_ref idref="fl-20"/>
      </object_component>
      <object_component id="oc-506">
         <name>.debug_info</name>
         <load_address>0xc9cf</load_address>
         <run_address>0xc9cf</run_address>
         <size>0x179</size>
         <input_file_ref idref="fl-20"/>
      </object_component>
      <object_component id="oc-4d8">
         <name>.debug_info</name>
         <load_address>0xcb48</load_address>
         <run_address>0xcb48</run_address>
         <size>0x163</size>
         <input_file_ref idref="fl-20"/>
      </object_component>
      <object_component id="oc-28b">
         <name>.debug_info</name>
         <load_address>0xccab</load_address>
         <run_address>0xccab</run_address>
         <size>0xb00</size>
         <input_file_ref idref="fl-21"/>
      </object_component>
      <object_component id="oc-2b8">
         <name>.debug_info</name>
         <load_address>0xd7ab</load_address>
         <run_address>0xd7ab</run_address>
         <size>0xd7</size>
         <input_file_ref idref="fl-21"/>
      </object_component>
      <object_component id="oc-35d">
         <name>.debug_info</name>
         <load_address>0xd882</load_address>
         <run_address>0xd882</run_address>
         <size>0xe2</size>
         <input_file_ref idref="fl-21"/>
      </object_component>
      <object_component id="oc-27c">
         <name>.debug_info</name>
         <load_address>0xd964</load_address>
         <run_address>0xd964</run_address>
         <size>0x158</size>
         <input_file_ref idref="fl-21"/>
      </object_component>
      <object_component id="oc-193">
         <name>.debug_info</name>
         <load_address>0xdabc</load_address>
         <run_address>0xdabc</run_address>
         <size>0x371</size>
         <input_file_ref idref="fl-21"/>
      </object_component>
      <object_component id="oc-4fa">
         <name>.debug_info</name>
         <load_address>0xde2d</load_address>
         <run_address>0xde2d</run_address>
         <size>0x27b</size>
         <input_file_ref idref="fl-21"/>
      </object_component>
      <object_component id="oc-500">
         <name>.debug_info</name>
         <load_address>0xe0a8</load_address>
         <run_address>0xe0a8</run_address>
         <size>0x219</size>
         <input_file_ref idref="fl-21"/>
      </object_component>
      <object_component id="oc-19f">
         <name>.debug_info</name>
         <load_address>0xe2c1</load_address>
         <run_address>0xe2c1</run_address>
         <size>0x369</size>
         <input_file_ref idref="fl-21"/>
      </object_component>
      <object_component id="oc-216">
         <name>.debug_info</name>
         <load_address>0xe62a</load_address>
         <run_address>0xe62a</run_address>
         <size>0x250</size>
         <input_file_ref idref="fl-21"/>
      </object_component>
      <object_component id="oc-4cc">
         <name>.debug_info</name>
         <load_address>0xe87a</load_address>
         <run_address>0xe87a</run_address>
         <size>0x215</size>
         <input_file_ref idref="fl-21"/>
      </object_component>
      <object_component id="oc-2a6">
         <name>.debug_info</name>
         <load_address>0xea8f</load_address>
         <run_address>0xea8f</run_address>
         <size>0x5d5</size>
         <input_file_ref idref="fl-21"/>
      </object_component>
      <object_component id="oc-28c">
         <name>.debug_info</name>
         <load_address>0xf064</load_address>
         <run_address>0xf064</run_address>
         <size>0x235a</size>
         <input_file_ref idref="fl-21"/>
      </object_component>
      <object_component id="oc-2bb">
         <name>.debug_info</name>
         <load_address>0x113be</load_address>
         <run_address>0x113be</run_address>
         <size>0x16a</size>
         <input_file_ref idref="fl-21"/>
      </object_component>
      <object_component id="oc-390">
         <name>.debug_info</name>
         <load_address>0x11528</load_address>
         <run_address>0x11528</run_address>
         <size>0xd34</size>
         <input_file_ref idref="fl-22"/>
      </object_component>
      <object_component id="oc-479">
         <name>.debug_info</name>
         <load_address>0x1225c</load_address>
         <run_address>0x1225c</run_address>
         <size>0xdb</size>
         <input_file_ref idref="fl-22"/>
      </object_component>
      <object_component id="oc-4c8">
         <name>.debug_info</name>
         <load_address>0x12337</load_address>
         <run_address>0x12337</run_address>
         <size>0xdb</size>
         <input_file_ref idref="fl-22"/>
      </object_component>
      <object_component id="oc-4ec">
         <name>.debug_info</name>
         <load_address>0x12412</load_address>
         <run_address>0x12412</run_address>
         <size>0xe3</size>
         <input_file_ref idref="fl-22"/>
      </object_component>
      <object_component id="oc-282">
         <name>.debug_info</name>
         <load_address>0x124f5</load_address>
         <run_address>0x124f5</run_address>
         <size>0x123</size>
         <input_file_ref idref="fl-22"/>
      </object_component>
      <object_component id="oc-446">
         <name>.debug_info</name>
         <load_address>0x12618</load_address>
         <run_address>0x12618</run_address>
         <size>0xc9</size>
         <input_file_ref idref="fl-22"/>
      </object_component>
      <object_component id="oc-24c">
         <name>.debug_info</name>
         <load_address>0x126e1</load_address>
         <run_address>0x126e1</run_address>
         <size>0x285</size>
         <input_file_ref idref="fl-22"/>
      </object_component>
      <object_component id="oc-2b2">
         <name>.debug_info</name>
         <load_address>0x12966</load_address>
         <run_address>0x12966</run_address>
         <size>0x256</size>
         <input_file_ref idref="fl-22"/>
      </object_component>
      <object_component id="oc-285">
         <name>.debug_info</name>
         <load_address>0x12bbc</load_address>
         <run_address>0x12bbc</run_address>
         <size>0x19f</size>
         <input_file_ref idref="fl-22"/>
      </object_component>
      <object_component id="oc-297">
         <name>.debug_info</name>
         <load_address>0x12d5b</load_address>
         <run_address>0x12d5b</run_address>
         <size>0x2b6</size>
         <input_file_ref idref="fl-22"/>
      </object_component>
      <object_component id="oc-547">
         <name>.debug_info</name>
         <load_address>0x13011</load_address>
         <run_address>0x13011</run_address>
         <size>0x1e8</size>
         <input_file_ref idref="fl-22"/>
      </object_component>
      <object_component id="oc-41c">
         <name>.debug_info</name>
         <load_address>0x131f9</load_address>
         <run_address>0x131f9</run_address>
         <size>0x47a</size>
         <input_file_ref idref="fl-22"/>
      </object_component>
      <object_component id="oc-3ff">
         <name>.debug_info</name>
         <load_address>0x13673</load_address>
         <run_address>0x13673</run_address>
         <size>0x43e</size>
         <input_file_ref idref="fl-22"/>
      </object_component>
      <object_component id="oc-3b5">
         <name>.debug_info</name>
         <load_address>0x13ab1</load_address>
         <run_address>0x13ab1</run_address>
         <size>0x2c6</size>
         <input_file_ref idref="fl-22"/>
      </object_component>
      <object_component id="oc-466">
         <name>.debug_info</name>
         <load_address>0x13d77</load_address>
         <run_address>0x13d77</run_address>
         <size>0x886</size>
         <input_file_ref idref="fl-22"/>
      </object_component>
      <object_component id="oc-46c">
         <name>.debug_info</name>
         <load_address>0x145fd</load_address>
         <run_address>0x145fd</run_address>
         <size>0x56c</size>
         <input_file_ref idref="fl-22"/>
      </object_component>
      <object_component id="oc-3bb">
         <name>.debug_info</name>
         <load_address>0x14b69</load_address>
         <run_address>0x14b69</run_address>
         <size>0x245</size>
         <input_file_ref idref="fl-22"/>
      </object_component>
      <object_component id="oc-3ac">
         <name>.debug_info</name>
         <load_address>0x14dae</load_address>
         <run_address>0x14dae</run_address>
         <size>0x26a</size>
         <input_file_ref idref="fl-22"/>
      </object_component>
      <object_component id="oc-4a5">
         <name>.debug_info</name>
         <load_address>0x15018</load_address>
         <run_address>0x15018</run_address>
         <size>0x147</size>
         <input_file_ref idref="fl-22"/>
      </object_component>
      <object_component id="oc-4c2">
         <name>.debug_info</name>
         <load_address>0x1515f</load_address>
         <run_address>0x1515f</run_address>
         <size>0x153</size>
         <input_file_ref idref="fl-22"/>
      </object_component>
      <object_component id="oc-49f">
         <name>.debug_info</name>
         <load_address>0x152b2</load_address>
         <run_address>0x152b2</run_address>
         <size>0x407</size>
         <input_file_ref idref="fl-22"/>
      </object_component>
      <object_component id="oc-369">
         <name>.debug_info</name>
         <load_address>0x156b9</load_address>
         <run_address>0x156b9</run_address>
         <size>0x1a1</size>
         <input_file_ref idref="fl-22"/>
      </object_component>
      <object_component id="oc-252">
         <name>.debug_info</name>
         <load_address>0x1585a</load_address>
         <run_address>0x1585a</run_address>
         <size>0x328</size>
         <input_file_ref idref="fl-22"/>
      </object_component>
      <object_component id="oc-276">
         <name>.debug_info</name>
         <load_address>0x15b82</load_address>
         <run_address>0x15b82</run_address>
         <size>0x268</size>
         <input_file_ref idref="fl-22"/>
      </object_component>
      <object_component id="oc-384">
         <name>.debug_info</name>
         <load_address>0x15dea</load_address>
         <run_address>0x15dea</run_address>
         <size>0x12d</size>
         <input_file_ref idref="fl-22"/>
      </object_component>
      <object_component id="oc-3d3">
         <name>.debug_info</name>
         <load_address>0x15f17</load_address>
         <run_address>0x15f17</run_address>
         <size>0x114</size>
         <input_file_ref idref="fl-22"/>
      </object_component>
      <object_component id="oc-39c">
         <name>.debug_info</name>
         <load_address>0x1602b</load_address>
         <run_address>0x1602b</run_address>
         <size>0x196</size>
         <input_file_ref idref="fl-22"/>
      </object_component>
      <object_component id="oc-4b1">
         <name>.debug_info</name>
         <load_address>0x161c1</load_address>
         <run_address>0x161c1</run_address>
         <size>0x18c</size>
         <input_file_ref idref="fl-22"/>
      </object_component>
      <object_component id="oc-449">
         <name>.debug_info</name>
         <load_address>0x1634d</load_address>
         <run_address>0x1634d</run_address>
         <size>0xd7</size>
         <input_file_ref idref="fl-22"/>
      </object_component>
      <object_component id="oc-38a">
         <name>.debug_info</name>
         <load_address>0x16424</load_address>
         <run_address>0x16424</run_address>
         <size>0x193</size>
         <input_file_ref idref="fl-23"/>
      </object_component>
      <object_component id="oc-3cd">
         <name>.debug_info</name>
         <load_address>0x165b7</load_address>
         <run_address>0x165b7</run_address>
         <size>0x197</size>
         <input_file_ref idref="fl-23"/>
      </object_component>
      <object_component id="oc-37a">
         <name>.debug_info</name>
         <load_address>0x1674e</load_address>
         <run_address>0x1674e</run_address>
[...]
         <name>_SlDrvCmdSend</name>
         <value>0x424d</value>
         <object_component_ref idref="oc-546"/>
      </symbol>
      <symbol id="sm-5bb">
         <name>_SlActionLookupTable</name>
         <value>0x4954</value>
         <object_component_ref idref="oc-4eb"/>
      </symbol>
      <symbol id="sm-5d9">
         <name>_SlDrvFlowContDeinit</name>
         <value>0x4295</value>
         <object_component_ref idref="oc-3cc"/>
      </symbol>
      <symbol id="sm-5da">
         <name>_SlDrvFlowContInit</name>
         <value>0x42d9</value>
         <object_component_ref idref="oc-389"/>
      </symbol>
      <symbol id="sm-662">
         <name>sl_NetAppMDNSUnRegisterService</name>
         <value>0x450d</value>
         <object_component_ref idref="oc-233"/>
      </symbol>
      <symbol id="sm-663">
         <name>_SlNetAppSendTokenValueCmdCtrl</name>
         <value>0x49fc</value>
         <object_component_ref idref="oc-54c"/>
      </symbol>
      <symbol id="sm-664">
         <name>_sl_HandleAsync_DnsGetHostByName</name>
         <value>0x2dd9</value>
         <object_component_ref idref="oc-50e"/>
      </symbol>
      <symbol id="sm-665">
         <name>_SlRegisterServiceCtrl</name>
         <value>0x4a10</value>
         <object_component_ref idref="oc-450"/>
      </symbol>
      <symbol id="sm-666">
         <name>_sl_HandleAsync_PingResponse</name>
         <value>0x2ea1</value>
         <object_component_ref idref="oc-4b7"/>
      </symbol>
      <symbol id="sm-667">
         <name>_SlDrvNetAppEventHandler</name>
         <value>0x288d</value>
         <object_component_ref idref="oc-4dd"/>
      </symbol>
      <symbol id="sm-668">
         <name>_sl_HandleAsync_DnsGetHostByService</name>
         <value>0x2c39</value>
         <object_component_ref idref="oc-514"/>
      </symbol>
      <symbol id="sm-669">
         <name>sl_NetAppSendTokenValue</name>
         <value>0x3ddd</value>
         <object_component_ref idref="oc-520"/>
      </symbol>
      <symbol id="sm-66a">
         <name>CopyPingResultsToReport</name>
         <value>0x4425</value>
         <object_component_ref idref="oc-4ef"/>
      </symbol>
      <symbol id="sm-66b">
         <name>sl_NetAppMDNSRegisterUnregisterService</name>
         <value>0x331d</value>
         <object_component_ref idref="oc-373"/>
      </symbol>
      <symbol id="sm-687">
         <name>_SlNetCfgSetCmdCtrl</name>
         <value>0x4a00</value>
         <object_component_ref idref="oc-29c"/>
      </symbol>
      <symbol id="sm-688">
         <name>sl_NetCfgSet</name>
         <value>0x3bc5</value>
         <object_component_ref idref="oc-198"/>
      </symbol>
      <symbol id="sm-6c5">
         <name>g__SlNonOsCB</name>
         <value>0x20000164</value>
      </symbol>
      <symbol id="sm-6c6">
         <name>_SlNonOsSemSet</name>
         <value>0x47bb</value>
         <object_component_ref idref="oc-25d"/>
      </symbol>
      <symbol id="sm-6c7">
         <name>_SlNonOsSpawn</name>
         <value>0x40cd</value>
         <object_component_ref idref="oc-3a5"/>
      </symbol>
      <symbol id="sm-6c8">
         <name>_SlNonOsSemGet</name>
         <value>0x3f0d</value>
         <object_component_ref idref="oc-257"/>
      </symbol>
      <symbol id="sm-6c9">
         <name>_SlNonOsMainLoopTask</name>
         <value>0x3b59</value>
         <object_component_ref idref="oc-209"/>
      </symbol>
      <symbol id="sm-800">
         <name>SL_FD_ZERO</name>
         <value>0x4835</value>
         <object_component_ref idref="oc-30e"/>
      </symbol>
      <symbol id="sm-801">
         <name>_SlSockCloseCmdCtrl</name>
         <value>0x4a20</value>
         <object_component_ref idref="oc-410"/>
      </symbol>
      <symbol id="sm-802">
         <name>SL_FD_SET</name>
         <value>0x4799</value>
         <object_component_ref idref="oc-314"/>
      </symbol>
      <symbol id="sm-803">
         <name>sl_SendTo</name>
         <value>0x2329</value>
         <object_component_ref idref="oc-2e9"/>
      </symbol>
      <symbol id="sm-804">
         <name>_sl_BuildAddress</name>
         <value>0x4121</value>
         <object_component_ref idref="oc-3f8"/>
      </symbol>
      <symbol id="sm-805">
         <name>_sl_HandleAsync_Connect</name>
         <value>0x33d5</value>
         <object_component_ref idref="oc-531"/>
      </symbol>
      <symbol id="sm-806">
         <name>sl_Htonl</name>
         <value>0x43a3</value>
         <object_component_ref idref="oc-2dd"/>
      </symbol>
      <symbol id="sm-807">
         <name>sl_Htons</name>
         <value>0x4461</value>
         <object_component_ref idref="oc-2d7"/>
      </symbol>
      <symbol id="sm-808">
         <name>_SlSelectCmdCtrl</name>
         <value>0x4a18</value>
         <object_component_ref idref="oc-416"/>
      </symbol>
      <symbol id="sm-809">
         <name>sl_Socket</name>
         <value>0x3f69</value>
         <object_component_ref idref="oc-2e3"/>
      </symbol>
      <symbol id="sm-80a">
         <name>sl_Select</name>
         <value>0x1dbd</value>
         <object_component_ref idref="oc-31a"/>
      </symbol>
      <symbol id="sm-80b">
         <name>_sl_HandleAsync_Select</name>
         <value>0x37c1</value>
         <object_component_ref idref="oc-537"/>
      </symbol>
      <symbol id="sm-80c">
         <name>sl_RecvFrom</name>
         <value>0x2561</value>
         <object_component_ref idref="oc-326"/>
      </symbol>
      <symbol id="sm-80d">
         <name>_SlSockSocketCmdCtrl</name>
         <value>0x4a24</value>
         <object_component_ref idref="oc-3e9"/>
      </symbol>
      <symbol id="sm-80e">
         <name>_SlRecvfomCmdCtrl</name>
         <value>0x4a0c</value>
         <object_component_ref idref="oc-421"/>
      </symbol>
      <symbol id="sm-80f">
         <name>_SlSetSockOptCmdCtrl</name>
         <value>0x4a1c</value>
         <object_component_ref idref="oc-408"/>
      </symbol>
      <symbol id="sm-810">
         <name>_sl_TruncatePayloadByProtocol</name>
         <value>0x2f69</value>
         <object_component_ref idref="oc-3f2"/>
      </symbol>
      <symbol id="sm-811">
         <name>sl_Close</name>
         <value>0x45d5</value>
         <object_component_ref idref="oc-308"/>
      </symbol>
      <symbol id="sm-812">
         <name>_sl_HandleAsync_Accept</name>
         <value>0x3729</value>
         <object_component_ref idref="oc-52b"/>
      </symbol>
      <symbol id="sm-813">
         <name>sl_SetSockOpt</name>
         <value>0x3c31</value>
         <object_component_ref idref="oc-2fc"/>
      </symbol>
      <symbol id="sm-814">
         <name>SL_FD_ISSET</name>
         <value>0x46b9</value>
         <object_component_ref idref="oc-320"/>
      </symbol>
      <symbol id="sm-815">
         <name>sl_Bind</name>
         <value>0x384d</value>
         <object_component_ref idref="oc-302"/>
      </symbol>
      <symbol id="sm-85f">
         <name>spi_Read</name>
         <value>0x3ae5</value>
         <object_component_ref idref="oc-4aa"/>
      </symbol>
      <symbol id="sm-860">
         <name>spi_Close</name>
         <value>0x4887</value>
         <object_component_ref idref="oc-2ab"/>
      </symbol>
      <symbol id="sm-861">
         <name>spi_Write</name>
         <value>0x3d09</value>
         <object_component_ref idref="oc-472"/>
      </symbol>
      <symbol id="sm-862">
         <name>spi_Open</name>
         <value>0x20c1</value>
         <object_component_ref idref="oc-fd"/>
      </symbol>
      <symbol id="sm-8fd">
         <name>sl_WlanDisconnect</name>
         <value>0x487b</value>
         <object_component_ref idref="oc-227"/>
      </symbol>
      <symbol id="sm-8fe">
         <name>_SlPolicySetCmdCtrl</name>
         <value>0x4a04</value>
         <object_component_ref idref="oc-360"/>
      </symbol>
      <symbol id="sm-8ff">
         <name>_SlRxFilterSetCmdCtrl</name>
         <value>0x4a14</value>
         <object_component_ref idref="oc-37b"/>
      </symbol>
      <symbol id="sm-900">
         <name>sl_WlanPolicySet</name>
         <value>0x3ea9</value>
         <object_component_ref idref="oc-21b"/>
      </symbol>
      <symbol id="sm-901">
         <name>_SlProfileDelCmdCtrl</name>
         <value>0x4a08</value>
         <object_component_ref idref="oc-364"/>
      </symbol>
      <symbol id="sm-902">
         <name>_SlWlanSetModeCmdCtrl</name>
         <value>0x4a30</value>
         <object_component_ref idref="oc-352"/>
      </symbol>
      <symbol id="sm-903">
         <name>_SlWlanCfgSetCmdCtrl</name>
         <value>0x4a2c</value>
         <object_component_ref idref="oc-36f"/>
      </symbol>
      <symbol id="sm-904">
         <name>sl_WlanProfileDel</name>
         <value>0x4605</value>
         <object_component_ref idref="oc-221"/>
      </symbol>
      <symbol id="sm-905">
         <name>sl_WlanRxFilterSet</name>
         <value>0x4075</value>
         <object_component_ref idref="oc-239"/>
      </symbol>
      <symbol id="sm-906">
         <name>sl_WlanConnect</name>
         <value>0xbfd</value>
         <object_component_ref idref="oc-2c6"/>
      </symbol>
      <symbol id="sm-907">
         <name>sl_WlanSet</name>
         <value>0x3c9d</value>
         <object_component_ref idref="oc-22d"/>
      </symbol>
      <symbol id="sm-908">
         <name>sl_WlanSetMode</name>
         <value>0x4635</value>
         <object_component_ref idref="oc-20f"/>
      </symbol>
      <symbol id="sm-924">
         <name>Reset_Handler</name>
         <value>0x4863</value>
         <object_component_ref idref="oc-64"/>
      </symbol>
      <symbol id="sm-925">
         <name>Default_Handler</name>
         <value>0x298b</value>
         <object_component_ref idref="oc-6a"/>
      </symbol>
      <symbol id="sm-926">
         <name>interruptVectors</name>
         <value>0x0</value>
         <object_component_ref idref="oc-23"/>
      </symbol>
      <symbol id="sm-935">
         <name>__aeabi_memset</name>
         <value>0x3a6b</value>
         <object_component_ref idref="oc-a2"/>
      </symbol>
      <symbol id="sm-936">
         <name>memset</name>
         <value>0x3a71</value>
         <object_component_ref idref="oc-a2"/>
      </symbol>
      <symbol id="sm-937">
         <name>__aeabi_memset8</name>
         <value>0x3a6b</value>
         <object_component_ref idref="oc-a2"/>
      </symbol>
      <symbol id="sm-938">
         <name>__aeabi_memset4</name>
         <value>0x3a6b</value>
         <object_component_ref idref="oc-a2"/>
      </symbol>
      <symbol id="sm-939">
         <name>__aeabi_memclr8</name>
         <value>0x3a69</value>
         <object_component_ref idref="oc-a2"/>
      </symbol>
      <symbol id="sm-93a">
         <name>__aeabi_memclr4</name>
         <value>0x3a69</value>
         <object_component_ref idref="oc-a2"/>
      </symbol>
      <symbol id="sm-93b">
         <name>__aeabi_memclr</name>
         <value>0x3a69</value>
         <object_component_ref idref="oc-a2"/>
      </symbol>
      <symbol id="sm-956">
         <name>memcpy</name>
         <value>0x368d</value>
         <object_component_ref idref="oc-34"/>
      </symbol>
      <symbol id="sm-957">
         <name>__aeabi_memcpy</name>
         <value>0x368d</value>
         <object_component_ref idref="oc-34"/>
      </symbol>
      <symbol id="sm-958">
         <name>__aeabi_memcpy8</name>
         <value>0x368d</value>
         <object_component_ref idref="oc-34"/>
      </symbol>
      <symbol id="sm-959">
         <name>__aeabi_memcpy4</name>
         <value>0x368d</value>
         <object_component_ref idref="oc-34"/>
      </symbol>
      <symbol id="sm-96d">
         <name>__TI_zero_init_nomemset</name>
         <value>0x4801</value>
         <object_component_ref idref="oc-40"/>
      </symbol>
      <symbol id="sm-984">
         <name>__TI_decompress_none</name>
         <value>0x4855</value>
         <object_component_ref idref="oc-1a"/>
      </symbol>
      <symbol id="sm-9a7">
         <name>__TI_decompress_lzss</name>
         <value>0x3d75</value>
         <object_component_ref idref="oc-14"/>
      </symbol>
      <symbol id="sm-9ba">
         <name>__stack</name>
         <value>0x2000fe00</value>
         <object_component_ref idref="oc-26"/>
      </symbol>
      <symbol id="sm-9bb">
         <name>_c_int00_noargs</name>
         <value>0x44d5</value>
         <object_component_ref idref="oc-52"/>
      </symbol>
      <symbol id="sm-9c6">
         <name>C$$EXIT</name>
         <value>0x48a1</value>
         <object_component_ref idref="oc-11a"/>
      </symbol>
      <symbol id="sm-9c7">
         <name>abort</name>
         <value>0x48a1</value>
         <object_component_ref idref="oc-11a"/>
      </symbol>
      <symbol id="sm-9d7">
         <name>strlen</name>
         <value>0x47ed</value>
         <object_component_ref idref="oc-2c0"/>
      </symbol>
      <symbol id="sm-9ff">
         <name>__TI_auto_init_nobinit_nopinit</name>
         <value>0x431d</value>
         <object_component_ref idref="oc-126"/>
      </symbol>
      <symbol id="sm-a09">
         <name>_system_pre_init</name>
         <value>0x489d</value>
         <object_component_ref idref="oc-a8"/>
      </symbol>
      <symbol id="sm-a0b">
         <name>__TI_static_base__</name>
         <value>0x0</value>
      </symbol>
      <symbol id="sm-a0e">
         <name>__mpu_init</name>
         <value>0x0</value>
      </symbol>
      <symbol id="sm-a0f">
         <name>_system_post_cinit</name>
         <value>0x0</value>
      </symbol>
      <symbol id="sm-a10">
         <name>NMI_Handler</name>
         <value>0x298b</value>
      </symbol>
      <symbol id="sm-a11">
         <name>HardFault_Handler</name>
         <value>0x298b</value>
      </symbol>
      <symbol id="sm-a12">
         <name>MemManage_Handler</name>
         <value>0x298b</value>
      </symbol>
      <symbol id="sm-a13">
         <name>BusFault_Handler</name>
         <value>0x298b</value>
      </symbol>
      <symbol id="sm-a14">
         <name>UsageFault_Handler</name>
         <value>0x298b</value>
      </symbol>
      <symbol id="sm-a15">
         <name>SVC_Handler</name>
         <value>0x298b</value>
      </symbol>
      <symbol id="sm-a16">
         <name>DebugMon_Handler</name>
         <value>0x298b</value>
      </symbol>
      <symbol id="sm-a17">
         <name>PendSV_Handler</name>
         <value>0x298b</value>
      </symbol>
      <symbol id="sm-a18">
         <name>SysTick_Handler</name>
         <value>0x298b</value>
      </symbol>
      <symbol id="sm-a19">
         <name>PSS_IRQHandler</name>
         <value>0x298b</value>
      </symbol>
      <symbol id="sm-a1a">
         <name>CS_IRQHandler</name>
         <value>0x298b</value>
      </symbol>
      <symbol id="sm-a1b">
         <name>PCM_IRQHandler</name>
         <value>0x298b</value>
      </symbol>
      <symbol id="sm-a1c">
         <name>WDT_A_IRQHandler</name>
         <value>0x298b</value>
      </symbol>
      <symbol id="sm-a1d">
         <name>FPU_IRQHandler</name>
         <value>0x298b</value>
      </symbol>
      <symbol id="sm-a1e">
         <name>FLCTL_IRQHandler</name>
         <value>0x298b</value>
      </symbol>
      <symbol id="sm-a1f">
         <name>COMP_E0_IRQHandler</name>
         <value>0x298b</value>
      </symbol>
      <symbol id="sm-a20">
         <name>COMP_E1_IRQHandler</name>
         <value>0x298b</value>
      </symbol>
      <symbol id="sm-a21">
         <name>TA0_0_IRQHandler</name>
         <value>0x298b</value>
      </symbol>
      <symbol id="sm-a22">
         <name>TA0_N_IRQHandler</name>
         <value>0x298b</value>
      </symbol>
      <symbol id="sm-a23">
         <name>TA1_0_IRQHandler</name>
         <value>0x298b</value>
      </symbol>
      <symbol id="sm-a24">
         <name>TA1_N_IRQHandler</name>
         <value>0x298b</value>
      </symbol>
      <symbol id="sm-a25">
         <name>TA2_0_IRQHandler</name>
         <value>0x298b</value>
      </symbol>
      <symbol id="sm-a26">
         <name>TA2_N_IRQHandler</name>
         <value>0x298b</value>
      </symbol>
      <symbol id="sm-a27">
         <name>TA3_0_IRQHandler</name>
         <value>0x298b</value>
      </symbol>
      <symbol id="sm-a28">
         <name>TA3_N_IRQHandler</name>
         <value>0x298b</value>
      </symbol>
      <symbol id="sm-a29">
         <name>EUSCIA0_IRQHandler</name>
         <value>0x3ae3</value>
      </symbol>
      <symbol id="sm-a2a">
         <name>EUSCIA1_IRQHandler</name>
         <value>0x298b</value>
      </symbol>
      <symbol id="sm-a2b">
         <name>EUSCIA2_IRQHandler</name>
         <value>0x298b</value>
      </symbol>
      <symbol id="sm-a2c">
         <name>EUSCIA3_IRQHandler</name>
         <value>0x298b</value>
      </symbol>
      <symbol id="sm-a2d">
         <name>EUSCIB0_IRQHandler</name>
         <value>0x298b</value>
      </symbol>
      <symbol id="sm-a2e">
         <name>EUSCIB1_IRQHandler</name>
         <value>0x298b</value>
      </symbol>
      <symbol id="sm-a2f">
         <name>EUSCIB2_IRQHandler</name>
         <value>0x298b</value>
      </symbol>
      <symbol id="sm-a30">
         <name>EUSCIB3_IRQHandler</name>
         <value>0x298b</value>
      </symbol>
      <symbol id="sm-a31">
         <name>ADC14_IRQHandler</name>
         <value>0x46e1</value>
      </symbol>
      <symbol id="sm-a32">
         <name>T32_INT1_IRQHandler</name>
         <value>0x298b</value>
      </symbol>
      <symbol id="sm-a33">
         <name>T32_INT2_IRQHandler</name>
         <value>0x298b</value>
      </symbol>
      <symbol id="sm-a34">
         <name>T32_INTC_IRQHandler</name>
         <value>0x298b</value>
      </symbol>
      <symbol id="sm-a35">
         <name>AES256_IRQHandler</name>
         <value>0x298b</value>
      </symbol>
      <symbol id="sm-a36">
         <name>RTC_C_IRQHandler</name>
         <value>0x298b</value>
      </symbol>
      <symbol id="sm-a37">
         <name>DMA_ERR_IRQHandler</name>
         <value>0x298b</value>
      </symbol>
      <symbol id="sm-a38">
         <name>DMA_INT3_IRQHandler</name>
         <value>0x298b</value>
      </symbol>
      <symbol id="sm-a39">
         <name>DMA_INT2_IRQHandler</name>
         <value>0x298b</value>
      </symbol>
      <symbol id="sm-a3a">
         <name>DMA_INT1_IRQHandler</name>
         <value>0x298b</value>
      </symbol>
      <symbol id="sm-a3b">
         <name>DMA_INT0_IRQHandler</name>
         <value>0x298b</value>
      </symbol>
      <symbol id="sm-a3c">
         <name>PORT1_IRQHandler</name>
         <value>0x4543</value>
      </symbol>
      <symbol id="sm-a3d">
         <name>PORT2_IRQHandler</name>
         <value>0x45a5</value>
      </symbol>
      <symbol id="sm-a3e">
         <name>PORT3_IRQHandler</name>
         <value>0x298b</value>
      </symbol>
      <symbol id="sm-a3f">
         <name>PORT4_IRQHandler</name>
         <value>0x298b</value>
      </symbol>
      <symbol id="sm-a40">
         <name>PORT5_IRQHandler</name>
         <value>0x298b</value>
      </symbol>
      <symbol id="sm-a41">
         <name>PORT6_IRQHandler</name>
         <value>0x298b</value>
      </symbol>
   </symbol_table>
   <title>Link successful</title>
</link_info>
