******************************************************************************
                  TI ARM Linker PC v18.1.5                     
******************************************************************************
>> Linked Mon Mar 11 13:48:57 2019

OUTPUT FILE NAME:   <hub.out>
ENTRY POINT SYMBOL: "_c_int00_noargs"  address: 00008c79


MEMORY CONFIGURATION

         name            origin    length      used     unused   attr    fill
----------------------  --------  ---------  --------  --------  ----  --------
  MAIN                  00000000   00040000  00009736  000368ca  R  X
  INFO                  00200000   00004000  00000000  00004000  R  X
  SRAM_CODE             01000000   00010000  00000fa6  0000f05a  RW X
  SRAM_DATA             20000000   00010000  00000fa6  0000f05a  RW  


SEGMENT ALLOCATION MAP

run origin  load origin   length   init length attrs members
----------  ----------- ---------- ----------- ----- -------
00000000    00000000    00009738   00009738    r-x
  00000000    00000000    000000e4   000000e4    r-- .intvecs
  000000e4    000000e4    0000930a   0000930a    r-x .text
  000093f0    000093f0    000002f0   000002f0    r-- .const
  000096e0    000096e0    00000058   00000058    r-- .cinit
20000000    20000000    00000da6   00000000    rw-
  20000000    20000000    00000800   00000000    rw- .sysmem
  20000800    20000800    000003a4   00000000    rw- .data
  20000ba4    20000ba4    00000202   00000000    rw- .bss
2000fe00    2000fe00    00000200   00000000    rw-
  2000fe00    2000fe00    00000200   00000000    rw- .stack


SECTION ALLOCATION MAP

 output                                  attributes/
section   page    origin      length       input sections
--------  ----  ----------  ----------   ----------------
.intvecs   0    00000000    000000e4     
                  00000000    000000e4     startup_msp432p401r_ccs.obj (.intvecs:retain)

.text      0    000000e4    0000930a     
                  000000e4    00000a5e     rtsv7M4_T_le_v4SPD16_eabi.lib : _printfi.c.obj (.text:__TI_printfi)
                  00000b42    00000002     startup_msp432p401r_ccs.obj (.text:Default_Handler)
                  00000b44    000009c0     rtsv7M4_T_le_v4SPD16_eabi.lib : e_pow.c.obj (.text:pow)
                  00001504    00000634     driver.obj (.text:_SlDrvMsgRead)
                  00001b38    000004e4     driver.obj (.text:_SlAsyncEventGenericHandler)
                  0000201c    00000334     main.obj (.text:main)
                  00002350    00000270     rtsv7M4_T_le_v4SPD16_eabi.lib : _printfi.c.obj (.text:_pconv_a)
                  000025c0    00000244     wlan.obj (.text:sl_WlanConnect)
                  00002804    00000214     driver.obj (.text:_SlDrvRxHdrRead)
                  00002a18    00000208     driver.obj (.text:_SlDrvDataReadOp)
                  00002c20    00000208     driver.obj (.text:_SlDrvReleasePoolObj)
                  00002e28    00000208     driver.obj (.text:_SlDrvWaitForPoolObj)
                  00003030    000001f8     driver.obj (.text:_SlDrvMsgWrite)
                  00003228    000001e4     cc3100_usage.obj (.text:configureSimpleLinkToDefaultState)
                  0000340c    000001d0     rtsv7M4_T_le_v4SPD16_eabi.lib : _printfi.c.obj (.text:_pconv_g)
                  000035dc    000001b6                                   : fd_add_t2.asm.obj (.text)
                  00003792    00000002     board.obj (.text:PORT1_IRQHandler)
                  00003794    000001a8     cc3100_usage.obj (.text:BsdUdpServer)
                  0000393c    000001a0     bme280.obj (.text:bme280_get_calib_param)
                  00003adc    00000198     bme280.obj (.text:bme280_set_oversamp_humidity)
                  00003c74    00000194     socket.obj (.text:sl_Select)
                  00003e08    00000174     bme280.obj (.text:bme280_set_power_mode)
                  00003f7c    00000170     driver.obj (.text:_SlFindAndSetActiveObj)
                  000040ec    0000016c     bme280.obj (.text:bme280_set_oversamp_temperature)
                  00004258    00000164     bme280.obj (.text:bme280_set_standby_durn)
                  000043bc    0000015c     pcm.obj (.text:__PCM_setPowerModeAdvanced)
                  00004518    0000015c     uart_driver.obj (.text:uartInit)
                  00004674    00000158     bme280.obj (.text:bme280_set_oversamp_pressure)
                  000047cc    00000158     rtsv7M4_T_le_v4SPD16_eabi.lib : e_sqrt.c.obj (.text:sqrt)
                  00004924    0000013c                                   : _printfi.c.obj (.text:_pconv_e)
                  00004a60    0000013c     spi_cc3100.obj (.text:spi_Open)
                  00004b9c    00000138     i2c_driver.obj (.text:readI2C)
                  00004cd4    00000136     rtsv7M4_T_le_v4SPD16_eabi.lib : fd_div_t2.asm.obj (.text)
                  00004e0a    00000002                                   : _lock.c.obj (.text:_nop)
                  00004e0c    00000130     bme280.obj (.text:bme280_compensate_pressure_int32)
                  00004f3c    0000012c     device.obj (.text:sl_Stop)
                  00005068    00000124     rtsv7M4_T_le_v4SPD16_eabi.lib : _printfi.c.obj (.text:fcvt)
                  0000518c    00000118     driver.obj (.text:_SlDrvClassifyRxMsg)
                  000052a4    00000118     socket.obj (.text:sl_RecvFrom)
                  000053bc    00000110     rtsv7M4_T_le_v4SPD16_eabi.lib : s_scalbn.c.obj (.text:scalbn)
                  000054cc    00000110     device.obj (.text:sl_Start)
                  000055dc    00000108     pcm.obj (.text:__PCM_setCoreVoltageLevelAdvanced)
                  000056e4    00000104     cs.obj (.text:_CSComputeCLKFrequency)
                  000057e8    00000104     driver.obj (.text:_SlDrvMsgReadCmdCtx)
                  000058ec    000000fe     netapp.obj (.text:_SlDrvNetAppEventHandler)
                  000059ea    000000fc     rtsv7M4_T_le_v4SPD16_eabi.lib : fd_mul_t2.asm.obj (.text)
                  00005ae6    00000002                                   : div0.asm.obj (.text)
                  00005ae8    000000f8     cs.obj (.text:CS_getDCOFrequency)
                  00005be0    000000f0     driver.obj (.text:_SlDrvDriverCBInit)
                  00005cd0    000000f0     bme280_support.obj (.text:bme280_data_readout_template)
                  00005dc0    000000ec     i2c_driver.obj (.text:EUSCIB1_IRQHandler)
                  00005eac    000000e8     driver.obj (.text:_SlDrvMsgReadSpawnCtx)
                  00005f94    000000e8     i2c_driver.obj (.text:writeI2C)
                  0000607c    000000e4     cs.obj (.text:CS_startHFXTWithTimeout)
                  00006160    000000dc     cs.obj (.text:_CSGetHFXTFrequency)
                  0000623c    000000d8     rtsv7M4_T_le_v4SPD16_eabi.lib : memory.c.obj (.text:free)
                  00006314    000000d4     system_msp432p401r.obj (.text:SystemInit)
                  000063e8    000000d4     netapp.obj (.text:_sl_HandleAsync_DnsGetHostByService)
                  000064bc    000000cc     cc3100_usage.obj (.text:initCC3100)
                  00006588    000000c8     netapp.obj (.text:_sl_HandleAsync_DnsGetHostByName)
                  00006650    000000c8     netapp.obj (.text:_sl_HandleAsync_PingResponse)
                  00006718    000000c4     driver.obj (.text:_SlRemoveFromList)
                  000067dc    000000bc     bme280.obj (.text:bme280_compensate_humidity_int32)
                  00006898    000000b8     driver.obj (.text:_SlDrvCmdOp)
                  00006950    000000b8     device.obj (.text:_sl_HandleAsync_InitComplete)
                  00006a08    000000b8     netapp.obj (.text:sl_NetAppMDNSRegisterUnregisterService)
                  00006ac0    000000b4     socket.obj (.text:_sl_HandleAsync_Connect)
                  00006b74    000000b1     rtsv7M4_T_le_v4SPD16_eabi.lib : _printfi.c.obj (.text:_ltostr)
                  00006c25    00000003     --HOLE-- [fill = 0]
                  00006c28    000000ac     ClockSys.obj (.text:ClockSys_SetMaxFreq)
                  00006cd4    000000ac     uart_driver.obj (.text:uartReceive)
                  00006d80    000000a8     driver.obj (.text:_SlDrvDriverCBDeinit)
                  00006e28    000000a8     main.obj (.text:floatToArray)
                  00006ed0    000000a8     device.obj (.text:sl_DevGet)
                  00006f78    0000009c     rtsv7M4_T_le_v4SPD16_eabi.lib : memcpy_t2.asm.obj (.text)
                  00007014    00000098     socket.obj (.text:_sl_HandleAsync_Accept)
                  000070ac    00000098     bme280.obj (.text:bme280_read_uncomp_pressure_temperature_humidity)
                  00007144    00000096     rtsv7M4_T_le_v4SPD16_eabi.lib : ull_div_t2.asm.obj (.text)
                  000071da    00000002     --HOLE-- [fill = 0]
                  000071dc    0000008c     socket.obj (.text:_sl_HandleAsync_Select)
                  00007268    0000008c     socket.obj (.text:sl_Bind)
                  000072f4    00000088     gpio.obj (.text:GPIO_setAsPeripheralModuleFunctionOutputPin)
                  0000737c    00000088     device.obj (.text:_sl_HandleAsync_Stop)
                  00007404    00000088     cc3100_usage.obj (.text:establishConnectionWithAP)
                  0000748c    00000086     rtsv7M4_T_le_v4SPD16_eabi.lib : fd_cmp_t2.asm.obj (.text:__aeabi_cdcmple)
                  00007512    00000086                                   : fd_cmp_t2.asm.obj (.text:__aeabi_cdrcmple)
                  00007598    00000080     sysctl.obj (.text:SysCtl_getTLVInfo)
                  00007618    00000080     driver.obj (.text:_SlDrvObjInit)
                  00007698    0000007c     cs.obj (.text:_CSGetDOCFrequency)
                  00007714    0000007c     bme280.obj (.text:bme280_compensate_temperature_int32)
                  00007790    0000007a     rtsv7M4_T_le_v4SPD16_eabi.lib : memset_t2.asm.obj (.text)
                  0000780a    00000002     --HOLE-- [fill = 0]
                  0000780c    00000078                                   : memory.c.obj (.text:malloc)
                  00007884    00000074     spi_cc3100.obj (.text:spi_Read)
                  000078f8    00000070     main.obj (.text:convertEnvironmentReadings)
                  00007968    0000006e     rtsv7M4_T_le_v4SPD16_eabi.lib : _printfi.c.obj (.text:_mcpy)
                  000079d6    0000006e                                   : fd_tos_t2.asm.obj (.text)
                  00007a44    0000006c     nonos.obj (.text:_SlNonOsMainLoopTask)
                  00007ab0    0000006c     netcfg.obj (.text:sl_NetCfgSet)
                  00007b1c    0000006c     socket.obj (.text:sl_SetSockOpt)
                  00007b88    0000006c     wlan.obj (.text:sl_WlanSet)
                  00007bf4    0000006c     spi_cc3100.obj (.text:spi_Write)
                  00007c60    0000006a     main.obj (.text:integerToString)
                  00007cca    00000002     --HOLE-- [fill = 0]
                  00007ccc    00000068     i2c.obj (.text:I2C_masterSendMultiByteStart)
                  00007d34    00000068     rtsv7M4_T_le_v4SPD16_eabi.lib : copy_decompress_lzss.c.obj (.text:decompress:lzss:__TI_decompress_lzss)
                  00007d9c    00000068     netapp.obj (.text:sl_NetAppSendTokenValue)
                  00007e04    00000064     device.obj (.text:_SlDrvDeviceEventHandler)
                  00007e68    00000064     bme280.obj (.text:bme280_read_pressure_temperature_humidity)
                  00007ecc    00000064     bme280.obj (.text:bme280_read_uncomp_pressure)
                  00007f30    00000064     bme280.obj (.text:bme280_read_uncomp_temperature)
                  00007f94    00000064     rtsv7M4_T_le_v4SPD16_eabi.lib : s_frexp.c.obj (.text:frexp)
                  00007ff8    00000064     wlan.obj (.text:sl_WlanPolicySet)
                  0000805c    00000062     cs.obj (.text:_CSGetDividerValue)
                  000080be    0000005e     pcm.obj (.text:PCM_getCoreVoltageLevel)
                  0000811c    0000005c     nonos.obj (.text:_SlNonOsSemGet)
                  00008178    0000005c     bme280.obj (.text:bme280_init)
                  000081d4    0000005c     bme280.obj (.text:bme280_read_uncomp_humidity)
                  00008230    0000005c     socket.obj (.text:sl_Socket)
                  0000828c    0000005a     pcm.obj (.text:PCM_getPowerMode)
                  000082e6    00000002     --HOLE-- [fill = 0]
                  000082e8    00000058     cc3100_usage.obj (.text:SimpleLinkWlanEventHandler)
                  00008340    00000058     device.obj (.text:_sl_GetStartResponseConvert)
                  00008398    00000058     wlan.obj (.text:sl_WlanRxFilterSet)
                  000083f0    00000056     rtsv7M4_T_le_v4SPD16_eabi.lib : _printfi.c.obj (.text:_pconv_f)
                  00008446    00000002     --HOLE-- [fill = 0]
                  00008448    00000054     nonos.obj (.text:_SlNonOsSpawn)
                  0000849c    00000054     bme280.obj (.text:bme280_get_power_mode)
                  000084f0    00000054     bme280.obj (.text:bme280_get_standby_durn)
                  00008544    00000054     rtsv7M4_T_le_v4SPD16_eabi.lib : ltoa.c.obj (.text:ltoa)
                  00008598    00000052                                   : _printfi.c.obj (.text:_ecpy)
                  000085ea    00000050     socket.obj (.text:_sl_BuildAddress)
                  0000863a    00000050     main.obj (.text:reverse)
                  0000868a    00000002     --HOLE-- [fill = 0]
                  0000868c    0000004c     driver.obj (.text:_SlDrvRxIrqHandler)
                  000086d8    0000004c     rtsv7M4_T_le_v4SPD16_eabi.lib : atoi.c.obj (.text:atoi)
                  00008724    0000004c     bme280.obj (.text:bme280_read_register)
                  00008770    0000004c     bme280.obj (.text:bme280_write_register)
                  000087bc    0000004c     uart_driver.obj (.text:sendText)
                  00008808    0000004c     rtsv7M4_T_le_v4SPD16_eabi.lib : snprintf.c.obj (.text:snprintf)
                  00008854    00000048     board.obj (.text:CC3100_InterruptEnable)
                  0000889c    00000048     driver.obj (.text:_SlDrvBasicCmd)
                  000088e4    00000048     driver.obj (.text:_SlDrvCmdSend)
                  0000892c    00000048     rtsv7M4_T_le_v4SPD16_eabi.lib : fd_toi_t2.asm.obj (.text)
                  00008974    00000044     flowcont.obj (.text:_SlDrvFlowContDeinit)
                  000089b8    00000044     flowcont.obj (.text:_SlDrvFlowContInit)
                  000089fc    00000044     rtsv7M4_T_le_v4SPD16_eabi.lib : autoinit.c.obj (.text:__TI_auto_init_nobinit_nopinit:__TI_auto_init_nobinit_nopinit)
                  00008a40    00000044     bme280.obj (.text:bme280_set_soft_rst)
                  00008a84    00000044     rtsv7M4_T_le_v4SPD16_eabi.lib : fd_tou_t2.asm.obj (.text)
                  00008ac8    00000042     driver.obj (.text:_SlDrvShiftDWord)
                  00008b0a    00000002     --HOLE-- [fill = 0]
                  00008b0c    00000040     cc3100_usage.obj (.text:SimpleLinkNetAppEventHandler)
                  00008b4c    0000003e     rtsv7M4_T_le_v4SPD16_eabi.lib : _printfi.c.obj (.text:_fcpy)
                  00008b8a    0000003c     netapp.obj (.text:CopyPingResultsToReport)
                  00008bc6    00000002     --HOLE-- [fill = 0]
                  00008bc8    0000003c     rtsv7M4_T_le_v4SPD16_eabi.lib : memory.c.obj (.text:minsert)
                  00008c04    0000003c     socket.obj (.text:sl_Htons)
                  00008c40    00000038     bme280_support.obj (.text:I2C_routine)
                  00008c78    00000038     rtsv7M4_T_le_v4SPD16_eabi.lib : boot_cortex_m.c.obj (.text:_c_int00_noargs:_c_int00_noargs)
                  00008cb0    00000038                                   : memory.c.obj (.text:minit)
                  00008ce8    00000038                                   : fs_tod_t2.asm.obj (.text)
                  00008d20    00000036     netapp.obj (.text:sl_NetAppMDNSUnRegisterService)
                  00008d56    00000036     rtsv7M4_T_le_v4SPD16_eabi.lib : strncpy.c.obj (.text:strncpy)
                  00008d8c    00000034     uart.obj (.text:UART_transmitData)
                  00008dc0    00000030     board.obj (.text:CC3100_InterruptDisable)
                  00008df0    00000030     cs.obj (.text:CS_clearInterruptFlag)
                  00008e20    00000030     board.obj (.text:PORT2_IRQHandler)
                  00008e50    00000030     rtsv7M4_T_le_v4SPD16_eabi.lib : snprintf.c.obj (.text:_outs)
                  00008e80    00000030     socket.obj (.text:sl_Close)
                  00008eb0    00000030     wlan.obj (.text:sl_WlanProfileDel)
                  00008ee0    00000030     wlan.obj (.text:sl_WlanSetMode)
                  00008f10    0000002e     rtsv7M4_T_le_v4SPD16_eabi.lib : i_tofd_t2.asm.obj (.text)
                  00008f3e    0000002c     bme280_support.obj (.text:BME280_I2C_bus_read)
                  00008f6a    0000002c     bme280_support.obj (.text:BME280_I2C_bus_write)
                  00008f96    00000002     --HOLE-- [fill = 0]
                  00008f98    00000028     cs.obj (.text:CS_getMCLK)
                  00008fc0    00000028     cs.obj (.text:CS_getSMCLK)
                  00008fe8    00000028     board.obj (.text:Delay)
                  00009010    00000028     socket.obj (.text:SL_FD_ISSET)
                  00009038    00000028     rtsv7M4_T_le_v4SPD16_eabi.lib : memory.c.obj (.text:mremove)
                  00009060    00000026     demo_sysctl.obj (.text:DelayMs)
                  00009086    00000002     --HOLE-- [fill = 0]
                  00009088    00000024     uart_driver.obj (.text:EUSCIA0_IRQHandler)
                  000090ac    00000024     cc3100_usage.obj (.text:ReceiveData)
                  000090d0    00000024     wdt_a.obj (.text:WDT_A_clearTimer)
                  000090f4    00000024     wdt_a.obj (.text:WDT_A_holdTimer)
                  00009118    00000024     driver.obj (.text:_SlDrvObjDeInit)
                  0000913c    00000022     socket.obj (.text:SL_FD_SET)
                  0000915e    00000002     --HOLE-- [fill = 0]
                  00009160    00000020     cs.obj (.text:CS_setExternalClockSourceFrequency)
                  00009180    00000020     rtsv7M4_T_le_v4SPD16_eabi.lib : u_tofd_t2.asm.obj (.text)
                  000091a0    0000001c     i2c_driver.obj (.text:initI2C)
                  000091bc    0000001c     rtsv7M4_T_le_v4SPD16_eabi.lib : memccpy.c.obj (.text:memccpy)
                  000091d8    00000018     fpu.obj (.text:FPU_enableModule)
                  000091f0    00000018     sysctl.obj (.text:SysCtl_disableNMISource)
                  00009208    00000018     sysctl.obj (.text:SysCtl_enableNMISource)
                  00009220    00000018     nonos.obj (.text:_SlNonOsSemSet)
                  00009238    00000018     rtsv7M4_T_le_v4SPD16_eabi.lib : snprintf.c.obj (.text:_outc)
                  00009250    00000018     board.obj (.text:registerInterruptHandler)
                  00009268    00000016     rtsv7M4_T_le_v4SPD16_eabi.lib : strchr.c.obj (.text:strchr)
                  0000927e    00000002     --HOLE-- [fill = 0]
                  00009280    00000014     pcm.obj (.text:PCM_getPowerState)
                  00009294    00000014     rtsv7M4_T_le_v4SPD16_eabi.lib : s_copysign.c.obj (.text:copysign)
                  000092a8    00000014                                   : strlen.c.obj (.text:strlen)
                  000092bc    00000012     cs.obj (.text:CS_startHFXT)
                  000092ce    00000012     rtsv7M4_T_le_v4SPD16_eabi.lib : copy_zero_init.c.obj (.text:decompress:ZI:__TI_zero_init_nomemset:__TI_zero_init_nomemset)
                  000092e0    00000012                                   : wcslen.c.obj (.text:wcslen)
                  000092f2    00000002     --HOLE-- [fill = 0]
                  000092f4    00000010     board.obj (.text:CC3100_disable)
                  00009304    00000010     board.obj (.text:CC3100_enable)
                  00009314    00000010     fpu.obj (.text:FPU_enableLazyStacking)
                  00009324    00000010     pcm.obj (.text:PCM_setCoreVoltageLevel)
                  00009334    00000010     pcm.obj (.text:PCM_setPowerMode)
                  00009344    00000010     socket.obj (.text:SL_FD_ZERO)
                  00009354    00000010     cc3100_usage.obj (.text:SimpleLinkSockEventHandler)
                  00009364    00000010     sysctl.obj (.text:SysCtl_getNMISourceStatus)
                  00009374    0000000e     rtsv7M4_T_le_v4SPD16_eabi.lib : copy_decompress_none.c.obj (.text:decompress:none:__TI_decompress_none)
                  00009382    0000000c     bme280_support.obj (.text:BME280_delay_msek)
                  0000938e    0000000c     startup_msp432p401r_ccs.obj (.text:Reset_Handler)
                  0000939a    0000000c     cc3100_usage.obj (.text:SimpleLinkHttpServerCallback)
                  000093a6    00000002     --HOLE-- [fill = 0]
                  000093a8    0000000c     cc3100_usage.obj (.text:getLocalIP)
                  000093b4    0000000c     wlan.obj (.text:sl_WlanDisconnect)
                  000093c0    0000000c     spi_cc3100.obj (.text:spi_Close)
                  000093cc    0000000a     cc3100_usage.obj (.text:SimpleLinkGeneralEventHandler)
                  000093d6    00000002     --HOLE-- [fill = 0]
                  000093d8    00000008     rtsv7M4_T_le_v4SPD16_eabi.lib : errno.c.obj (.text:__aeabi_errno_addr)
                  000093e0    00000006     demo_sysctl.obj (.text:SysCtlDelay)
                  000093e6    00000004     rtsv7M4_T_le_v4SPD16_eabi.lib : pre_init.c.obj (.text:_system_pre_init)
                  000093ea    00000004                                   : exit.c.obj (.text:abort:abort)

.const     0    000093f0    000002f0     
                  000093f0    00000101     rtsv7M4_T_le_v4SPD16_eabi.lib : ctype.c.obj (.const:.string:_ctypes_)
                  000094f1    00000003     --HOLE-- [fill = 0]
                  000094f4    000000b0     wlan.obj (.const:$P$T0$1)
                  000095a4    00000038     driver.obj (.const:_SlActionLookupTable)
                  000095dc    00000004     driver.obj (.const:$P$T0$1)
                  000095e0    00000030     rtsv7M4_T_le_v4SPD16_eabi.lib : e_pow.c.obj (.const:$O1$$)
                  00009610    00000030     gpio.obj (.const:GPIO_PORT_TO_BASE)
                  00009640    0000002c     cc3100_usage.obj (.const:$P$T0$1)
                  0000966c    00000014     cc3100_usage.obj (.const:$P$T1$2)
                  00009680    0000000c     cc3100_usage.obj (.const:$P$T2$3)
                  0000968c    00000008     driver.obj (.const:g_H2NCnysPattern)
                  00009694    00000008     driver.obj (.const:g_H2NSyncPattern)
                  0000969c    00000004     socket.obj (.const:$P$T0$1)
                  000096a0    00000004     wlan.obj (.const:$P$T1$2)
                  000096a4    00000004     device.obj (.const:_SlDeviceGetCmdCtrl)
                  000096a8    00000004     netapp.obj (.const:_SlNetAppSendTokenValueCmdCtrl)
                  000096ac    00000004     netcfg.obj (.const:_SlNetCfgSetCmdCtrl)
                  000096b0    00000004     wlan.obj (.const:_SlPolicySetCmdCtrl)
                  000096b4    00000004     wlan.obj (.const:_SlProfileDelCmdCtrl)
                  000096b8    00000004     socket.obj (.const:_SlRecvfomCmdCtrl)
                  000096bc    00000004     netapp.obj (.const:_SlRegisterServiceCtrl)
                  000096c0    00000004     wlan.obj (.const:_SlRxFilterSetCmdCtrl)
                  000096c4    00000004     socket.obj (.const:_SlSelectCmdCtrl)
                  000096c8    00000004     socket.obj (.const:_SlSetSockOptCmdCtrl)
                  000096cc    00000004     socket.obj (.const:_SlSockCloseCmdCtrl)
                  000096d0    00000004     socket.obj (.const:_SlSockSocketCmdCtrl)
                  000096d4    00000004     device.obj (.const:_SlStopCmdCtrl)
                  000096d8    00000004     wlan.obj (.const:_SlWlanCfgSetCmdCtrl)
                  000096dc    00000004     wlan.obj (.const:_SlWlanSetModeCmdCtrl)

.cinit     0    000096e0    00000058     
                  000096e0    0000002e     (.cinit..data.load) [load image, compression = lzss]
                  0000970e    00000002     --HOLE-- [fill = 0]
                  00009710    0000000c     (__TI_handler_table)
                  0000971c    00000004     --HOLE-- [fill = 0]
                  00009720    00000008     (.cinit..bss.load) [load image, compression = zero_init]
                  00009728    00000010     (__TI_cinit_table)

.init_array 
*          0    00000000    00000000     UNINITIALIZED

.binit     0    00000000    00000000     

.sysmem    0    20000000    00000800     UNINITIALIZED
                  20000000    00000008     rtsv7M4_T_le_v4SPD16_eabi.lib : memory.c.obj (.sysmem)
                  20000008    000007f8     --HOLE--

.data      0    20000800    000003a4     UNINITIALIZED
                  20000800    0000021f     uart_driver.obj (.data:test)
                  20000a1f    0000010f     uart_driver.obj (.data:pieceOfString$2)
                  20000b2e    00000001     bme280.obj (.data)
                  20000b2f    00000001     i2c_driver.obj (.data)
                  20000b30    0000001c     main.obj (.data)
                  20000b4c    00000014     cc3100_usage.obj (.data)
                  20000b60    00000014     i2c_driver.obj (.data:i2cConfig)
                  20000b74    0000000c     rtsv7M4_T_le_v4SPD16_eabi.lib : memory.c.obj (.data:$O1$$)
                  20000b80    00000009     driver.obj (.data)
                  20000b89    00000003     --HOLE--
                  20000b8c    00000008     rtsv7M4_T_le_v4SPD16_eabi.lib : _lock.c.obj (.data:$O1$$)
                  20000b94    00000008     uart_driver.obj (.data)
                  20000b9c    00000004     board.obj (.data)
                  20000ba0    00000004     rtsv7M4_T_le_v4SPD16_eabi.lib : errno.c.obj (.data)

.bss       0    20000ba4    00000202     UNINITIALIZED
                  20000ba4    00000164     (.common:g_StatMem)
                  20000d08    0000003c     (.common:bme280)
                  20000d44    00000028     (.common:g__SlNonOsCB)
                  20000d6c    0000000a     (.common:meter_info)
                  20000d76    00000002     (.common:ctrl_info)
                  20000d78    00000008     cs.obj (.bss)
                  20000d80    00000004     bme280.obj (.bss)
                  20000d84    00000004     cc3100_usage.obj (.bss)
                  20000d88    00000004     (.common:HUB_IP)
                  20000d8c    00000004     (.common:g_ui32ByteCount)
                  20000d90    00000004     (.common:norm_hum)
                  20000d94    00000004     (.common:norm_press)
                  20000d98    00000004     (.common:norm_temp)
                  20000d9c    00000004     (.common:pData)
                  20000da0    00000004     (.common:returnRslt)
                  20000da4    00000001     (.common:ui8DummyRead)
                  20000da5    00000001     (.common:ui8Status)

.stack     0    2000fe00    00000200     UNINITIALIZED
                  2000fe00    00000004     rtsv7M4_T_le_v4SPD16_eabi.lib : boot_cortex_m.c.obj (.stack)
                  2000fe04    000001fc     --HOLE--

MODULE SUMMARY

       Module                        code    ro data   rw data
       ------                        ----    -------   -------
    .\
       bme280.obj                    3900    0         10     
       uart_driver.obj               632     0         1644   
       main.obj                      1286    0         120    
       cs.obj                        1356    0         16     
       i2c_driver.obj                808     0         62     
       pcm.obj                       848     0         0      
       bme280_support.obj            396     0         120    
       system_msp432p401r.obj        212     0         0      
       sysctl.obj                    192     0         0      
       gpio.obj                      136     48        0      
       ClockSys.obj                  172     0         0      
       i2c.obj                       104     0         0      
       wdt_a.obj                     72      0         0      
       uart.obj                      52      0         0      
       demo_sysctl.obj               44      0         0      
       fpu.obj                       40      0         0      
    +--+-----------------------------+-------+---------+---------+
       Total:                        10250   48        1972   
                                                              
    .\WiFi\
       driver.obj                    7814    76        730    
       socket.obj                    1774    24        0      
       cc3100_usage.obj              1486    76        48     
       netapp.obj                    1268    8         0      
       device.obj                    1248    8         0      
       wlan.obj                      984     200       0      
       spi_cc3100.obj                552     0         0      
       nonos.obj                     308     0         80     
       board.obj                     266     0         8      
       flowcont.obj                  136     0         0      
       netcfg.obj                    108     4         0      
    +--+-----------------------------+-------+---------+---------+
       Total:                        15944   396       866    
                                                              
    .\ccs\
       startup_msp432p401r_ccs.obj   14      228       0      
    +--+-----------------------------+-------+---------+---------+
       Total:                        14      228       0      
                                                              
    C:\ti\ccsv8\tools\compiler\ti-cgt-arm_18.1.5.LTS\lib\rtsv7M4_T_le_v4SPD16_eabi.lib
       _printfi.c.obj                4867    0         0      
       e_pow.c.obj                   2496    48        0      
       memory.c.obj                  492     0         24     
       fd_add_t2.asm.obj             438     0         0      
       e_sqrt.c.obj                  344     0         0      
       fd_div_t2.asm.obj             310     0         0      
       s_scalbn.c.obj                272     0         0      
       fd_cmp_t2.asm.obj             268     0         0      
       ctype.c.obj                   0       257       0      
       fd_mul_t2.asm.obj             252     0         0      
       memcpy_t2.asm.obj             156     0         0      
       ull_div_t2.asm.obj            150     0         0      
       snprintf.c.obj                148     0         0      
       memset_t2.asm.obj             122     0         0      
       fd_tos_t2.asm.obj             110     0         0      
       copy_decompress_lzss.c.obj    104     0         0      
       s_frexp.c.obj                 100     0         0      
       ltoa.c.obj                    84      0         0      
       atoi.c.obj                    76      0         0      
       fd_toi_t2.asm.obj             72      0         0      
       autoinit.c.obj                68      0         0      
       fd_tou_t2.asm.obj             68      0         0      
       boot_cortex_m.c.obj           56      0         0      
       fs_tod_t2.asm.obj             56      0         0      
       strncpy.c.obj                 54      0         0      
       i_tofd_t2.asm.obj             46      0         0      
       u_tofd_t2.asm.obj             32      0         0      
       memccpy.c.obj                 28      0         0      
       strchr.c.obj                  22      0         0      
       s_copysign.c.obj              20      0         0      
       strlen.c.obj                  20      0         0      
       _lock.c.obj                   2       0         16     
       copy_zero_init.c.obj          18      0         0      
       wcslen.c.obj                  18      0         0      
       errno.c.obj                   8       0         8      
       copy_decompress_none.c.obj    14      0         0      
       exit.c.obj                    4       0         0      
       pre_init.c.obj                4       0         0      
       div0.asm.obj                  2       0         0      
    +--+-----------------------------+-------+---------+---------+
       Total:                        11401   305       48     
                                                              
       Heap:                         0       0         4096   
       Stack:                        0       0         1024   
       Linker Generated:             0       82        0      
    +--+-----------------------------+-------+---------+---------+
       Grand Total:                  37609   1059      8006   


LINKER GENERATED COPY TABLES

__TI_cinit_table @ 00009728 records: 2, size/record: 8, table size: 16
	.data: load addr=000096e0, load size=0000002e bytes, run addr=20000800, run size=000003a4 bytes, compression=lzss
	.bss: load addr=00009720, load size=00000008 bytes, run addr=20000ba4, run size=00000202 bytes, compression=zero_init


LINKER GENERATED HANDLER TABLE

__TI_handler_table @ 00009710 records: 3, size/record: 4, table size: 12
	index: 0, handler: __TI_decompress_lzss
	index: 1, handler: __TI_decompress_none
	index: 2, handler: __TI_zero_init


GLOBAL SYMBOLS: SORTED ALPHABETICALLY BY Name 

address   name                                            
-------   ----                                            
00000b43  ADC14_IRQHandler                                
00000b43  AES256_IRQHandler                               
00008f3f  BME280_I2C_bus_read                             
00008f6b  BME280_I2C_bus_write                            
00009383  BME280_delay_msek                               
00000b43  BusFault_Handler                                
000093eb  C$$EXIT                                         
00008dc1  CC3100_InterruptDisable                         
00008855  CC3100_InterruptEnable                          
000092f5  CC3100_disable                                  
00009305  CC3100_enable                                   
00000b43  COMP_E0_IRQHandler                              
00000b43  COMP_E1_IRQHandler                              
00000b43  CS_IRQHandler                                   
00008df1  CS_clearInterruptFlag                           
00005ae9  CS_getDCOFrequency                              
00008f99  CS_getMCLK                                      
00008fc1  CS_getSMCLK                                     
00009161  CS_setExternalClockSourceFrequency              
000092bd  CS_startHFXT                                    
0000607d  CS_startHFXTWithTimeout                         
00006c29  ClockSys_SetMaxFreq                             
00008b8b  CopyPingResultsToReport                         
00000b43  DMA_ERR_IRQHandler                              
00000b43  DMA_INT0_IRQHandler                             
00000b43  DMA_INT1_IRQHandler                             
00000b43  DMA_INT2_IRQHandler                             
00000b43  DMA_INT3_IRQHandler                             
00000b43  DebugMon_Handler                                
00000b43  Default_Handler                                 
00008fe9  Delay                                           
00009061  DelayMs                                         
00009089  EUSCIA0_IRQHandler                              
00009089  EUSCIA0_IRQHandler                              
00000b43  EUSCIA1_IRQHandler                              
00000b43  EUSCIA2_IRQHandler                              
00000b43  EUSCIA3_IRQHandler                              
00000b43  EUSCIB0_IRQHandler                              
00005dc1  EUSCIB1_IRQHandler                              
00005dc1  EUSCIB1_IRQHandler                              
00000b43  EUSCIB2_IRQHandler                              
00000b43  EUSCIB3_IRQHandler                              
00000b43  FLCTL_IRQHandler                                
00000b43  FPU_IRQHandler                                  
00009315  FPU_enableLazyStacking                          
000091d9  FPU_enableModule                                
000072f5  GPIO_setAsPeripheralModuleFunctionOutputPin     
20000d88  HUB_IP                                          
00000b43  HardFault_Handler                               
00007ccd  I2C_masterSendMultiByteStart                    
00008c41  I2C_routine                                     
20000b30  METER_IP                                        
00000b43  MemManage_Handler                               
00000b43  NMI_Handler                                     
00000b43  PCM_IRQHandler                                  
000080bf  PCM_getCoreVoltageLevel                         
0000828d  PCM_getPowerMode                                
00009281  PCM_getPowerState                               
00009325  PCM_setCoreVoltageLevel                         
00009335  PCM_setPowerMode                                
00003793  PORT1_IRQHandler                                
00003793  PORT1_IRQHandler                                
00008e21  PORT2_IRQHandler                                
00008e21  PORT2_IRQHandler                                
00000b43  PORT3_IRQHandler                                
00000b43  PORT4_IRQHandler                                
00000b43  PORT5_IRQHandler                                
00000b43  PORT6_IRQHandler                                
00000b43  PSS_IRQHandler                                  
00000b43  PendSV_Handler                                  
00000b43  RTC_C_IRQHandler                                
000090ad  ReceiveData                                     
0000938f  Reset_Handler                                   
00009011  SL_FD_ISSET                                     
0000913d  SL_FD_SET                                       
00009345  SL_FD_ZERO                                      
00000b43  SVC_Handler                                     
000093cd  SimpleLinkGeneralEventHandler                   
0000939b  SimpleLinkHttpServerCallback                    
00008b0d  SimpleLinkNetAppEventHandler                    
00009355  SimpleLinkSockEventHandler                      
000082e9  SimpleLinkWlanEventHandler                      
20000b5c  SockIDRx                                        
20000b5e  SockIDTx                                        
000093e1  SysCtlDelay                                     
000091f1  SysCtl_disableNMISource                         
00009209  SysCtl_enableNMISource                          
00009365  SysCtl_getNMISourceStatus                       
00007599  SysCtl_getTLVInfo                               
00000b43  SysTick_Handler                                 
00006315  SystemInit                                      
00000b43  T32_INT1_IRQHandler                             
00000b43  T32_INT2_IRQHandler                             
00000b43  T32_INTC_IRQHandler                             
00000b43  TA0_0_IRQHandler                                
00000b43  TA0_N_IRQHandler                                
00000b43  TA1_0_IRQHandler                                
00000b43  TA1_N_IRQHandler                                
00000b43  TA2_0_IRQHandler                                
00000b43  TA2_N_IRQHandler                                
00000b43  TA3_0_IRQHandler                                
00000b43  TA3_N_IRQHandler                                
00008d8d  UART_transmitData                               
00000b43  UsageFault_Handler                              
4000480c  WDTCTL_SYM                                      
00000b43  WDT_A_IRQHandler                                
000090d1  WDT_A_clearTimer                                
000090f5  WDT_A_holdTimer                                 
000095a4  _SlActionLookupTable                            
00001b39  _SlAsyncEventGenericHandler                     
000096a4  _SlDeviceGetCmdCtrl                             
0000889d  _SlDrvBasicCmd                                  
0000518d  _SlDrvClassifyRxMsg                             
00006899  _SlDrvCmdOp                                     
000088e5  _SlDrvCmdSend                                   
00002a19  _SlDrvDataReadOp                                
00007e05  _SlDrvDeviceEventHandler                        
00006d81  _SlDrvDriverCBDeinit                            
00005be1  _SlDrvDriverCBInit                              
00008975  _SlDrvFlowContDeinit                            
000089b9  _SlDrvFlowContInit                              
00001505  _SlDrvMsgRead                                   
000057e9  _SlDrvMsgReadCmdCtx                             
00005ead  _SlDrvMsgReadSpawnCtx                           
00003031  _SlDrvMsgWrite                                  
000058ed  _SlDrvNetAppEventHandler                        
00009119  _SlDrvObjDeInit                                 
00007619  _SlDrvObjInit                                   
00002c21  _SlDrvReleasePoolObj                            
00002805  _SlDrvRxHdrRead                                 
0000868d  _SlDrvRxIrqHandler                              
00008ac9  _SlDrvShiftDWord                                
00002e29  _SlDrvWaitForPoolObj                            
00003f7d  _SlFindAndSetActiveObj                          
000096a8  _SlNetAppSendTokenValueCmdCtrl                  
000096ac  _SlNetCfgSetCmdCtrl                             
00007a45  _SlNonOsMainLoopTask                            
0000811d  _SlNonOsSemGet                                  
00009221  _SlNonOsSemSet                                  
00008449  _SlNonOsSpawn                                   
000096b0  _SlPolicySetCmdCtrl                             
000096b4  _SlProfileDelCmdCtrl                            
000096b8  _SlRecvfomCmdCtrl                               
000096bc  _SlRegisterServiceCtrl                          
00006719  _SlRemoveFromList                               
000096c0  _SlRxFilterSetCmdCtrl                           
000096c4  _SlSelectCmdCtrl                                
000096c8  _SlSetSockOptCmdCtrl                            
000096cc  _SlSockCloseCmdCtrl                             
000096d0  _SlSockSocketCmdCtrl                            
000096d4  _SlStopCmdCtrl                                  
000096d8  _SlWlanCfgSetCmdCtrl                            
000096dc  _SlWlanSetModeCmdCtrl                           
20010000  __STACK_END                                     
00000200  __STACK_SIZE                                    
00000800  __SYSMEM_SIZE                                   
00009728  __TI_CINIT_Base                                 
00009738  __TI_CINIT_Limit                                
00009710  __TI_Handler_Table_Base                         
0000971c  __TI_Handler_Table_Limit                        
000089fd  __TI_auto_init_nobinit_nopinit                  
00007d35  __TI_decompress_lzss                            
00009375  __TI_decompress_none                            
ffffffff  __TI_pprof_out_hndl                             
000000e5  __TI_printfi                                    
ffffffff  __TI_prof_data_size                             
ffffffff  __TI_prof_data_start                            
00000000  __TI_static_base__                              
000092cf  __TI_zero_init_nomemset                         
0000748d  __aeabi_cdcmpeq                                 
0000748d  __aeabi_cdcmple                                 
00007513  __aeabi_cdrcmple                                
000079d7  __aeabi_d2f                                     
0000892d  __aeabi_d2iz                                    
00008a85  __aeabi_d2uiz                                   
000035e7  __aeabi_dadd                                    
00004cd5  __aeabi_ddiv                                    
000059eb  __aeabi_dmul                                    
000035dd  __aeabi_dsub                                    
000093d9  __aeabi_errno_addr                              
00008ce9  __aeabi_f2d                                     
00008f11  __aeabi_i2d                                     
00005ae7  __aeabi_idiv0                                   
00005ae7  __aeabi_ldiv0                                   
00007791  __aeabi_memclr                                  
00007791  __aeabi_memclr4                                 
00007791  __aeabi_memclr8                                 
00006f79  __aeabi_memcpy                                  
00006f79  __aeabi_memcpy4                                 
00006f79  __aeabi_memcpy8                                 
00007793  __aeabi_memset                                  
00007793  __aeabi_memset4                                 
00007793  __aeabi_memset8                                 
00009181  __aeabi_ui2d                                    
00007145  __aeabi_uldivmod                                
ffffffff  __binit__                                       
ffffffff  __c_args__                                      
UNDEFED   __mpu_init                                      
2000fe00  __stack                                         
00008c79  _c_int00_noargs                                 
000093f0  _ctypes_                                        
20000b8c  _lock                                           
00004e0b  _nop                                            
000085eb  _sl_BuildAddress                                
00008341  _sl_GetStartResponseConvert                     
00007015  _sl_HandleAsync_Accept                          
00006ac1  _sl_HandleAsync_Connect                         
00006589  _sl_HandleAsync_DnsGetHostByName                
000063e9  _sl_HandleAsync_DnsGetHostByService             
00006951  _sl_HandleAsync_InitComplete                    
00006651  _sl_HandleAsync_PingResponse                    
000071dd  _sl_HandleAsync_Select                          
0000737d  _sl_HandleAsync_Stop                            
20000000  _sys_memory                                     
UNDEFED   _system_post_cinit                              
000093e7  _system_pre_init                                
20000b90  _unlock                                         
000093eb  abort                                           
000086d9  atoi                                            
ffffffff  binit                                           
20000d08  bme280                                          
000067dd  bme280_compensate_humidity_int32                
00004e0d  bme280_compensate_pressure_int32                
00007715  bme280_compensate_temperature_int32             
00005cd1  bme280_data_readout_template                    
0000393d  bme280_get_calib_param                          
0000849d  bme280_get_power_mode                           
000084f1  bme280_get_standby_durn                         
00008179  bme280_init                                     
00007e69  bme280_read_pressure_temperature_humidity       
00008725  bme280_read_register                            
000081d5  bme280_read_uncomp_humidity                     
00007ecd  bme280_read_uncomp_pressure                     
000070ad  bme280_read_uncomp_pressure_temperature_humidity
00007f31  bme280_read_uncomp_temperature                  
00003add  bme280_set_oversamp_humidity                    
00004675  bme280_set_oversamp_pressure                    
000040ed  bme280_set_oversamp_temperature                 
00003e09  bme280_set_power_mode                           
00008a41  bme280_set_soft_rst                             
00004259  bme280_set_standby_durn                         
00008771  bme280_write_register                           
20000b2f  burstMode                                       
000078f9  convertEnvironmentReadings                      
00009295  copysign                                        
00009295  copysignl                                       
20000d76  ctrl_info                                       
20000ba0  errno                                           
00006e29  floatToArray                                    
0000623d  free                                            
00007f95  frexp                                           
00007f95  frexpl                                          
20000b88  gFirstCmdMode                                   
0000968c  g_H2NCnysPattern                                
00009694  g_H2NSyncPattern                                
20000ba4  g_StatMem                                       
20000b4c  g_Status                                        
20000d44  g__SlNonOsCB                                    
20000b80  g_pCB                                           
20000b34  g_s32ActualTemp                                 
20000b3c  g_u32ActualHumity                               
20000b38  g_u32ActualPress                                
20000d8c  g_ui32ByteCount                                 
000093a9  getLocalIP                                      
20000b60  i2cConfig                                       
000064bd  initCC3100                                      
000091a1  initI2C                                         
00007c61  integerToString                                 
00000000  interruptVectors                                
000053bd  ldexp                                           
000053bd  ldexpl                                          
00008545  ltoa                                            
0000201d  main                                            
0000780d  malloc                                          
000091bd  memccpy                                         
00006f79  memcpy                                          
00007799  memset                                          
20000d6c  meter_info                                      
00008cb1  minit                                           
20000d90  norm_hum                                        
20000d94  norm_press                                      
20000d98  norm_temp                                       
20000b48  numChars                                        
20000b40  numMsgsRx                                       
20000d9c  pData                                           
20000b9c  pIraEventHandler                                
20000b84  pPingCallBackFunc                               
00000b45  pow                                             
00000b45  powl                                            
00004b9d  readI2C                                         
20000b54  receivedAlready                                 
00009251  registerInterruptHandler                        
20000b50  retVal                                          
20000da0  returnRslt                                      
0000863b  reverse                                         
000053bd  scalbn                                          
000053bd  scalbnl                                         
000087bd  sendText                                        
00007269  sl_Bind                                         
00008e81  sl_Close                                        
00006ed1  sl_DevGet                                       
00008c05  sl_Htons                                        
00006a09  sl_NetAppMDNSRegisterUnregisterService          
00008d21  sl_NetAppMDNSUnRegisterService                  
00007d9d  sl_NetAppSendTokenValue                         
00007ab1  sl_NetCfgSet                                    
000052a5  sl_RecvFrom                                     
00003c75  sl_Select                                       
00007b1d  sl_SetSockOpt                                   
00008231  sl_Socket                                       
000054cd  sl_Start                                        
00004f3d  sl_Stop                                         
000025c1  sl_WlanConnect                                  
000093b5  sl_WlanDisconnect                               
00007ff9  sl_WlanPolicySet                                
00008eb1  sl_WlanProfileDel                               
00008399  sl_WlanRxFilterSet                              
00007b89  sl_WlanSet                                      
00008ee1  sl_WlanSetMode                                  
00008809  snprintf                                        
000093c1  spi_Close                                       
00004a61  spi_Open                                        
00007885  spi_Read                                        
00007bf5  spi_Write                                       
000047cd  sqrt                                            
000047cd  sqrtl                                           
00009269  strchr                                          
000092a9  strlen                                          
00008d57  strncpy                                         
20000b44  tempIndex                                       
20000800  test                                            
20000b58  transmitedAlready                               
00004519  uartInit                                        
00006cd5  uartReceive                                     
20000da4  ui8DummyRead                                    
20000da5  ui8Status                                       
20000b2e  v_pre_config_value_u8                           
000092e1  wcslen                                          
00005f95  writeI2C                                        


GLOBAL SYMBOLS: SORTED BY Symbol Address 

address   name                                            
-------   ----                                            
00000000  __TI_static_base__                              
00000000  interruptVectors                                
000000e5  __TI_printfi                                    
00000200  __STACK_SIZE                                    
00000800  __SYSMEM_SIZE                                   
00000b43  ADC14_IRQHandler                                
00000b43  AES256_IRQHandler                               
00000b43  BusFault_Handler                                
00000b43  COMP_E0_IRQHandler                              
00000b43  COMP_E1_IRQHandler                              
00000b43  CS_IRQHandler                                   
00000b43  DMA_ERR_IRQHandler                              
00000b43  DMA_INT0_IRQHandler                             
00000b43  DMA_INT1_IRQHandler                             
00000b43  DMA_INT2_IRQHandler                             
00000b43  DMA_INT3_IRQHandler                             
00000b43  DebugMon_Handler                                
00000b43  Default_Handler                                 
00000b43  EUSCIA1_IRQHandler                              
00000b43  EUSCIA2_IRQHandler                              
00000b43  EUSCIA3_IRQHandler                              
00000b43  EUSCIB0_IRQHandler                              
00000b43  EUSCIB2_IRQHandler                              
00000b43  EUSCIB3_IRQHandler                              
00000b43  FLCTL_IRQHandler                                
00000b43  FPU_IRQHandler                                  
00000b43  HardFault_Handler                               
00000b43  MemManage_Handler                               
00000b43  NMI_Handler                                     
00000b43  PCM_IRQHandler                                  
00000b43  PORT3_IRQHandler                                
00000b43  PORT4_IRQHandler                                
00000b43  PORT5_IRQHandler                                
00000b43  PORT6_IRQHandler                                
00000b43  PSS_IRQHandler                                  
00000b43  PendSV_Handler                                  
00000b43  RTC_C_IRQHandler                                
00000b43  SVC_Handler                                     
00000b43  SysTick_Handler                                 
00000b43  T32_INT1_IRQHandler                             
00000b43  T32_INT2_IRQHandler                             
00000b43  T32_INTC_IRQHandler                             
00000b43  TA0_0_IRQHandler                                
00000b43  TA0_N_IRQHandler                                
00000b43  TA1_0_IRQHandler                                
00000b43  TA1_N_IRQHandler                                
00000b43  TA2_0_IRQHandler                                
00000b43  TA2_N_IRQHandler                                
00000b43  TA3_0_IRQHandler                                
00000b43  TA3_N_IRQHandler                                
00000b43  UsageFault_Handler                              
00000b43  WDT_A_IRQHandler                                
00000b45  pow                                             
00000b45  powl                                            
00001505  _SlDrvMsgRead                                   
00001b39  _SlAsyncEventGenericHandler                     
0000201d  main                                            
000025c1  sl_WlanConnect                                  
00002805  _SlDrvRxHdrRead                                 
00002a19  _SlDrvDataReadOp                                
00002c21  _SlDrvReleasePoolObj                            
00002e29  _SlDrvWaitForPoolObj                            
00003031  _SlDrvMsgWrite                                  
000035dd  __aeabi_dsub                                    
000035e7  __aeabi_dadd                                    
00003793  PORT1_IRQHandler                                
00003793  PORT1_IRQHandler                                
0000393d  bme280_get_calib_param                          
00003add  bme280_set_oversamp_humidity                    
00003c75  sl_Select                                       
00003e09  bme280_set_power_mode                           
00003f7d  _SlFindAndSetActiveObj                          
000040ed  bme280_set_oversamp_temperature                 
00004259  bme280_set_standby_durn                         
00004519  uartInit                                        
00004675  bme280_set_oversamp_pressure                    
000047cd  sqrt                                            
000047cd  sqrtl                                           
00004a61  spi_Open                                        
00004b9d  readI2C                                         
00004cd5  __aeabi_ddiv                                    
00004e0b  _nop                                            
00004e0d  bme280_compensate_pressure_int32                
00004f3d  sl_Stop                                         
0000518d  _SlDrvClassifyRxMsg                             
000052a5  sl_RecvFrom                                     
000053bd  ldexp                                           
000053bd  ldexpl                                          
000053bd  scalbn                                          
000053bd  scalbnl                                         
000054cd  sl_Start                                        
000057e9  _SlDrvMsgReadCmdCtx                             
000058ed  _SlDrvNetAppEventHandler                        
000059eb  __aeabi_dmul                                    
00005ae7  __aeabi_idiv0                                   
00005ae7  __aeabi_ldiv0                                   
00005ae9  CS_getDCOFrequency                              
00005be1  _SlDrvDriverCBInit                              
00005cd1  bme280_data_readout_template                    
00005dc1  EUSCIB1_IRQHandler                              
00005dc1  EUSCIB1_IRQHandler                              
00005ead  _SlDrvMsgReadSpawnCtx                           
00005f95  writeI2C                                        
0000607d  CS_startHFXTWithTimeout                         
0000623d  free                                            
00006315  SystemInit                                      
000063e9  _sl_HandleAsync_DnsGetHostByService             
000064bd  initCC3100                                      
00006589  _sl_HandleAsync_DnsGetHostByName                
00006651  _sl_HandleAsync_PingResponse                    
00006719  _SlRemoveFromList                               
000067dd  bme280_compensate_humidity_int32                
00006899  _SlDrvCmdOp                                     
00006951  _sl_HandleAsync_InitComplete                    
00006a09  sl_NetAppMDNSRegisterUnregisterService          
00006ac1  _sl_HandleAsync_Connect                         
00006c29  ClockSys_SetMaxFreq                             
00006cd5  uartReceive                                     
00006d81  _SlDrvDriverCBDeinit                            
00006e29  floatToArray                                    
00006ed1  sl_DevGet                                       
00006f79  __aeabi_memcpy                                  
00006f79  __aeabi_memcpy4                                 
00006f79  __aeabi_memcpy8                                 
00006f79  memcpy                                          
00007015  _sl_HandleAsync_Accept                          
000070ad  bme280_read_uncomp_pressure_temperature_humidity
00007145  __aeabi_uldivmod                                
000071dd  _sl_HandleAsync_Select                          
00007269  sl_Bind                                         
000072f5  GPIO_setAsPeripheralModuleFunctionOutputPin     
0000737d  _sl_HandleAsync_Stop                            
0000748d  __aeabi_cdcmpeq                                 
0000748d  __aeabi_cdcmple                                 
00007513  __aeabi_cdrcmple                                
00007599  SysCtl_getTLVInfo                               
00007619  _SlDrvObjInit                                   
00007715  bme280_compensate_temperature_int32             
00007791  __aeabi_memclr                                  
00007791  __aeabi_memclr4                                 
00007791  __aeabi_memclr8                                 
00007793  __aeabi_memset                                  
00007793  __aeabi_memset4                                 
00007793  __aeabi_memset8                                 
00007799  memset                                          
0000780d  malloc                                          
00007885  spi_Read                                        
000078f9  convertEnvironmentReadings                      
000079d7  __aeabi_d2f                                     
00007a45  _SlNonOsMainLoopTask                            
00007ab1  sl_NetCfgSet                                    
00007b1d  sl_SetSockOpt                                   
00007b89  sl_WlanSet                                      
00007bf5  spi_Write                                       
00007c61  integerToString                                 
00007ccd  I2C_masterSendMultiByteStart                    
00007d35  __TI_decompress_lzss                            
00007d9d  sl_NetAppSendTokenValue                         
00007e05  _SlDrvDeviceEventHandler                        
00007e69  bme280_read_pressure_temperature_humidity       
00007ecd  bme280_read_uncomp_pressure                     
00007f31  bme280_read_uncomp_temperature                  
00007f95  frexp                                           
00007f95  frexpl                                          
00007ff9  sl_WlanPolicySet                                
000080bf  PCM_getCoreVoltageLevel                         
0000811d  _SlNonOsSemGet                                  
00008179  bme280_init                                     
000081d5  bme280_read_uncomp_humidity                     
00008231  sl_Socket                                       
0000828d  PCM_getPowerMode                                
000082e9  SimpleLinkWlanEventHandler                      
00008341  _sl_GetStartResponseConvert                     
00008399  sl_WlanRxFilterSet                              
00008449  _SlNonOsSpawn                                   
0000849d  bme280_get_power_mode                           
000084f1  bme280_get_standby_durn                         
00008545  ltoa                                            
000085eb  _sl_BuildAddress                                
0000863b  reverse                                         
0000868d  _SlDrvRxIrqHandler                              
000086d9  atoi                                            
00008725  bme280_read_register                            
00008771  bme280_write_register                           
000087bd  sendText                                        
00008809  snprintf                                        
00008855  CC3100_InterruptEnable                          
0000889d  _SlDrvBasicCmd                                  
000088e5  _SlDrvCmdSend                                   
0000892d  __aeabi_d2iz                                    
00008975  _SlDrvFlowContDeinit                            
000089b9  _SlDrvFlowContInit                              
000089fd  __TI_auto_init_nobinit_nopinit                  
00008a41  bme280_set_soft_rst                             
00008a85  __aeabi_d2uiz                                   
00008ac9  _SlDrvShiftDWord                                
00008b0d  SimpleLinkNetAppEventHandler                    
00008b8b  CopyPingResultsToReport                         
00008c05  sl_Htons                                        
00008c41  I2C_routine                                     
00008c79  _c_int00_noargs                                 
00008cb1  minit                                           
00008ce9  __aeabi_f2d                                     
00008d21  sl_NetAppMDNSUnRegisterService                  
00008d57  strncpy                                         
00008d8d  UART_transmitData                               
00008dc1  CC3100_InterruptDisable                         
00008df1  CS_clearInterruptFlag                           
00008e21  PORT2_IRQHandler                                
00008e21  PORT2_IRQHandler                                
00008e81  sl_Close                                        
00008eb1  sl_WlanProfileDel                               
00008ee1  sl_WlanSetMode                                  
00008f11  __aeabi_i2d                                     
00008f3f  BME280_I2C_bus_read                             
00008f6b  BME280_I2C_bus_write                            
00008f99  CS_getMCLK                                      
00008fc1  CS_getSMCLK                                     
00008fe9  Delay                                           
00009011  SL_FD_ISSET                                     
00009061  DelayMs                                         
00009089  EUSCIA0_IRQHandler                              
00009089  EUSCIA0_IRQHandler                              
000090ad  ReceiveData                                     
000090d1  WDT_A_clearTimer                                
000090f5  WDT_A_holdTimer                                 
00009119  _SlDrvObjDeInit                                 
0000913d  SL_FD_SET                                       
00009161  CS_setExternalClockSourceFrequency              
00009181  __aeabi_ui2d                                    
000091a1  initI2C                                         
000091bd  memccpy                                         
000091d9  FPU_enableModule                                
000091f1  SysCtl_disableNMISource                         
00009209  SysCtl_enableNMISource                          
00009221  _SlNonOsSemSet                                  
00009251  registerInterruptHandler                        
00009269  strchr                                          
00009281  PCM_getPowerState                               
00009295  copysign                                        
00009295  copysignl                                       
000092a9  strlen                                          
000092bd  CS_startHFXT                                    
000092cf  __TI_zero_init_nomemset                         
000092e1  wcslen                                          
000092f5  CC3100_disable                                  
00009305  CC3100_enable                                   
00009315  FPU_enableLazyStacking                          
00009325  PCM_setCoreVoltageLevel                         
00009335  PCM_setPowerMode                                
00009345  SL_FD_ZERO                                      
00009355  SimpleLinkSockEventHandler                      
00009365  SysCtl_getNMISourceStatus                       
00009375  __TI_decompress_none                            
00009383  BME280_delay_msek                               
0000938f  Reset_Handler                                   
0000939b  SimpleLinkHttpServerCallback                    
000093a9  getLocalIP                                      
000093b5  sl_WlanDisconnect                               
000093c1  spi_Close                                       
000093cd  SimpleLinkGeneralEventHandler                   
000093d9  __aeabi_errno_addr                              
000093e1  SysCtlDelay                                     
000093e7  _system_pre_init                                
000093eb  C$$EXIT                                         
000093eb  abort                                           
000093f0  _ctypes_                                        
000095a4  _SlActionLookupTable                            
0000968c  g_H2NCnysPattern                                
00009694  g_H2NSyncPattern                                
000096a4  _SlDeviceGetCmdCtrl                             
000096a8  _SlNetAppSendTokenValueCmdCtrl                  
000096ac  _SlNetCfgSetCmdCtrl                             
000096b0  _SlPolicySetCmdCtrl                             
000096b4  _SlProfileDelCmdCtrl                            
000096b8  _SlRecvfomCmdCtrl                               
000096bc  _SlRegisterServiceCtrl                          
000096c0  _SlRxFilterSetCmdCtrl                           
000096c4  _SlSelectCmdCtrl                                
000096c8  _SlSetSockOptCmdCtrl                            
000096cc  _SlSockCloseCmdCtrl                             
000096d0  _SlSockSocketCmdCtrl                            
000096d4  _SlStopCmdCtrl                                  
000096d8  _SlWlanCfgSetCmdCtrl                            
000096dc  _SlWlanSetModeCmdCtrl                           
00009710  __TI_Handler_Table_Base                         
0000971c  __TI_Handler_Table_Limit                        
00009728  __TI_CINIT_Base                                 
00009738  __TI_CINIT_Limit                                
20000000  _sys_memory                                     
20000800  test                                            
20000b2e  v_pre_config_value_u8                           
20000b2f  burstMode                                       
20000b30  METER_IP                                        
20000b34  g_s32ActualTemp                                 
20000b38  g_u32ActualPress                                
20000b3c  g_u32ActualHumity                               
20000b40  numMsgsRx                                       
20000b44  tempIndex                                       
20000b48  numChars                                        
20000b4c  g_Status                                        
20000b50  retVal                                          
20000b54  receivedAlready                                 
20000b58  transmitedAlready                               
20000b5c  SockIDRx                                        
20000b5e  SockIDTx                                        
20000b60  i2cConfig                                       
20000b80  g_pCB                                           
20000b84  pPingCallBackFunc                               
20000b88  gFirstCmdMode                                   
20000b8c  _lock                                           
20000b90  _unlock                                         
20000b9c  pIraEventHandler                                
20000ba0  errno                                           
20000ba4  g_StatMem                                       
20000d08  bme280                                          
20000d44  g__SlNonOsCB                                    
20000d6c  meter_info                                      
20000d76  ctrl_info                                       
20000d88  HUB_IP                                          
20000d8c  g_ui32ByteCount                                 
20000d90  norm_hum                                        
20000d94  norm_press                                      
20000d98  norm_temp                                       
20000d9c  pData                                           
20000da0  returnRslt                                      
20000da4  ui8DummyRead                                    
20000da5  ui8Status                                       
2000fe00  __stack                                         
20010000  __STACK_END                                     
4000480c  WDTCTL_SYM                                      
ffffffff  __TI_pprof_out_hndl                             
ffffffff  __TI_prof_data_size                             
ffffffff  __TI_prof_data_start                            
ffffffff  __binit__                                       
ffffffff  __c_args__                                      
ffffffff  binit                                           
UNDEFED   __mpu_init                                      
UNDEFED   _system_post_cinit                              

[339 symbols]
