******************************************************************************
                  TI ARM Linker PC v18.1.5                     
******************************************************************************
>> Linked Mon Apr  8 16:01:35 2019

OUTPUT FILE NAME:   <hub.out>
ENTRY POINT SYMBOL: "_c_int00_noargs"  address: 00008da1


MEMORY CONFIGURATION

         name            origin    length      used     unused   attr    fill
----------------------  --------  ---------  --------  --------  ----  --------
  MAIN                  00000000   00040000  00009db2  0003624e  R  X
  INFO                  00200000   00004000  00000000  00004000  R  X
  SRAM_CODE             01000000   00010000  0000100c  0000eff4  RW X
  SRAM_DATA             20000000   00010000  0000100c  0000eff4  RW  


SEGMENT ALLOCATION MAP

run origin  load origin   length   init length attrs members
----------  ----------- ---------- ----------- ----- -------
00000000    00000000    00009db8   00009db8    r-x
  00000000    00000000    000000e4   000000e4    r-- .intvecs
  000000e4    000000e4    00009492   00009492    r-x .text
  00009578    00009578    000007e4   000007e4    r-- .const
  00009d60    00009d60    00000058   00000058    r-- .cinit
20000000    20000000    00000e0c   00000000    rw-
  20000000    20000000    00000800   00000000    rw- .sysmem
  20000800    20000800    0000039c   00000000    rw- .data
  20000b9c    20000b9c    00000270   00000000    rw- .bss
2000fe00    2000fe00    00000200   00000000    rw-
  2000fe00    2000fe00    00000200   00000000    rw- .stack


SECTION ALLOCATION MAP

 output                                  attributes/
section   page    origin      length       input sections
--------  ----  ----------  ----------   ----------------
.intvecs   0    00000000    000000e4     
                  00000000    000000e4     startup_msp432p401r_ccs.obj (.intvecs:retain)

.text      0    000000e4    00009492     
                  000000e4    000009c0     rtsv7M4_T_le_v4SPD16_eabi.lib : e_pow.c.obj (.text:pow)
                  00000aa4    00000634     driver.obj (.text:_SlDrvMsgRead)
                  000010d8    000004e4     driver.obj (.text:_SlAsyncEventGenericHandler)
                  000015bc    00000300     main.obj (.text:processWiFiTransmission)
                  000018bc    00000244     wlan.obj (.text:sl_WlanConnect)
                  00001b00    00000234     LCDLib.obj (.text:LCD_Init)
                  00001d34    00000214     driver.obj (.text:_SlDrvRxHdrRead)
                  00001f48    00000208     driver.obj (.text:_SlDrvDataReadOp)
                  00002150    00000208     driver.obj (.text:_SlDrvReleasePoolObj)
                  00002358    00000208     driver.obj (.text:_SlDrvWaitForPoolObj)
                  00002560    000001f8     driver.obj (.text:_SlDrvMsgWrite)
                  00002758    000001e4     cc3100_usage.obj (.text:configureSimpleLinkToDefaultState)
                  0000293c    000001b6     rtsv7M4_T_le_v4SPD16_eabi.lib : fd_add_t2.asm.obj (.text)
                  00002af2    00000002     startup_msp432p401r_ccs.obj (.text:Default_Handler)
                  00002af4    000001a8     cc3100_usage.obj (.text:BsdUdpServer)
                  00002c9c    000001a8     main.obj (.text:T32_INT1_IRQHandler)
                  00002e44    000001a0     bme280.obj (.text:bme280_get_calib_param)
                  00002fe4    00000198     bme280.obj (.text:bme280_set_oversamp_humidity)
                  0000317c    00000194     socket.obj (.text:sl_Select)
                  00003310    00000188     main.obj (.text:IP_stringConvert)
                  00003498    00000174     bme280.obj (.text:bme280_set_power_mode)
                  0000360c    00000170     driver.obj (.text:_SlFindAndSetActiveObj)
                  0000377c    0000016c     bme280.obj (.text:bme280_set_oversamp_temperature)
                  000038e8    00000164     bme280.obj (.text:bme280_set_standby_durn)
                  00003a4c    0000015f     main.obj (.text:printEnergyMenu)
                  00003bab    00000001     --HOLE-- [fill = 0]
                  00003bac    0000015c     pcm.obj (.text:__PCM_setPowerModeAdvanced)
                  00003d08    00000158     bme280.obj (.text:bme280_set_oversamp_pressure)
                  00003e60    00000158     rtsv7M4_T_le_v4SPD16_eabi.lib : e_sqrt.c.obj (.text:sqrt)
                  00003fb8    0000014b     main.obj (.text:printFireMenu)
                  00004103    00000001     --HOLE-- [fill = 0]
                  00004104    0000013c     spi_cc3100.obj (.text:spi_Open)
                  00004240    00000138     main.obj (.text:printEnergyData)
                  00004378    00000138     i2c_driver.obj (.text:readI2C)
                  000044b0    00000136     rtsv7M4_T_le_v4SPD16_eabi.lib : fd_div_t2.asm.obj (.text)
                  000045e6    00000002     board.obj (.text:PORT1_IRQHandler)
                  000045e8    00000130     bme280.obj (.text:bme280_compensate_pressure_int32)
                  00004718    0000012c     device.obj (.text:sl_Stop)
                  00004844    0000011f     main.obj (.text:printAirMenu)
                  00004963    00000001     --HOLE-- [fill = 0]
                  00004964    00000118     driver.obj (.text:_SlDrvClassifyRxMsg)
                  00004a7c    00000118     socket.obj (.text:sl_RecvFrom)
                  00004b94    00000110     rtsv7M4_T_le_v4SPD16_eabi.lib : s_scalbn.c.obj (.text:scalbn)
                  00004ca4    00000110     device.obj (.text:sl_Start)
                  00004db4    0000010f     main.obj (.text:printMainMenu)
                  00004ec3    00000001     --HOLE-- [fill = 0]
                  00004ec4    0000010c     main.obj (.text:printThermMenu)
                  00004fd0    00000108     pcm.obj (.text:__PCM_setCoreVoltageLevelAdvanced)
                  000050d8    00000108     main.obj (.text:main)
                  000051e0    00000104     LCDLib.obj (.text:TP_ReadXY)
                  000052e4    00000104     cs.obj (.text:_CSComputeCLKFrequency)
                  000053e8    00000104     driver.obj (.text:_SlDrvMsgReadCmdCtx)
                  000054ec    000000fe     netapp.obj (.text:_SlDrvNetAppEventHandler)
                  000055ea    000000fc     rtsv7M4_T_le_v4SPD16_eabi.lib : fd_mul_t2.asm.obj (.text)
                  000056e6    00000002                                   : _lock.c.obj (.text:_nop)
                  000056e8    000000f8     cs.obj (.text:CS_getDCOFrequency)
                  000057e0    000000f8     main.obj (.text:config_WiFi_strucs)
                  000058d8    000000f0     driver.obj (.text:_SlDrvDriverCBInit)
                  000059c8    000000f0     bme280_support.obj (.text:bme280_data_readout_template)
                  00005ab8    000000ec     i2c_driver.obj (.text:EUSCIB1_IRQHandler)
                  00005ba4    000000e8     driver.obj (.text:_SlDrvMsgReadSpawnCtx)
                  00005c8c    000000e8     i2c_driver.obj (.text:writeI2C)
                  00005d74    000000e0     main.obj (.text:init_LCD)
                  00005e54    000000d8     rtsv7M4_T_le_v4SPD16_eabi.lib : memory.c.obj (.text:free)
                  00005f2c    000000d4     system_msp432p401r.obj (.text:SystemInit)
                  00006000    000000d4     netapp.obj (.text:_sl_HandleAsync_DnsGetHostByService)
                  000060d4    000000d4     main.obj (.text:init_sensors)
                  000061a8    000000cc     cc3100_usage.obj (.text:initCC3100)
                  00006274    000000c8     netapp.obj (.text:_sl_HandleAsync_DnsGetHostByName)
                  0000633c    000000c8     netapp.obj (.text:_sl_HandleAsync_PingResponse)
                  00006404    000000c4     driver.obj (.text:_SlRemoveFromList)
                  000064c8    000000c0     main.obj (.text:init_WiFi)
                  00006588    000000bc     bme280.obj (.text:bme280_compensate_humidity_int32)
                  00006644    000000b8     driver.obj (.text:_SlDrvCmdOp)
                  000066fc    000000b8     device.obj (.text:_sl_HandleAsync_InitComplete)
                  000067b4    000000b8     netapp.obj (.text:sl_NetAppMDNSRegisterUnregisterService)
                  0000686c    000000b4     socket.obj (.text:_sl_HandleAsync_Connect)
                  00006920    000000b0     LCDLib.obj (.text:LCD_DrawRectangle)
                  000069d0    000000ac     uart_driver.obj (.text:uartReceive)
                  00006a7c    000000a8     driver.obj (.text:_SlDrvDriverCBDeinit)
                  00006b24    000000a8     main.obj (.text:floatToArray)
                  00006bcc    000000a8     device.obj (.text:sl_DevGet)
                  00006c74    000000a4     LCDLib.obj (.text:PutChar)
                  00006d18    000000a4     main.obj (.text:updateMenuState)
                  00006dbc    0000009c     main.obj (.text:printTemperature)
                  00006e58    0000009c     rtsv7M4_T_le_v4SPD16_eabi.lib : memcpy_t2.asm.obj (.text)
                  00006ef4    0000009a     LCDLib.obj (.text:LCD_Text)
                  00006f8e    00000002     --HOLE-- [fill = 0]
                  00006f90    00000098     socket.obj (.text:_sl_HandleAsync_Accept)
                  00007028    00000098     bme280.obj (.text:bme280_read_uncomp_pressure_temperature_humidity)
                  000070c0    00000098     main.obj (.text:printFireData)
                  00007158    00000094     ClockSys.obj (.text:ClockSys_SetMaxFreq)
                  000071ec    0000008c     socket.obj (.text:_sl_HandleAsync_Select)
                  00007278    0000008c     socket.obj (.text:sl_Bind)
                  00007304    00000088     gpio.obj (.text:GPIO_setAsPeripheralModuleFunctionOutputPin)
                  0000738c    00000088     device.obj (.text:_sl_HandleAsync_Stop)
                  00007414    00000088     cc3100_usage.obj (.text:establishConnectionWithAP)
                  0000749c    00000086     rtsv7M4_T_le_v4SPD16_eabi.lib : fd_cmp_t2.asm.obj (.text:__aeabi_cdcmple)
                  00007522    00000086                                   : fd_cmp_t2.asm.obj (.text:__aeabi_cdrcmple)
                  000075a8    00000080     interrupt.obj (.text:Interrupt_enableInterrupt)
                  00007628    00000080     sysctl.obj (.text:SysCtl_getTLVInfo)
                  000076a8    00000080     driver.obj (.text:_SlDrvObjInit)
                  00007728    0000007c     cs.obj (.text:_CSGetDOCFrequency)
                  000077a4    0000007c     bme280.obj (.text:bme280_compensate_temperature_int32)
                  00007820    0000007a     rtsv7M4_T_le_v4SPD16_eabi.lib : memset_t2.asm.obj (.text)
                  0000789a    00000002     --HOLE-- [fill = 0]
                  0000789c    00000078                                   : memory.c.obj (.text:malloc)
                  00007914    00000074     main.obj (.text:printAirQualityData)
                  00007988    00000074     spi_cc3100.obj (.text:spi_Read)
                  000079fc    00000070     main.obj (.text:convertEnvironmentReadings)
                  00007a6c    0000006e     rtsv7M4_T_le_v4SPD16_eabi.lib : fd_tos_t2.asm.obj (.text)
                  00007ada    00000002     --HOLE-- [fill = 0]
                  00007adc    0000006c     nonos.obj (.text:_SlNonOsMainLoopTask)
                  00007b48    0000006c     netcfg.obj (.text:sl_NetCfgSet)
                  00007bb4    0000006c     socket.obj (.text:sl_SetSockOpt)
                  00007c20    0000006c     wlan.obj (.text:sl_WlanSet)
                  00007c8c    0000006c     spi_cc3100.obj (.text:spi_Write)
                  00007cf8    0000006a     main.obj (.text:integerToString)
                  00007d62    00000002     --HOLE-- [fill = 0]
                  00007d64    00000068     i2c.obj (.text:I2C_masterSendMultiByteStart)
                  00007dcc    00000068     timer32.obj (.text:Timer32_initModule)
                  00007e34    00000068     rtsv7M4_T_le_v4SPD16_eabi.lib : copy_decompress_lzss.c.obj (.text:decompress:lzss:__TI_decompress_lzss)
                  00007e9c    00000068     netapp.obj (.text:sl_NetAppSendTokenValue)
                  00007f04    00000064     device.obj (.text:_SlDrvDeviceEventHandler)
                  00007f68    00000064     bme280.obj (.text:bme280_read_pressure_temperature_humidity)
                  00007fcc    00000064     bme280.obj (.text:bme280_read_uncomp_pressure)
                  00008030    00000064     bme280.obj (.text:bme280_read_uncomp_temperature)
                  00008094    00000064     wlan.obj (.text:sl_WlanPolicySet)
                  000080f8    00000062     cs.obj (.text:_CSGetDividerValue)
                  0000815a    00000002     --HOLE-- [fill = 0]
                  0000815c    00000060     LCDLib.obj (.text:LCD_initSPI)
                  000081bc    0000005e     pcm.obj (.text:PCM_getCoreVoltageLevel)
                  0000821a    0000005c     nonos.obj (.text:_SlNonOsSemGet)
                  00008276    00000002     --HOLE-- [fill = 0]
                  00008278    0000005c     bme280.obj (.text:bme280_init)
                  000082d4    0000005c     bme280.obj (.text:bme280_read_uncomp_humidity)
                  00008330    0000005c     socket.obj (.text:sl_Socket)
                  0000838c    0000005a     pcm.obj (.text:PCM_getPowerMode)
                  000083e6    00000002     --HOLE-- [fill = 0]
                  000083e8    00000058     gpio.obj (.text:GPIO_setAsInputPinWithPullUpResistor)
                  00008440    00000058     cc3100_usage.obj (.text:SimpleLinkWlanEventHandler)
                  00008498    00000058     device.obj (.text:_sl_GetStartResponseConvert)
                  000084f0    00000058     wlan.obj (.text:sl_WlanRxFilterSet)
                  00008548    00000054     nonos.obj (.text:_SlNonOsSpawn)
                  0000859c    00000054     bme280.obj (.text:bme280_get_power_mode)
                  000085f0    00000054     bme280.obj (.text:bme280_get_standby_durn)
                  00008644    00000050     socket.obj (.text:_sl_BuildAddress)
                  00008694    00000050     main.obj (.text:reverse)
                  000086e4    0000004c     LCDLib.obj (.text:LCD_Clear)
                  00008730    0000004c     driver.obj (.text:_SlDrvRxIrqHandler)
                  0000877c    0000004c     bme280.obj (.text:bme280_read_register)
                  000087c8    0000004c     bme280.obj (.text:bme280_write_register)
                  00008814    00000048     board.obj (.text:CC3100_InterruptEnable)
                  0000885c    00000048     driver.obj (.text:_SlDrvBasicCmd)
                  000088a4    00000048     driver.obj (.text:_SlDrvCmdSend)
                  000088ec    00000048     rtsv7M4_T_le_v4SPD16_eabi.lib : fd_toi_t2.asm.obj (.text)
                  00008934    00000044     flowcont.obj (.text:_SlDrvFlowContDeinit)
                  00008978    00000044     flowcont.obj (.text:_SlDrvFlowContInit)
                  000089bc    00000044     rtsv7M4_T_le_v4SPD16_eabi.lib : autoinit.c.obj (.text:__TI_auto_init_nobinit_nopinit:__TI_auto_init_nobinit_nopinit)
                  00008a00    00000044     LCDLib.obj (.text:_delay)
                  00008a44    00000044     bme280.obj (.text:bme280_set_soft_rst)
                  00008a88    00000042     driver.obj (.text:_SlDrvShiftDWord)
                  00008aca    00000002     --HOLE-- [fill = 0]
                  00008acc    00000040     AsciiLib.obj (.text:GetASCIICode)
                  00008b0c    00000040     LCDLib.obj (.text:LCD_WriteData)
                  00008b4c    00000040     LCDLib.obj (.text:LCD_reset)
                  00008b8c    00000040     cc3100_usage.obj (.text:SimpleLinkNetAppEventHandler)
                  00008bcc    0000003c     netapp.obj (.text:CopyPingResultsToReport)
                  00008c08    0000003c     gpio.obj (.text:GPIO_interruptEdgeSelect)
                  00008c44    0000003c     main.obj (.text:PORT4_IRQHandler)
                  00008c80    0000003c     rtsv7M4_T_le_v4SPD16_eabi.lib : memory.c.obj (.text:minsert)
                  00008cbc    0000003c     socket.obj (.text:sl_Htons)
                  00008cf8    00000038     bme280_support.obj (.text:I2C_routine)
                  00008d30    00000038     LCDLib.obj (.text:SPISendRecvByte)
                  00008d68    00000038     timer32.obj (.text:Timer32_startTimer)
                  00008da0    00000038     rtsv7M4_T_le_v4SPD16_eabi.lib : boot_cortex_m.c.obj (.text:_c_int00_noargs:_c_int00_noargs)
                  00008dd8    00000038                                   : memory.c.obj (.text:minit)
                  00008e10    00000038                                   : fs_tod_t2.asm.obj (.text)
                  00008e48    00000036     netapp.obj (.text:sl_NetAppMDNSUnRegisterService)
                  00008e7e    00000036     rtsv7M4_T_le_v4SPD16_eabi.lib : strncpy.c.obj (.text:strncpy)
                  00008eb4    00000034     LCDLib.obj (.text:LCD_WriteIndex)
                  00008ee8    00000034     timer32.obj (.text:Timer32_setCount)
                  00008f1c    00000034     main.obj (.text:processEnvironmentalSensorData)
                  00008f50    00000030     board.obj (.text:CC3100_InterruptDisable)
                  00008f80    00000030     cs.obj (.text:CS_clearInterruptFlag)
                  00008fb0    00000030     board.obj (.text:PORT2_IRQHandler)
                  00008fe0    00000030     socket.obj (.text:sl_Close)
                  00009010    00000030     wlan.obj (.text:sl_WlanProfileDel)
                  00009040    00000030     wlan.obj (.text:sl_WlanSetMode)
                  00009070    0000002e     LCDLib.obj (.text:LCD_SetPoint)
                  0000909e    0000002e     rtsv7M4_T_le_v4SPD16_eabi.lib : i_tofd_t2.asm.obj (.text)
                  000090cc    0000002c     bme280_support.obj (.text:BME280_I2C_bus_read)
                  000090f8    0000002c     bme280_support.obj (.text:BME280_I2C_bus_write)
                  00009124    00000028     cs.obj (.text:CS_getMCLK)
                  0000914c    00000028     cs.obj (.text:CS_getSMCLK)
                  00009174    00000028     board.obj (.text:Delay)
                  0000919c    00000028     gpio.obj (.text:GPIO_clearInterruptFlag)
                  000091c4    00000028     socket.obj (.text:SL_FD_ISSET)
                  000091ec    00000028     rtsv7M4_T_le_v4SPD16_eabi.lib : memory.c.obj (.text:mremove)
                  00009214    00000026     demo_sysctl.obj (.text:DelayMs)
                  0000923a    00000002     --HOLE-- [fill = 0]
                  0000923c    00000024     uart_driver.obj (.text:EUSCIA0_IRQHandler)
                  00009260    00000024     cc3100_usage.obj (.text:ReceiveData)
                  00009284    00000024     wdt_a.obj (.text:WDT_A_clearTimer)
                  000092a8    00000024     wdt_a.obj (.text:WDT_A_holdTimer)
                  000092cc    00000024     driver.obj (.text:_SlDrvObjDeInit)
                  000092f0    00000022     socket.obj (.text:SL_FD_SET)
                  00009312    00000020     LCDLib.obj (.text:LCD_Write_Data_Only)
                  00009332    00000002     --HOLE-- [fill = 0]
                  00009334    00000020     main.obj (.text:launchBackup)
                  00009354    00000020     rtsv7M4_T_le_v4SPD16_eabi.lib : u_tofd_t2.asm.obj (.text)
                  00009374    0000001c     LCDLib.obj (.text:LCD_WriteReg)
                  00009390    0000001c     i2c_driver.obj (.text:initI2C)
                  000093ac    00000018     fpu.obj (.text:FPU_enableModule)
                  000093c4    00000018     nonos.obj (.text:_SlNonOsSemSet)
                  000093dc    00000018     main.obj (.text:init_systemConfig)
                  000093f4    00000018     board.obj (.text:registerInterruptHandler)
                  0000940c    00000014     pcm.obj (.text:PCM_getPowerState)
                  00009420    00000014     timer32.obj (.text:Timer32_clearInterruptFlag)
                  00009434    00000014     timer32.obj (.text:Timer32_enableInterrupt)
                  00009448    00000014     rtsv7M4_T_le_v4SPD16_eabi.lib : s_copysign.c.obj (.text:copysign)
                  0000945c    00000014                                   : strlen.c.obj (.text:strlen)
                  00009470    00000012                                   : copy_zero_init.c.obj (.text:decompress:ZI:__TI_zero_init_nomemset:__TI_zero_init_nomemset)
                  00009482    00000002     --HOLE-- [fill = 0]
                  00009484    00000010     board.obj (.text:CC3100_disable)
                  00009494    00000010     board.obj (.text:CC3100_enable)
                  000094a4    00000010     fpu.obj (.text:FPU_enableLazyStacking)
                  000094b4    00000010     pcm.obj (.text:PCM_setCoreVoltageLevel)
                  000094c4    00000010     pcm.obj (.text:PCM_setPowerMode)
                  000094d4    00000010     socket.obj (.text:SL_FD_ZERO)
                  000094e4    00000010     cc3100_usage.obj (.text:SimpleLinkSockEventHandler)
                  000094f4    0000000e     rtsv7M4_T_le_v4SPD16_eabi.lib : copy_decompress_none.c.obj (.text:decompress:none:__TI_decompress_none)
                  00009502    0000000c     bme280_support.obj (.text:BME280_delay_msek)
                  0000950e    0000000c     startup_msp432p401r_ccs.obj (.text:Reset_Handler)
                  0000951a    0000000c     cc3100_usage.obj (.text:SimpleLinkHttpServerCallback)
                  00009526    00000002     --HOLE-- [fill = 0]
                  00009528    0000000c     cc3100_usage.obj (.text:getLocalIP)
                  00009534    0000000c     wlan.obj (.text:sl_WlanDisconnect)
                  00009540    0000000c     spi_cc3100.obj (.text:spi_Close)
                  0000954c    0000000a     LCDLib.obj (.text:LCD_Write_Data_Start)
                  00009556    0000000a     cc3100_usage.obj (.text:SimpleLinkGeneralEventHandler)
                  00009560    00000008     rtsv7M4_T_le_v4SPD16_eabi.lib : errno.c.obj (.text:__aeabi_errno_addr)
                  00009568    00000006     demo_sysctl.obj (.text:SysCtlDelay)
                  0000956e    00000004     rtsv7M4_T_le_v4SPD16_eabi.lib : pre_init.c.obj (.text:_system_pre_init)
                  00009572    00000004                                   : exit.c.obj (.text:abort:abort)

.const     0    00009578    000007e4     
                  00009578    000005f0     AsciiLib.obj (.const:AsciiLib)
                  00009b68    000000b0     wlan.obj (.const:$P$T0$1)
                  00009c18    00000038     driver.obj (.const:_SlActionLookupTable)
                  00009c50    00000030     rtsv7M4_T_le_v4SPD16_eabi.lib : e_pow.c.obj (.const:$O1$$)
                  00009c80    00000030     gpio.obj (.const:GPIO_PORT_TO_BASE)
                  00009cb0    0000002c     cc3100_usage.obj (.const:$P$T0$1)
                  00009cdc    00000014     cc3100_usage.obj (.const:$P$T1$2)
                  00009cf0    0000000c     cc3100_usage.obj (.const:$P$T2$3)
                  00009cfc    00000008     driver.obj (.const:g_H2NCnysPattern)
                  00009d04    00000008     driver.obj (.const:g_H2NSyncPattern)
                  00009d0c    00000008     interrupt.obj (.const:g_pulEnRegs)
                  00009d14    00000004     driver.obj (.const:$P$T0$1)
                  00009d18    00000004     socket.obj (.const:$P$T0$1)
                  00009d1c    00000004     wlan.obj (.const:$P$T1$2)
                  00009d20    00000004     device.obj (.const:_SlDeviceGetCmdCtrl)
                  00009d24    00000004     netapp.obj (.const:_SlNetAppSendTokenValueCmdCtrl)
                  00009d28    00000004     netcfg.obj (.const:_SlNetCfgSetCmdCtrl)
                  00009d2c    00000004     wlan.obj (.const:_SlPolicySetCmdCtrl)
                  00009d30    00000004     wlan.obj (.const:_SlProfileDelCmdCtrl)
                  00009d34    00000004     socket.obj (.const:_SlRecvfomCmdCtrl)
                  00009d38    00000004     netapp.obj (.const:_SlRegisterServiceCtrl)
                  00009d3c    00000004     wlan.obj (.const:_SlRxFilterSetCmdCtrl)
                  00009d40    00000004     socket.obj (.const:_SlSelectCmdCtrl)
                  00009d44    00000004     socket.obj (.const:_SlSetSockOptCmdCtrl)
                  00009d48    00000004     socket.obj (.const:_SlSockCloseCmdCtrl)
                  00009d4c    00000004     socket.obj (.const:_SlSockSocketCmdCtrl)
                  00009d50    00000004     device.obj (.const:_SlStopCmdCtrl)
                  00009d54    00000004     wlan.obj (.const:_SlWlanCfgSetCmdCtrl)
                  00009d58    00000004     wlan.obj (.const:_SlWlanSetModeCmdCtrl)

.cinit     0    00009d60    00000058     
                  00009d60    0000002f     (.cinit..data.load) [load image, compression = lzss]
                  00009d8f    00000001     --HOLE-- [fill = 0]
                  00009d90    0000000c     (__TI_handler_table)
                  00009d9c    00000004     --HOLE-- [fill = 0]
                  00009da0    00000008     (.cinit..bss.load) [load image, compression = zero_init]
                  00009da8    00000010     (__TI_cinit_table)

.init_array 
*          0    00000000    00000000     UNINITIALIZED

.binit     0    00000000    00000000     

.sysmem    0    20000000    00000800     UNINITIALIZED
                  20000000    00000008     rtsv7M4_T_le_v4SPD16_eabi.lib : memory.c.obj (.sysmem)
                  20000008    000007f8     --HOLE--

.data      0    20000800    0000039c     UNINITIALIZED
                  20000800    0000021f     uart_driver.obj (.data:test)
                  20000a1f    0000010f     uart_driver.obj (.data:pieceOfString$2)
                  20000b2e    00000001     bme280.obj (.data)
                  20000b2f    00000001     i2c_driver.obj (.data)
                  20000b30    00000014     cc3100_usage.obj (.data)
                  20000b44    00000014     i2c_driver.obj (.data:i2cConfig)
                  20000b58    00000014     main.obj (.data)
                  20000b6c    0000000c     rtsv7M4_T_le_v4SPD16_eabi.lib : memory.c.obj (.data:$O1$$)
                  20000b78    00000009     driver.obj (.data)
                  20000b81    00000003     --HOLE--
                  20000b84    00000008     rtsv7M4_T_le_v4SPD16_eabi.lib : _lock.c.obj (.data:$O1$$)
                  20000b8c    00000008     uart_driver.obj (.data)
                  20000b94    00000004     board.obj (.data)
                  20000b98    00000004     rtsv7M4_T_le_v4SPD16_eabi.lib : errno.c.obj (.data)

.bss       0    20000b9c    00000270     UNINITIALIZED
                  20000b9c    00000164     (.common:g_StatMem)
                  20000d00    0000003c     (.common:bme280)
                  20000d3c    00000028     (.common:g__SlNonOsCB)
                  20000d64    00000028     (.common:meter_t)
                  20000d8c    0000001c     (.common:sensor_t)
                  20000da8    00000014     (.common:Wifi_p)
                  20000dbc    0000000b     (.common:ctrl_info)
                  20000dc7    0000000a     (.common:buffer_info)
                  20000dd1    0000000a     (.common:fire_info)
                  20000ddb    0000000a     (.common:meter_info)
                  20000de5    00000001     (.common:celsius_mode)
                  20000de6    00000001     (.common:cleared)
                  20000de7    00000001     (.common:fireDetected)
                  20000de8    00000008     cs.obj (.bss)
                  20000df0    00000006     (.common:menu_t)
                  20000df6    00000001     (.common:ui8DummyRead)
                  20000df7    00000001     (.common:ui8Status)
                  20000df8    00000004     bme280.obj (.bss)
                  20000dfc    00000004     cc3100_usage.obj (.bss)
                  20000e00    00000004     (.common:g_ui32ByteCount)
                  20000e04    00000004     (.common:pData)
                  20000e08    00000004     (.common:userInput)

.stack     0    2000fe00    00000200     UNINITIALIZED
                  2000fe00    00000004     rtsv7M4_T_le_v4SPD16_eabi.lib : boot_cortex_m.c.obj (.stack)
                  2000fe04    000001fc     --HOLE--

MODULE SUMMARY

       Module                        code    ro data   rw data
       ------                        ----    -------   -------
    .\
       main.obj                      5766    0         324    
       bme280.obj                    3900    0         10     
       LCDLib.obj                    1910    0         0      
       uart_driver.obj               208     0         1644   
       AsciiLib.obj                  64      1520      0      
       cs.obj                        858     0         16     
       i2c_driver.obj                808     0         62     
       pcm.obj                       848     0         0      
       bme280_support.obj            396     0         120    
       gpio.obj                      324     48        0      
       timer32.obj                   252     0         0      
       system_msp432p401r.obj        212     0         0      
       ClockSys.obj                  148     0         0      
       interrupt.obj                 128     8         0      
       sysctl.obj                    128     0         0      
       i2c.obj                       104     0         0      
       wdt_a.obj                     72      0         0      
       demo_sysctl.obj               44      0         0      
       fpu.obj                       40      0         0      
    +--+-----------------------------+-------+---------+---------+
       Total:                        16210   1576      2176   
                                                              
    .\WiFi\
       driver.obj                    7814    76        730    
       socket.obj                    1774    24        0      
       cc3100_usage.obj              1486    76        48     
       netapp.obj                    1268    8         0      
       device.obj                    1248    8         0      
       wlan.obj                      984     200       0      
       spi_cc3100.obj                552     0         0      
       nonos.obj                     308     0         80     
       board.obj                     266     0         8      
       flowcont.obj                  136     0         0      
       netcfg.obj                    108     4         0      
    +--+-----------------------------+-------+---------+---------+
       Total:                        15944   396       866    
                                                              
    .\ccs\
       startup_msp432p401r_ccs.obj   14      228       0      
    +--+-----------------------------+-------+---------+---------+
       Total:                        14      228       0      
                                                              
    C:\ti\ccsv8\tools\compiler\ti-cgt-arm_18.1.5.LTS\lib\rtsv7M4_T_le_v4SPD16_eabi.lib
       e_pow.c.obj                   2496    48        0      
       memory.c.obj                  492     0         24     
       fd_add_t2.asm.obj             438     0         0      
       e_sqrt.c.obj                  344     0         0      
       fd_div_t2.asm.obj             310     0         0      
       s_scalbn.c.obj                272     0         0      
       fd_cmp_t2.asm.obj             268     0         0      
       fd_mul_t2.asm.obj             252     0         0      
       memcpy_t2.asm.obj             156     0         0      
       memset_t2.asm.obj             122     0         0      
       fd_tos_t2.asm.obj             110     0         0      
       copy_decompress_lzss.c.obj    104     0         0      
       fd_toi_t2.asm.obj             72      0         0      
       autoinit.c.obj                68      0         0      
       boot_cortex_m.c.obj           56      0         0      
       fs_tod_t2.asm.obj             56      0         0      
       strncpy.c.obj                 54      0         0      
       i_tofd_t2.asm.obj             46      0         0      
       u_tofd_t2.asm.obj             32      0         0      
       s_copysign.c.obj              20      0         0      
       strlen.c.obj                  20      0         0      
       _lock.c.obj                   2       0         16     
       copy_zero_init.c.obj          18      0         0      
       errno.c.obj                   8       0         8      
       copy_decompress_none.c.obj    14      0         0      
       exit.c.obj                    4       0         0      
       pre_init.c.obj                4       0         0      
    +--+-----------------------------+-------+---------+---------+
       Total:                        5838    48        48     
                                                              
       Heap:                         0       0         4096   
       Stack:                        0       0         1024   
       Linker Generated:             0       83        0      
    +--+-----------------------------+-------+---------+---------+
       Grand Total:                  38006   2331      8210   


LINKER GENERATED COPY TABLES

__TI_cinit_table @ 00009da8 records: 2, size/record: 8, table size: 16
	.data: load addr=00009d60, load size=0000002f bytes, run addr=20000800, run size=0000039c bytes, compression=lzss
	.bss: load addr=00009da0, load size=00000008 bytes, run addr=20000b9c, run size=00000270 bytes, compression=zero_init


LINKER GENERATED HANDLER TABLE

__TI_handler_table @ 00009d90 records: 3, size/record: 4, table size: 12
	index: 0, handler: __TI_decompress_lzss
	index: 1, handler: __TI_decompress_none
	index: 2, handler: __TI_zero_init


GLOBAL SYMBOLS: SORTED ALPHABETICALLY BY Name 

address   name                                            
-------   ----                                            
00002af3  ADC14_IRQHandler                                
00002af3  AES256_IRQHandler                               
000090cd  BME280_I2C_bus_read                             
000090f9  BME280_I2C_bus_write                            
00009503  BME280_delay_msek                               
00002af3  BusFault_Handler                                
00009573  C$$EXIT                                         
00008f51  CC3100_InterruptDisable                         
00008815  CC3100_InterruptEnable                          
00009485  CC3100_disable                                  
00009495  CC3100_enable                                   
00002af3  COMP_E0_IRQHandler                              
00002af3  COMP_E1_IRQHandler                              
00002af3  CS_IRQHandler                                   
00008f81  CS_clearInterruptFlag                           
000056e9  CS_getDCOFrequency                              
00009125  CS_getMCLK                                      
0000914d  CS_getSMCLK                                     
00007159  ClockSys_SetMaxFreq                             
00008bcd  CopyPingResultsToReport                         
00002af3  DMA_ERR_IRQHandler                              
00002af3  DMA_INT0_IRQHandler                             
00002af3  DMA_INT1_IRQHandler                             
00002af3  DMA_INT2_IRQHandler                             
00002af3  DMA_INT3_IRQHandler                             
00002af3  DebugMon_Handler                                
00002af3  Default_Handler                                 
00009175  Delay                                           
00009215  DelayMs                                         
0000923d  EUSCIA0_IRQHandler                              
0000923d  EUSCIA0_IRQHandler                              
00002af3  EUSCIA1_IRQHandler                              
00002af3  EUSCIA2_IRQHandler                              
00002af3  EUSCIA3_IRQHandler                              
00002af3  EUSCIB0_IRQHandler                              
00005ab9  EUSCIB1_IRQHandler                              
00005ab9  EUSCIB1_IRQHandler                              
00002af3  EUSCIB2_IRQHandler                              
00002af3  EUSCIB3_IRQHandler                              
00002af3  FLCTL_IRQHandler                                
00002af3  FPU_IRQHandler                                  
000094a5  FPU_enableLazyStacking                          
000093ad  FPU_enableModule                                
0000919d  GPIO_clearInterruptFlag                         
00008c09  GPIO_interruptEdgeSelect                        
000083e9  GPIO_setAsInputPinWithPullUpResistor            
00007305  GPIO_setAsPeripheralModuleFunctionOutputPin     
00008acd  GetASCIICode                                    
00002af3  HardFault_Handler                               
00007d65  I2C_masterSendMultiByteStart                    
00008cf9  I2C_routine                                     
00003311  IP_stringConvert                                
000075a9  Interrupt_enableInterrupt                       
000086e5  LCD_Clear                                       
00006921  LCD_DrawRectangle                               
00001b01  LCD_Init                                        
00009071  LCD_SetPoint                                    
00006ef5  LCD_Text                                        
00008b0d  LCD_WriteData                                   
00008eb5  LCD_WriteIndex                                  
00009375  LCD_WriteReg                                    
00009313  LCD_Write_Data_Only                             
0000954d  LCD_Write_Data_Start                            
20000b5c  METER_IP                                        
00002af3  MemManage_Handler                               
00002af3  NMI_Handler                                     
00002af3  PCM_IRQHandler                                  
000081bd  PCM_getCoreVoltageLevel                         
0000838d  PCM_getPowerMode                                
0000940d  PCM_getPowerState                               
000094b5  PCM_setCoreVoltageLevel                         
000094c5  PCM_setPowerMode                                
000045e7  PORT1_IRQHandler                                
000045e7  PORT1_IRQHandler                                
00008fb1  PORT2_IRQHandler                                
00008fb1  PORT2_IRQHandler                                
00002af3  PORT3_IRQHandler                                
00008c45  PORT4_IRQHandler                                
00008c45  PORT4_IRQHandler                                
00002af3  PORT5_IRQHandler                                
00002af3  PORT6_IRQHandler                                
00002af3  PSS_IRQHandler                                  
00002af3  PendSV_Handler                                  
00006c75  PutChar                                         
00002af3  RTC_C_IRQHandler                                
00009261  ReceiveData                                     
0000950f  Reset_Handler                                   
000091c5  SL_FD_ISSET                                     
000092f1  SL_FD_SET                                       
000094d5  SL_FD_ZERO                                      
00008d31  SPISendRecvByte                                 
00002af3  SVC_Handler                                     
00009557  SimpleLinkGeneralEventHandler                   
0000951b  SimpleLinkHttpServerCallback                    
00008b8d  SimpleLinkNetAppEventHandler                    
000094e5  SimpleLinkSockEventHandler                      
00008441  SimpleLinkWlanEventHandler                      
20000b40  SockIDRx                                        
20000b42  SockIDTx                                        
00009569  SysCtlDelay                                     
00007629  SysCtl_getTLVInfo                               
00002af3  SysTick_Handler                                 
00005f2d  SystemInit                                      
00002c9d  T32_INT1_IRQHandler                             
00002c9d  T32_INT1_IRQHandler                             
00002af3  T32_INT2_IRQHandler                             
00002af3  T32_INTC_IRQHandler                             
00002af3  TA0_0_IRQHandler                                
00002af3  TA0_N_IRQHandler                                
00002af3  TA1_0_IRQHandler                                
00002af3  TA1_N_IRQHandler                                
00002af3  TA2_0_IRQHandler                                
00002af3  TA2_N_IRQHandler                                
00002af3  TA3_0_IRQHandler                                
00002af3  TA3_N_IRQHandler                                
000051e1  TP_ReadXY                                       
00009421  Timer32_clearInterruptFlag                      
00009435  Timer32_enableInterrupt                         
00007dcd  Timer32_initModule                              
00008ee9  Timer32_setCount                                
00008d69  Timer32_startTimer                              
00002af3  UsageFault_Handler                              
4000480c  WDTCTL_SYM                                      
00002af3  WDT_A_IRQHandler                                
00009285  WDT_A_clearTimer                                
000092a9  WDT_A_holdTimer                                 
20000da8  Wifi_p                                          
00009c18  _SlActionLookupTable                            
000010d9  _SlAsyncEventGenericHandler                     
00009d20  _SlDeviceGetCmdCtrl                             
0000885d  _SlDrvBasicCmd                                  
00004965  _SlDrvClassifyRxMsg                             
00006645  _SlDrvCmdOp                                     
000088a5  _SlDrvCmdSend                                   
00001f49  _SlDrvDataReadOp                                
00007f05  _SlDrvDeviceEventHandler                        
00006a7d  _SlDrvDriverCBDeinit                            
000058d9  _SlDrvDriverCBInit                              
00008935  _SlDrvFlowContDeinit                            
00008979  _SlDrvFlowContInit                              
00000aa5  _SlDrvMsgRead                                   
000053e9  _SlDrvMsgReadCmdCtx                             
00005ba5  _SlDrvMsgReadSpawnCtx                           
00002561  _SlDrvMsgWrite                                  
000054ed  _SlDrvNetAppEventHandler                        
000092cd  _SlDrvObjDeInit                                 
000076a9  _SlDrvObjInit                                   
00002151  _SlDrvReleasePoolObj                            
00001d35  _SlDrvRxHdrRead                                 
00008731  _SlDrvRxIrqHandler                              
00008a89  _SlDrvShiftDWord                                
00002359  _SlDrvWaitForPoolObj                            
0000360d  _SlFindAndSetActiveObj                          
00009d24  _SlNetAppSendTokenValueCmdCtrl                  
00009d28  _SlNetCfgSetCmdCtrl                             
00007add  _SlNonOsMainLoopTask                            
0000821b  _SlNonOsSemGet                                  
000093c5  _SlNonOsSemSet                                  
00008549  _SlNonOsSpawn                                   
00009d2c  _SlPolicySetCmdCtrl                             
00009d30  _SlProfileDelCmdCtrl                            
00009d34  _SlRecvfomCmdCtrl                               
00009d38  _SlRegisterServiceCtrl                          
00006405  _SlRemoveFromList                               
00009d3c  _SlRxFilterSetCmdCtrl                           
00009d40  _SlSelectCmdCtrl                                
00009d44  _SlSetSockOptCmdCtrl                            
00009d48  _SlSockCloseCmdCtrl                             
00009d4c  _SlSockSocketCmdCtrl                            
00009d50  _SlStopCmdCtrl                                  
00009d54  _SlWlanCfgSetCmdCtrl                            
00009d58  _SlWlanSetModeCmdCtrl                           
20010000  __STACK_END                                     
00000200  __STACK_SIZE                                    
00000800  __SYSMEM_SIZE                                   
00009da8  __TI_CINIT_Base                                 
00009db8  __TI_CINIT_Limit                                
00009d90  __TI_Handler_Table_Base                         
00009d9c  __TI_Handler_Table_Limit                        
000089bd  __TI_auto_init_nobinit_nopinit                  
00007e35  __TI_decompress_lzss                            
000094f5  __TI_decompress_none                            
ffffffff  __TI_pprof_out_hndl                             
ffffffff  __TI_prof_data_size                             
ffffffff  __TI_prof_data_start                            
00000000  __TI_static_base__                              
00009471  __TI_zero_init_nomemset                         
0000749d  __aeabi_cdcmpeq                                 
0000749d  __aeabi_cdcmple                                 
00007523  __aeabi_cdrcmple                                
00007a6d  __aeabi_d2f                                     
000088ed  __aeabi_d2iz                                    
00002947  __aeabi_dadd                                    
000044b1  __aeabi_ddiv                                    
000055eb  __aeabi_dmul                                    
0000293d  __aeabi_dsub                                    
00009561  __aeabi_errno_addr                              
00008e11  __aeabi_f2d                                     
0000909f  __aeabi_i2d                                     
00007821  __aeabi_memclr                                  
00007821  __aeabi_memclr4                                 
00007821  __aeabi_memclr8                                 
00006e59  __aeabi_memcpy                                  
00006e59  __aeabi_memcpy4                                 
00006e59  __aeabi_memcpy8                                 
00007823  __aeabi_memset                                  
00007823  __aeabi_memset4                                 
00007823  __aeabi_memset8                                 
00009355  __aeabi_ui2d                                    
ffffffff  __binit__                                       
ffffffff  __c_args__                                      
UNDEFED   __mpu_init                                      
2000fe00  __stack                                         
00008da1  _c_int00_noargs                                 
00008a01  _delay                                          
20000b84  _lock                                           
000056e7  _nop                                            
00008645  _sl_BuildAddress                                
00008499  _sl_GetStartResponseConvert                     
00006f91  _sl_HandleAsync_Accept                          
0000686d  _sl_HandleAsync_Connect                         
00006275  _sl_HandleAsync_DnsGetHostByName                
00006001  _sl_HandleAsync_DnsGetHostByService             
000066fd  _sl_HandleAsync_InitComplete                    
0000633d  _sl_HandleAsync_PingResponse                    
000071ed  _sl_HandleAsync_Select                          
0000738d  _sl_HandleAsync_Stop                            
20000000  _sys_memory                                     
UNDEFED   _system_post_cinit                              
0000956f  _system_pre_init                                
20000b88  _unlock                                         
00009573  abort                                           
ffffffff  binit                                           
20000d00  bme280                                          
00006589  bme280_compensate_humidity_int32                
000045e9  bme280_compensate_pressure_int32                
000077a5  bme280_compensate_temperature_int32             
000059c9  bme280_data_readout_template                    
00002e45  bme280_get_calib_param                          
0000859d  bme280_get_power_mode                           
000085f1  bme280_get_standby_durn                         
00008279  bme280_init                                     
00007f69  bme280_read_pressure_temperature_humidity       
0000877d  bme280_read_register                            
000082d5  bme280_read_uncomp_humidity                     
00007fcd  bme280_read_uncomp_pressure                     
00007029  bme280_read_uncomp_pressure_temperature_humidity
00008031  bme280_read_uncomp_temperature                  
00002fe5  bme280_set_oversamp_humidity                    
00003d09  bme280_set_oversamp_pressure                    
0000377d  bme280_set_oversamp_temperature                 
00003499  bme280_set_power_mode                           
00008a45  bme280_set_soft_rst                             
000038e9  bme280_set_standby_durn                         
000087c9  bme280_write_register                           
20000dc7  buffer_info                                     
20000b2f  burstMode                                       
20000de5  celsius_mode                                    
20000de6  cleared                                         
000057e1  config_WiFi_strucs                              
000079fd  convertEnvironmentReadings                      
00009449  copysign                                        
00009449  copysignl                                       
20000dbc  ctrl_info                                       
20000b58  currentFireReading                              
20000b98  errno                                           
20000de7  fireDetected                                    
20000dd1  fire_info                                       
00006b25  floatToArray                                    
00005e55  free                                            
20000b80  gFirstCmdMode                                   
00009cfc  g_H2NCnysPattern                                
00009d04  g_H2NSyncPattern                                
20000b9c  g_StatMem                                       
20000b30  g_Status                                        
20000d3c  g__SlNonOsCB                                    
20000b78  g_pCB                                           
20000e00  g_ui32ByteCount                                 
00009529  getLocalIP                                      
20000b44  i2cConfig                                       
000061a9  initCC3100                                      
00009391  initI2C                                         
00005d75  init_LCD                                        
000064c9  init_WiFi                                       
000060d5  init_sensors                                    
000093dd  init_systemConfig                               
00007cf9  integerToString                                 
00000000  interruptVectors                                
00009335  launchBackup                                    
00004b95  ldexp                                           
00004b95  ldexpl                                          
000050d9  main                                            
0000789d  malloc                                          
00006e59  memcpy                                          
00007829  memset                                          
20000df0  menu_t                                          
20000ddb  meter_info                                      
20000d64  meter_t                                         
00008dd9  minit                                           
20000b68  numChars                                        
20000b60  numMsgsRx                                       
20000e04  pData                                           
20000b94  pIraEventHandler                                
20000b7c  pPingCallBackFunc                               
000000e5  pow                                             
000000e5  powl                                            
00004845  printAirMenu                                    
00007915  printAirQualityData                             
00004241  printEnergyData                                 
00003a4d  printEnergyMenu                                 
000070c1  printFireData                                   
00003fb9  printFireMenu                                   
00004db5  printMainMenu                                   
00006dbd  printTemperature                                
00004ec5  printThermMenu                                  
00008f1d  processEnvironmentalSensorData                  
000015bd  processWiFiTransmission                         
00004379  readI2C                                         
20000b38  receivedAlready                                 
000093f5  registerInterruptHandler                        
20000b34  retVal                                          
00008695  reverse                                         
00004b95  scalbn                                          
00004b95  scalbnl                                         
20000d8c  sensor_t                                        
00007279  sl_Bind                                         
00008fe1  sl_Close                                        
00006bcd  sl_DevGet                                       
00008cbd  sl_Htons                                        
000067b5  sl_NetAppMDNSRegisterUnregisterService          
00008e49  sl_NetAppMDNSUnRegisterService                  
00007e9d  sl_NetAppSendTokenValue                         
00007b49  sl_NetCfgSet                                    
00004a7d  sl_RecvFrom                                     
0000317d  sl_Select                                       
00007bb5  sl_SetSockOpt                                   
00008331  sl_Socket                                       
00004ca5  sl_Start                                        
00004719  sl_Stop                                         
000018bd  sl_WlanConnect                                  
00009535  sl_WlanDisconnect                               
00008095  sl_WlanPolicySet                                
00009011  sl_WlanProfileDel                               
000084f1  sl_WlanRxFilterSet                              
00007c21  sl_WlanSet                                      
00009041  sl_WlanSetMode                                  
00009541  spi_Close                                       
00004105  spi_Open                                        
00007989  spi_Read                                        
00007c8d  spi_Write                                       
00003e61  sqrt                                            
00003e61  sqrtl                                           
0000945d  strlen                                          
00008e7f  strncpy                                         
20000b64  tempIndex                                       
20000800  test                                            
20000b3c  transmitedAlready                               
000069d1  uartReceive                                     
20000df6  ui8DummyRead                                    
20000df7  ui8Status                                       
00006d19  updateMenuState                                 
20000e08  userInput                                       
20000b2e  v_pre_config_value_u8                           
00005c8d  writeI2C                                        


GLOBAL SYMBOLS: SORTED BY Symbol Address 

address   name                                            
-------   ----                                            
00000000  __TI_static_base__                              
00000000  interruptVectors                                
000000e5  pow                                             
000000e5  powl                                            
00000200  __STACK_SIZE                                    
00000800  __SYSMEM_SIZE                                   
00000aa5  _SlDrvMsgRead                                   
000010d9  _SlAsyncEventGenericHandler                     
000015bd  processWiFiTransmission                         
000018bd  sl_WlanConnect                                  
00001b01  LCD_Init                                        
00001d35  _SlDrvRxHdrRead                                 
00001f49  _SlDrvDataReadOp                                
00002151  _SlDrvReleasePoolObj                            
00002359  _SlDrvWaitForPoolObj                            
00002561  _SlDrvMsgWrite                                  
0000293d  __aeabi_dsub                                    
00002947  __aeabi_dadd                                    
00002af3  ADC14_IRQHandler                                
00002af3  AES256_IRQHandler                               
00002af3  BusFault_Handler                                
00002af3  COMP_E0_IRQHandler                              
00002af3  COMP_E1_IRQHandler                              
00002af3  CS_IRQHandler                                   
00002af3  DMA_ERR_IRQHandler                              
00002af3  DMA_INT0_IRQHandler                             
00002af3  DMA_INT1_IRQHandler                             
00002af3  DMA_INT2_IRQHandler                             
00002af3  DMA_INT3_IRQHandler                             
00002af3  DebugMon_Handler                                
00002af3  Default_Handler                                 
00002af3  EUSCIA1_IRQHandler                              
00002af3  EUSCIA2_IRQHandler                              
00002af3  EUSCIA3_IRQHandler                              
00002af3  EUSCIB0_IRQHandler                              
00002af3  EUSCIB2_IRQHandler                              
00002af3  EUSCIB3_IRQHandler                              
00002af3  FLCTL_IRQHandler                                
00002af3  FPU_IRQHandler                                  
00002af3  HardFault_Handler                               
00002af3  MemManage_Handler                               
00002af3  NMI_Handler                                     
00002af3  PCM_IRQHandler                                  
00002af3  PORT3_IRQHandler                                
00002af3  PORT5_IRQHandler                                
00002af3  PORT6_IRQHandler                                
00002af3  PSS_IRQHandler                                  
00002af3  PendSV_Handler                                  
00002af3  RTC_C_IRQHandler                                
00002af3  SVC_Handler                                     
00002af3  SysTick_Handler                                 
00002af3  T32_INT2_IRQHandler                             
00002af3  T32_INTC_IRQHandler                             
00002af3  TA0_0_IRQHandler                                
00002af3  TA0_N_IRQHandler                                
00002af3  TA1_0_IRQHandler                                
00002af3  TA1_N_IRQHandler                                
00002af3  TA2_0_IRQHandler                                
00002af3  TA2_N_IRQHandler                                
00002af3  TA3_0_IRQHandler                                
00002af3  TA3_N_IRQHandler                                
00002af3  UsageFault_Handler                              
00002af3  WDT_A_IRQHandler                                
00002c9d  T32_INT1_IRQHandler                             
00002c9d  T32_INT1_IRQHandler                             
00002e45  bme280_get_calib_param                          
00002fe5  bme280_set_oversamp_humidity                    
0000317d  sl_Select                                       
00003311  IP_stringConvert                                
00003499  bme280_set_power_mode                           
0000360d  _SlFindAndSetActiveObj                          
0000377d  bme280_set_oversamp_temperature                 
000038e9  bme280_set_standby_durn                         
00003a4d  printEnergyMenu                                 
00003d09  bme280_set_oversamp_pressure                    
00003e61  sqrt                                            
00003e61  sqrtl                                           
00003fb9  printFireMenu                                   
00004105  spi_Open                                        
00004241  printEnergyData                                 
00004379  readI2C                                         
000044b1  __aeabi_ddiv                                    
000045e7  PORT1_IRQHandler                                
000045e7  PORT1_IRQHandler                                
000045e9  bme280_compensate_pressure_int32                
00004719  sl_Stop                                         
00004845  printAirMenu                                    
00004965  _SlDrvClassifyRxMsg                             
00004a7d  sl_RecvFrom                                     
00004b95  ldexp                                           
00004b95  ldexpl                                          
00004b95  scalbn                                          
00004b95  scalbnl                                         
00004ca5  sl_Start                                        
00004db5  printMainMenu                                   
00004ec5  printThermMenu                                  
000050d9  main                                            
000051e1  TP_ReadXY                                       
000053e9  _SlDrvMsgReadCmdCtx                             
000054ed  _SlDrvNetAppEventHandler                        
000055eb  __aeabi_dmul                                    
000056e7  _nop                                            
000056e9  CS_getDCOFrequency                              
000057e1  config_WiFi_strucs                              
000058d9  _SlDrvDriverCBInit                              
000059c9  bme280_data_readout_template                    
00005ab9  EUSCIB1_IRQHandler                              
00005ab9  EUSCIB1_IRQHandler                              
00005ba5  _SlDrvMsgReadSpawnCtx                           
00005c8d  writeI2C                                        
00005d75  init_LCD                                        
00005e55  free                                            
00005f2d  SystemInit                                      
00006001  _sl_HandleAsync_DnsGetHostByService             
000060d5  init_sensors                                    
000061a9  initCC3100                                      
00006275  _sl_HandleAsync_DnsGetHostByName                
0000633d  _sl_HandleAsync_PingResponse                    
00006405  _SlRemoveFromList                               
000064c9  init_WiFi                                       
00006589  bme280_compensate_humidity_int32                
00006645  _SlDrvCmdOp                                     
000066fd  _sl_HandleAsync_InitComplete                    
000067b5  sl_NetAppMDNSRegisterUnregisterService          
0000686d  _sl_HandleAsync_Connect                         
00006921  LCD_DrawRectangle                               
000069d1  uartReceive                                     
00006a7d  _SlDrvDriverCBDeinit                            
00006b25  floatToArray                                    
00006bcd  sl_DevGet                                       
00006c75  PutChar                                         
00006d19  updateMenuState                                 
00006dbd  printTemperature                                
00006e59  __aeabi_memcpy                                  
00006e59  __aeabi_memcpy4                                 
00006e59  __aeabi_memcpy8                                 
00006e59  memcpy                                          
00006ef5  LCD_Text                                        
00006f91  _sl_HandleAsync_Accept                          
00007029  bme280_read_uncomp_pressure_temperature_humidity
000070c1  printFireData                                   
00007159  ClockSys_SetMaxFreq                             
000071ed  _sl_HandleAsync_Select                          
00007279  sl_Bind                                         
00007305  GPIO_setAsPeripheralModuleFunctionOutputPin     
0000738d  _sl_HandleAsync_Stop                            
0000749d  __aeabi_cdcmpeq                                 
0000749d  __aeabi_cdcmple                                 
00007523  __aeabi_cdrcmple                                
000075a9  Interrupt_enableInterrupt                       
00007629  SysCtl_getTLVInfo                               
000076a9  _SlDrvObjInit                                   
000077a5  bme280_compensate_temperature_int32             
00007821  __aeabi_memclr                                  
00007821  __aeabi_memclr4                                 
00007821  __aeabi_memclr8                                 
00007823  __aeabi_memset                                  
00007823  __aeabi_memset4                                 
00007823  __aeabi_memset8                                 
00007829  memset                                          
0000789d  malloc                                          
00007915  printAirQualityData                             
00007989  spi_Read                                        
000079fd  convertEnvironmentReadings                      
00007a6d  __aeabi_d2f                                     
00007add  _SlNonOsMainLoopTask                            
00007b49  sl_NetCfgSet                                    
00007bb5  sl_SetSockOpt                                   
00007c21  sl_WlanSet                                      
00007c8d  spi_Write                                       
00007cf9  integerToString                                 
00007d65  I2C_masterSendMultiByteStart                    
00007dcd  Timer32_initModule                              
00007e35  __TI_decompress_lzss                            
00007e9d  sl_NetAppSendTokenValue                         
00007f05  _SlDrvDeviceEventHandler                        
00007f69  bme280_read_pressure_temperature_humidity       
00007fcd  bme280_read_uncomp_pressure                     
00008031  bme280_read_uncomp_temperature                  
00008095  sl_WlanPolicySet                                
000081bd  PCM_getCoreVoltageLevel                         
0000821b  _SlNonOsSemGet                                  
00008279  bme280_init                                     
000082d5  bme280_read_uncomp_humidity                     
00008331  sl_Socket                                       
0000838d  PCM_getPowerMode                                
000083e9  GPIO_setAsInputPinWithPullUpResistor            
00008441  SimpleLinkWlanEventHandler                      
00008499  _sl_GetStartResponseConvert                     
000084f1  sl_WlanRxFilterSet                              
00008549  _SlNonOsSpawn                                   
0000859d  bme280_get_power_mode                           
000085f1  bme280_get_standby_durn                         
00008645  _sl_BuildAddress                                
00008695  reverse                                         
000086e5  LCD_Clear                                       
00008731  _SlDrvRxIrqHandler                              
0000877d  bme280_read_register                            
000087c9  bme280_write_register                           
00008815  CC3100_InterruptEnable                          
0000885d  _SlDrvBasicCmd                                  
000088a5  _SlDrvCmdSend                                   
000088ed  __aeabi_d2iz                                    
00008935  _SlDrvFlowContDeinit                            
00008979  _SlDrvFlowContInit                              
000089bd  __TI_auto_init_nobinit_nopinit                  
00008a01  _delay                                          
00008a45  bme280_set_soft_rst                             
00008a89  _SlDrvShiftDWord                                
00008acd  GetASCIICode                                    
00008b0d  LCD_WriteData                                   
00008b8d  SimpleLinkNetAppEventHandler                    
00008bcd  CopyPingResultsToReport                         
00008c09  GPIO_interruptEdgeSelect                        
00008c45  PORT4_IRQHandler                                
00008c45  PORT4_IRQHandler                                
00008cbd  sl_Htons                                        
00008cf9  I2C_routine                                     
00008d31  SPISendRecvByte                                 
00008d69  Timer32_startTimer                              
00008da1  _c_int00_noargs                                 
00008dd9  minit                                           
00008e11  __aeabi_f2d                                     
00008e49  sl_NetAppMDNSUnRegisterService                  
00008e7f  strncpy                                         
00008eb5  LCD_WriteIndex                                  
00008ee9  Timer32_setCount                                
00008f1d  processEnvironmentalSensorData                  
00008f51  CC3100_InterruptDisable                         
00008f81  CS_clearInterruptFlag                           
00008fb1  PORT2_IRQHandler                                
00008fb1  PORT2_IRQHandler                                
00008fe1  sl_Close                                        
00009011  sl_WlanProfileDel                               
00009041  sl_WlanSetMode                                  
00009071  LCD_SetPoint                                    
0000909f  __aeabi_i2d                                     
000090cd  BME280_I2C_bus_read                             
000090f9  BME280_I2C_bus_write                            
00009125  CS_getMCLK                                      
0000914d  CS_getSMCLK                                     
00009175  Delay                                           
0000919d  GPIO_clearInterruptFlag                         
000091c5  SL_FD_ISSET                                     
00009215  DelayMs                                         
0000923d  EUSCIA0_IRQHandler                              
0000923d  EUSCIA0_IRQHandler                              
00009261  ReceiveData                                     
00009285  WDT_A_clearTimer                                
000092a9  WDT_A_holdTimer                                 
000092cd  _SlDrvObjDeInit                                 
000092f1  SL_FD_SET                                       
00009313  LCD_Write_Data_Only                             
00009335  launchBackup                                    
00009355  __aeabi_ui2d                                    
00009375  LCD_WriteReg                                    
00009391  initI2C                                         
000093ad  FPU_enableModule                                
000093c5  _SlNonOsSemSet                                  
000093dd  init_systemConfig                               
000093f5  registerInterruptHandler                        
0000940d  PCM_getPowerState                               
00009421  Timer32_clearInterruptFlag                      
00009435  Timer32_enableInterrupt                         
00009449  copysign                                        
00009449  copysignl                                       
0000945d  strlen                                          
00009471  __TI_zero_init_nomemset                         
00009485  CC3100_disable                                  
00009495  CC3100_enable                                   
000094a5  FPU_enableLazyStacking                          
000094b5  PCM_setCoreVoltageLevel                         
000094c5  PCM_setPowerMode                                
000094d5  SL_FD_ZERO                                      
000094e5  SimpleLinkSockEventHandler                      
000094f5  __TI_decompress_none                            
00009503  BME280_delay_msek                               
0000950f  Reset_Handler                                   
0000951b  SimpleLinkHttpServerCallback                    
00009529  getLocalIP                                      
00009535  sl_WlanDisconnect                               
00009541  spi_Close                                       
0000954d  LCD_Write_Data_Start                            
00009557  SimpleLinkGeneralEventHandler                   
00009561  __aeabi_errno_addr                              
00009569  SysCtlDelay                                     
0000956f  _system_pre_init                                
00009573  C$$EXIT                                         
00009573  abort                                           
00009c18  _SlActionLookupTable                            
00009cfc  g_H2NCnysPattern                                
00009d04  g_H2NSyncPattern                                
00009d20  _SlDeviceGetCmdCtrl                             
00009d24  _SlNetAppSendTokenValueCmdCtrl                  
00009d28  _SlNetCfgSetCmdCtrl                             
00009d2c  _SlPolicySetCmdCtrl                             
00009d30  _SlProfileDelCmdCtrl                            
00009d34  _SlRecvfomCmdCtrl                               
00009d38  _SlRegisterServiceCtrl                          
00009d3c  _SlRxFilterSetCmdCtrl                           
00009d40  _SlSelectCmdCtrl                                
00009d44  _SlSetSockOptCmdCtrl                            
00009d48  _SlSockCloseCmdCtrl                             
00009d4c  _SlSockSocketCmdCtrl                            
00009d50  _SlStopCmdCtrl                                  
00009d54  _SlWlanCfgSetCmdCtrl                            
00009d58  _SlWlanSetModeCmdCtrl                           
00009d90  __TI_Handler_Table_Base                         
00009d9c  __TI_Handler_Table_Limit                        
00009da8  __TI_CINIT_Base                                 
00009db8  __TI_CINIT_Limit                                
20000000  _sys_memory                                     
20000800  test                                            
20000b2e  v_pre_config_value_u8                           
20000b2f  burstMode                                       
20000b30  g_Status                                        
20000b34  retVal                                          
20000b38  receivedAlready                                 
20000b3c  transmitedAlready                               
20000b40  SockIDRx                                        
20000b42  SockIDTx                                        
20000b44  i2cConfig                                       
20000b58  currentFireReading                              
20000b5c  METER_IP                                        
20000b60  numMsgsRx                                       
20000b64  tempIndex                                       
20000b68  numChars                                        
20000b78  g_pCB                                           
20000b7c  pPingCallBackFunc                               
20000b80  gFirstCmdMode                                   
20000b84  _lock                                           
20000b88  _unlock                                         
20000b94  pIraEventHandler                                
20000b98  errno                                           
20000b9c  g_StatMem                                       
20000d00  bme280                                          
20000d3c  g__SlNonOsCB                                    
20000d64  meter_t                                         
20000d8c  sensor_t                                        
20000da8  Wifi_p                                          
20000dbc  ctrl_info                                       
20000dc7  buffer_info                                     
20000dd1  fire_info                                       
20000ddb  meter_info                                      
20000de5  celsius_mode                                    
20000de6  cleared                                         
20000de7  fireDetected                                    
20000df0  menu_t                                          
20000df6  ui8DummyRead                                    
20000df7  ui8Status                                       
20000e00  g_ui32ByteCount                                 
20000e04  pData                                           
20000e08  userInput                                       
2000fe00  __stack                                         
20010000  __STACK_END                                     
4000480c  WDTCTL_SYM                                      
ffffffff  __TI_pprof_out_hndl                             
ffffffff  __TI_prof_data_size                             
ffffffff  __TI_prof_data_start                            
ffffffff  __binit__                                       
ffffffff  __c_args__                                      
ffffffff  binit                                           
UNDEFED   __mpu_init                                      
UNDEFED   _system_post_cinit                              

[364 symbols]
