******************************************************************************
                  TI ARM Linker PC v18.1.5                     
******************************************************************************
>> Linked Mon Apr  8 12:42:43 2019

OUTPUT FILE NAME:   <firealarm.out>
ENTRY POINT SYMBOL: "_c_int00_noargs"  address: 00006281


MEMORY CONFIGURATION

         name            origin    length      used     unused   attr    fill
----------------------  --------  ---------  --------  --------  ----  --------
  MAIN                  00000000   00040000  00006bc4  0003943c  R  X
  INFO                  00200000   00004000  00000000  00004000  R  X
  SRAM_CODE             01000000   00010000  00000f34  0000f0cc  RW X
  SRAM_DATA             20000000   00010000  00000f34  0000f0cc  RW  


SEGMENT ALLOCATION MAP

run origin  load origin   length   init length attrs members
----------  ----------- ---------- ----------- ----- -------
00000000    00000000    00006bc8   00006bc8    r-x
  00000000    00000000    000000e4   000000e4    r-- .intvecs
  000000e4    000000e4    0000680c   0000680c    r-x .text
  000068f0    000068f0    00000294   00000294    r-- .const
  00006b88    00006b88    00000040   00000040    r-- .cinit
20000000    20000000    00000d34   00000000    rw-
  20000000    20000000    00000800   00000000    rw- .sysmem
  20000800    20000800    00000374   00000000    rw- .data
  20000b74    20000b74    000001c0   00000000    rw- .bss
2000fe00    2000fe00    00000200   00000000    rw-
  2000fe00    2000fe00    00000200   00000000    rw- .stack


SECTION ALLOCATION MAP

 output                                  attributes/
section   page    origin      length       input sections
--------  ----  ----------  ----------   ----------------
.intvecs   0    00000000    000000e4     
                  00000000    000000e4     startup_msp432p401r_ccs.obj (.intvecs:retain)

.text      0    000000e4    0000680c     
                  000000e4    000009c0     rtsv7M4_T_le_v4SPD16_eabi.lib : e_pow.c.obj (.text:pow)
                  00000aa4    00000634     driver.obj (.text:_SlDrvMsgRead)
                  000010d8    000004e4     driver.obj (.text:_SlAsyncEventGenericHandler)
                  000015bc    00000244     wlan.obj (.text:sl_WlanConnect)
                  00001800    00000214     driver.obj (.text:_SlDrvRxHdrRead)
                  00001a14    00000208     driver.obj (.text:_SlDrvReleasePoolObj)
                  00001c1c    00000208     driver.obj (.text:_SlDrvWaitForPoolObj)
                  00001e24    000001f8     driver.obj (.text:_SlDrvMsgWrite)
                  0000201c    000001e4     cc3100_usage.obj (.text:configureSimpleLinkToDefaultState)
                  00002200    000001cc     driver.obj (.text:_SlDrvDataWriteOp)
                  000023cc    000001b6     rtsv7M4_T_le_v4SPD16_eabi.lib : fd_add_t2.asm.obj (.text)
                  00002582    00000002     startup_msp432p401r_ccs.obj (.text:Default_Handler)
                  00002584    000001b0     main.obj (.text:main)
                  00002734    00000170     driver.obj (.text:_SlFindAndSetActiveObj)
                  000028a4    00000160     adc14.obj (.text:_getIndexForMemRegister)
                  00002a04    0000015c     pcm.obj (.text:__PCM_setPowerModeAdvanced)
                  00002b60    00000158     rtsv7M4_T_le_v4SPD16_eabi.lib : e_sqrt.c.obj (.text:sqrt)
                  00002cb8    00000144     timer_a.obj (.text:privateTimer_AProcessClockSourceDivider)
                  00002dfc    0000013c     spi_cc3100.obj (.text:spi_Open)
                  00002f38    00000136     rtsv7M4_T_le_v4SPD16_eabi.lib : fd_div_t2.asm.obj (.text)
                  0000306e    00000002     board.obj (.text:PORT1_IRQHandler)
                  00003070    0000012c     device.obj (.text:sl_Stop)
                  0000319c    00000120     socket.obj (.text:sl_SendTo)
                  000032bc    00000118     driver.obj (.text:_SlDrvClassifyRxMsg)
                  000033d4    00000110     rtsv7M4_T_le_v4SPD16_eabi.lib : s_scalbn.c.obj (.text:scalbn)
                  000034e4    00000110     device.obj (.text:sl_Start)
                  000035f4    0000010c     firealarm.obj (.text:setPin)
                  00003700    00000108     pcm.obj (.text:__PCM_setCoreVoltageLevelAdvanced)
                  00003808    00000104     driver.obj (.text:_SlDrvMsgReadCmdCtx)
                  0000390c    000000fe     netapp.obj (.text:_SlDrvNetAppEventHandler)
                  00003a0a    000000fc     rtsv7M4_T_le_v4SPD16_eabi.lib : fd_mul_t2.asm.obj (.text)
                  00003b06    00000002                                   : _lock.c.obj (.text:_nop)
                  00003b08    000000f0     driver.obj (.text:_SlDrvDriverCBInit)
                  00003bf8    000000e8     driver.obj (.text:_SlDrvMsgReadSpawnCtx)
                  00003ce0    000000d8     rtsv7M4_T_le_v4SPD16_eabi.lib : memory.c.obj (.text:free)
                  00003db8    000000d4     system_msp432p401r.obj (.text:SystemInit)
                  00003e8c    000000d4     netapp.obj (.text:_sl_HandleAsync_DnsGetHostByService)
                  00003f60    000000cc     cc3100_usage.obj (.text:initCC3100)
                  0000402c    000000c8     netapp.obj (.text:_sl_HandleAsync_DnsGetHostByName)
                  000040f4    000000c8     netapp.obj (.text:_sl_HandleAsync_PingResponse)
                  000041bc    000000c8     socket.obj (.text:_sl_TruncatePayloadByProtocol)
                  00004284    000000c4     driver.obj (.text:_SlRemoveFromList)
                  00004348    000000b8     cc3100_usage.obj (.text:BsdUdpClient)
                  00004400    000000b8     driver.obj (.text:_SlDrvCmdOp)
                  000044b8    000000b8     device.obj (.text:_sl_HandleAsync_InitComplete)
                  00004570    000000b8     netapp.obj (.text:sl_NetAppMDNSRegisterUnregisterService)
                  00004628    000000b4     socket.obj (.text:_sl_HandleAsync_Connect)
                  000046dc    000000ac     uart_driver.obj (.text:uartReceive)
                  00004788    000000a8     driver.obj (.text:_SlDrvDriverCBDeinit)
                  00004830    000000a8     main.obj (.text:floatToArray)
                  000048d8    000000a8     device.obj (.text:sl_DevGet)
                  00004980    000000a4     adc14.obj (.text:ADC14_configureConversionMemory)
                  00004a24    0000009c     rtsv7M4_T_le_v4SPD16_eabi.lib : memcpy_t2.asm.obj (.text)
                  00004ac0    00000098     main.obj (.text:ADC14_IRQHandler)
                  00004b58    00000098     socket.obj (.text:_sl_HandleAsync_Accept)
                  00004bf0    00000094     ClockSys.obj (.text:ClockSys_SetMaxFreq)
                  00004c84    00000094     firealarm.obj (.text:init_LCD)
                  00004d18    0000008c     socket.obj (.text:_sl_HandleAsync_Select)
                  00004da4    00000088     gpio.obj (.text:GPIO_setAsPeripheralModuleFunctionInputPin)
                  00004e2c    00000088     device.obj (.text:_sl_HandleAsync_Stop)
                  00004eb4    00000088     cc3100_usage.obj (.text:establishConnectionWithAP)
                  00004f3c    00000088     firealarm.obj (.text:init_fireAlarm_ADC)
                  00004fc4    00000086     rtsv7M4_T_le_v4SPD16_eabi.lib : fd_cmp_t2.asm.obj (.text:__aeabi_cdcmple)
                  0000504a    00000086                                   : fd_cmp_t2.asm.obj (.text:__aeabi_cdrcmple)
                  000050d0    00000082     firealarm.obj (.text:LCD_setCursor)
                  00005152    00000002     --HOLE-- [fill = 0]
                  00005154    00000080     interrupt.obj (.text:Interrupt_disableInterrupt)
                  000051d4    00000080     interrupt.obj (.text:Interrupt_enableInterrupt)
                  00005254    00000080     driver.obj (.text:_SlDrvObjInit)
                  000052d4    0000007a     rtsv7M4_T_le_v4SPD16_eabi.lib : memset_t2.asm.obj (.text)
                  0000534e    00000002     --HOLE-- [fill = 0]
                  00005350    00000078                                   : memory.c.obj (.text:malloc)
                  000053c8    00000074     spi_cc3100.obj (.text:spi_Read)
                  0000543c    00000072     firealarm.obj (.text:LCD_char)
                  000054ae    00000070     firealarm.obj (.text:LCD_transmit)
                  0000551e    0000006e     rtsv7M4_T_le_v4SPD16_eabi.lib : fd_tos_t2.asm.obj (.text)
                  0000558c    0000006c     nonos.obj (.text:_SlNonOsMainLoopTask)
                  000055f8    0000006c     netcfg.obj (.text:sl_NetCfgSet)
                  00005664    0000006c     wlan.obj (.text:sl_WlanSet)
                  000056d0    0000006c     spi_cc3100.obj (.text:spi_Write)
                  0000573c    0000006a     main.obj (.text:integerToString)
                  000057a6    00000002     --HOLE-- [fill = 0]
                  000057a8    00000068     timer_a.obj (.text:Timer_A_configureUpMode)
                  00005810    00000068     rtsv7M4_T_le_v4SPD16_eabi.lib : copy_decompress_lzss.c.obj (.text:decompress:lzss:__TI_decompress_lzss)
                  00005878    00000068     netapp.obj (.text:sl_NetAppSendTokenValue)
                  000058e0    00000064     device.obj (.text:_SlDrvDeviceEventHandler)
                  00005944    00000064     wlan.obj (.text:sl_WlanPolicySet)
                  000059a8    0000005e     pcm.obj (.text:PCM_getCoreVoltageLevel)
                  00005a06    0000005c     nonos.obj (.text:_SlNonOsSemGet)
                  00005a62    00000002     --HOLE-- [fill = 0]
                  00005a64    0000005c     socket.obj (.text:sl_Socket)
                  00005ac0    0000005a     pcm.obj (.text:PCM_getPowerMode)
                  00005b1a    00000002     --HOLE-- [fill = 0]
                  00005b1c    00000058     adc14.obj (.text:ADC14_configureSingleSampleMode)
                  00005b74    00000058     cc3100_usage.obj (.text:SimpleLinkWlanEventHandler)
                  00005bcc    00000058     device.obj (.text:_sl_GetStartResponseConvert)
                  00005c24    00000058     wlan.obj (.text:sl_WlanRxFilterSet)
                  00005c7c    00000054     adc14.obj (.text:ADC14_initModule)
                  00005cd0    00000054     nonos.obj (.text:_SlNonOsSpawn)
                  00005d24    00000050     socket.obj (.text:_sl_BuildAddress)
                  00005d74    00000050     main.obj (.text:reverse)
                  00005dc4    0000004e     timer_a.obj (.text:Timer_A_initCompare)
                  00005e12    00000002     --HOLE-- [fill = 0]
                  00005e14    0000004c     driver.obj (.text:_SlDrvRxIrqHandler)
                  00005e60    00000048     adc14.obj (.text:ADC14_setSampleHoldTrigger)
                  00005ea8    00000048     board.obj (.text:CC3100_InterruptEnable)
                  00005ef0    00000048     driver.obj (.text:_SlDrvBasicCmd)
                  00005f38    00000048     driver.obj (.text:_SlDrvCmdSend)
                  00005f80    00000044     flowcont.obj (.text:_SlDrvFlowContDeinit)
                  00005fc4    00000044     flowcont.obj (.text:_SlDrvFlowContInit)
                  00006008    00000044     rtsv7M4_T_le_v4SPD16_eabi.lib : autoinit.c.obj (.text:__TI_auto_init_nobinit_nopinit:__TI_auto_init_nobinit_nopinit)
                  0000604c    00000044     firealarm.obj (.text:_delay_ms)
                  00006090    00000042     driver.obj (.text:_SlDrvShiftDWord)
                  000060d2    00000042     socket.obj (.text:sl_Htonl)
                  00006114    00000040     gpio.obj (.text:GPIO_setAsOutputPin)
                  00006154    00000040     cc3100_usage.obj (.text:SimpleLinkNetAppEventHandler)
                  00006194    0000003c     netapp.obj (.text:CopyPingResultsToReport)
                  000061d0    0000003c     rtsv7M4_T_le_v4SPD16_eabi.lib : memory.c.obj (.text:minsert)
                  0000620c    0000003c     socket.obj (.text:sl_Htons)
                  00006248    00000038     adc14.obj (.text:ADC14_getEnabledInterruptStatus)
                  00006280    00000038     rtsv7M4_T_le_v4SPD16_eabi.lib : boot_cortex_m.c.obj (.text:_c_int00_noargs:_c_int00_noargs)
                  000062b8    00000038                                   : memory.c.obj (.text:minit)
                  000062f0    00000038                                   : fs_tod_t2.asm.obj (.text)
                  00006328    00000036     netapp.obj (.text:sl_NetAppMDNSUnRegisterService)
                  0000635e    00000036     rtsv7M4_T_le_v4SPD16_eabi.lib : strncpy.c.obj (.text:strncpy)
                  00006394    00000034     adc14.obj (.text:ADC14_enableSampleTimer)
                  000063c8    00000034     firealarm.obj (.text:LCD_command)
                  000063fc    00000030     adc14.obj (.text:ADC14_clearInterruptFlag)
                  0000642c    00000030     adc14.obj (.text:ADC14_enableInterrupt)
                  0000645c    00000030     board.obj (.text:CC3100_InterruptDisable)
                  0000648c    00000030     board.obj (.text:PORT2_IRQHandler)
                  000064bc    00000030     wlan.obj (.text:sl_WlanProfileDel)
                  000064ec    00000030     wlan.obj (.text:sl_WlanSetMode)
                  0000651c    0000002e     rtsv7M4_T_le_v4SPD16_eabi.lib : i_tofd_t2.asm.obj (.text)
                  0000654a    00000002     --HOLE-- [fill = 0]
                  0000654c    0000002c     adc14.obj (.text:ADC14_getInterruptStatus)
                  00006578    00000028     adc14.obj (.text:ADC14_enableConversion)
                  000065a0    00000028     board.obj (.text:Delay)
                  000065c8    00000028     rtsv7M4_T_le_v4SPD16_eabi.lib : memory.c.obj (.text:mremove)
                  000065f0    00000026     firealarm.obj (.text:LCD_string)
                  00006616    00000002     --HOLE-- [fill = 0]
                  00006618    00000024     uart_driver.obj (.text:EUSCIA0_IRQHandler)
                  0000663c    00000024     cc3100_usage.obj (.text:SendData)
                  00006660    00000024     wdt_a.obj (.text:WDT_A_clearTimer)
                  00006684    00000024     wdt_a.obj (.text:WDT_A_holdTimer)
                  000066a8    00000024     driver.obj (.text:_SlDrvObjDeInit)
                  000066cc    00000020     adc14.obj (.text:ADC14_setResolution)
                  000066ec    00000020     rtsv7M4_T_le_v4SPD16_eabi.lib : u_tofd_t2.asm.obj (.text)
                  0000670c    0000001c     adc14.obj (.text:ADC14_getResult)
                  00006728    00000018     fpu.obj (.text:FPU_enableModule)
                  00006740    00000018     nonos.obj (.text:_SlNonOsSemSet)
                  00006758    00000018     board.obj (.text:registerInterruptHandler)
                  00006770    00000016     timer_a.obj (.text:Timer_A_startCounter)
                  00006786    00000002     --HOLE-- [fill = 0]
                  00006788    00000014     pcm.obj (.text:PCM_getPowerState)
                  0000679c    00000014     rtsv7M4_T_le_v4SPD16_eabi.lib : s_copysign.c.obj (.text:copysign)
                  000067b0    00000014                                   : strlen.c.obj (.text:strlen)
                  000067c4    00000012                                   : copy_zero_init.c.obj (.text:decompress:ZI:__TI_zero_init_nomemset:__TI_zero_init_nomemset)
                  000067d6    00000002     --HOLE-- [fill = 0]
                  000067d8    00000010     adc14.obj (.text:ADC14_disableConversion)
                  000067e8    00000010     adc14.obj (.text:ADCIsConversionRunning)
                  000067f8    00000010     board.obj (.text:CC3100_disable)
                  00006808    00000010     board.obj (.text:CC3100_enable)
                  00006818    00000010     fpu.obj (.text:FPU_enableLazyStacking)
                  00006828    00000010     interrupt.obj (.text:Interrupt_enableMaster)
                  00006838    00000010     pcm.obj (.text:PCM_setCoreVoltageLevel)
                  00006848    00000010     pcm.obj (.text:PCM_setPowerMode)
                  00006858    00000010     cc3100_usage.obj (.text:SimpleLinkSockEventHandler)
                  00006868    0000000e     rtsv7M4_T_le_v4SPD16_eabi.lib : copy_decompress_none.c.obj (.text:decompress:none:__TI_decompress_none)
                  00006876    00000002     --HOLE-- [fill = 0]
                  00006878    0000000c     adc14.obj (.text:ADC14_enableModule)
                  00006884    0000000c     cpu.obj (.text:CPU_cpsie)
                  00006890    0000000c     startup_msp432p401r_ccs.obj (.text:Reset_Handler)
                  0000689c    0000000c     cc3100_usage.obj (.text:SimpleLinkHttpServerCallback)
                  000068a8    0000000c     cc3100_usage.obj (.text:getLocalIP)
                  000068b4    0000000c     wlan.obj (.text:sl_WlanDisconnect)
                  000068c0    0000000c     spi_cc3100.obj (.text:spi_Close)
                  000068cc    0000000a     firealarm.obj (.text:LCD_clearScreen)
                  000068d6    0000000a     cc3100_usage.obj (.text:SimpleLinkGeneralEventHandler)
                  000068e0    00000008     rtsv7M4_T_le_v4SPD16_eabi.lib : errno.c.obj (.text:__aeabi_errno_addr)
                  000068e8    00000004                                   : pre_init.c.obj (.text:_system_pre_init)
                  000068ec    00000004                                   : exit.c.obj (.text:abort:abort)

.const     0    000068f0    00000294     
                  000068f0    000000b0     wlan.obj (.const:$P$T0$1)
                  000069a0    00000080     adc14.obj (.const:_ctlRegs)
                  00006a20    00000038     driver.obj (.const:_SlActionLookupTable)
                  00006a58    00000030     rtsv7M4_T_le_v4SPD16_eabi.lib : e_pow.c.obj (.const:$O1$$)
                  00006a88    00000030     gpio.obj (.const:GPIO_PORT_TO_BASE)
                  00006ab8    0000002c     cc3100_usage.obj (.const:$P$T0$1)
                  00006ae4    00000018     firealarm.obj (.const:upModeConfig)
                  00006afc    00000014     cc3100_usage.obj (.const:$P$T1$2)
                  00006b10    00000010     firealarm.obj (.const:compareConfig)
                  00006b20    0000000c     cc3100_usage.obj (.const:$P$T2$3)
                  00006b2c    00000008     driver.obj (.const:g_H2NCnysPattern)
                  00006b34    00000008     driver.obj (.const:g_H2NSyncPattern)
                  00006b3c    00000008     interrupt.obj (.const:g_pulDisRegs)
                  00006b44    00000008     interrupt.obj (.const:g_pulEnRegs)
                  00006b4c    00000004     driver.obj (.const:$P$T0$1)
                  00006b50    00000004     socket.obj (.const:$P$T1$2)
                  00006b54    00000004     wlan.obj (.const:$P$T1$2)
                  00006b58    00000004     device.obj (.const:_SlDeviceGetCmdCtrl)
                  00006b5c    00000004     netapp.obj (.const:_SlNetAppSendTokenValueCmdCtrl)
                  00006b60    00000004     netcfg.obj (.const:_SlNetCfgSetCmdCtrl)
                  00006b64    00000004     wlan.obj (.const:_SlPolicySetCmdCtrl)
                  00006b68    00000004     wlan.obj (.const:_SlProfileDelCmdCtrl)
                  00006b6c    00000004     netapp.obj (.const:_SlRegisterServiceCtrl)
                  00006b70    00000004     wlan.obj (.const:_SlRxFilterSetCmdCtrl)
                  00006b74    00000004     socket.obj (.const:_SlSockSocketCmdCtrl)
                  00006b78    00000004     device.obj (.const:_SlStopCmdCtrl)
                  00006b7c    00000004     wlan.obj (.const:_SlWlanCfgSetCmdCtrl)
                  00006b80    00000004     wlan.obj (.const:_SlWlanSetModeCmdCtrl)

.cinit     0    00006b88    00000040     
                  00006b88    0000001c     (.cinit..data.load) [load image, compression = lzss]
                  00006ba4    0000000c     (__TI_handler_table)
                  00006bb0    00000008     (.cinit..bss.load) [load image, compression = zero_init]
                  00006bb8    00000010     (__TI_cinit_table)

.init_array 
*          0    00000000    00000000     UNINITIALIZED

.binit     0    00000000    00000000     

.sysmem    0    20000000    00000800     UNINITIALIZED
                  20000000    00000008     rtsv7M4_T_le_v4SPD16_eabi.lib : memory.c.obj (.sysmem)
                  20000008    000007f8     --HOLE--

.data      0    20000800    00000374     UNINITIALIZED
                  20000800    0000021f     uart_driver.obj (.data:test)
                  20000a1f    0000010f     uart_driver.obj (.data:pieceOfString$2)
                  20000b2e    00000002     --HOLE--
                  20000b30    00000014     cc3100_usage.obj (.data)
                  20000b44    0000000c     rtsv7M4_T_le_v4SPD16_eabi.lib : memory.c.obj (.data:$O1$$)
                  20000b50    00000009     driver.obj (.data)
                  20000b59    00000003     --HOLE--
                  20000b5c    00000008     rtsv7M4_T_le_v4SPD16_eabi.lib : _lock.c.obj (.data:$O1$$)
                  20000b64    00000008     uart_driver.obj (.data)
                  20000b6c    00000004     board.obj (.data)
                  20000b70    00000004     rtsv7M4_T_le_v4SPD16_eabi.lib : errno.c.obj (.data)

.bss       0    20000b74    000001c0     UNINITIALIZED
                  20000b74    00000164     (.common:g_StatMem)
                  20000cd8    00000028     (.common:g__SlNonOsCB)
                  20000d00    0000000c     main.obj (.bss)
                  20000d0c    0000000b     (.common:ctrl_info)
                  20000d17    0000000a     (.common:alarm_info)
                  20000d21    00000001     (.common:transmit)
                  20000d22    00000002     --HOLE--
                  20000d24    00000004     cc3100_usage.obj (.bss)
                  20000d28    00000004     (.common:FIREALARM_IP)
                  20000d2c    00000004     (.common:HUB_IP)
                  20000d30    00000004     (.common:norm_voltage)

.stack     0    2000fe00    00000200     UNINITIALIZED
                  2000fe00    00000004     rtsv7M4_T_le_v4SPD16_eabi.lib : boot_cortex_m.c.obj (.stack)
                  2000fe04    000001fc     --HOLE--

MODULE SUMMARY

       Module                        code    ro data   rw data
       ------                        ----    -------   -------
    .\
       uart_driver.obj               208     0         1644   
       adc14.obj                     1152    128       0      
       firealarm.obj                 1076    40        0      
       main.obj                      938     0         92     
       pcm.obj                       848     0         0      
       timer_a.obj                   528     0         0      
       interrupt.obj                 272     16        0      
       gpio.obj                      200     48        0      
       system_msp432p401r.obj        212     0         0      
       ClockSys.obj                  148     0         0      
       wdt_a.obj                     72      0         0      
       fpu.obj                       40      0         0      
       cpu.obj                       12      0         0      
    +--+-----------------------------+-------+---------+---------+
       Total:                        5706    232       1736   
                                                              
    .\WiFi\
       driver.obj                    7754    76        730    
       cc3100_usage.obj              1246    76        48     
       netapp.obj                    1268    8         0      
       socket.obj                    1258    8         0      
       device.obj                    1248    8         0      
       wlan.obj                      984     200       0      
       spi_cc3100.obj                552     0         0      
       nonos.obj                     308     0         80     
       board.obj                     266     0         8      
       flowcont.obj                  136     0         0      
       netcfg.obj                    108     4         0      
    +--+-----------------------------+-------+---------+---------+
       Total:                        15128   380       866    
                                                              
    .\ccs\
       startup_msp432p401r_ccs.obj   14      228       0      
    +--+-----------------------------+-------+---------+---------+
       Total:                        14      228       0      
                                                              
    C:\ti\ccsv8\tools\compiler\ti-cgt-arm_18.1.5.LTS\lib\rtsv7M4_T_le_v4SPD16_eabi.lib
       e_pow.c.obj                   2496    48        0      
       memory.c.obj                  492     0         24     
       fd_add_t2.asm.obj             438     0         0      
       e_sqrt.c.obj                  344     0         0      
       fd_div_t2.asm.obj             310     0         0      
       s_scalbn.c.obj                272     0         0      
       fd_cmp_t2.asm.obj             268     0         0      
       fd_mul_t2.asm.obj             252     0         0      
       memcpy_t2.asm.obj             156     0         0      
       memset_t2.asm.obj             122     0         0      
       fd_tos_t2.asm.obj             110     0         0      
       copy_decompress_lzss.c.obj    104     0         0      
       autoinit.c.obj                68      0         0      
       boot_cortex_m.c.obj           56      0         0      
       fs_tod_t2.asm.obj             56      0         0      
       strncpy.c.obj                 54      0         0      
       i_tofd_t2.asm.obj             46      0         0      
       u_tofd_t2.asm.obj             32      0         0      
       s_copysign.c.obj              20      0         0      
       strlen.c.obj                  20      0         0      
       _lock.c.obj                   2       0         16     
       copy_zero_init.c.obj          18      0         0      
       errno.c.obj                   8       0         8      
       copy_decompress_none.c.obj    14      0         0      
       exit.c.obj                    4       0         0      
       pre_init.c.obj                4       0         0      
    +--+-----------------------------+-------+---------+---------+
       Total:                        5766    48        48     
                                                              
       Heap:                         0       0         4096   
       Stack:                        0       0         1024   
       Linker Generated:             0       64        0      
    +--+-----------------------------+-------+---------+---------+
       Grand Total:                  26614   952       7770   


LINKER GENERATED COPY TABLES

__TI_cinit_table @ 00006bb8 records: 2, size/record: 8, table size: 16
	.data: load addr=00006b88, load size=0000001c bytes, run addr=20000800, run size=00000374 bytes, compression=lzss
	.bss: load addr=00006bb0, load size=00000008 bytes, run addr=20000b74, run size=000001c0 bytes, compression=zero_init


LINKER GENERATED HANDLER TABLE

__TI_handler_table @ 00006ba4 records: 3, size/record: 4, table size: 12
	index: 0, handler: __TI_decompress_lzss
	index: 1, handler: __TI_decompress_none
	index: 2, handler: __TI_zero_init


GLOBAL SYMBOLS: SORTED ALPHABETICALLY BY Name 

address   name                                      
-------   ----                                      
00004ac1  ADC14_IRQHandler                          
00004ac1  ADC14_IRQHandler                          
000063fd  ADC14_clearInterruptFlag                  
00004981  ADC14_configureConversionMemory           
00005b1d  ADC14_configureSingleSampleMode           
000067d9  ADC14_disableConversion                   
00006579  ADC14_enableConversion                    
0000642d  ADC14_enableInterrupt                     
00006879  ADC14_enableModule                        
00006395  ADC14_enableSampleTimer                   
00006249  ADC14_getEnabledInterruptStatus           
0000654d  ADC14_getInterruptStatus                  
0000670d  ADC14_getResult                           
00005c7d  ADC14_initModule                          
000066cd  ADC14_setResolution                       
00005e61  ADC14_setSampleHoldTrigger                
00002583  AES256_IRQHandler                         
00002583  BusFault_Handler                          
000068ed  C$$EXIT                                   
0000645d  CC3100_InterruptDisable                   
00005ea9  CC3100_InterruptEnable                    
000067f9  CC3100_disable                            
00006809  CC3100_enable                             
00002583  COMP_E0_IRQHandler                        
00002583  COMP_E1_IRQHandler                        
00006885  CPU_cpsie                                 
00002583  CS_IRQHandler                             
00004bf1  ClockSys_SetMaxFreq                       
00006195  CopyPingResultsToReport                   
00002583  DMA_ERR_IRQHandler                        
00002583  DMA_INT0_IRQHandler                       
00002583  DMA_INT1_IRQHandler                       
00002583  DMA_INT2_IRQHandler                       
00002583  DMA_INT3_IRQHandler                       
00002583  DebugMon_Handler                          
00002583  Default_Handler                           
000065a1  Delay                                     
00006619  EUSCIA0_IRQHandler                        
00006619  EUSCIA0_IRQHandler                        
00002583  EUSCIA1_IRQHandler                        
00002583  EUSCIA2_IRQHandler                        
00002583  EUSCIA3_IRQHandler                        
00002583  EUSCIB0_IRQHandler                        
00002583  EUSCIB1_IRQHandler                        
00002583  EUSCIB2_IRQHandler                        
00002583  EUSCIB3_IRQHandler                        
20000d28  FIREALARM_IP                              
00002583  FLCTL_IRQHandler                          
00002583  FPU_IRQHandler                            
00006819  FPU_enableLazyStacking                    
00006729  FPU_enableModule                          
00006115  GPIO_setAsOutputPin                       
00004da5  GPIO_setAsPeripheralModuleFunctionInputPin
20000d2c  HUB_IP                                    
00002583  HardFault_Handler                         
00005155  Interrupt_disableInterrupt                
000051d5  Interrupt_enableInterrupt                 
00006829  Interrupt_enableMaster                    
0000543d  LCD_char                                  
000068cd  LCD_clearScreen                           
000063c9  LCD_command                               
000050d1  LCD_setCursor                             
000065f1  LCD_string                                
000054af  LCD_transmit                              
00002583  MemManage_Handler                         
00002583  NMI_Handler                               
00002583  PCM_IRQHandler                            
000059a9  PCM_getCoreVoltageLevel                   
00005ac1  PCM_getPowerMode                          
00006789  PCM_getPowerState                         
00006839  PCM_setCoreVoltageLevel                   
00006849  PCM_setPowerMode                          
0000306f  PORT1_IRQHandler                          
0000306f  PORT1_IRQHandler                          
0000648d  PORT2_IRQHandler                          
0000648d  PORT2_IRQHandler                          
00002583  PORT3_IRQHandler                          
00002583  PORT4_IRQHandler                          
00002583  PORT5_IRQHandler                          
00002583  PORT6_IRQHandler                          
00002583  PSS_IRQHandler                            
00002583  PendSV_Handler                            
00002583  RTC_C_IRQHandler                          
00006891  Reset_Handler                             
00002583  SVC_Handler                               
0000663d  SendData                                  
000068d7  SimpleLinkGeneralEventHandler             
0000689d  SimpleLinkHttpServerCallback              
00006155  SimpleLinkNetAppEventHandler              
00006859  SimpleLinkSockEventHandler                
00005b75  SimpleLinkWlanEventHandler                
20000b40  SockIDRx                                  
20000b42  SockIDTx                                  
00002583  SysTick_Handler                           
00003db9  SystemInit                                
00002583  T32_INT1_IRQHandler                       
00002583  T32_INT2_IRQHandler                       
00002583  T32_INTC_IRQHandler                       
00002583  TA0_0_IRQHandler                          
00002583  TA0_N_IRQHandler                          
00002583  TA1_0_IRQHandler                          
00002583  TA1_N_IRQHandler                          
00002583  TA2_0_IRQHandler                          
00002583  TA2_N_IRQHandler                          
00002583  TA3_0_IRQHandler                          
00002583  TA3_N_IRQHandler                          
000057a9  Timer_A_configureUpMode                   
00005dc5  Timer_A_initCompare                       
00006771  Timer_A_startCounter                      
00002583  UsageFault_Handler                        
4000480c  WDTCTL_SYM                                
00002583  WDT_A_IRQHandler                          
00006661  WDT_A_clearTimer                          
00006685  WDT_A_holdTimer                           
00006a20  _SlActionLookupTable                      
000010d9  _SlAsyncEventGenericHandler               
00006b58  _SlDeviceGetCmdCtrl                       
00005ef1  _SlDrvBasicCmd                            
000032bd  _SlDrvClassifyRxMsg                       
00004401  _SlDrvCmdOp                               
00005f39  _SlDrvCmdSend                             
00002201  _SlDrvDataWriteOp                         
000058e1  _SlDrvDeviceEventHandler                  
00004789  _SlDrvDriverCBDeinit                      
00003b09  _SlDrvDriverCBInit                        
00005f81  _SlDrvFlowContDeinit                      
00005fc5  _SlDrvFlowContInit                        
00000aa5  _SlDrvMsgRead                             
00003809  _SlDrvMsgReadCmdCtx                       
00003bf9  _SlDrvMsgReadSpawnCtx                     
00001e25  _SlDrvMsgWrite                            
0000390d  _SlDrvNetAppEventHandler                  
000066a9  _SlDrvObjDeInit                           
00005255  _SlDrvObjInit                             
00001a15  _SlDrvReleasePoolObj                      
00001801  _SlDrvRxHdrRead                           
00005e15  _SlDrvRxIrqHandler                        
00006091  _SlDrvShiftDWord                          
00001c1d  _SlDrvWaitForPoolObj                      
00002735  _SlFindAndSetActiveObj                    
00006b5c  _SlNetAppSendTokenValueCmdCtrl            
00006b60  _SlNetCfgSetCmdCtrl                       
0000558d  _SlNonOsMainLoopTask                      
00005a07  _SlNonOsSemGet                            
00006741  _SlNonOsSemSet                            
00005cd1  _SlNonOsSpawn                             
00006b64  _SlPolicySetCmdCtrl                       
00006b68  _SlProfileDelCmdCtrl                      
00006b6c  _SlRegisterServiceCtrl                    
00004285  _SlRemoveFromList                         
00006b70  _SlRxFilterSetCmdCtrl                     
00006b74  _SlSockSocketCmdCtrl                      
00006b78  _SlStopCmdCtrl                            
00006b7c  _SlWlanCfgSetCmdCtrl                      
00006b80  _SlWlanSetModeCmdCtrl                     
20010000  __STACK_END                               
00000200  __STACK_SIZE                              
00000800  __SYSMEM_SIZE                             
00006bb8  __TI_CINIT_Base                           
00006bc8  __TI_CINIT_Limit                          
00006ba4  __TI_Handler_Table_Base                   
00006bb0  __TI_Handler_Table_Limit                  
00006009  __TI_auto_init_nobinit_nopinit            
00005811  __TI_decompress_lzss                      
00006869  __TI_decompress_none                      
ffffffff  __TI_pprof_out_hndl                       
ffffffff  __TI_prof_data_size                       
ffffffff  __TI_prof_data_start                      
00000000  __TI_static_base__                        
000067c5  __TI_zero_init_nomemset                   
00004fc5  __aeabi_cdcmpeq                           
00004fc5  __aeabi_cdcmple                           
0000504b  __aeabi_cdrcmple                          
0000551f  __aeabi_d2f                               
000023d7  __aeabi_dadd                              
00002f39  __aeabi_ddiv                              
00003a0b  __aeabi_dmul                              
000023cd  __aeabi_dsub                              
000068e1  __aeabi_errno_addr                        
000062f1  __aeabi_f2d                               
0000651d  __aeabi_i2d                               
000052d5  __aeabi_memclr                            
000052d5  __aeabi_memclr4                           
000052d5  __aeabi_memclr8                           
00004a25  __aeabi_memcpy                            
00004a25  __aeabi_memcpy4                           
00004a25  __aeabi_memcpy8                           
000052d7  __aeabi_memset                            
000052d7  __aeabi_memset4                           
000052d7  __aeabi_memset8                           
000066ed  __aeabi_ui2d                              
ffffffff  __binit__                                 
ffffffff  __c_args__                                
UNDEFED   __mpu_init                                
2000fe00  __stack                                   
00006281  _c_int00_noargs                           
0000604d  _delay_ms                                 
20000b5c  _lock                                     
00003b07  _nop                                      
00005d25  _sl_BuildAddress                          
00005bcd  _sl_GetStartResponseConvert               
00004b59  _sl_HandleAsync_Accept                    
00004629  _sl_HandleAsync_Connect                   
0000402d  _sl_HandleAsync_DnsGetHostByName          
00003e8d  _sl_HandleAsync_DnsGetHostByService       
000044b9  _sl_HandleAsync_InitComplete              
000040f5  _sl_HandleAsync_PingResponse              
00004d19  _sl_HandleAsync_Select                    
00004e2d  _sl_HandleAsync_Stop                      
000041bd  _sl_TruncatePayloadByProtocol             
20000000  _sys_memory                               
UNDEFED   _system_post_cinit                        
000068e9  _system_pre_init                          
20000b60  _unlock                                   
000068ed  abort                                     
20000d17  alarm_info                                
ffffffff  binit                                     
00006b10  compareConfig                             
0000679d  copysign                                  
0000679d  copysignl                                 
20000d0c  ctrl_info                                 
20000b70  errno                                     
00004831  floatToArray                              
00003ce1  free                                      
20000b58  gFirstCmdMode                             
00006b2c  g_H2NCnysPattern                          
00006b34  g_H2NSyncPattern                          
20000b74  g_StatMem                                 
20000b30  g_Status                                  
20000cd8  g__SlNonOsCB                              
20000b50  g_pCB                                     
000068a9  getLocalIP                                
00003f61  initCC3100                                
00004c85  init_LCD                                  
00004f3d  init_fireAlarm_ADC                        
0000573d  integerToString                           
00000000  interruptVectors                          
000033d5  ldexp                                     
000033d5  ldexpl                                    
00002585  main                                      
00005351  malloc                                    
00004a25  memcpy                                    
000052dd  memset                                    
000062b9  minit                                     
20000d30  norm_voltage                              
20000b6c  pIraEventHandler                          
20000b54  pPingCallBackFunc                         
000000e5  pow                                       
000000e5  powl                                      
20000b38  receivedAlready                           
00006759  registerInterruptHandler                  
20000b34  retVal                                    
00005d75  reverse                                   
000033d5  scalbn                                    
000033d5  scalbnl                                   
000035f5  setPin                                    
000048d9  sl_DevGet                                 
000060d3  sl_Htonl                                  
0000620d  sl_Htons                                  
00004571  sl_NetAppMDNSRegisterUnregisterService    
00006329  sl_NetAppMDNSUnRegisterService            
00005879  sl_NetAppSendTokenValue                   
000055f9  sl_NetCfgSet                              
0000319d  sl_SendTo                                 
00005a65  sl_Socket                                 
000034e5  sl_Start                                  
00003071  sl_Stop                                   
000015bd  sl_WlanConnect                            
000068b5  sl_WlanDisconnect                         
00005945  sl_WlanPolicySet                          
000064bd  sl_WlanProfileDel                         
00005c25  sl_WlanRxFilterSet                        
00005665  sl_WlanSet                                
000064ed  sl_WlanSetMode                            
000068c1  spi_Close                                 
00002dfd  spi_Open                                  
000053c9  spi_Read                                  
000056d1  spi_Write                                 
00002b61  sqrt                                      
00002b61  sqrtl                                     
000067b1  strlen                                    
0000635f  strncpy                                   
20000800  test                                      
20000d21  transmit                                  
20000b3c  transmitedAlready                         
000046dd  uartReceive                               
00006ae4  upModeConfig                              


GLOBAL SYMBOLS: SORTED BY Symbol Address 

address   name                                      
-------   ----                                      
00000000  __TI_static_base__                        
00000000  interruptVectors                          
000000e5  pow                                       
000000e5  powl                                      
00000200  __STACK_SIZE                              
00000800  __SYSMEM_SIZE                             
00000aa5  _SlDrvMsgRead                             
000010d9  _SlAsyncEventGenericHandler               
000015bd  sl_WlanConnect                            
00001801  _SlDrvRxHdrRead                           
00001a15  _SlDrvReleasePoolObj                      
00001c1d  _SlDrvWaitForPoolObj                      
00001e25  _SlDrvMsgWrite                            
00002201  _SlDrvDataWriteOp                         
000023cd  __aeabi_dsub                              
000023d7  __aeabi_dadd                              
00002583  AES256_IRQHandler                         
00002583  BusFault_Handler                          
00002583  COMP_E0_IRQHandler                        
00002583  COMP_E1_IRQHandler                        
00002583  CS_IRQHandler                             
00002583  DMA_ERR_IRQHandler                        
00002583  DMA_INT0_IRQHandler                       
00002583  DMA_INT1_IRQHandler                       
00002583  DMA_INT2_IRQHandler                       
00002583  DMA_INT3_IRQHandler                       
00002583  DebugMon_Handler                          
00002583  Default_Handler                           
00002583  EUSCIA1_IRQHandler                        
00002583  EUSCIA2_IRQHandler                        
00002583  EUSCIA3_IRQHandler                        
00002583  EUSCIB0_IRQHandler                        
00002583  EUSCIB1_IRQHandler                        
00002583  EUSCIB2_IRQHandler                        
00002583  EUSCIB3_IRQHandler                        
00002583  FLCTL_IRQHandler                          
00002583  FPU_IRQHandler                            
00002583  HardFault_Handler                         
00002583  MemManage_Handler                         
00002583  NMI_Handler                               
00002583  PCM_IRQHandler                            
00002583  PORT3_IRQHandler                          
00002583  PORT4_IRQHandler                          
00002583  PORT5_IRQHandler                          
00002583  PORT6_IRQHandler                          
00002583  PSS_IRQHandler                            
00002583  PendSV_Handler                            
00002583  RTC_C_IRQHandler                          
00002583  SVC_Handler                               
00002583  SysTick_Handler                           
00002583  T32_INT1_IRQHandler                       
00002583  T32_INT2_IRQHandler                       
00002583  T32_INTC_IRQHandler                       
00002583  TA0_0_IRQHandler                          
00002583  TA0_N_IRQHandler                          
00002583  TA1_0_IRQHandler                          
00002583  TA1_N_IRQHandler                          
00002583  TA2_0_IRQHandler                          
00002583  TA2_N_IRQHandler                          
00002583  TA3_0_IRQHandler                          
00002583  TA3_N_IRQHandler                          
00002583  UsageFault_Handler                        
00002583  WDT_A_IRQHandler                          
00002585  main                                      
00002735  _SlFindAndSetActiveObj                    
00002b61  sqrt                                      
00002b61  sqrtl                                     
00002dfd  spi_Open                                  
00002f39  __aeabi_ddiv                              
0000306f  PORT1_IRQHandler                          
0000306f  PORT1_IRQHandler                          
00003071  sl_Stop                                   
0000319d  sl_SendTo                                 
000032bd  _SlDrvClassifyRxMsg                       
000033d5  ldexp                                     
000033d5  ldexpl                                    
000033d5  scalbn                                    
000033d5  scalbnl                                   
000034e5  sl_Start                                  
000035f5  setPin                                    
00003809  _SlDrvMsgReadCmdCtx                       
0000390d  _SlDrvNetAppEventHandler                  
00003a0b  __aeabi_dmul                              
00003b07  _nop                                      
00003b09  _SlDrvDriverCBInit                        
00003bf9  _SlDrvMsgReadSpawnCtx                     
00003ce1  free                                      
00003db9  SystemInit                                
00003e8d  _sl_HandleAsync_DnsGetHostByService       
00003f61  initCC3100                                
0000402d  _sl_HandleAsync_DnsGetHostByName          
000040f5  _sl_HandleAsync_PingResponse              
000041bd  _sl_TruncatePayloadByProtocol             
00004285  _SlRemoveFromList                         
00004401  _SlDrvCmdOp                               
000044b9  _sl_HandleAsync_InitComplete              
00004571  sl_NetAppMDNSRegisterUnregisterService    
00004629  _sl_HandleAsync_Connect                   
000046dd  uartReceive                               
00004789  _SlDrvDriverCBDeinit                      
00004831  floatToArray                              
000048d9  sl_DevGet                                 
00004981  ADC14_configureConversionMemory           
00004a25  __aeabi_memcpy                            
00004a25  __aeabi_memcpy4                           
00004a25  __aeabi_memcpy8                           
00004a25  memcpy                                    
00004ac1  ADC14_IRQHandler                          
00004ac1  ADC14_IRQHandler                          
00004b59  _sl_HandleAsync_Accept                    
00004bf1  ClockSys_SetMaxFreq                       
00004c85  init_LCD                                  
00004d19  _sl_HandleAsync_Select                    
00004da5  GPIO_setAsPeripheralModuleFunctionInputPin
00004e2d  _sl_HandleAsync_Stop                      
00004f3d  init_fireAlarm_ADC                        
00004fc5  __aeabi_cdcmpeq                           
00004fc5  __aeabi_cdcmple                           
0000504b  __aeabi_cdrcmple                          
000050d1  LCD_setCursor                             
00005155  Interrupt_disableInterrupt                
000051d5  Interrupt_enableInterrupt                 
00005255  _SlDrvObjInit                             
000052d5  __aeabi_memclr                            
000052d5  __aeabi_memclr4                           
000052d5  __aeabi_memclr8                           
000052d7  __aeabi_memset                            
000052d7  __aeabi_memset4                           
000052d7  __aeabi_memset8                           
000052dd  memset                                    
00005351  malloc                                    
000053c9  spi_Read                                  
0000543d  LCD_char                                  
000054af  LCD_transmit                              
0000551f  __aeabi_d2f                               
0000558d  _SlNonOsMainLoopTask                      
000055f9  sl_NetCfgSet                              
00005665  sl_WlanSet                                
000056d1  spi_Write                                 
0000573d  integerToString                           
000057a9  Timer_A_configureUpMode                   
00005811  __TI_decompress_lzss                      
00005879  sl_NetAppSendTokenValue                   
000058e1  _SlDrvDeviceEventHandler                  
00005945  sl_WlanPolicySet                          
000059a9  PCM_getCoreVoltageLevel                   
00005a07  _SlNonOsSemGet                            
00005a65  sl_Socket                                 
00005ac1  PCM_getPowerMode                          
00005b1d  ADC14_configureSingleSampleMode           
00005b75  SimpleLinkWlanEventHandler                
00005bcd  _sl_GetStartResponseConvert               
00005c25  sl_WlanRxFilterSet                        
00005c7d  ADC14_initModule                          
00005cd1  _SlNonOsSpawn                             
00005d25  _sl_BuildAddress                          
00005d75  reverse                                   
00005dc5  Timer_A_initCompare                       
00005e15  _SlDrvRxIrqHandler                        
00005e61  ADC14_setSampleHoldTrigger                
00005ea9  CC3100_InterruptEnable                    
00005ef1  _SlDrvBasicCmd                            
00005f39  _SlDrvCmdSend                             
00005f81  _SlDrvFlowContDeinit                      
00005fc5  _SlDrvFlowContInit                        
00006009  __TI_auto_init_nobinit_nopinit            
0000604d  _delay_ms                                 
00006091  _SlDrvShiftDWord                          
000060d3  sl_Htonl                                  
00006115  GPIO_setAsOutputPin                       
00006155  SimpleLinkNetAppEventHandler              
00006195  CopyPingResultsToReport                   
0000620d  sl_Htons                                  
00006249  ADC14_getEnabledInterruptStatus           
00006281  _c_int00_noargs                           
000062b9  minit                                     
000062f1  __aeabi_f2d                               
00006329  sl_NetAppMDNSUnRegisterService            
0000635f  strncpy                                   
00006395  ADC14_enableSampleTimer                   
000063c9  LCD_command                               
000063fd  ADC14_clearInterruptFlag                  
0000642d  ADC14_enableInterrupt                     
0000645d  CC3100_InterruptDisable                   
0000648d  PORT2_IRQHandler                          
0000648d  PORT2_IRQHandler                          
000064bd  sl_WlanProfileDel                         
000064ed  sl_WlanSetMode                            
0000651d  __aeabi_i2d                               
0000654d  ADC14_getInterruptStatus                  
00006579  ADC14_enableConversion                    
000065a1  Delay                                     
000065f1  LCD_string                                
00006619  EUSCIA0_IRQHandler                        
00006619  EUSCIA0_IRQHandler                        
0000663d  SendData                                  
00006661  WDT_A_clearTimer                          
00006685  WDT_A_holdTimer                           
000066a9  _SlDrvObjDeInit                           
000066cd  ADC14_setResolution                       
000066ed  __aeabi_ui2d                              
0000670d  ADC14_getResult                           
00006729  FPU_enableModule                          
00006741  _SlNonOsSemSet                            
00006759  registerInterruptHandler                  
00006771  Timer_A_startCounter                      
00006789  PCM_getPowerState                         
0000679d  copysign                                  
0000679d  copysignl                                 
000067b1  strlen                                    
000067c5  __TI_zero_init_nomemset                   
000067d9  ADC14_disableConversion                   
000067f9  CC3100_disable                            
00006809  CC3100_enable                             
00006819  FPU_enableLazyStacking                    
00006829  Interrupt_enableMaster                    
00006839  PCM_setCoreVoltageLevel                   
00006849  PCM_setPowerMode                          
00006859  SimpleLinkSockEventHandler                
00006869  __TI_decompress_none                      
00006879  ADC14_enableModule                        
00006885  CPU_cpsie                                 
00006891  Reset_Handler                             
0000689d  SimpleLinkHttpServerCallback              
000068a9  getLocalIP                                
000068b5  sl_WlanDisconnect                         
000068c1  spi_Close                                 
000068cd  LCD_clearScreen                           
000068d7  SimpleLinkGeneralEventHandler             
000068e1  __aeabi_errno_addr                        
000068e9  _system_pre_init                          
000068ed  C$$EXIT                                   
000068ed  abort                                     
00006a20  _SlActionLookupTable                      
00006ae4  upModeConfig                              
00006b10  compareConfig                             
00006b2c  g_H2NCnysPattern                          
00006b34  g_H2NSyncPattern                          
00006b58  _SlDeviceGetCmdCtrl                       
00006b5c  _SlNetAppSendTokenValueCmdCtrl            
00006b60  _SlNetCfgSetCmdCtrl                       
00006b64  _SlPolicySetCmdCtrl                       
00006b68  _SlProfileDelCmdCtrl                      
00006b6c  _SlRegisterServiceCtrl                    
00006b70  _SlRxFilterSetCmdCtrl                     
00006b74  _SlSockSocketCmdCtrl                      
00006b78  _SlStopCmdCtrl                            
00006b7c  _SlWlanCfgSetCmdCtrl                      
00006b80  _SlWlanSetModeCmdCtrl                     
00006ba4  __TI_Handler_Table_Base                   
00006bb0  __TI_Handler_Table_Limit                  
00006bb8  __TI_CINIT_Base                           
00006bc8  __TI_CINIT_Limit                          
20000000  _sys_memory                               
20000800  test                                      
20000b30  g_Status                                  
20000b34  retVal                                    
20000b38  receivedAlready                           
20000b3c  transmitedAlready                         
20000b40  SockIDRx                                  
20000b42  SockIDTx                                  
20000b50  g_pCB                                     
20000b54  pPingCallBackFunc                         
20000b58  gFirstCmdMode                             
20000b5c  _lock                                     
20000b60  _unlock                                   
20000b6c  pIraEventHandler                          
20000b70  errno                                     
20000b74  g_StatMem                                 
20000cd8  g__SlNonOsCB                              
20000d0c  ctrl_info                                 
20000d17  alarm_info                                
20000d21  transmit                                  
20000d28  FIREALARM_IP                              
20000d2c  HUB_IP                                    
20000d30  norm_voltage                              
2000fe00  __stack                                   
20010000  __STACK_END                               
4000480c  WDTCTL_SYM                                
ffffffff  __TI_pprof_out_hndl                       
ffffffff  __TI_prof_data_size                       
ffffffff  __TI_prof_data_start                      
ffffffff  __binit__                                 
ffffffff  __c_args__                                
ffffffff  binit                                     
UNDEFED   __mpu_init                                
UNDEFED   _system_post_cinit                        

[287 symbols]
