<?xml version="1.0" encoding="ISO-8859-1" ?>
<link_info>
   <banner>TI ARM Linker PC v18.1.5.LTS</banner>
   <copyright>Copyright (c) 1996-2018 Texas Instruments Incorporated</copyright>
   <link_time>0x5c9285cf</link_time>
   <link_errors>0x0</link_errors>
   <output_file>firealarm.out</output_file>
   <entry_point>
      <name>_c_int00_noargs</name>
      <address>0x4b85</address>
   </entry_point>
   <input_file_list>
      <input_file id="fl-2">
         <path>.\</path>
         <kind>object</kind>
         <file>ClockSys.obj</file>
         <name>ClockSys.obj</name>
      </input_file>
      <input_file id="fl-3">
         <path>.\</path>
         <kind>object</kind>
         <file>_data_pack_.obj</file>
         <name>_data_pack_.obj</name>
      </input_file>
      <input_file id="fl-4">
         <path>.\</path>
         <kind>object</kind>
         <file>adc14.obj</file>
         <name>adc14.obj</name>
      </input_file>
      <input_file id="fl-5">
         <path>.\</path>
         <kind>object</kind>
         <file>aes256.obj</file>
         <name>aes256.obj</name>
      </input_file>
      <input_file id="fl-6">
         <path>.\</path>
         <kind>object</kind>
         <file>comp_e.obj</file>
         <name>comp_e.obj</name>
      </input_file>
      <input_file id="fl-7">
         <path>.\</path>
         <kind>object</kind>
         <file>cpu.obj</file>
         <name>cpu.obj</name>
      </input_file>
      <input_file id="fl-8">
         <path>.\</path>
         <kind>object</kind>
         <file>crc32.obj</file>
         <name>crc32.obj</name>
      </input_file>
      <input_file id="fl-9">
         <path>.\</path>
         <kind>object</kind>
         <file>cs.obj</file>
         <name>cs.obj</name>
      </input_file>
      <input_file id="fl-a">
         <path>.\</path>
         <kind>object</kind>
         <file>dma.obj</file>
         <name>dma.obj</name>
      </input_file>
      <input_file id="fl-b">
         <path>.\</path>
         <kind>object</kind>
         <file>firealarm.obj</file>
         <name>firealarm.obj</name>
      </input_file>
      <input_file id="fl-c">
         <path>.\</path>
         <kind>object</kind>
         <file>flash.obj</file>
         <name>flash.obj</name>
      </input_file>
      <input_file id="fl-d">
         <path>.\</path>
         <kind>object</kind>
         <file>fpu.obj</file>
         <name>fpu.obj</name>
      </input_file>
      <input_file id="fl-e">
         <path>.\</path>
         <kind>object</kind>
         <file>gpio.obj</file>
         <name>gpio.obj</name>
      </input_file>
      <input_file id="fl-f">
         <path>.\</path>
         <kind>object</kind>
         <file>i2c.obj</file>
         <name>i2c.obj</name>
      </input_file>
      <input_file id="fl-10">
         <path>.\</path>
         <kind>object</kind>
         <file>interrupt.obj</file>
         <name>interrupt.obj</name>
      </input_file>
      <input_file id="fl-11">
         <path>.\</path>
         <kind>object</kind>
         <file>main.obj</file>
         <name>main.obj</name>
      </input_file>
      <input_file id="fl-12">
         <path>.\</path>
         <kind>object</kind>
         <file>mpu.obj</file>
         <name>mpu.obj</name>
      </input_file>
      <input_file id="fl-13">
         <path>.\</path>
         <kind>object</kind>
         <file>pcm.obj</file>
         <name>pcm.obj</name>
      </input_file>
      <input_file id="fl-14">
         <path>.\</path>
         <kind>object</kind>
         <file>pmap.obj</file>
         <name>pmap.obj</name>
      </input_file>
      <input_file id="fl-15">
         <path>.\</path>
         <kind>object</kind>
         <file>pss.obj</file>
         <name>pss.obj</name>
      </input_file>
      <input_file id="fl-16">
         <path>.\</path>
         <kind>object</kind>
         <file>ref_a.obj</file>
         <name>ref_a.obj</name>
      </input_file>
      <input_file id="fl-17">
         <path>.\</path>
         <kind>object</kind>
         <file>reset.obj</file>
         <name>reset.obj</name>
      </input_file>
      <input_file id="fl-18">
         <path>.\</path>
         <kind>object</kind>
         <file>rtc_c.obj</file>
         <name>rtc_c.obj</name>
      </input_file>
      <input_file id="fl-19">
         <path>.\</path>
         <kind>object</kind>
         <file>spi.obj</file>
         <name>spi.obj</name>
      </input_file>
      <input_file id="fl-1a">
         <path>.\</path>
         <kind>object</kind>
         <file>sysctl.obj</file>
         <name>sysctl.obj</name>
      </input_file>
      <input_file id="fl-1b">
         <path>.\</path>
         <kind>object</kind>
         <file>system_msp432p401r.obj</file>
         <name>system_msp432p401r.obj</name>
      </input_file>
      <input_file id="fl-1c">
         <path>.\</path>
         <kind>object</kind>
         <file>systick.obj</file>
         <name>systick.obj</name>
      </input_file>
      <input_file id="fl-1d">
         <path>.\</path>
         <kind>object</kind>
         <file>timer32.obj</file>
         <name>timer32.obj</name>
      </input_file>
      <input_file id="fl-1e">
         <path>.\</path>
         <kind>object</kind>
         <file>timer_a.obj</file>
         <name>timer_a.obj</name>
      </input_file>
      <input_file id="fl-1f">
         <path>.\</path>
         <kind>object</kind>
         <file>uart.obj</file>
         <name>uart.obj</name>
      </input_file>
      <input_file id="fl-20">
         <path>.\</path>
         <kind>object</kind>
         <file>uart_driver.obj</file>
         <name>uart_driver.obj</name>
      </input_file>
      <input_file id="fl-21">
         <path>.\</path>
         <kind>object</kind>
         <file>wdt_a.obj</file>
         <name>wdt_a.obj</name>
      </input_file>
      <input_file id="fl-22">
         <path>.\WiFi\</path>
         <kind>object</kind>
         <file>board.obj</file>
         <name>board.obj</name>
      </input_file>
      <input_file id="fl-23">
         <path>.\WiFi\</path>
         <kind>object</kind>
         <file>cc3100_usage.obj</file>
         <name>cc3100_usage.obj</name>
      </input_file>
      <input_file id="fl-24">
         <path>.\WiFi\</path>
         <kind>object</kind>
         <file>device.obj</file>
         <name>device.obj</name>
      </input_file>
      <input_file id="fl-25">
         <path>.\WiFi\</path>
         <kind>object</kind>
         <file>driver.obj</file>
         <name>driver.obj</name>
      </input_file>
      <input_file id="fl-26">
         <path>.\WiFi\</path>
         <kind>object</kind>
         <file>flowcont.obj</file>
         <name>flowcont.obj</name>
      </input_file>
      <input_file id="fl-27">
         <path>.\WiFi\</path>
         <kind>object</kind>
         <file>fs.obj</file>
         <name>fs.obj</name>
      </input_file>
      <input_file id="fl-28">
         <path>.\WiFi\</path>
         <kind>object</kind>
         <file>netapp.obj</file>
         <name>netapp.obj</name>
      </input_file>
      <input_file id="fl-29">
         <path>.\WiFi\</path>
         <kind>object</kind>
         <file>netcfg.obj</file>
         <name>netcfg.obj</name>
      </input_file>
      <input_file id="fl-2a">
         <path>.\WiFi\</path>
         <kind>object</kind>
         <file>nonos.obj</file>
         <name>nonos.obj</name>
      </input_file>
      <input_file id="fl-2b">
         <path>.\WiFi\</path>
         <kind>object</kind>
         <file>socket.obj</file>
         <name>socket.obj</name>
      </input_file>
      <input_file id="fl-2c">
         <path>.\WiFi\</path>
         <kind>object</kind>
         <file>spawn.obj</file>
         <name>spawn.obj</name>
      </input_file>
      <input_file id="fl-2d">
         <path>.\WiFi\</path>
         <kind>object</kind>
         <file>spi_cc3100.obj</file>
         <name>spi_cc3100.obj</name>
      </input_file>
      <input_file id="fl-2e">
         <path>.\WiFi\</path>
         <kind>object</kind>
         <file>wlan.obj</file>
         <name>wlan.obj</name>
      </input_file>
      <input_file id="fl-2f">
         <path>.\ccs\</path>
         <kind>object</kind>
         <file>startup_msp432p401r_ccs.obj</file>
         <name>startup_msp432p401r_ccs.obj</name>
      </input_file>
      <input_file id="fl-39">
         <kind>object</kind>
         <file>&lt;internal&gt;</file>
         <name>&lt;internal&gt;</name>
      </input_file>
      <input_file id="fl-ef">
         <path>C:\ti\ccsv8\tools\compiler\ti-cgt-arm_18.1.5.LTS\lib\</path>
         <kind>archive</kind>
         <file>rtsv7M4_T_le_v4SPD16_eabi.lib</file>
         <name>memset_t2.asm.obj</name>
      </input_file>
      <input_file id="fl-f0">
         <path>C:\ti\ccsv8\tools\compiler\ti-cgt-arm_18.1.5.LTS\lib\</path>
         <kind>archive</kind>
         <file>rtsv7M4_T_le_v4SPD16_eabi.lib</file>
         <name>fd_add_t2.asm.obj</name>
      </input_file>
      <input_file id="fl-f1">
         <path>C:\ti\ccsv8\tools\compiler\ti-cgt-arm_18.1.5.LTS\lib\</path>
         <kind>archive</kind>
         <file>rtsv7M4_T_le_v4SPD16_eabi.lib</file>
         <name>fd_cmp_t2.asm.obj</name>
      </input_file>
      <input_file id="fl-f2">
         <path>C:\ti\ccsv8\tools\compiler\ti-cgt-arm_18.1.5.LTS\lib\</path>
         <kind>archive</kind>
         <file>rtsv7M4_T_le_v4SPD16_eabi.lib</file>
         <name>fd_div_t2.asm.obj</name>
      </input_file>
      <input_file id="fl-f3">
         <path>C:\ti\ccsv8\tools\compiler\ti-cgt-arm_18.1.5.LTS\lib\</path>
         <kind>archive</kind>
         <file>rtsv7M4_T_le_v4SPD16_eabi.lib</file>
         <name>fd_mul_t2.asm.obj</name>
      </input_file>
      <input_file id="fl-f4">
         <path>C:\ti\ccsv8\tools\compiler\ti-cgt-arm_18.1.5.LTS\lib\</path>
         <kind>archive</kind>
         <file>rtsv7M4_T_le_v4SPD16_eabi.lib</file>
         <name>fd_tou_t2.asm.obj</name>
      </input_file>
      <input_file id="fl-f5">
         <path>C:\ti\ccsv8\tools\compiler\ti-cgt-arm_18.1.5.LTS\lib\</path>
         <kind>archive</kind>
         <file>rtsv7M4_T_le_v4SPD16_eabi.lib</file>
         <name>memcpy_t2.asm.obj</name>
      </input_file>
      <input_file id="fl-f6">
         <path>C:\ti\ccsv8\tools\compiler\ti-cgt-arm_18.1.5.LTS\lib\</path>
         <kind>archive</kind>
         <file>rtsv7M4_T_le_v4SPD16_eabi.lib</file>
         <name>u_tofd_t2.asm.obj</name>
      </input_file>
      <input_file id="fl-f7">
         <path>C:\ti\ccsv8\tools\compiler\ti-cgt-arm_18.1.5.LTS\lib\</path>
         <kind>archive</kind>
         <file>rtsv7M4_T_le_v4SPD16_eabi.lib</file>
         <name>copy_zero_init.c.obj</name>
      </input_file>
      <input_file id="fl-f8">
         <path>C:\ti\ccsv8\tools\compiler\ti-cgt-arm_18.1.5.LTS\lib\</path>
         <kind>archive</kind>
         <file>rtsv7M4_T_le_v4SPD16_eabi.lib</file>
         <name>copy_decompress_none.c.obj</name>
      </input_file>
      <input_file id="fl-f9">
         <path>C:\ti\ccsv8\tools\compiler\ti-cgt-arm_18.1.5.LTS\lib\</path>
         <kind>archive</kind>
         <file>rtsv7M4_T_le_v4SPD16_eabi.lib</file>
         <name>copy_decompress_lzss.c.obj</name>
      </input_file>
      <input_file id="fl-fa">
         <path>C:\ti\ccsv8\tools\compiler\ti-cgt-arm_18.1.5.LTS\lib\</path>
         <kind>archive</kind>
         <file>rtsv7M4_T_le_v4SPD16_eabi.lib</file>
         <name>boot_cortex_m.c.obj</name>
      </input_file>
      <input_file id="fl-fb">
         <path>C:\ti\ccsv8\tools\compiler\ti-cgt-arm_18.1.5.LTS\lib\</path>
         <kind>archive</kind>
         <file>rtsv7M4_T_le_v4SPD16_eabi.lib</file>
         <name>exit.c.obj</name>
      </input_file>
      <input_file id="fl-fc">
         <path>C:\ti\ccsv8\tools\compiler\ti-cgt-arm_18.1.5.LTS\lib\</path>
         <kind>archive</kind>
         <file>rtsv7M4_T_le_v4SPD16_eabi.lib</file>
         <name>_lock.c.obj</name>
      </input_file>
      <input_file id="fl-fd">
         <path>C:\ti\ccsv8\tools\compiler\ti-cgt-arm_18.1.5.LTS\lib\</path>
         <kind>archive</kind>
         <file>rtsv7M4_T_le_v4SPD16_eabi.lib</file>
         <name>args_main.c.obj</name>
      </input_file>
      <input_file id="fl-fe">
         <path>C:\ti\ccsv8\tools\compiler\ti-cgt-arm_18.1.5.LTS\lib\</path>
         <kind>archive</kind>
         <file>rtsv7M4_T_le_v4SPD16_eabi.lib</file>
         <name>strlen.c.obj</name>
      </input_file>
      <input_file id="fl-ff">
         <path>C:\ti\ccsv8\tools\compiler\ti-cgt-arm_18.1.5.LTS\lib\</path>
         <kind>archive</kind>
         <file>rtsv7M4_T_le_v4SPD16_eabi.lib</file>
         <name>strncpy.c.obj</name>
      </input_file>
      <input_file id="fl-100">
         <path>C:\ti\ccsv8\tools\compiler\ti-cgt-arm_18.1.5.LTS\lib\</path>
         <kind>archive</kind>
         <file>rtsv7M4_T_le_v4SPD16_eabi.lib</file>
         <name>autoinit.c.obj</name>
      </input_file>
      <input_file id="fl-101">
         <path>C:\ti\ccsv8\tools\compiler\ti-cgt-arm_18.1.5.LTS\lib\</path>
         <kind>archive</kind>
         <file>rtsv7M4_T_le_v4SPD16_eabi.lib</file>
         <name>pre_init.c.obj</name>
      </input_file>
      <input_file id="fl-102">
         <path>C:\ti\ccsv8\tools\compiler\ti-cgt-arm_18.1.5.LTS\lib\</path>
         <kind>archive</kind>
         <file>rtsv7M4_T_le_v4SPD16_eabi.lib</file>
         <name>cpy_tbl.c.obj</name>
      </input_file>
   </input_file_list>
   <object_component_list>
      <object_component id="oc-23">
         <name>.intvecs:retain</name>
         <load_address>0x0</load_address>
         <run_address>0x0</run_address>
         <size>0xe4</size>
         <input_file_ref idref="fl-2f"/>
      </object_component>
      <object_component id="oc-595">
         <name>.text:_SlDrvMsgRead</name>
         <load_address>0xe4</load_address>
         <run_address>0xe4</run_address>
         <size>0x634</size>
         <input_file_ref idref="fl-25"/>
      </object_component>
      <object_component id="oc-59b">
         <name>.text:_SlAsyncEventGenericHandler</name>
         <load_address>0x718</load_address>
         <run_address>0x718</run_address>
         <size>0x4e4</size>
         <input_file_ref idref="fl-25"/>
      </object_component>
      <object_component id="oc-3c7">
         <name>.text:sl_WlanConnect</name>
         <load_address>0xbfc</load_address>
         <run_address>0xbfc</run_address>
         <size>0x244</size>
         <input_file_ref idref="fl-2e"/>
      </object_component>
      <object_component id="oc-5c6">
         <name>.text:_SlDrvRxHdrRead</name>
         <load_address>0xe40</load_address>
         <run_address>0xe40</run_address>
         <size>0x214</size>
         <input_file_ref idref="fl-25"/>
      </object_component>
      <object_component id="oc-376">
         <name>.text:_SlDrvReleasePoolObj</name>
         <load_address>0x1054</load_address>
         <run_address>0x1054</run_address>
         <size>0x208</size>
         <input_file_ref idref="fl-25"/>
      </object_component>
      <object_component id="oc-352">
         <name>.text:_SlDrvWaitForPoolObj</name>
         <load_address>0x125c</load_address>
         <run_address>0x125c</run_address>
         <size>0x208</size>
         <input_file_ref idref="fl-25"/>
      </object_component>
      <object_component id="oc-4e5">
         <name>.text:_SlDrvMsgWrite</name>
         <load_address>0x1464</load_address>
         <run_address>0x1464</run_address>
         <size>0x1f8</size>
         <input_file_ref idref="fl-25"/>
      </object_component>
      <object_component id="oc-22e">
         <name>.text:configureSimpleLinkToDefaultState</name>
         <load_address>0x165c</load_address>
         <run_address>0x165c</run_address>
         <size>0x1e4</size>
         <input_file_ref idref="fl-23"/>
      </object_component>
      <object_component id="oc-53d">
         <name>.text:_SlDrvDataWriteOp</name>
         <load_address>0x1840</load_address>
         <run_address>0x1840</run_address>
         <size>0x1cc</size>
         <input_file_ref idref="fl-25"/>
      </object_component>
      <object_component id="oc-5d8">
         <name>.text:_SlFindAndSetActiveObj</name>
         <load_address>0x1a0c</load_address>
         <run_address>0x1a0c</run_address>
         <size>0x170</size>
         <input_file_ref idref="fl-25"/>
      </object_component>
      <object_component id="oc-1c6">
         <name>.text:_getIndexForMemRegister</name>
         <load_address>0x1b7c</load_address>
         <run_address>0x1b7c</run_address>
         <size>0x160</size>
         <input_file_ref idref="fl-4"/>
      </object_component>
      <object_component id="oc-559">
         <name>.text:__PCM_setPowerModeAdvanced</name>
         <load_address>0x1cdc</load_address>
         <run_address>0x1cdc</run_address>
         <size>0x15c</size>
         <input_file_ref idref="fl-13"/>
      </object_component>
      <object_component id="oc-3e3">
         <name>.text:privateTimer_AProcessClockSourceDivider</name>
         <load_address>0x1e38</load_address>
         <run_address>0x1e38</run_address>
         <size>0x144</size>
         <input_file_ref idref="fl-1e"/>
      </object_component>
      <object_component id="oc-13c">
         <name>.text:spi_Open</name>
         <load_address>0x1f7c</load_address>
         <run_address>0x1f7c</run_address>
         <size>0x13c</size>
         <input_file_ref idref="fl-2d"/>
      </object_component>
      <object_component id="oc-240">
         <name>.text:sl_Stop</name>
         <load_address>0x20b8</load_address>
         <run_address>0x20b8</run_address>
         <size>0x12c</size>
         <input_file_ref idref="fl-24"/>
      </object_component>
      <object_component id="oc-40e">
         <name>.text:sl_SendTo</name>
         <load_address>0x21e4</load_address>
         <run_address>0x21e4</run_address>
         <size>0x120</size>
         <input_file_ref idref="fl-2b"/>
      </object_component>
      <object_component id="oc-5cc">
         <name>.text:_SlDrvClassifyRxMsg</name>
         <load_address>0x2304</load_address>
         <run_address>0x2304</run_address>
         <size>0x118</size>
         <input_file_ref idref="fl-25"/>
      </object_component>
      <object_component id="oc-234">
         <name>.text:sl_Start</name>
         <load_address>0x241c</load_address>
         <run_address>0x241c</run_address>
         <size>0x110</size>
         <input_file_ref idref="fl-24"/>
      </object_component>
      <object_component id="oc-2f4">
         <name>.text:__PCM_setCoreVoltageLevelAdvanced</name>
         <load_address>0x252c</load_address>
         <run_address>0x252c</run_address>
         <size>0x108</size>
         <input_file_ref idref="fl-13"/>
      </object_component>
      <object_component id="oc-4eb">
         <name>.text:_SlDrvMsgReadCmdCtx</name>
         <load_address>0x2634</load_address>
         <run_address>0x2634</run_address>
         <size>0x104</size>
         <input_file_ref idref="fl-25"/>
      </object_component>
      <object_component id="oc-605">
         <name>.text:_SlDrvNetAppEventHandler</name>
         <load_address>0x2738</load_address>
         <run_address>0x2738</run_address>
         <size>0xfe</size>
         <input_file_ref idref="fl-28"/>
      </object_component>
      <object_component id="oc-6a">
         <name>.text:Default_Handler</name>
         <load_address>0x2836</load_address>
         <run_address>0x2836</run_address>
         <size>0x2</size>
         <input_file_ref idref="fl-2f"/>
      </object_component>
      <object_component id="oc-34c">
         <name>.text:_SlDrvDriverCBInit</name>
         <load_address>0x2838</load_address>
         <run_address>0x2838</run_address>
         <size>0xf0</size>
         <input_file_ref idref="fl-25"/>
      </object_component>
      <object_component id="oc-4dc">
         <name>.text:_SlDrvMsgReadSpawnCtx</name>
         <load_address>0x2928</load_address>
         <run_address>0x2928</run_address>
         <size>0xe8</size>
         <input_file_ref idref="fl-25"/>
      </object_component>
      <object_component id="oc-2ff">
         <name>.text:CS_startHFXTWithTimeout</name>
         <load_address>0x2a10</load_address>
         <run_address>0x2a10</run_address>
         <size>0xe4</size>
         <input_file_ref idref="fl-9"/>
      </object_component>
      <object_component id="oc-ae">
         <name>.text:main</name>
         <load_address>0x2af4</load_address>
         <run_address>0x2af4</run_address>
         <size>0xe4</size>
         <input_file_ref idref="fl-11"/>
      </object_component>
      <object_component id="oc-472">
         <name>.text:_CSGetHFXTFrequency</name>
         <load_address>0x2bd8</load_address>
         <run_address>0x2bd8</run_address>
         <size>0xdc</size>
         <input_file_ref idref="fl-9"/>
      </object_component>
      <object_component id="oc-c0">
         <name>.text:SystemInit</name>
         <load_address>0x2cb4</load_address>
         <run_address>0x2cb4</run_address>
         <size>0xd4</size>
         <input_file_ref idref="fl-1b"/>
      </object_component>
      <object_component id="oc-63c">
         <name>.text:_sl_HandleAsync_DnsGetHostByService</name>
         <load_address>0x2d88</load_address>
         <run_address>0x2d88</run_address>
         <size>0xd4</size>
         <input_file_ref idref="fl-28"/>
      </object_component>
      <object_component id="oc-142">
         <name>.text:initCC3100</name>
         <load_address>0x2e5c</load_address>
         <run_address>0x2e5c</run_address>
         <size>0xcc</size>
         <input_file_ref idref="fl-23"/>
      </object_component>
      <object_component id="oc-636">
         <name>.text:_sl_HandleAsync_DnsGetHostByName</name>
         <load_address>0x2f28</load_address>
         <run_address>0x2f28</run_address>
         <size>0xc8</size>
         <input_file_ref idref="fl-28"/>
      </object_component>
      <object_component id="oc-5df">
         <name>.text:_sl_HandleAsync_PingResponse</name>
         <load_address>0x2ff0</load_address>
         <run_address>0x2ff0</run_address>
         <size>0xc8</size>
         <input_file_ref idref="fl-28"/>
      </object_component>
      <object_component id="oc-531">
         <name>.text:_sl_TruncatePayloadByProtocol</name>
         <load_address>0x30b8</load_address>
         <run_address>0x30b8</run_address>
         <size>0xc8</size>
         <input_file_ref idref="fl-2b"/>
      </object_component>
      <object_component id="oc-4cc">
         <name>.text:_SlRemoveFromList</name>
         <load_address>0x3180</load_address>
         <run_address>0x3180</run_address>
         <size>0xc4</size>
         <input_file_ref idref="fl-25"/>
      </object_component>
      <object_component id="oc-2ae">
         <name>.text:BsdUdpClient</name>
         <load_address>0x3244</load_address>
         <run_address>0x3244</run_address>
         <size>0xb8</size>
         <input_file_ref idref="fl-23"/>
      </object_component>
      <object_component id="oc-397">
         <name>.text:_SlDrvCmdOp</name>
         <load_address>0x32fc</load_address>
         <run_address>0x32fc</run_address>
         <size>0xb8</size>
         <input_file_ref idref="fl-25"/>
      </object_component>
      <object_component id="oc-621">
         <name>.text:_sl_HandleAsync_InitComplete</name>
         <load_address>0x33b4</load_address>
         <run_address>0x33b4</run_address>
         <size>0xb8</size>
         <input_file_ref idref="fl-24"/>
      </object_component>
      <object_component id="oc-4a4">
         <name>.text:sl_NetAppMDNSRegisterUnregisterService</name>
         <load_address>0x346c</load_address>
         <run_address>0x346c</run_address>
         <size>0xb8</size>
         <input_file_ref idref="fl-28"/>
      </object_component>
      <object_component id="oc-656">
         <name>.text:_sl_HandleAsync_Connect</name>
         <load_address>0x3524</load_address>
         <run_address>0x3524</run_address>
         <size>0xb4</size>
         <input_file_ref idref="fl-2b"/>
      </object_component>
      <object_component id="oc-12a">
         <name>.text:ClockSys_SetMaxFreq</name>
         <load_address>0x35d8</load_address>
         <run_address>0x35d8</run_address>
         <size>0xac</size>
         <input_file_ref idref="fl-2"/>
      </object_component>
      <object_component id="oc-c8">
         <name>.text:uartReceive</name>
         <load_address>0x3684</load_address>
         <run_address>0x3684</run_address>
         <size>0xac</size>
         <input_file_ref idref="fl-20"/>
      </object_component>
      <object_component id="oc-3b2">
         <name>.text:_SlDrvDriverCBDeinit</name>
         <load_address>0x3730</load_address>
         <run_address>0x3730</run_address>
         <size>0xa8</size>
         <input_file_ref idref="fl-25"/>
      </object_component>
      <object_component id="oc-316">
         <name>.text:sl_DevGet</name>
         <load_address>0x37d8</load_address>
         <run_address>0x37d8</run_address>
         <size>0xa8</size>
         <input_file_ref idref="fl-24"/>
      </object_component>
      <object_component id="oc-277">
         <name>.text:ADC14_configureConversionMemory</name>
         <load_address>0x3880</load_address>
         <run_address>0x3880</run_address>
         <size>0xa4</size>
         <input_file_ref idref="fl-4"/>
      </object_component>
      <object_component id="oc-34">
         <name>.text</name>
         <load_address>0x3924</load_address>
         <run_address>0x3924</run_address>
         <size>0x9c</size>
         <input_file_ref idref="fl-f5"/>
      </object_component>
      <object_component id="oc-76">
         <name>.text:ADC14_IRQHandler</name>
         <load_address>0x39c0</load_address>
         <run_address>0x39c0</run_address>
         <size>0x98</size>
         <input_file_ref idref="fl-11"/>
      </object_component>
      <object_component id="oc-650">
         <name>.text:_sl_HandleAsync_Accept</name>
         <load_address>0x3a58</load_address>
         <run_address>0x3a58</run_address>
         <size>0x98</size>
         <input_file_ref idref="fl-2b"/>
      </object_component>
      <object_component id="oc-65c">
         <name>.text:_sl_HandleAsync_Select</name>
         <load_address>0x3af0</load_address>
         <run_address>0x3af0</run_address>
         <size>0x8c</size>
         <input_file_ref idref="fl-2b"/>
      </object_component>
      <object_component id="oc-26b">
         <name>.text:GPIO_setAsPeripheralModuleFunctionInputPin</name>
         <load_address>0x3b7c</load_address>
         <run_address>0x3b7c</run_address>
         <size>0x88</size>
         <input_file_ref idref="fl-e"/>
      </object_component>
      <object_component id="oc-627">
         <name>.text:_sl_HandleAsync_Stop</name>
         <load_address>0x3c04</load_address>
         <run_address>0x3c04</run_address>
         <size>0x88</size>
         <input_file_ref idref="fl-24"/>
      </object_component>
      <object_component id="oc-246">
         <name>.text:establishConnectionWithAP</name>
         <load_address>0x3c8c</load_address>
         <run_address>0x3c8c</run_address>
         <size>0x88</size>
         <input_file_ref idref="fl-23"/>
      </object_component>
      <object_component id="oc-14e">
         <name>.text:init_fireAlarm_ADC</name>
         <load_address>0x3d14</load_address>
         <run_address>0x3d14</run_address>
         <size>0x88</size>
         <input_file_ref idref="fl-b"/>
      </object_component>
      <object_component id="oc-e9">
         <name>.text:Interrupt_disableInterrupt</name>
         <load_address>0x3d9c</load_address>
         <run_address>0x3d9c</run_address>
         <size>0x80</size>
         <input_file_ref idref="fl-10"/>
      </object_component>
      <object_component id="oc-160">
         <name>.text:Interrupt_enableInterrupt</name>
         <load_address>0x3e1c</load_address>
         <run_address>0x3e1c</run_address>
         <size>0x80</size>
         <input_file_ref idref="fl-10"/>
      </object_component>
      <object_component id="oc-4b4">
         <name>.text:_SlDrvObjInit</name>
         <load_address>0x3e9c</load_address>
         <run_address>0x3e9c</run_address>
         <size>0x80</size>
         <input_file_ref idref="fl-25"/>
      </object_component>
      <object_component id="oc-a2">
         <name>.text</name>
         <load_address>0x3f1c</load_address>
         <run_address>0x3f1c</run_address>
         <size>0x7a</size>
         <input_file_ref idref="fl-ef"/>
      </object_component>
      <object_component id="oc-7c">
         <name>.text:PORT1_IRQHandler</name>
         <load_address>0x3f96</load_address>
         <run_address>0x3f96</run_address>
         <size>0x2</size>
         <input_file_ref idref="fl-22"/>
      </object_component>
      <object_component id="oc-5d2">
         <name>.text:spi_Read</name>
         <load_address>0x3f98</load_address>
         <run_address>0x3f98</run_address>
         <size>0x74</size>
         <input_file_ref idref="fl-2d"/>
      </object_component>
      <object_component id="oc-30a">
         <name>.text:_SlNonOsMainLoopTask</name>
         <load_address>0x400c</load_address>
         <run_address>0x400c</run_address>
         <size>0x6c</size>
         <input_file_ref idref="fl-2a"/>
      </object_component>
      <object_component id="oc-23a">
         <name>.text:sl_NetCfgSet</name>
         <load_address>0x4078</load_address>
         <run_address>0x4078</run_address>
         <size>0x6c</size>
         <input_file_ref idref="fl-29"/>
      </object_component>
      <object_component id="oc-32e">
         <name>.text:sl_WlanSet</name>
         <load_address>0x40e4</load_address>
         <run_address>0x40e4</run_address>
         <size>0x6c</size>
         <input_file_ref idref="fl-2e"/>
      </object_component>
      <object_component id="oc-5a2">
         <name>.text:spi_Write</name>
         <load_address>0x4150</load_address>
         <run_address>0x4150</run_address>
         <size>0x6c</size>
         <input_file_ref idref="fl-2d"/>
      </object_component>
      <object_component id="oc-27d">
         <name>.text:Timer_A_configureUpMode</name>
         <load_address>0x41bc</load_address>
         <run_address>0x41bc</run_address>
         <size>0x68</size>
         <input_file_ref idref="fl-1e"/>
      </object_component>
      <object_component id="oc-14">
         <name>.text:decompress:lzss:__TI_decompress_lzss</name>
         <load_address>0x4224</load_address>
         <run_address>0x4224</run_address>
         <size>0x68</size>
         <input_file_ref idref="fl-f9"/>
      </object_component>
      <object_component id="oc-648">
         <name>.text:sl_NetAppSendTokenValue</name>
         <load_address>0x428c</load_address>
         <run_address>0x428c</run_address>
         <size>0x68</size>
         <input_file_ref idref="fl-28"/>
      </object_component>
      <object_component id="oc-5f3">
         <name>.text:_SlDrvDeviceEventHandler</name>
         <load_address>0x42f4</load_address>
         <run_address>0x42f4</run_address>
         <size>0x64</size>
         <input_file_ref idref="fl-24"/>
      </object_component>
      <object_component id="oc-31c">
         <name>.text:sl_WlanPolicySet</name>
         <load_address>0x4358</load_address>
         <run_address>0x4358</run_address>
         <size>0x64</size>
         <input_file_ref idref="fl-2e"/>
      </object_component>
      <object_component id="oc-451">
         <name>.text:PCM_getCoreVoltageLevel</name>
         <load_address>0x43bc</load_address>
         <run_address>0x43bc</run_address>
         <size>0x5e</size>
         <input_file_ref idref="fl-13"/>
      </object_component>
      <object_component id="oc-358">
         <name>.text:_SlNonOsSemGet</name>
         <load_address>0x441a</load_address>
         <run_address>0x441a</run_address>
         <size>0x5c</size>
         <input_file_ref idref="fl-2a"/>
      </object_component>
      <object_component id="oc-408">
         <name>.text:sl_Socket</name>
         <load_address>0x4478</load_address>
         <run_address>0x4478</run_address>
         <size>0x5c</size>
         <input_file_ref idref="fl-2b"/>
      </object_component>
      <object_component id="oc-44b">
         <name>.text:PCM_getPowerMode</name>
         <load_address>0x44d4</load_address>
         <run_address>0x44d4</run_address>
         <size>0x5a</size>
         <input_file_ref idref="fl-13"/>
      </object_component>
      <object_component id="oc-271">
         <name>.text:ADC14_configureSingleSampleMode</name>
         <load_address>0x4530</load_address>
         <run_address>0x4530</run_address>
         <size>0x58</size>
         <input_file_ref idref="fl-4"/>
      </object_component>
      <object_component id="oc-5f9">
         <name>.text:SimpleLinkWlanEventHandler</name>
         <load_address>0x4588</load_address>
         <run_address>0x4588</run_address>
         <size>0x58</size>
         <input_file_ref idref="fl-23"/>
      </object_component>
      <object_component id="oc-37c">
         <name>.text:_sl_GetStartResponseConvert</name>
         <load_address>0x45e0</load_address>
         <run_address>0x45e0</run_address>
         <size>0x58</size>
         <input_file_ref idref="fl-24"/>
      </object_component>
      <object_component id="oc-33a">
         <name>.text:sl_WlanRxFilterSet</name>
         <load_address>0x4638</load_address>
         <run_address>0x4638</run_address>
         <size>0x58</size>
         <input_file_ref idref="fl-2e"/>
      </object_component>
      <object_component id="oc-265">
         <name>.text:ADC14_initModule</name>
         <load_address>0x4690</load_address>
         <run_address>0x4690</run_address>
         <size>0x54</size>
         <input_file_ref idref="fl-4"/>
      </object_component>
      <object_component id="oc-4d6">
         <name>.text:_SlNonOsSpawn</name>
         <load_address>0x46e4</load_address>
         <run_address>0x46e4</run_address>
         <size>0x54</size>
         <input_file_ref idref="fl-2a"/>
      </object_component>
      <object_component id="oc-537">
         <name>.text:_sl_BuildAddress</name>
         <load_address>0x4738</load_address>
         <run_address>0x4738</run_address>
         <size>0x50</size>
         <input_file_ref idref="fl-2b"/>
      </object_component>
      <object_component id="oc-283">
         <name>.text:Timer_A_initCompare</name>
         <load_address>0x4788</load_address>
         <run_address>0x4788</run_address>
         <size>0x4e</size>
         <input_file_ref idref="fl-1e"/>
      </object_component>
      <object_component id="oc-385">
         <name>.text:_SlDrvRxIrqHandler</name>
         <load_address>0x47d8</load_address>
         <run_address>0x47d8</run_address>
         <size>0x4c</size>
         <input_file_ref idref="fl-25"/>
      </object_component>
      <object_component id="oc-289">
         <name>.text:ADC14_setSampleHoldTrigger</name>
         <load_address>0x4824</load_address>
         <run_address>0x4824</run_address>
         <size>0x48</size>
         <input_file_ref idref="fl-4"/>
      </object_component>
      <object_component id="oc-226">
         <name>.text:CC3100_InterruptEnable</name>
         <load_address>0x486c</load_address>
         <run_address>0x486c</run_address>
         <size>0x48</size>
         <input_file_ref idref="fl-22"/>
      </object_component>
      <object_component id="oc-499">
         <name>.text:_SlDrvBasicCmd</name>
         <load_address>0x48b4</load_address>
         <run_address>0x48b4</run_address>
         <size>0x48</size>
         <input_file_ref idref="fl-25"/>
      </object_component>
      <object_component id="oc-66b">
         <name>.text:_SlDrvCmdSend</name>
         <load_address>0x48fc</load_address>
         <run_address>0x48fc</run_address>
         <size>0x48</size>
         <input_file_ref idref="fl-25"/>
      </object_component>
      <object_component id="oc-4fd">
         <name>.text:_SlDrvFlowContDeinit</name>
         <load_address>0x4944</load_address>
         <run_address>0x4944</run_address>
         <size>0x44</size>
         <input_file_ref idref="fl-26"/>
      </object_component>
      <object_component id="oc-4ba">
         <name>.text:_SlDrvFlowContInit</name>
         <load_address>0x4988</load_address>
         <run_address>0x4988</run_address>
         <size>0x44</size>
         <input_file_ref idref="fl-26"/>
      </object_component>
      <object_component id="oc-175">
         <name>.text:__TI_auto_init_nobinit_nopinit:__TI_auto_init_nobinit_nopinit</name>
         <load_address>0x49cc</load_address>
         <run_address>0x49cc</run_address>
         <size>0x44</size>
         <input_file_ref idref="fl-100"/>
      </object_component>
      <object_component id="oc-5e9">
         <name>.text:_SlDrvShiftDWord</name>
         <load_address>0x4a10</load_address>
         <run_address>0x4a10</run_address>
         <size>0x42</size>
         <input_file_ref idref="fl-25"/>
      </object_component>
      <object_component id="oc-402">
         <name>.text:sl_Htonl</name>
         <load_address>0x4a52</load_address>
         <run_address>0x4a52</run_address>
         <size>0x42</size>
         <input_file_ref idref="fl-2b"/>
      </object_component>
      <object_component id="oc-60b">
         <name>.text:SimpleLinkNetAppEventHandler</name>
         <load_address>0x4a94</load_address>
         <run_address>0x4a94</run_address>
         <size>0x40</size>
         <input_file_ref idref="fl-23"/>
      </object_component>
      <object_component id="oc-617">
         <name>.text:CopyPingResultsToReport</name>
         <load_address>0x4ad4</load_address>
         <run_address>0x4ad4</run_address>
         <size>0x3c</size>
         <input_file_ref idref="fl-28"/>
      </object_component>
      <object_component id="oc-3fc">
         <name>.text:sl_Htons</name>
         <load_address>0x4b10</load_address>
         <run_address>0x4b10</run_address>
         <size>0x3c</size>
         <input_file_ref idref="fl-2b"/>
      </object_component>
      <object_component id="oc-d7">
         <name>.text:ADC14_getEnabledInterruptStatus</name>
         <load_address>0x4b4c</load_address>
         <run_address>0x4b4c</run_address>
         <size>0x38</size>
         <input_file_ref idref="fl-4"/>
      </object_component>
      <object_component id="oc-52">
         <name>.text:_c_int00_noargs:_c_int00_noargs</name>
         <load_address>0x4b84</load_address>
         <run_address>0x4b84</run_address>
         <size>0x38</size>
         <input_file_ref idref="fl-fa"/>
      </object_component>
      <object_component id="oc-334">
         <name>.text:sl_NetAppMDNSUnRegisterService</name>
         <load_address>0x4bbc</load_address>
         <run_address>0x4bbc</run_address>
         <size>0x36</size>
         <input_file_ref idref="fl-28"/>
      </object_component>
      <object_component id="oc-1a8">
         <name>.text:strncpy</name>
         <load_address>0x4bf2</load_address>
         <run_address>0x4bf2</run_address>
         <size>0x36</size>
         <input_file_ref idref="fl-ff"/>
      </object_component>
      <object_component id="oc-295">
         <name>.text:ADC14_enableSampleTimer</name>
         <load_address>0x4c28</load_address>
         <run_address>0x4c28</run_address>
         <size>0x34</size>
         <input_file_ref idref="fl-4"/>
      </object_component>
      <object_component id="oc-dd">
         <name>.text:ADC14_clearInterruptFlag</name>
         <load_address>0x4c5c</load_address>
         <run_address>0x4c5c</run_address>
         <size>0x30</size>
         <input_file_ref idref="fl-4"/>
      </object_component>
      <object_component id="oc-28f">
         <name>.text:ADC14_enableInterrupt</name>
         <load_address>0x4c8c</load_address>
         <run_address>0x4c8c</run_address>
         <size>0x30</size>
         <input_file_ref idref="fl-4"/>
      </object_component>
      <object_component id="oc-4f6">
         <name>.text:CC3100_InterruptDisable</name>
         <load_address>0x4cbc</load_address>
         <run_address>0x4cbc</run_address>
         <size>0x30</size>
         <input_file_ref idref="fl-22"/>
      </object_component>
      <object_component id="oc-82">
         <name>.text:PORT2_IRQHandler</name>
         <load_address>0x4cec</load_address>
         <run_address>0x4cec</run_address>
         <size>0x30</size>
         <input_file_ref idref="fl-22"/>
      </object_component>
      <object_component id="oc-322">
         <name>.text:sl_WlanProfileDel</name>
         <load_address>0x4d1c</load_address>
         <run_address>0x4d1c</run_address>
         <size>0x30</size>
         <input_file_ref idref="fl-2e"/>
      </object_component>
      <object_component id="oc-310">
         <name>.text:sl_WlanSetMode</name>
         <load_address>0x4d4c</load_address>
         <run_address>0x4d4c</run_address>
         <size>0x30</size>
         <input_file_ref idref="fl-2e"/>
      </object_component>
      <object_component id="oc-1b9">
         <name>.text:ADC14_getInterruptStatus</name>
         <load_address>0x4d7c</load_address>
         <run_address>0x4d7c</run_address>
         <size>0x2c</size>
         <input_file_ref idref="fl-4"/>
      </object_component>
      <object_component id="oc-15a">
         <name>.text:ADC14_enableConversion</name>
         <load_address>0x4da8</load_address>
         <run_address>0x4da8</run_address>
         <size>0x28</size>
         <input_file_ref idref="fl-4"/>
      </object_component>
      <object_component id="oc-220">
         <name>.text:Delay</name>
         <load_address>0x4dd0</load_address>
         <run_address>0x4dd0</run_address>
         <size>0x28</size>
         <input_file_ref idref="fl-22"/>
      </object_component>
      <object_component id="oc-70">
         <name>.text:EUSCIA0_IRQHandler</name>
         <load_address>0x4df8</load_address>
         <run_address>0x4df8</run_address>
         <size>0x24</size>
         <input_file_ref idref="fl-20"/>
      </object_component>
      <object_component id="oc-154">
         <name>.text:SendData</name>
         <load_address>0x4e1c</load_address>
         <run_address>0x4e1c</run_address>
         <size>0x24</size>
         <input_file_ref idref="fl-23"/>
      </object_component>
      <object_component id="oc-11e">
         <name>.text:WDT_A_clearTimer</name>
         <load_address>0x4e40</load_address>
         <run_address>0x4e40</run_address>
         <size>0x24</size>
         <input_file_ref idref="fl-21"/>
      </object_component>
      <object_component id="oc-124">
         <name>.text:WDT_A_holdTimer</name>
         <load_address>0x4e64</load_address>
         <run_address>0x4e64</run_address>
         <size>0x24</size>
         <input_file_ref idref="fl-21"/>
      </object_component>
      <object_component id="oc-503">
         <name>.text:_SlDrvObjDeInit</name>
         <load_address>0x4e88</load_address>
         <run_address>0x4e88</run_address>
         <size>0x24</size>
         <input_file_ref idref="fl-25"/>
      </object_component>
      <object_component id="oc-259">
         <name>.text:ADC14_setResolution</name>
         <load_address>0x4eac</load_address>
         <run_address>0x4eac</run_address>
         <size>0x20</size>
         <input_file_ref idref="fl-4"/>
      </object_component>
      <object_component id="oc-211">
         <name>.text:CS_setExternalClockSourceFrequency</name>
         <load_address>0x4ecc</load_address>
         <run_address>0x4ecc</run_address>
         <size>0x20</size>
         <input_file_ref idref="fl-9"/>
      </object_component>
      <object_component id="oc-e3">
         <name>.text:ADC14_getResult</name>
         <load_address>0x4eec</load_address>
         <run_address>0x4eec</run_address>
         <size>0x1c</size>
         <input_file_ref idref="fl-4"/>
      </object_component>
      <object_component id="oc-130">
         <name>.text:FPU_enableModule</name>
         <load_address>0x4f08</load_address>
         <run_address>0x4f08</run_address>
         <size>0x18</size>
         <input_file_ref idref="fl-d"/>
      </object_component>
      <object_component id="oc-46c">
         <name>.text:SysCtl_disableNMISource</name>
         <load_address>0x4f20</load_address>
         <run_address>0x4f20</run_address>
         <size>0x18</size>
         <input_file_ref idref="fl-1a"/>
      </object_component>
      <object_component id="oc-478">
         <name>.text:SysCtl_enableNMISource</name>
         <load_address>0x4f38</load_address>
         <run_address>0x4f38</run_address>
         <size>0x18</size>
         <input_file_ref idref="fl-1a"/>
      </object_component>
      <object_component id="oc-35e">
         <name>.text:_SlNonOsSemSet</name>
         <load_address>0x4f50</load_address>
         <run_address>0x4f50</run_address>
         <size>0x18</size>
         <input_file_ref idref="fl-2a"/>
      </object_component>
      <object_component id="oc-36a">
         <name>.text:registerInterruptHandler</name>
         <load_address>0x4f68</load_address>
         <run_address>0x4f68</run_address>
         <size>0x18</size>
         <input_file_ref idref="fl-22"/>
      </object_component>
      <object_component id="oc-2a1">
         <name>.text:Timer_A_startCounter</name>
         <load_address>0x4f80</load_address>
         <run_address>0x4f80</run_address>
         <size>0x16</size>
         <input_file_ref idref="fl-1e"/>
      </object_component>
      <object_component id="oc-457">
         <name>.text:PCM_getPowerState</name>
         <load_address>0x4f98</load_address>
         <run_address>0x4f98</run_address>
         <size>0x14</size>
         <input_file_ref idref="fl-13"/>
      </object_component>
      <object_component id="oc-3c1">
         <name>.text:strlen</name>
         <load_address>0x4fac</load_address>
         <run_address>0x4fac</run_address>
         <size>0x14</size>
         <input_file_ref idref="fl-fe"/>
      </object_component>
      <object_component id="oc-217">
         <name>.text:CS_startHFXT</name>
         <load_address>0x4fc0</load_address>
         <run_address>0x4fc0</run_address>
         <size>0x12</size>
         <input_file_ref idref="fl-9"/>
      </object_component>
      <object_component id="oc-40">
         <name>.text:decompress:ZI:__TI_zero_init_nomemset:__TI_zero_init_nomemset</name>
         <load_address>0x4fd2</load_address>
         <run_address>0x4fd2</run_address>
         <size>0x12</size>
         <input_file_ref idref="fl-f7"/>
      </object_component>
      <object_component id="oc-ef">
         <name>.text:ADC14_disableConversion</name>
         <load_address>0x4fe4</load_address>
         <run_address>0x4fe4</run_address>
         <size>0x10</size>
         <input_file_ref idref="fl-4"/>
      </object_component>
      <object_component id="oc-2b6">
         <name>.text:ADCIsConversionRunning</name>
         <load_address>0x4ff4</load_address>
         <run_address>0x4ff4</run_address>
         <size>0x10</size>
         <input_file_ref idref="fl-4"/>
      </object_component>
      <object_component id="oc-364">
         <name>.text:CC3100_disable</name>
         <load_address>0x5004</load_address>
         <run_address>0x5004</run_address>
         <size>0x10</size>
         <input_file_ref idref="fl-22"/>
      </object_component>
      <object_component id="oc-370">
         <name>.text:CC3100_enable</name>
         <load_address>0x5014</load_address>
         <run_address>0x5014</run_address>
         <size>0x10</size>
         <input_file_ref idref="fl-22"/>
      </object_component>
      <object_component id="oc-136">
         <name>.text:FPU_enableLazyStacking</name>
         <load_address>0x5024</load_address>
         <run_address>0x5024</run_address>
         <size>0x10</size>
         <input_file_ref idref="fl-d"/>
      </object_component>
      <object_component id="oc-29b">
         <name>.text:Interrupt_enableMaster</name>
         <load_address>0x5034</load_address>
         <run_address>0x5034</run_address>
         <size>0x10</size>
         <input_file_ref idref="fl-10"/>
      </object_component>
      <object_component id="oc-20b">
         <name>.text:PCM_setCoreVoltageLevel</name>
         <load_address>0x5044</load_address>
         <run_address>0x5044</run_address>
         <size>0x10</size>
         <input_file_ref idref="fl-13"/>
      </object_component>
      <object_component id="oc-45d">
         <name>.text:PCM_setPowerMode</name>
         <load_address>0x5054</load_address>
         <run_address>0x5054</run_address>
         <size>0x10</size>
         <input_file_ref idref="fl-13"/>
      </object_component>
      <object_component id="oc-5ff">
         <name>.text:SimpleLinkSockEventHandler</name>
         <load_address>0x5064</load_address>
         <run_address>0x5064</run_address>
         <size>0x10</size>
         <input_file_ref idref="fl-23"/>
      </object_component>
      <object_component id="oc-466">
         <name>.text:SysCtl_getNMISourceStatus</name>
         <load_address>0x5074</load_address>
         <run_address>0x5074</run_address>
         <size>0x10</size>
         <input_file_ref idref="fl-1a"/>
      </object_component>
      <object_component id="oc-1a">
         <name>.text:decompress:none:__TI_decompress_none</name>
         <load_address>0x5084</load_address>
         <run_address>0x5084</run_address>
         <size>0xe</size>
         <input_file_ref idref="fl-f8"/>
      </object_component>
      <object_component id="oc-25f">
         <name>.text:ADC14_enableModule</name>
         <load_address>0x5094</load_address>
         <run_address>0x5094</run_address>
         <size>0xc</size>
         <input_file_ref idref="fl-4"/>
      </object_component>
      <object_component id="oc-3ef">
         <name>.text:CPU_cpsie</name>
         <load_address>0x50a0</load_address>
         <run_address>0x50a0</run_address>
         <size>0xc</size>
         <input_file_ref idref="fl-7"/>
      </object_component>
      <object_component id="oc-64">
         <name>.text:Reset_Handler</name>
         <load_address>0x50ac</load_address>
         <run_address>0x50ac</run_address>
         <size>0xc</size>
         <input_file_ref idref="fl-2f"/>
      </object_component>
      <object_component id="oc-642">
         <name>.text:SimpleLinkHttpServerCallback</name>
         <load_address>0x50b8</load_address>
         <run_address>0x50b8</run_address>
         <size>0xc</size>
         <input_file_ref idref="fl-23"/>
      </object_component>
      <object_component id="oc-148">
         <name>.text:getLocalIP</name>
         <load_address>0x50c4</load_address>
         <run_address>0x50c4</run_address>
         <size>0xc</size>
         <input_file_ref idref="fl-23"/>
      </object_component>
      <object_component id="oc-328">
         <name>.text:sl_WlanDisconnect</name>
         <load_address>0x50d0</load_address>
         <run_address>0x50d0</run_address>
         <size>0xc</size>
         <input_file_ref idref="fl-2e"/>
      </object_component>
      <object_component id="oc-3ac">
         <name>.text:spi_Close</name>
         <load_address>0x50dc</load_address>
         <run_address>0x50dc</run_address>
         <size>0xc</size>
         <input_file_ref idref="fl-2d"/>
      </object_component>
      <object_component id="oc-62d">
         <name>.text:SimpleLinkGeneralEventHandler</name>
         <load_address>0x50e8</load_address>
         <run_address>0x50e8</run_address>
         <size>0xa</size>
         <input_file_ref idref="fl-23"/>
      </object_component>
      <object_component id="oc-a8">
         <name>.text:_system_pre_init</name>
         <load_address>0x50f2</load_address>
         <run_address>0x50f2</run_address>
         <size>0x4</size>
         <input_file_ref idref="fl-101"/>
      </object_component>
      <object_component id="oc-169">
         <name>.text:abort:abort</name>
         <load_address>0x50f6</load_address>
         <run_address>0x50f6</run_address>
         <size>0x4</size>
         <input_file_ref idref="fl-fb"/>
      </object_component>
      <object_component id="oc-50e">
         <name>.const:$P$T0$1</name>
         <load_address>0x50fc</load_address>
         <run_address>0x50fc</run_address>
         <size>0xb0</size>
         <input_file_ref idref="fl-2e"/>
      </object_component>
      <object_component id="oc-1cc">
         <name>.const:_ctlRegs</name>
         <load_address>0x51ac</load_address>
         <run_address>0x51ac</run_address>
         <size>0x80</size>
         <input_file_ref idref="fl-4"/>
      </object_component>
      <object_component id="oc-613">
         <name>.const:_SlActionLookupTable</name>
         <load_address>0x522c</load_address>
         <run_address>0x522c</run_address>
         <size>0x38</size>
         <input_file_ref idref="fl-25"/>
      </object_component>
      <object_component id="oc-3dd">
         <name>.const:GPIO_PORT_TO_BASE</name>
         <load_address>0x5264</load_address>
         <run_address>0x5264</run_address>
         <size>0x30</size>
         <input_file_ref idref="fl-e"/>
      </object_component>
      <object_component id="oc-340">
         <name>.const:$P$T0$1</name>
         <load_address>0x5294</load_address>
         <run_address>0x5294</run_address>
         <size>0x2c</size>
         <input_file_ref idref="fl-23"/>
      </object_component>
      <object_component id="oc-2a7">
         <name>.const:upModeConfig</name>
         <load_address>0x52c0</load_address>
         <run_address>0x52c0</run_address>
         <size>0x18</size>
         <input_file_ref idref="fl-b"/>
      </object_component>
      <object_component id="oc-343">
         <name>.const:$P$T1$2</name>
         <load_address>0x52d8</load_address>
         <run_address>0x52d8</run_address>
         <size>0x14</size>
         <input_file_ref idref="fl-23"/>
      </object_component>
      <object_component id="oc-2aa">
         <name>.const:compareConfig</name>
         <load_address>0x52ec</load_address>
         <run_address>0x52ec</run_address>
         <size>0x10</size>
         <input_file_ref idref="fl-b"/>
      </object_component>
      <object_component id="oc-3cd">
         <name>.const:$P$T2$3</name>
         <load_address>0x52fc</load_address>
         <run_address>0x52fc</run_address>
         <size>0xc</size>
         <input_file_ref idref="fl-23"/>
      </object_component>
      <object_component id="oc-5ef">
         <name>.const:g_H2NCnysPattern</name>
         <load_address>0x5308</load_address>
         <run_address>0x5308</run_address>
         <size>0x8</size>
         <input_file_ref idref="fl-25"/>
      </object_component>
      <object_component id="oc-5a8">
         <name>.const:g_H2NSyncPattern</name>
         <load_address>0x5310</load_address>
         <run_address>0x5310</run_address>
         <size>0x8</size>
         <input_file_ref idref="fl-25"/>
      </object_component>
      <object_component id="oc-1d0">
         <name>.const:g_pulDisRegs</name>
         <load_address>0x5318</load_address>
         <run_address>0x5318</run_address>
         <size>0x8</size>
         <input_file_ref idref="fl-10"/>
      </object_component>
      <object_component id="oc-2bd">
         <name>.const:g_pulEnRegs</name>
         <load_address>0x5320</load_address>
         <run_address>0x5320</run_address>
         <size>0x8</size>
         <input_file_ref idref="fl-10"/>
      </object_component>
      <object_component id="oc-575">
         <name>.const:$P$T0$1</name>
         <load_address>0x5328</load_address>
         <run_address>0x5328</run_address>
         <size>0x4</size>
         <input_file_ref idref="fl-25"/>
      </object_component>
      <object_component id="oc-543">
         <name>.const:$P$T1$2</name>
         <load_address>0x532c</load_address>
         <run_address>0x532c</run_address>
         <size>0x4</size>
         <input_file_ref idref="fl-2b"/>
      </object_component>
      <object_component id="oc-511">
         <name>.const:$P$T1$2</name>
         <load_address>0x5330</load_address>
         <run_address>0x5330</run_address>
         <size>0x4</size>
         <input_file_ref idref="fl-2e"/>
      </object_component>
      <object_component id="oc-48d">
         <name>.const:_SlDeviceGetCmdCtrl</name>
         <load_address>0x5334</load_address>
         <run_address>0x5334</run_address>
         <size>0x4</size>
         <input_file_ref idref="fl-24"/>
      </object_component>
      <object_component id="oc-671">
         <name>.const:_SlNetAppSendTokenValueCmdCtrl</name>
         <load_address>0x5338</load_address>
         <run_address>0x5338</run_address>
         <size>0x4</size>
         <input_file_ref idref="fl-28"/>
      </object_component>
      <object_component id="oc-39d">
         <name>.const:_SlNetCfgSetCmdCtrl</name>
         <load_address>0x533c</load_address>
         <run_address>0x533c</run_address>
         <size>0x4</size>
         <input_file_ref idref="fl-29"/>
      </object_component>
      <object_component id="oc-491">
         <name>.const:_SlPolicySetCmdCtrl</name>
         <load_address>0x5340</load_address>
         <run_address>0x5340</run_address>
         <size>0x4</size>
         <input_file_ref idref="fl-2e"/>
      </object_component>
      <object_component id="oc-495">
         <name>.const:_SlProfileDelCmdCtrl</name>
         <load_address>0x5344</load_address>
         <run_address>0x5344</run_address>
         <size>0x4</size>
         <input_file_ref idref="fl-2e"/>
      </object_component>
      <object_component id="oc-580">
         <name>.const:_SlRegisterServiceCtrl</name>
         <load_address>0x5348</load_address>
         <run_address>0x5348</run_address>
         <size>0x4</size>
         <input_file_ref idref="fl-28"/>
      </object_component>
      <object_component id="oc-4ac">
         <name>.const:_SlRxFilterSetCmdCtrl</name>
         <load_address>0x534c</load_address>
         <run_address>0x534c</run_address>
         <size>0x4</size>
         <input_file_ref idref="fl-2e"/>
      </object_component>
      <object_component id="oc-528">
         <name>.const:_SlSockSocketCmdCtrl</name>
         <load_address>0x5350</load_address>
         <run_address>0x5350</run_address>
         <size>0x4</size>
         <input_file_ref idref="fl-2b"/>
      </object_component>
      <object_component id="oc-3b8">
         <name>.const:_SlStopCmdCtrl</name>
         <load_address>0x5354</load_address>
         <run_address>0x5354</run_address>
         <size>0x4</size>
         <input_file_ref idref="fl-24"/>
      </object_component>
      <object_component id="oc-4a0">
         <name>.const:_SlWlanCfgSetCmdCtrl</name>
         <load_address>0x5358</load_address>
         <run_address>0x5358</run_address>
         <size>0x4</size>
         <input_file_ref idref="fl-2e"/>
      </object_component>
      <object_component id="oc-483">
         <name>.const:_SlWlanSetModeCmdCtrl</name>
         <load_address>0x535c</load_address>
         <run_address>0x535c</run_address>
         <size>0x4</size>
         <input_file_ref idref="fl-2e"/>
      </object_component>
      <object_component id="oc-6aa">
         <name>.cinit..data.load</name>
         <load_address>0x5360</load_address>
         <run_address>0x5360</run_address>
         <size>0xf</size>
      </object_component>
      <object_component id="oc-6a8">
         <name>__TI_handler_table</name>
         <load_address>0x5370</load_address>
         <run_address>0x5370</run_address>
         <size>0xc</size>
      </object_component>
      <object_component id="oc-6ab">
         <name>.cinit..bss.load</name>
         <load_address>0x5380</load_address>
         <run_address>0x5380</run_address>
         <size>0x8</size>
      </object_component>
      <object_component id="oc-6a9">
         <name>__TI_cinit_table</name>
         <load_address>0x5388</load_address>
         <run_address>0x5388</run_address>
         <size>0x10</size>
      </object_component>
      <object_component id="oc-67d">
         <name>.binit</name>
         <load_address>0x0</load_address>
         <run_address>0x0</run_address>
         <size>0x0</size>
      </object_component>
      <object_component id="oc-ce">
         <name>.data:test</name>
         <load_address>0x20000000</load_address>
         <run_address>0x20000000</run_address>
         <size>0x21f</size>
         <input_file_ref idref="fl-20"/>
      </object_component>
      <object_component id="oc-1ae">
         <name>.data</name>
         <load_address>0x20000350</load_address>
         <run_address>0x20000350</run_address>
         <size>0x8</size>
         <input_file_ref idref="fl-20"/>
      </object_component>
      <object_component id="oc-1af">
         <name>.data:pieceOfString$2</name>
         <load_address>0x2000021f</load_address>
         <run_address>0x2000021f</run_address>
         <size>0x10f</size>
         <input_file_ref idref="fl-20"/>
      </object_component>
      <object_component id="oc-103">
         <name>.data</name>
         <load_address>0x20000358</load_address>
         <run_address>0x20000358</run_address>
         <size>0x4</size>
         <input_file_ref idref="fl-22"/>
      </object_component>
      <object_component id="oc-24c">
         <name>.data</name>
         <load_address>0x20000330</load_address>
         <run_address>0x20000330</run_address>
         <size>0x14</size>
         <input_file_ref idref="fl-23"/>
      </object_component>
      <object_component id="oc-382">
         <name>.data</name>
         <load_address>0x20000344</load_address>
         <run_address>0x20000344</run_address>
         <size>0x9</size>
         <input_file_ref idref="fl-25"/>
      </object_component>
      <object_component id="oc-2fb">
         <name>.bss</name>
         <uninitialized>true</uninitialized>
         <run_address>0x20000500</run_address>
         <size>0x8</size>
         <input_file_ref idref="fl-9"/>
      </object_component>
      <object_component id="oc-f5">
         <name>.bss</name>
         <uninitialized>true</uninitialized>
         <run_address>0x200004e8</run_address>
         <size>0xc</size>
         <input_file_ref idref="fl-11"/>
      </object_component>
      <object_component id="oc-255">
         <name>.bss</name>
         <uninitialized>true</uninitialized>
         <run_address>0x20000508</run_address>
         <size>0x4</size>
         <input_file_ref idref="fl-23"/>
      </object_component>
      <object_component id="oc-f8">
         <name>.common:transmit</name>
         <uninitialized>true</uninitialized>
         <run_address>0x20000510</run_address>
         <size>0x1</size>
      </object_component>
      <object_component id="oc-166">
         <name>.common:ctrl_info</name>
         <uninitialized>true</uninitialized>
         <run_address>0x200004fe</run_address>
         <size>0x2</size>
      </object_component>
      <object_component id="oc-fb">
         <name>.common:alarm_info</name>
         <uninitialized>true</uninitialized>
         <run_address>0x200004f4</run_address>
         <size>0xa</size>
      </object_component>
      <object_component id="oc-167">
         <name>.common:FIREALARM_IP</name>
         <uninitialized>true</uninitialized>
         <run_address>0x2000050c</run_address>
         <size>0x4</size>
      </object_component>
      <object_component id="oc-4c0">
         <name>.common:g_StatMem</name>
         <uninitialized>true</uninitialized>
         <run_address>0x2000035c</run_address>
         <size>0x164</size>
      </object_component>
      <object_component id="oc-47f">
         <name>.common:g__SlNonOsCB</name>
         <uninitialized>true</uninitialized>
         <run_address>0x200004c0</run_address>
         <size>0x28</size>
      </object_component>
      <object_component id="oc-26">
         <name>.stack</name>
         <uninitialized>true</uninitialized>
         <run_address>0x2000fe00</run_address>
         <size>0x4</size>
         <input_file_ref idref="fl-fa"/>
      </object_component>
      <object_component id="oc-6ac">
         <name>.stack</name>
         <uninitialized>true</uninitialized>
         <run_address>0x2000fe00</run_address>
         <size>0x0</size>
      </object_component>
      <object_component id="oc-208">
         <name>.debug_info</name>
         <load_address>0x0</load_address>
         <run_address>0x0</run_address>
         <size>0x61c</size>
         <input_file_ref idref="fl-2"/>
      </object_component>
      <object_component id="oc-12b">
         <name>.debug_info</name>
         <load_address>0x61c</load_address>
         <run_address>0x61c</run_address>
         <size>0x198</size>
         <input_file_ref idref="fl-2"/>
      </object_component>
      <object_component id="oc-1d9">
         <name>.debug_info</name>
         <load_address>0x7b4</load_address>
         <run_address>0x7b4</run_address>
         <size>0x37e2</size>
         <input_file_ref idref="fl-2"/>
      </object_component>
      <object_component id="oc-109">
         <name>.debug_info</name>
         <load_address>0x3f96</load_address>
         <run_address>0x3f96</run_address>
         <size>0x26b</size>
         <input_file_ref idref="fl-2"/>
      </object_component>
      <object_component id="oc-1e3">
         <name>.debug_info</name>
         <load_address>0x4201</load_address>
         <run_address>0x4201</run_address>
         <size>0x1055</size>
         <input_file_ref idref="fl-2"/>
      </object_component>
      <object_component id="oc-51d">
         <name>.debug_info</name>
         <load_address>0x5256</load_address>
         <run_address>0x5256</run_address>
         <size>0x341</size>
         <input_file_ref idref="fl-2"/>
      </object_component>
      <object_component id="oc-d2">
         <name>.debug_info</name>
         <load_address>0x5597</load_address>
         <run_address>0x5597</run_address>
         <size>0x8b</size>
         <input_file_ref idref="fl-2"/>
      </object_component>
      <object_component id="oc-1fc">
         <name>.debug_info</name>
         <load_address>0x5622</load_address>
         <run_address>0x5622</run_address>
         <size>0x297</size>
         <input_file_ref idref="fl-2"/>
      </object_component>
      <object_component id="oc-1c0">
         <name>.debug_info</name>
         <load_address>0x58b9</load_address>
         <run_address>0x58b9</run_address>
         <size>0xef</size>
         <input_file_ref idref="fl-2"/>
      </object_component>
      <object_component id="oc-fd">
         <name>.debug_info</name>
         <load_address>0x59a8</load_address>
         <run_address>0x59a8</run_address>
         <size>0xbb</size>
         <input_file_ref idref="fl-2"/>
      </object_component>
      <object_component id="oc-2ee">
         <name>.debug_info</name>
         <load_address>0x5a63</load_address>
         <run_address>0x5a63</run_address>
         <size>0x672</size>
         <input_file_ref idref="fl-4"/>
      </object_component>
      <object_component id="oc-1cd">
         <name>.debug_info</name>
         <load_address>0x60d5</load_address>
         <run_address>0x60d5</run_address>
         <size>0xc8</size>
         <input_file_ref idref="fl-4"/>
      </object_component>
      <object_component id="oc-1c7">
         <name>.debug_info</name>
         <load_address>0x619d</load_address>
         <run_address>0x619d</run_address>
         <size>0x135</size>
         <input_file_ref idref="fl-4"/>
      </object_component>
      <object_component id="oc-2b7">
         <name>.debug_info</name>
         <load_address>0x62d2</load_address>
         <run_address>0x62d2</run_address>
         <size>0x114</size>
         <input_file_ref idref="fl-4"/>
      </object_component>
      <object_component id="oc-260">
         <name>.debug_info</name>
         <load_address>0x63e6</load_address>
         <run_address>0x63e6</run_address>
         <size>0x109</size>
         <input_file_ref idref="fl-4"/>
      </object_component>
      <object_component id="oc-296">
         <name>.debug_info</name>
         <load_address>0x64ef</load_address>
         <run_address>0x64ef</run_address>
         <size>0x18f</size>
         <input_file_ref idref="fl-4"/>
      </object_component>
      <object_component id="oc-266">
         <name>.debug_info</name>
         <load_address>0x667e</load_address>
         <run_address>0x667e</run_address>
         <size>0x256</size>
         <input_file_ref idref="fl-4"/>
      </object_component>
      <object_component id="oc-25a">
         <name>.debug_info</name>
         <load_address>0x68d4</load_address>
         <run_address>0x68d4</run_address>
         <size>0x146</size>
         <input_file_ref idref="fl-4"/>
      </object_component>
      <object_component id="oc-28a">
         <name>.debug_info</name>
         <load_address>0x6a1a</load_address>
         <run_address>0x6a1a</run_address>
         <size>0x1a9</size>
         <input_file_ref idref="fl-4"/>
      </object_component>
      <object_component id="oc-272">
         <name>.debug_info</name>
         <load_address>0x6bc3</load_address>
         <run_address>0x6bc3</run_address>
         <size>0x1f7</size>
         <input_file_ref idref="fl-4"/>
      </object_component>
      <object_component id="oc-15b">
         <name>.debug_info</name>
         <load_address>0x6dba</load_address>
         <run_address>0x6dba</run_address>
         <size>0x135</size>
         <input_file_ref idref="fl-4"/>
      </object_component>
      <object_component id="oc-f0">
         <name>.debug_info</name>
         <load_address>0x6eef</load_address>
         <run_address>0x6eef</run_address>
         <size>0x116</size>
         <input_file_ref idref="fl-4"/>
      </object_component>
      <object_component id="oc-278">
         <name>.debug_info</name>
         <load_address>0x7005</load_address>
         <run_address>0x7005</run_address>
         <size>0x2b7</size>
         <input_file_ref idref="fl-4"/>
      </object_component>
      <object_component id="oc-e4">
         <name>.debug_info</name>
         <load_address>0x72bc</load_address>
         <run_address>0x72bc</run_address>
         <size>0x16b</size>
         <input_file_ref idref="fl-4"/>
      </object_component>
      <object_component id="oc-290">
         <name>.debug_info</name>
         <load_address>0x7427</load_address>
         <run_address>0x7427</run_address>
         <size>0x147</size>
         <input_file_ref idref="fl-4"/>
      </object_component>
      <object_component id="oc-1ba">
         <name>.debug_info</name>
         <load_address>0x756e</load_address>
         <run_address>0x756e</run_address>
         <size>0x132</size>
         <input_file_ref idref="fl-4"/>
      </object_component>
      <object_component id="oc-d8">
         <name>.debug_info</name>
         <load_address>0x76a0</load_address>
         <run_address>0x76a0</run_address>
         <size>0x15b</size>
         <input_file_ref idref="fl-4"/>
      </object_component>
      <object_component id="oc-de">
         <name>.debug_info</name>
         <load_address>0x77fb</load_address>
         <run_address>0x77fb</run_address>
         <size>0x14d</size>
         <input_file_ref idref="fl-4"/>
      </object_component>
      <object_component id="oc-3f1">
         <name>.debug_info</name>
         <load_address>0x7948</load_address>
         <run_address>0x7948</run_address>
         <size>0xf6</size>
         <input_file_ref idref="fl-7"/>
      </object_component>
      <object_component id="oc-2f">
         <name>.debug_info</name>
         <load_address>0x7a3e</load_address>
         <run_address>0x7a3e</run_address>
         <size>0x84</size>
         <input_file_ref idref="fl-7"/>
      </object_component>
      <object_component id="oc-2fc">
         <name>.debug_info</name>
         <load_address>0x7ac2</load_address>
         <run_address>0x7ac2</run_address>
         <size>0xe5</size>
         <input_file_ref idref="fl-9"/>
      </object_component>
      <object_component id="oc-473">
         <name>.debug_info</name>
         <load_address>0x7ba7</load_address>
         <run_address>0x7ba7</run_address>
         <size>0x105</size>
         <input_file_ref idref="fl-9"/>
      </object_component>
      <object_component id="oc-212">
         <name>.debug_info</name>
         <load_address>0x7cac</load_address>
         <run_address>0x7cac</run_address>
         <size>0x1ee</size>
         <input_file_ref idref="fl-9"/>
      </object_component>
      <object_component id="oc-218">
         <name>.debug_info</name>
         <load_address>0x7e9a</load_address>
         <run_address>0x7e9a</run_address>
         <size>0x154</size>
         <input_file_ref idref="fl-9"/>
      </object_component>
      <object_component id="oc-300">
         <name>.debug_info</name>
         <load_address>0x7fee</load_address>
         <run_address>0x7fee</run_address>
         <size>0x250</size>
         <input_file_ref idref="fl-9"/>
      </object_component>
      <object_component id="oc-3f9">
         <name>.debug_info</name>
         <load_address>0x823e</load_address>
         <run_address>0x823e</run_address>
         <size>0x9bf</size>
         <input_file_ref idref="fl-b"/>
      </object_component>
      <object_component id="oc-2a8">
         <name>.debug_info</name>
         <load_address>0x8bfd</load_address>
         <run_address>0x8bfd</run_address>
         <size>0xd5</size>
         <input_file_ref idref="fl-b"/>
      </object_component>
      <object_component id="oc-2ab">
         <name>.debug_info</name>
         <load_address>0x8cd2</load_address>
         <run_address>0x8cd2</run_address>
         <size>0xd7</size>
         <input_file_ref idref="fl-b"/>
      </object_component>
      <object_component id="oc-14f">
         <name>.debug_info</name>
         <load_address>0x8da9</load_address>
         <run_address>0x8da9</run_address>
         <size>0x2e4</size>
         <input_file_ref idref="fl-b"/>
      </object_component>
      <object_component id="oc-115">
         <name>.debug_info</name>
         <load_address>0x908d</load_address>
         <run_address>0x908d</run_address>
         <size>0x2c</size>
         <input_file_ref idref="fl-b"/>
      </object_component>
      <object_component id="oc-131">
         <name>.debug_info</name>
         <load_address>0x90b9</load_address>
         <run_address>0x90b9</run_address>
         <size>0xff</size>
         <input_file_ref idref="fl-d"/>
      </object_component>
      <object_component id="oc-137">
         <name>.debug_info</name>
         <load_address>0x91b8</load_address>
         <run_address>0x91b8</run_address>
         <size>0x10b</size>
         <input_file_ref idref="fl-d"/>
      </object_component>
      <object_component id="oc-519">
         <name>.debug_info</name>
         <load_address>0x92c3</load_address>
         <run_address>0x92c3</run_address>
         <size>0x66d</size>
         <input_file_ref idref="fl-e"/>
      </object_component>
      <object_component id="oc-3de">
         <name>.debug_info</name>
         <load_address>0x9930</load_address>
         <run_address>0x9930</run_address>
         <size>0xd9</size>
         <input_file_ref idref="fl-e"/>
      </object_component>
      <object_component id="oc-26c">
         <name>.debug_info</name>
         <load_address>0x9a09</load_address>
         <run_address>0x9a09</run_address>
         <size>0x1ff</size>
         <input_file_ref idref="fl-e"/>
      </object_component>
      <object_component id="oc-2f1">
         <name>.debug_info</name>
         <load_address>0x9c08</load_address>
         <run_address>0x9c08</run_address>
         <size>0x5fb</size>
         <input_file_ref idref="fl-10"/>
      </object_component>
      <object_component id="oc-2be">
         <name>.debug_info</name>
         <load_address>0xa203</load_address>
         <run_address>0xa203</run_address>
         <size>0xd2</size>
         <input_file_ref idref="fl-10"/>
      </object_component>
      <object_component id="oc-1d1">
         <name>.debug_info</name>
         <load_address>0xa2d5</load_address>
         <run_address>0xa2d5</run_address>
         <size>0xd4</size>
         <input_file_ref idref="fl-10"/>
      </object_component>
      <object_component id="oc-29c">
         <name>.debug_info</name>
         <load_address>0xa3a9</load_address>
         <run_address>0xa3a9</run_address>
         <size>0x131</size>
         <input_file_ref idref="fl-10"/>
      </object_component>
      <object_component id="oc-161">
         <name>.debug_info</name>
         <load_address>0xa4da</load_address>
         <run_address>0xa4da</run_address>
         <size>0x175</size>
         <input_file_ref idref="fl-10"/>
      </object_component>
      <object_component id="oc-ea">
         <name>.debug_info</name>
         <load_address>0xa64f</load_address>
         <run_address>0xa64f</run_address>
         <size>0x177</size>
         <input_file_ref idref="fl-10"/>
      </object_component>
      <object_component id="oc-f9">
         <name>.debug_info</name>
         <load_address>0xa7c6</load_address>
         <run_address>0xa7c6</run_address>
         <size>0xb84</size>
         <input_file_ref idref="fl-11"/>
[...]
         <value>0x2635</value>
         <object_component_ref idref="oc-4eb"/>
      </symbol>
      <symbol id="sm-882">
         <name>_SlDrvObjDeInit</name>
         <value>0x4e89</value>
         <object_component_ref idref="oc-503"/>
      </symbol>
      <symbol id="sm-883">
         <name>_SlFindAndSetActiveObj</name>
         <value>0x1a0d</value>
         <object_component_ref idref="oc-5d8"/>
      </symbol>
      <symbol id="sm-884">
         <name>_SlDrvWaitForPoolObj</name>
         <value>0x125d</value>
         <object_component_ref idref="oc-352"/>
      </symbol>
      <symbol id="sm-885">
         <name>g_H2NCnysPattern</name>
         <value>0x5308</value>
         <object_component_ref idref="oc-5ef"/>
      </symbol>
      <symbol id="sm-886">
         <name>_SlDrvMsgWrite</name>
         <value>0x1465</value>
         <object_component_ref idref="oc-4e5"/>
      </symbol>
      <symbol id="sm-887">
         <name>_SlDrvDataWriteOp</name>
         <value>0x1841</value>
         <object_component_ref idref="oc-53d"/>
      </symbol>
      <symbol id="sm-888">
         <name>_SlDrvRxIrqHandler</name>
         <value>0x47d9</value>
         <object_component_ref idref="oc-385"/>
      </symbol>
      <symbol id="sm-889">
         <name>_SlDrvMsgRead</name>
         <value>0xe5</value>
         <object_component_ref idref="oc-595"/>
      </symbol>
      <symbol id="sm-88a">
         <name>g_H2NSyncPattern</name>
         <value>0x5310</value>
         <object_component_ref idref="oc-5a8"/>
      </symbol>
      <symbol id="sm-88b">
         <name>_SlDrvObjInit</name>
         <value>0x3e9d</value>
         <object_component_ref idref="oc-4b4"/>
      </symbol>
      <symbol id="sm-88c">
         <name>_SlDrvCmdSend</name>
         <value>0x48fd</value>
         <object_component_ref idref="oc-66b"/>
      </symbol>
      <symbol id="sm-88d">
         <name>_SlActionLookupTable</name>
         <value>0x522c</value>
         <object_component_ref idref="oc-613"/>
      </symbol>
      <symbol id="sm-8ab">
         <name>_SlDrvFlowContDeinit</name>
         <value>0x4945</value>
         <object_component_ref idref="oc-4fd"/>
      </symbol>
      <symbol id="sm-8ac">
         <name>_SlDrvFlowContInit</name>
         <value>0x4989</value>
         <object_component_ref idref="oc-4ba"/>
      </symbol>
      <symbol id="sm-934">
         <name>sl_NetAppMDNSUnRegisterService</name>
         <value>0x4bbd</value>
         <object_component_ref idref="oc-334"/>
      </symbol>
      <symbol id="sm-935">
         <name>_SlNetAppSendTokenValueCmdCtrl</name>
         <value>0x5338</value>
         <object_component_ref idref="oc-671"/>
      </symbol>
      <symbol id="sm-936">
         <name>_sl_HandleAsync_DnsGetHostByName</name>
         <value>0x2f29</value>
         <object_component_ref idref="oc-636"/>
      </symbol>
      <symbol id="sm-937">
         <name>_SlRegisterServiceCtrl</name>
         <value>0x5348</value>
         <object_component_ref idref="oc-580"/>
      </symbol>
      <symbol id="sm-938">
         <name>_sl_HandleAsync_PingResponse</name>
         <value>0x2ff1</value>
         <object_component_ref idref="oc-5df"/>
      </symbol>
      <symbol id="sm-939">
         <name>_SlDrvNetAppEventHandler</name>
         <value>0x2739</value>
         <object_component_ref idref="oc-605"/>
      </symbol>
      <symbol id="sm-93a">
         <name>_sl_HandleAsync_DnsGetHostByService</name>
         <value>0x2d89</value>
         <object_component_ref idref="oc-63c"/>
      </symbol>
      <symbol id="sm-93b">
         <name>sl_NetAppSendTokenValue</name>
         <value>0x428d</value>
         <object_component_ref idref="oc-648"/>
      </symbol>
      <symbol id="sm-93c">
         <name>CopyPingResultsToReport</name>
         <value>0x4ad5</value>
         <object_component_ref idref="oc-617"/>
      </symbol>
      <symbol id="sm-93d">
         <name>sl_NetAppMDNSRegisterUnregisterService</name>
         <value>0x346d</value>
         <object_component_ref idref="oc-4a4"/>
      </symbol>
      <symbol id="sm-959">
         <name>_SlNetCfgSetCmdCtrl</name>
         <value>0x533c</value>
         <object_component_ref idref="oc-39d"/>
      </symbol>
      <symbol id="sm-95a">
         <name>sl_NetCfgSet</name>
         <value>0x4079</value>
         <object_component_ref idref="oc-23a"/>
      </symbol>
      <symbol id="sm-997">
         <name>g__SlNonOsCB</name>
         <value>0x200004c0</value>
      </symbol>
      <symbol id="sm-998">
         <name>_SlNonOsSemSet</name>
         <value>0x4f51</value>
         <object_component_ref idref="oc-35e"/>
      </symbol>
      <symbol id="sm-999">
         <name>_SlNonOsSpawn</name>
         <value>0x46e5</value>
         <object_component_ref idref="oc-4d6"/>
      </symbol>
      <symbol id="sm-99a">
         <name>_SlNonOsSemGet</name>
         <value>0x441b</value>
         <object_component_ref idref="oc-358"/>
      </symbol>
      <symbol id="sm-99b">
         <name>_SlNonOsMainLoopTask</name>
         <value>0x400d</value>
         <object_component_ref idref="oc-30a"/>
      </symbol>
      <symbol id="sm-a3c">
         <name>sl_SendTo</name>
         <value>0x21e5</value>
         <object_component_ref idref="oc-40e"/>
      </symbol>
      <symbol id="sm-a3d">
         <name>_sl_BuildAddress</name>
         <value>0x4739</value>
         <object_component_ref idref="oc-537"/>
      </symbol>
      <symbol id="sm-a3e">
         <name>_sl_HandleAsync_Connect</name>
         <value>0x3525</value>
         <object_component_ref idref="oc-656"/>
      </symbol>
      <symbol id="sm-a3f">
         <name>sl_Htonl</name>
         <value>0x4a53</value>
         <object_component_ref idref="oc-402"/>
      </symbol>
      <symbol id="sm-a40">
         <name>sl_Htons</name>
         <value>0x4b11</value>
         <object_component_ref idref="oc-3fc"/>
      </symbol>
      <symbol id="sm-a41">
         <name>sl_Socket</name>
         <value>0x4479</value>
         <object_component_ref idref="oc-408"/>
      </symbol>
      <symbol id="sm-a42">
         <name>_sl_HandleAsync_Select</name>
         <value>0x3af1</value>
         <object_component_ref idref="oc-65c"/>
      </symbol>
      <symbol id="sm-a43">
         <name>_SlSockSocketCmdCtrl</name>
         <value>0x5350</value>
         <object_component_ref idref="oc-528"/>
      </symbol>
      <symbol id="sm-a44">
         <name>_sl_TruncatePayloadByProtocol</name>
         <value>0x30b9</value>
         <object_component_ref idref="oc-531"/>
      </symbol>
      <symbol id="sm-a45">
         <name>_sl_HandleAsync_Accept</name>
         <value>0x3a59</value>
         <object_component_ref idref="oc-650"/>
      </symbol>
      <symbol id="sm-a8f">
         <name>spi_Read</name>
         <value>0x3f99</value>
         <object_component_ref idref="oc-5d2"/>
      </symbol>
      <symbol id="sm-a90">
         <name>spi_Close</name>
         <value>0x50dd</value>
         <object_component_ref idref="oc-3ac"/>
      </symbol>
      <symbol id="sm-a91">
         <name>spi_Write</name>
         <value>0x4151</value>
         <object_component_ref idref="oc-5a2"/>
      </symbol>
      <symbol id="sm-a92">
         <name>spi_Open</name>
         <value>0x1f7d</value>
         <object_component_ref idref="oc-13c"/>
      </symbol>
      <symbol id="sm-b2d">
         <name>sl_WlanDisconnect</name>
         <value>0x50d1</value>
         <object_component_ref idref="oc-328"/>
      </symbol>
      <symbol id="sm-b2e">
         <name>_SlPolicySetCmdCtrl</name>
         <value>0x5340</value>
         <object_component_ref idref="oc-491"/>
      </symbol>
      <symbol id="sm-b2f">
         <name>_SlRxFilterSetCmdCtrl</name>
         <value>0x534c</value>
         <object_component_ref idref="oc-4ac"/>
      </symbol>
      <symbol id="sm-b30">
         <name>sl_WlanPolicySet</name>
         <value>0x4359</value>
         <object_component_ref idref="oc-31c"/>
      </symbol>
      <symbol id="sm-b31">
         <name>_SlProfileDelCmdCtrl</name>
         <value>0x5344</value>
         <object_component_ref idref="oc-495"/>
      </symbol>
      <symbol id="sm-b32">
         <name>_SlWlanSetModeCmdCtrl</name>
         <value>0x535c</value>
         <object_component_ref idref="oc-483"/>
      </symbol>
      <symbol id="sm-b33">
         <name>_SlWlanCfgSetCmdCtrl</name>
         <value>0x5358</value>
         <object_component_ref idref="oc-4a0"/>
      </symbol>
      <symbol id="sm-b34">
         <name>sl_WlanProfileDel</name>
         <value>0x4d1d</value>
         <object_component_ref idref="oc-322"/>
      </symbol>
      <symbol id="sm-b35">
         <name>sl_WlanRxFilterSet</name>
         <value>0x4639</value>
         <object_component_ref idref="oc-33a"/>
      </symbol>
      <symbol id="sm-b36">
         <name>sl_WlanConnect</name>
         <value>0xbfd</value>
         <object_component_ref idref="oc-3c7"/>
      </symbol>
      <symbol id="sm-b37">
         <name>sl_WlanSet</name>
         <value>0x40e5</value>
         <object_component_ref idref="oc-32e"/>
      </symbol>
      <symbol id="sm-b38">
         <name>sl_WlanSetMode</name>
         <value>0x4d4d</value>
         <object_component_ref idref="oc-310"/>
      </symbol>
      <symbol id="sm-b54">
         <name>Reset_Handler</name>
         <value>0x50ad</value>
         <object_component_ref idref="oc-64"/>
      </symbol>
      <symbol id="sm-b55">
         <name>Default_Handler</name>
         <value>0x2837</value>
         <object_component_ref idref="oc-6a"/>
      </symbol>
      <symbol id="sm-b56">
         <name>interruptVectors</name>
         <value>0x0</value>
         <object_component_ref idref="oc-23"/>
      </symbol>
      <symbol id="sm-b65">
         <name>__aeabi_memset</name>
         <value>0x3f1f</value>
         <object_component_ref idref="oc-a2"/>
      </symbol>
      <symbol id="sm-b66">
         <name>memset</name>
         <value>0x3f25</value>
         <object_component_ref idref="oc-a2"/>
      </symbol>
      <symbol id="sm-b67">
         <name>__aeabi_memset8</name>
         <value>0x3f1f</value>
         <object_component_ref idref="oc-a2"/>
      </symbol>
      <symbol id="sm-b68">
         <name>__aeabi_memset4</name>
         <value>0x3f1f</value>
         <object_component_ref idref="oc-a2"/>
      </symbol>
      <symbol id="sm-b69">
         <name>__aeabi_memclr8</name>
         <value>0x3f1d</value>
         <object_component_ref idref="oc-a2"/>
      </symbol>
      <symbol id="sm-b6a">
         <name>__aeabi_memclr4</name>
         <value>0x3f1d</value>
         <object_component_ref idref="oc-a2"/>
      </symbol>
      <symbol id="sm-b6b">
         <name>__aeabi_memclr</name>
         <value>0x3f1d</value>
         <object_component_ref idref="oc-a2"/>
      </symbol>
      <symbol id="sm-b8b">
         <name>memcpy</name>
         <value>0x3925</value>
         <object_component_ref idref="oc-34"/>
      </symbol>
      <symbol id="sm-b8c">
         <name>__aeabi_memcpy</name>
         <value>0x3925</value>
         <object_component_ref idref="oc-34"/>
      </symbol>
      <symbol id="sm-b8d">
         <name>__aeabi_memcpy8</name>
         <value>0x3925</value>
         <object_component_ref idref="oc-34"/>
      </symbol>
      <symbol id="sm-b8e">
         <name>__aeabi_memcpy4</name>
         <value>0x3925</value>
         <object_component_ref idref="oc-34"/>
      </symbol>
      <symbol id="sm-ba3">
         <name>__TI_zero_init_nomemset</name>
         <value>0x4fd3</value>
         <object_component_ref idref="oc-40"/>
      </symbol>
      <symbol id="sm-bba">
         <name>__TI_decompress_none</name>
         <value>0x5085</value>
         <object_component_ref idref="oc-1a"/>
      </symbol>
      <symbol id="sm-bdd">
         <name>__TI_decompress_lzss</name>
         <value>0x4225</value>
         <object_component_ref idref="oc-14"/>
      </symbol>
      <symbol id="sm-bf0">
         <name>__stack</name>
         <value>0x2000fe00</value>
         <object_component_ref idref="oc-26"/>
      </symbol>
      <symbol id="sm-bf1">
         <name>_c_int00_noargs</name>
         <value>0x4b85</value>
         <object_component_ref idref="oc-52"/>
      </symbol>
      <symbol id="sm-bfc">
         <name>C$$EXIT</name>
         <value>0x50f7</value>
         <object_component_ref idref="oc-169"/>
      </symbol>
      <symbol id="sm-bfd">
         <name>abort</name>
         <value>0x50f7</value>
         <object_component_ref idref="oc-169"/>
      </symbol>
      <symbol id="sm-c0d">
         <name>strlen</name>
         <value>0x4fad</value>
         <object_component_ref idref="oc-3c1"/>
      </symbol>
      <symbol id="sm-c1d">
         <name>strncpy</name>
         <value>0x4bf3</value>
         <object_component_ref idref="oc-1a8"/>
      </symbol>
      <symbol id="sm-c45">
         <name>__TI_auto_init_nobinit_nopinit</name>
         <value>0x49cd</value>
         <object_component_ref idref="oc-175"/>
      </symbol>
      <symbol id="sm-c4f">
         <name>_system_pre_init</name>
         <value>0x50f3</value>
         <object_component_ref idref="oc-a8"/>
      </symbol>
      <symbol id="sm-c51">
         <name>__TI_static_base__</name>
         <value>0x0</value>
      </symbol>
      <symbol id="sm-c54">
         <name>__mpu_init</name>
         <value>0x0</value>
      </symbol>
      <symbol id="sm-c55">
         <name>_system_post_cinit</name>
         <value>0x0</value>
      </symbol>
      <symbol id="sm-c56">
         <name>NMI_Handler</name>
         <value>0x2837</value>
      </symbol>
      <symbol id="sm-c57">
         <name>HardFault_Handler</name>
         <value>0x2837</value>
      </symbol>
      <symbol id="sm-c58">
         <name>MemManage_Handler</name>
         <value>0x2837</value>
      </symbol>
      <symbol id="sm-c59">
         <name>BusFault_Handler</name>
         <value>0x2837</value>
      </symbol>
      <symbol id="sm-c5a">
         <name>UsageFault_Handler</name>
         <value>0x2837</value>
      </symbol>
      <symbol id="sm-c5b">
         <name>SVC_Handler</name>
         <value>0x2837</value>
      </symbol>
      <symbol id="sm-c5c">
         <name>DebugMon_Handler</name>
         <value>0x2837</value>
      </symbol>
      <symbol id="sm-c5d">
         <name>PendSV_Handler</name>
         <value>0x2837</value>
      </symbol>
      <symbol id="sm-c5e">
         <name>SysTick_Handler</name>
         <value>0x2837</value>
      </symbol>
      <symbol id="sm-c5f">
         <name>PSS_IRQHandler</name>
         <value>0x2837</value>
      </symbol>
      <symbol id="sm-c60">
         <name>CS_IRQHandler</name>
         <value>0x2837</value>
      </symbol>
      <symbol id="sm-c61">
         <name>PCM_IRQHandler</name>
         <value>0x2837</value>
      </symbol>
      <symbol id="sm-c62">
         <name>WDT_A_IRQHandler</name>
         <value>0x2837</value>
      </symbol>
      <symbol id="sm-c63">
         <name>FPU_IRQHandler</name>
         <value>0x2837</value>
      </symbol>
      <symbol id="sm-c64">
         <name>FLCTL_IRQHandler</name>
         <value>0x2837</value>
      </symbol>
      <symbol id="sm-c65">
         <name>COMP_E0_IRQHandler</name>
         <value>0x2837</value>
      </symbol>
      <symbol id="sm-c66">
         <name>COMP_E1_IRQHandler</name>
         <value>0x2837</value>
      </symbol>
      <symbol id="sm-c67">
         <name>TA0_0_IRQHandler</name>
         <value>0x2837</value>
      </symbol>
      <symbol id="sm-c68">
         <name>TA0_N_IRQHandler</name>
         <value>0x2837</value>
      </symbol>
      <symbol id="sm-c69">
         <name>TA1_0_IRQHandler</name>
         <value>0x2837</value>
      </symbol>
      <symbol id="sm-c6a">
         <name>TA1_N_IRQHandler</name>
         <value>0x2837</value>
      </symbol>
      <symbol id="sm-c6b">
         <name>TA2_0_IRQHandler</name>
         <value>0x2837</value>
      </symbol>
      <symbol id="sm-c6c">
         <name>TA2_N_IRQHandler</name>
         <value>0x2837</value>
      </symbol>
      <symbol id="sm-c6d">
         <name>TA3_0_IRQHandler</name>
         <value>0x2837</value>
      </symbol>
      <symbol id="sm-c6e">
         <name>TA3_N_IRQHandler</name>
         <value>0x2837</value>
      </symbol>
      <symbol id="sm-c6f">
         <name>EUSCIA0_IRQHandler</name>
         <value>0x4df9</value>
      </symbol>
      <symbol id="sm-c70">
         <name>EUSCIA1_IRQHandler</name>
         <value>0x2837</value>
      </symbol>
      <symbol id="sm-c71">
         <name>EUSCIA2_IRQHandler</name>
         <value>0x2837</value>
      </symbol>
      <symbol id="sm-c72">
         <name>EUSCIA3_IRQHandler</name>
         <value>0x2837</value>
      </symbol>
      <symbol id="sm-c73">
         <name>EUSCIB0_IRQHandler</name>
         <value>0x2837</value>
      </symbol>
      <symbol id="sm-c74">
         <name>EUSCIB1_IRQHandler</name>
         <value>0x2837</value>
      </symbol>
      <symbol id="sm-c75">
         <name>EUSCIB2_IRQHandler</name>
         <value>0x2837</value>
      </symbol>
      <symbol id="sm-c76">
         <name>EUSCIB3_IRQHandler</name>
         <value>0x2837</value>
      </symbol>
      <symbol id="sm-c77">
         <name>ADC14_IRQHandler</name>
         <value>0x39c1</value>
      </symbol>
      <symbol id="sm-c78">
         <name>T32_INT1_IRQHandler</name>
         <value>0x2837</value>
      </symbol>
      <symbol id="sm-c79">
         <name>T32_INT2_IRQHandler</name>
         <value>0x2837</value>
      </symbol>
      <symbol id="sm-c7a">
         <name>T32_INTC_IRQHandler</name>
         <value>0x2837</value>
      </symbol>
      <symbol id="sm-c7b">
         <name>AES256_IRQHandler</name>
         <value>0x2837</value>
      </symbol>
      <symbol id="sm-c7c">
         <name>RTC_C_IRQHandler</name>
         <value>0x2837</value>
      </symbol>
      <symbol id="sm-c7d">
         <name>DMA_ERR_IRQHandler</name>
         <value>0x2837</value>
      </symbol>
      <symbol id="sm-c7e">
         <name>DMA_INT3_IRQHandler</name>
         <value>0x2837</value>
      </symbol>
      <symbol id="sm-c7f">
         <name>DMA_INT2_IRQHandler</name>
         <value>0x2837</value>
      </symbol>
      <symbol id="sm-c80">
         <name>DMA_INT1_IRQHandler</name>
         <value>0x2837</value>
      </symbol>
      <symbol id="sm-c81">
         <name>DMA_INT0_IRQHandler</name>
         <value>0x2837</value>
      </symbol>
      <symbol id="sm-c82">
         <name>PORT1_IRQHandler</name>
         <value>0x3f97</value>
      </symbol>
      <symbol id="sm-c83">
         <name>PORT2_IRQHandler</name>
         <value>0x4ced</value>
      </symbol>
      <symbol id="sm-c84">
         <name>PORT3_IRQHandler</name>
         <value>0x2837</value>
      </symbol>
      <symbol id="sm-c85">
         <name>PORT4_IRQHandler</name>
         <value>0x2837</value>
      </symbol>
      <symbol id="sm-c86">
         <name>PORT5_IRQHandler</name>
         <value>0x2837</value>
      </symbol>
      <symbol id="sm-c87">
         <name>PORT6_IRQHandler</name>
         <value>0x2837</value>
      </symbol>
   </symbol_table>
   <title>Link successful</title>
</link_info>
