******************************************************************************
                  TI ARM Linker PC v18.1.5                     
******************************************************************************
>> Linked Mon Apr  1 18:02:30 2019

OUTPUT FILE NAME:   <firealarm.out>
ENTRY POINT SYMBOL: "_c_int00_noargs"  address: 00005e9d


MEMORY CONFIGURATION

         name            origin    length      used     unused   attr    fill
----------------------  --------  ---------  --------  --------  ----  --------
  MAIN                  00000000   00040000  00006824  000397dc  R  X
  INFO                  00200000   00004000  00000000  00004000  R  X
  SRAM_CODE             01000000   00010000  00000f2d  0000f0d3  RW X
  SRAM_DATA             20000000   00010000  00000f2d  0000f0d3  RW  


SEGMENT ALLOCATION MAP

run origin  load origin   length   init length attrs members
----------  ----------- ---------- ----------- ----- -------
00000000    00000000    00006828   00006828    r-x
  00000000    00000000    000000e4   000000e4    r-- .intvecs
  000000e4    000000e4    00006474   00006474    r-x .text
  00006558    00006558    0000028c   0000028c    r-- .const
  000067e8    000067e8    00000040   00000040    r-- .cinit
20000000    20000000    00000d2d   00000000    rw-
  20000000    20000000    00000800   00000000    rw- .sysmem
  20000800    20000800    00000374   00000000    rw- .data
  20000b74    20000b74    000001b9   00000000    rw- .bss
2000fe00    2000fe00    00000200   00000000    rw-
  2000fe00    2000fe00    00000200   00000000    rw- .stack


SECTION ALLOCATION MAP

 output                                  attributes/
section   page    origin      length       input sections
--------  ----  ----------  ----------   ----------------
.intvecs   0    00000000    000000e4     
                  00000000    000000e4     startup_msp432p401r_ccs.obj (.intvecs:retain)

.text      0    000000e4    00006474     
                  000000e4    000009c0     rtsv7M4_T_le_v4SPD16_eabi.lib : e_pow.c.obj (.text:pow)
                  00000aa4    00000634     driver.obj (.text:_SlDrvMsgRead)
                  000010d8    000004e4     driver.obj (.text:_SlAsyncEventGenericHandler)
                  000015bc    00000244     wlan.obj (.text:sl_WlanConnect)
                  00001800    00000214     driver.obj (.text:_SlDrvRxHdrRead)
                  00001a14    00000208     driver.obj (.text:_SlDrvReleasePoolObj)
                  00001c1c    00000208     driver.obj (.text:_SlDrvWaitForPoolObj)
                  00001e24    000001f8     driver.obj (.text:_SlDrvMsgWrite)
                  0000201c    000001e4     cc3100_usage.obj (.text:configureSimpleLinkToDefaultState)
                  00002200    000001b6     rtsv7M4_T_le_v4SPD16_eabi.lib : fd_add_t2.asm.obj (.text)
                  000023b6    00000002     startup_msp432p401r_ccs.obj (.text:Default_Handler)
                  000023b8    0000018c     main.obj (.text:main)
                  00002544    00000170     driver.obj (.text:_SlFindAndSetActiveObj)
                  000026b4    00000160     adc14.obj (.text:_getIndexForMemRegister)
                  00002814    0000015c     pcm.obj (.text:__PCM_setPowerModeAdvanced)
                  00002970    00000158     rtsv7M4_T_le_v4SPD16_eabi.lib : e_sqrt.c.obj (.text:sqrt)
                  00002ac8    00000144     timer_a.obj (.text:privateTimer_AProcessClockSourceDivider)
                  00002c0c    0000013c     spi_cc3100.obj (.text:spi_Open)
                  00002d48    00000136     rtsv7M4_T_le_v4SPD16_eabi.lib : fd_div_t2.asm.obj (.text)
                  00002e7e    00000002     board.obj (.text:PORT1_IRQHandler)
                  00002e80    0000012c     device.obj (.text:sl_Stop)
                  00002fac    00000118     driver.obj (.text:_SlDrvClassifyRxMsg)
                  000030c4    00000110     rtsv7M4_T_le_v4SPD16_eabi.lib : s_scalbn.c.obj (.text:scalbn)
                  000031d4    00000110     device.obj (.text:sl_Start)
                  000032e4    0000010c     firealarm.obj (.text:setPin)
                  000033f0    00000108     pcm.obj (.text:__PCM_setCoreVoltageLevelAdvanced)
                  000034f8    00000104     driver.obj (.text:_SlDrvMsgReadCmdCtx)
                  000035fc    000000fe     netapp.obj (.text:_SlDrvNetAppEventHandler)
                  000036fa    000000fc     rtsv7M4_T_le_v4SPD16_eabi.lib : fd_mul_t2.asm.obj (.text)
                  000037f6    00000002                                   : _lock.c.obj (.text:_nop)
                  000037f8    000000f0     driver.obj (.text:_SlDrvDriverCBInit)
                  000038e8    000000e8     driver.obj (.text:_SlDrvMsgReadSpawnCtx)
                  000039d0    000000e4     cs.obj (.text:CS_startHFXTWithTimeout)
                  00003ab4    000000dc     cs.obj (.text:_CSGetHFXTFrequency)
                  00003b90    000000d8     rtsv7M4_T_le_v4SPD16_eabi.lib : memory.c.obj (.text:free)
                  00003c68    000000d4     system_msp432p401r.obj (.text:SystemInit)
                  00003d3c    000000d4     netapp.obj (.text:_sl_HandleAsync_DnsGetHostByService)
                  00003e10    000000cc     cc3100_usage.obj (.text:initCC3100)
                  00003edc    000000c8     netapp.obj (.text:_sl_HandleAsync_DnsGetHostByName)
                  00003fa4    000000c8     netapp.obj (.text:_sl_HandleAsync_PingResponse)
                  0000406c    000000c4     driver.obj (.text:_SlRemoveFromList)
                  00004130    000000b8     driver.obj (.text:_SlDrvCmdOp)
                  000041e8    000000b8     device.obj (.text:_sl_HandleAsync_InitComplete)
                  000042a0    000000b8     netapp.obj (.text:sl_NetAppMDNSRegisterUnregisterService)
                  00004358    000000b4     socket.obj (.text:_sl_HandleAsync_Connect)
                  0000440c    000000ac     ClockSys.obj (.text:ClockSys_SetMaxFreq)
                  000044b8    000000ac     uart_driver.obj (.text:uartReceive)
                  00004564    000000a8     driver.obj (.text:_SlDrvDriverCBDeinit)
                  0000460c    000000a8     main.obj (.text:floatToArray)
                  000046b4    000000a8     device.obj (.text:sl_DevGet)
                  0000475c    000000a4     adc14.obj (.text:ADC14_configureConversionMemory)
                  00004800    0000009c     rtsv7M4_T_le_v4SPD16_eabi.lib : memcpy_t2.asm.obj (.text)
                  0000489c    00000098     main.obj (.text:ADC14_IRQHandler)
                  00004934    00000098     socket.obj (.text:_sl_HandleAsync_Accept)
                  000049cc    00000094     firealarm.obj (.text:init_LCD)
                  00004a60    0000008c     socket.obj (.text:_sl_HandleAsync_Select)
                  00004aec    00000088     gpio.obj (.text:GPIO_setAsPeripheralModuleFunctionInputPin)
                  00004b74    00000088     device.obj (.text:_sl_HandleAsync_Stop)
                  00004bfc    00000088     cc3100_usage.obj (.text:establishConnectionWithAP)
                  00004c84    00000088     firealarm.obj (.text:init_fireAlarm_ADC)
                  00004d0c    00000086     rtsv7M4_T_le_v4SPD16_eabi.lib : fd_cmp_t2.asm.obj (.text:__aeabi_cdcmple)
                  00004d92    00000086                                   : fd_cmp_t2.asm.obj (.text:__aeabi_cdrcmple)
                  00004e18    00000082     firealarm.obj (.text:LCD_setCursor)
                  00004e9a    00000002     --HOLE-- [fill = 0]
                  00004e9c    00000080     interrupt.obj (.text:Interrupt_disableInterrupt)
                  00004f1c    00000080     interrupt.obj (.text:Interrupt_enableInterrupt)
                  00004f9c    00000080     driver.obj (.text:_SlDrvObjInit)
                  0000501c    0000007a     rtsv7M4_T_le_v4SPD16_eabi.lib : memset_t2.asm.obj (.text)
                  00005096    00000002     --HOLE-- [fill = 0]
                  00005098    00000078                                   : memory.c.obj (.text:malloc)
                  00005110    00000074     spi_cc3100.obj (.text:spi_Read)
                  00005184    00000072     firealarm.obj (.text:LCD_char)
                  000051f6    00000070     firealarm.obj (.text:LCD_transmit)
                  00005266    0000006e     rtsv7M4_T_le_v4SPD16_eabi.lib : fd_tos_t2.asm.obj (.text)
                  000052d4    0000006c     nonos.obj (.text:_SlNonOsMainLoopTask)
                  00005340    0000006c     netcfg.obj (.text:sl_NetCfgSet)
                  000053ac    0000006c     wlan.obj (.text:sl_WlanSet)
                  00005418    0000006c     spi_cc3100.obj (.text:spi_Write)
                  00005484    0000006a     main.obj (.text:integerToString)
                  000054ee    00000002     --HOLE-- [fill = 0]
                  000054f0    00000068     timer_a.obj (.text:Timer_A_configureUpMode)
                  00005558    00000068     rtsv7M4_T_le_v4SPD16_eabi.lib : copy_decompress_lzss.c.obj (.text:decompress:lzss:__TI_decompress_lzss)
                  000055c0    00000068     netapp.obj (.text:sl_NetAppSendTokenValue)
                  00005628    00000064     device.obj (.text:_SlDrvDeviceEventHandler)
                  0000568c    00000064     wlan.obj (.text:sl_WlanPolicySet)
                  000056f0    0000005e     pcm.obj (.text:PCM_getCoreVoltageLevel)
                  0000574e    0000005c     nonos.obj (.text:_SlNonOsSemGet)
                  000057aa    0000005a     pcm.obj (.text:PCM_getPowerMode)
                  00005804    00000058     adc14.obj (.text:ADC14_configureSingleSampleMode)
                  0000585c    00000058     cc3100_usage.obj (.text:SimpleLinkWlanEventHandler)
                  000058b4    00000058     device.obj (.text:_sl_GetStartResponseConvert)
                  0000590c    00000058     wlan.obj (.text:sl_WlanRxFilterSet)
                  00005964    00000054     adc14.obj (.text:ADC14_initModule)
                  000059b8    00000054     nonos.obj (.text:_SlNonOsSpawn)
                  00005a0c    00000050     main.obj (.text:reverse)
                  00005a5c    0000004e     timer_a.obj (.text:Timer_A_initCompare)
                  00005aaa    00000002     --HOLE-- [fill = 0]
                  00005aac    0000004c     driver.obj (.text:_SlDrvRxIrqHandler)
                  00005af8    00000048     adc14.obj (.text:ADC14_setSampleHoldTrigger)
                  00005b40    00000048     board.obj (.text:CC3100_InterruptEnable)
                  00005b88    00000048     driver.obj (.text:_SlDrvBasicCmd)
                  00005bd0    00000048     driver.obj (.text:_SlDrvCmdSend)
                  00005c18    00000044     flowcont.obj (.text:_SlDrvFlowContDeinit)
                  00005c5c    00000044     flowcont.obj (.text:_SlDrvFlowContInit)
                  00005ca0    00000044     rtsv7M4_T_le_v4SPD16_eabi.lib : autoinit.c.obj (.text:__TI_auto_init_nobinit_nopinit:__TI_auto_init_nobinit_nopinit)
                  00005ce4    00000044     firealarm.obj (.text:_delay_ms)
                  00005d28    00000042     driver.obj (.text:_SlDrvShiftDWord)
                  00005d6a    00000002     --HOLE-- [fill = 0]
                  00005d6c    00000040     gpio.obj (.text:GPIO_setAsOutputPin)
                  00005dac    00000040     cc3100_usage.obj (.text:SimpleLinkNetAppEventHandler)
                  00005dec    0000003c     netapp.obj (.text:CopyPingResultsToReport)
                  00005e28    0000003c     rtsv7M4_T_le_v4SPD16_eabi.lib : memory.c.obj (.text:minsert)
                  00005e64    00000038     adc14.obj (.text:ADC14_getEnabledInterruptStatus)
                  00005e9c    00000038     rtsv7M4_T_le_v4SPD16_eabi.lib : boot_cortex_m.c.obj (.text:_c_int00_noargs:_c_int00_noargs)
                  00005ed4    00000038                                   : memory.c.obj (.text:minit)
                  00005f0c    00000038                                   : fs_tod_t2.asm.obj (.text)
                  00005f44    00000036     netapp.obj (.text:sl_NetAppMDNSUnRegisterService)
                  00005f7a    00000036     rtsv7M4_T_le_v4SPD16_eabi.lib : strncpy.c.obj (.text:strncpy)
                  00005fb0    00000034     adc14.obj (.text:ADC14_enableSampleTimer)
                  00005fe4    00000034     firealarm.obj (.text:LCD_command)
                  00006018    00000030     adc14.obj (.text:ADC14_clearInterruptFlag)
                  00006048    00000030     adc14.obj (.text:ADC14_enableInterrupt)
                  00006078    00000030     board.obj (.text:CC3100_InterruptDisable)
                  000060a8    00000030     board.obj (.text:PORT2_IRQHandler)
                  000060d8    00000030     wlan.obj (.text:sl_WlanProfileDel)
                  00006108    00000030     wlan.obj (.text:sl_WlanSetMode)
                  00006138    0000002e     rtsv7M4_T_le_v4SPD16_eabi.lib : i_tofd_t2.asm.obj (.text)
                  00006166    00000002     --HOLE-- [fill = 0]
                  00006168    0000002c     adc14.obj (.text:ADC14_getInterruptStatus)
                  00006194    00000028     adc14.obj (.text:ADC14_enableConversion)
                  000061bc    00000028     board.obj (.text:Delay)
                  000061e4    00000028     rtsv7M4_T_le_v4SPD16_eabi.lib : memory.c.obj (.text:mremove)
                  0000620c    00000026     firealarm.obj (.text:LCD_string)
                  00006232    00000002     --HOLE-- [fill = 0]
                  00006234    00000024     uart_driver.obj (.text:EUSCIA0_IRQHandler)
                  00006258    00000024     wdt_a.obj (.text:WDT_A_clearTimer)
                  0000627c    00000024     wdt_a.obj (.text:WDT_A_holdTimer)
                  000062a0    00000024     driver.obj (.text:_SlDrvObjDeInit)
                  000062c4    00000020     adc14.obj (.text:ADC14_setResolution)
                  000062e4    00000020     cs.obj (.text:CS_setExternalClockSourceFrequency)
                  00006304    00000020     rtsv7M4_T_le_v4SPD16_eabi.lib : u_tofd_t2.asm.obj (.text)
                  00006324    0000001c     adc14.obj (.text:ADC14_getResult)
                  00006340    00000018     fpu.obj (.text:FPU_enableModule)
                  00006358    00000018     sysctl.obj (.text:SysCtl_disableNMISource)
                  00006370    00000018     sysctl.obj (.text:SysCtl_enableNMISource)
                  00006388    00000018     nonos.obj (.text:_SlNonOsSemSet)
                  000063a0    00000018     board.obj (.text:registerInterruptHandler)
                  000063b8    00000016     timer_a.obj (.text:Timer_A_startCounter)
                  000063ce    00000002     --HOLE-- [fill = 0]
                  000063d0    00000014     pcm.obj (.text:PCM_getPowerState)
                  000063e4    00000014     rtsv7M4_T_le_v4SPD16_eabi.lib : s_copysign.c.obj (.text:copysign)
                  000063f8    00000014                                   : strlen.c.obj (.text:strlen)
                  0000640c    00000012     cs.obj (.text:CS_startHFXT)
                  0000641e    00000012     rtsv7M4_T_le_v4SPD16_eabi.lib : copy_zero_init.c.obj (.text:decompress:ZI:__TI_zero_init_nomemset:__TI_zero_init_nomemset)
                  00006430    00000010     adc14.obj (.text:ADC14_disableConversion)
                  00006440    00000010     adc14.obj (.text:ADCIsConversionRunning)
                  00006450    00000010     board.obj (.text:CC3100_disable)
                  00006460    00000010     board.obj (.text:CC3100_enable)
                  00006470    00000010     fpu.obj (.text:FPU_enableLazyStacking)
                  00006480    00000010     interrupt.obj (.text:Interrupt_enableMaster)
                  00006490    00000010     pcm.obj (.text:PCM_setCoreVoltageLevel)
                  000064a0    00000010     pcm.obj (.text:PCM_setPowerMode)
                  000064b0    00000010     cc3100_usage.obj (.text:SimpleLinkSockEventHandler)
                  000064c0    00000010     sysctl.obj (.text:SysCtl_getNMISourceStatus)
                  000064d0    0000000e     rtsv7M4_T_le_v4SPD16_eabi.lib : copy_decompress_none.c.obj (.text:decompress:none:__TI_decompress_none)
                  000064de    00000002     --HOLE-- [fill = 0]
                  000064e0    0000000c     adc14.obj (.text:ADC14_enableModule)
                  000064ec    0000000c     cpu.obj (.text:CPU_cpsie)
                  000064f8    0000000c     startup_msp432p401r_ccs.obj (.text:Reset_Handler)
                  00006504    0000000c     cc3100_usage.obj (.text:SimpleLinkHttpServerCallback)
                  00006510    0000000c     cc3100_usage.obj (.text:getLocalIP)
                  0000651c    0000000c     wlan.obj (.text:sl_WlanDisconnect)
                  00006528    0000000c     spi_cc3100.obj (.text:spi_Close)
                  00006534    0000000a     firealarm.obj (.text:LCD_clearScreen)
                  0000653e    0000000a     cc3100_usage.obj (.text:SimpleLinkGeneralEventHandler)
                  00006548    00000008     rtsv7M4_T_le_v4SPD16_eabi.lib : errno.c.obj (.text:__aeabi_errno_addr)
                  00006550    00000004                                   : pre_init.c.obj (.text:_system_pre_init)
                  00006554    00000004                                   : exit.c.obj (.text:abort:abort)

.const     0    00006558    0000028c     
                  00006558    000000b0     wlan.obj (.const:$P$T0$1)
                  00006608    00000080     adc14.obj (.const:_ctlRegs)
                  00006688    00000038     driver.obj (.const:_SlActionLookupTable)
                  000066c0    00000030     rtsv7M4_T_le_v4SPD16_eabi.lib : e_pow.c.obj (.const:$O1$$)
                  000066f0    00000030     gpio.obj (.const:GPIO_PORT_TO_BASE)
                  00006720    0000002c     cc3100_usage.obj (.const:$P$T0$1)
                  0000674c    00000018     firealarm.obj (.const:upModeConfig)
                  00006764    00000014     cc3100_usage.obj (.const:$P$T1$2)
                  00006778    00000010     firealarm.obj (.const:compareConfig)
                  00006788    0000000c     cc3100_usage.obj (.const:$P$T2$3)
                  00006794    00000008     driver.obj (.const:g_H2NCnysPattern)
                  0000679c    00000008     driver.obj (.const:g_H2NSyncPattern)
                  000067a4    00000008     interrupt.obj (.const:g_pulDisRegs)
                  000067ac    00000008     interrupt.obj (.const:g_pulEnRegs)
                  000067b4    00000004     driver.obj (.const:$P$T0$1)
                  000067b8    00000004     wlan.obj (.const:$P$T1$2)
                  000067bc    00000004     device.obj (.const:_SlDeviceGetCmdCtrl)
                  000067c0    00000004     netapp.obj (.const:_SlNetAppSendTokenValueCmdCtrl)
                  000067c4    00000004     netcfg.obj (.const:_SlNetCfgSetCmdCtrl)
                  000067c8    00000004     wlan.obj (.const:_SlPolicySetCmdCtrl)
                  000067cc    00000004     wlan.obj (.const:_SlProfileDelCmdCtrl)
                  000067d0    00000004     netapp.obj (.const:_SlRegisterServiceCtrl)
                  000067d4    00000004     wlan.obj (.const:_SlRxFilterSetCmdCtrl)
                  000067d8    00000004     device.obj (.const:_SlStopCmdCtrl)
                  000067dc    00000004     wlan.obj (.const:_SlWlanCfgSetCmdCtrl)
                  000067e0    00000004     wlan.obj (.const:_SlWlanSetModeCmdCtrl)

.cinit     0    000067e8    00000040     
                  000067e8    0000001c     (.cinit..data.load) [load image, compression = lzss]
                  00006804    0000000c     (__TI_handler_table)
                  00006810    00000008     (.cinit..bss.load) [load image, compression = zero_init]
                  00006818    00000010     (__TI_cinit_table)

.init_array 
*          0    00000000    00000000     UNINITIALIZED

.binit     0    00000000    00000000     

.sysmem    0    20000000    00000800     UNINITIALIZED
                  20000000    00000008     rtsv7M4_T_le_v4SPD16_eabi.lib : memory.c.obj (.sysmem)
                  20000008    000007f8     --HOLE--

.data      0    20000800    00000374     UNINITIALIZED
                  20000800    0000021f     uart_driver.obj (.data:test)
                  20000a1f    0000010f     uart_driver.obj (.data:pieceOfString$2)
                  20000b2e    00000002     --HOLE--
                  20000b30    00000014     cc3100_usage.obj (.data)
                  20000b44    0000000c     rtsv7M4_T_le_v4SPD16_eabi.lib : memory.c.obj (.data:$O1$$)
                  20000b50    00000009     driver.obj (.data)
                  20000b59    00000003     --HOLE--
                  20000b5c    00000008     rtsv7M4_T_le_v4SPD16_eabi.lib : _lock.c.obj (.data:$O1$$)
                  20000b64    00000008     uart_driver.obj (.data)
                  20000b6c    00000004     board.obj (.data)
                  20000b70    00000004     rtsv7M4_T_le_v4SPD16_eabi.lib : errno.c.obj (.data)

.bss       0    20000b74    000001b9     UNINITIALIZED
                  20000b74    00000164     (.common:g_StatMem)
                  20000cd8    00000028     (.common:g__SlNonOsCB)
                  20000d00    0000000c     main.obj (.bss)
                  20000d0c    0000000a     (.common:alarm_info)
                  20000d16    00000002     (.common:ctrl_info)
                  20000d18    00000008     cs.obj (.bss)
                  20000d20    00000004     cc3100_usage.obj (.bss)
                  20000d24    00000004     (.common:FIREALARM_IP)
                  20000d28    00000004     (.common:norm_voltage)
                  20000d2c    00000001     (.common:transmit)

.stack     0    2000fe00    00000200     UNINITIALIZED
                  2000fe00    00000004     rtsv7M4_T_le_v4SPD16_eabi.lib : boot_cortex_m.c.obj (.stack)
                  2000fe04    000001fc     --HOLE--

MODULE SUMMARY

       Module                        code    ro data   rw data
       ------                        ----    -------   -------
    .\
       uart_driver.obj               208     0         1644   
       adc14.obj                     1152    128       0      
       firealarm.obj                 1076    40        0      
       main.obj                      902     0         66     
       pcm.obj                       848     0         0      
       timer_a.obj                   528     0         0      
       cs.obj                        498     0         16     
       interrupt.obj                 272     16        0      
       gpio.obj                      200     48        0      
       system_msp432p401r.obj        212     0         0      
       ClockSys.obj                  172     0         0      
       wdt_a.obj                     72      0         0      
       sysctl.obj                    64      0         0      
       fpu.obj                       40      0         0      
       cpu.obj                       12      0         0      
    +--+-----------------------------+-------+---------+---------+
       Total:                        6256    232       1726   
                                                              
    .\WiFi\
       driver.obj                    7294    76        730    
       netapp.obj                    1268    8         0      
       device.obj                    1248    8         0      
       wlan.obj                      984     200       0      
       cc3100_usage.obj              1026    76        48     
       spi_cc3100.obj                552     0         0      
       socket.obj                    472     0         0      
       nonos.obj                     308     0         80     
       board.obj                     266     0         8      
       flowcont.obj                  136     0         0      
       netcfg.obj                    108     4         0      
    +--+-----------------------------+-------+---------+---------+
       Total:                        13662   372       866    
                                                              
    .\ccs\
       startup_msp432p401r_ccs.obj   14      228       0      
    +--+-----------------------------+-------+---------+---------+
       Total:                        14      228       0      
                                                              
    C:\ti\ccsv8\tools\compiler\ti-cgt-arm_18.1.5.LTS\lib\rtsv7M4_T_le_v4SPD16_eabi.lib
       e_pow.c.obj                   2496    48        0      
       memory.c.obj                  492     0         24     
       fd_add_t2.asm.obj             438     0         0      
       e_sqrt.c.obj                  344     0         0      
       fd_div_t2.asm.obj             310     0         0      
       s_scalbn.c.obj                272     0         0      
       fd_cmp_t2.asm.obj             268     0         0      
       fd_mul_t2.asm.obj             252     0         0      
       memcpy_t2.asm.obj             156     0         0      
       memset_t2.asm.obj             122     0         0      
       fd_tos_t2.asm.obj             110     0         0      
       copy_decompress_lzss.c.obj    104     0         0      
       autoinit.c.obj                68      0         0      
       boot_cortex_m.c.obj           56      0         0      
       fs_tod_t2.asm.obj             56      0         0      
       strncpy.c.obj                 54      0         0      
       i_tofd_t2.asm.obj             46      0         0      
       u_tofd_t2.asm.obj             32      0         0      
       s_copysign.c.obj              20      0         0      
       strlen.c.obj                  20      0         0      
       _lock.c.obj                   2       0         16     
       copy_zero_init.c.obj          18      0         0      
       errno.c.obj                   8       0         8      
       copy_decompress_none.c.obj    14      0         0      
       exit.c.obj                    4       0         0      
       pre_init.c.obj                4       0         0      
    +--+-----------------------------+-------+---------+---------+
       Total:                        5766    48        48     
                                                              
       Heap:                         0       0         4096   
       Stack:                        0       0         1024   
       Linker Generated:             0       64        0      
    +--+-----------------------------+-------+---------+---------+
       Grand Total:                  25698   944       7760   


LINKER GENERATED COPY TABLES

__TI_cinit_table @ 00006818 records: 2, size/record: 8, table size: 16
	.data: load addr=000067e8, load size=0000001c bytes, run addr=20000800, run size=00000374 bytes, compression=lzss
	.bss: load addr=00006810, load size=00000008 bytes, run addr=20000b74, run size=000001b9 bytes, compression=zero_init


LINKER GENERATED HANDLER TABLE

__TI_handler_table @ 00006804 records: 3, size/record: 4, table size: 12
	index: 0, handler: __TI_decompress_lzss
	index: 1, handler: __TI_decompress_none
	index: 2, handler: __TI_zero_init


GLOBAL SYMBOLS: SORTED ALPHABETICALLY BY Name 

address   name                                      
-------   ----                                      
0000489d  ADC14_IRQHandler                          
0000489d  ADC14_IRQHandler                          
00006019  ADC14_clearInterruptFlag                  
0000475d  ADC14_configureConversionMemory           
00005805  ADC14_configureSingleSampleMode           
00006431  ADC14_disableConversion                   
00006195  ADC14_enableConversion                    
00006049  ADC14_enableInterrupt                     
000064e1  ADC14_enableModule                        
00005fb1  ADC14_enableSampleTimer                   
00005e65  ADC14_getEnabledInterruptStatus           
00006169  ADC14_getInterruptStatus                  
00006325  ADC14_getResult                           
00005965  ADC14_initModule                          
000062c5  ADC14_setResolution                       
00005af9  ADC14_setSampleHoldTrigger                
000023b7  AES256_IRQHandler                         
000023b7  BusFault_Handler                          
00006555  C$$EXIT                                   
00006079  CC3100_InterruptDisable                   
00005b41  CC3100_InterruptEnable                    
00006451  CC3100_disable                            
00006461  CC3100_enable                             
000023b7  COMP_E0_IRQHandler                        
000023b7  COMP_E1_IRQHandler                        
000064ed  CPU_cpsie                                 
000023b7  CS_IRQHandler                             
000062e5  CS_setExternalClockSourceFrequency        
0000640d  CS_startHFXT                              
000039d1  CS_startHFXTWithTimeout                   
0000440d  ClockSys_SetMaxFreq                       
00005ded  CopyPingResultsToReport                   
000023b7  DMA_ERR_IRQHandler                        
000023b7  DMA_INT0_IRQHandler                       
000023b7  DMA_INT1_IRQHandler                       
000023b7  DMA_INT2_IRQHandler                       
000023b7  DMA_INT3_IRQHandler                       
000023b7  DebugMon_Handler                          
000023b7  Default_Handler                           
000061bd  Delay                                     
00006235  EUSCIA0_IRQHandler                        
00006235  EUSCIA0_IRQHandler                        
000023b7  EUSCIA1_IRQHandler                        
000023b7  EUSCIA2_IRQHandler                        
000023b7  EUSCIA3_IRQHandler                        
000023b7  EUSCIB0_IRQHandler                        
000023b7  EUSCIB1_IRQHandler                        
000023b7  EUSCIB2_IRQHandler                        
000023b7  EUSCIB3_IRQHandler                        
20000d24  FIREALARM_IP                              
000023b7  FLCTL_IRQHandler                          
000023b7  FPU_IRQHandler                            
00006471  FPU_enableLazyStacking                    
00006341  FPU_enableModule                          
00005d6d  GPIO_setAsOutputPin                       
00004aed  GPIO_setAsPeripheralModuleFunctionInputPin
000023b7  HardFault_Handler                         
00004e9d  Interrupt_disableInterrupt                
00004f1d  Interrupt_enableInterrupt                 
00006481  Interrupt_enableMaster                    
00005185  LCD_char                                  
00006535  LCD_clearScreen                           
00005fe5  LCD_command                               
00004e19  LCD_setCursor                             
0000620d  LCD_string                                
000051f7  LCD_transmit                              
000023b7  MemManage_Handler                         
000023b7  NMI_Handler                               
000023b7  PCM_IRQHandler                            
000056f1  PCM_getCoreVoltageLevel                   
000057ab  PCM_getPowerMode                          
000063d1  PCM_getPowerState                         
00006491  PCM_setCoreVoltageLevel                   
000064a1  PCM_setPowerMode                          
00002e7f  PORT1_IRQHandler                          
00002e7f  PORT1_IRQHandler                          
000060a9  PORT2_IRQHandler                          
000060a9  PORT2_IRQHandler                          
000023b7  PORT3_IRQHandler                          
000023b7  PORT4_IRQHandler                          
000023b7  PORT5_IRQHandler                          
000023b7  PORT6_IRQHandler                          
000023b7  PSS_IRQHandler                            
000023b7  PendSV_Handler                            
000023b7  RTC_C_IRQHandler                          
000064f9  Reset_Handler                             
000023b7  SVC_Handler                               
0000653f  SimpleLinkGeneralEventHandler             
00006505  SimpleLinkHttpServerCallback              
00005dad  SimpleLinkNetAppEventHandler              
000064b1  SimpleLinkSockEventHandler                
0000585d  SimpleLinkWlanEventHandler                
20000b40  SockIDRx                                  
20000b42  SockIDTx                                  
00006359  SysCtl_disableNMISource                   
00006371  SysCtl_enableNMISource                    
000064c1  SysCtl_getNMISourceStatus                 
000023b7  SysTick_Handler                           
00003c69  SystemInit                                
000023b7  T32_INT1_IRQHandler                       
000023b7  T32_INT2_IRQHandler                       
000023b7  T32_INTC_IRQHandler                       
000023b7  TA0_0_IRQHandler                          
000023b7  TA0_N_IRQHandler                          
000023b7  TA1_0_IRQHandler                          
000023b7  TA1_N_IRQHandler                          
000023b7  TA2_0_IRQHandler                          
000023b7  TA2_N_IRQHandler                          
000023b7  TA3_0_IRQHandler                          
000023b7  TA3_N_IRQHandler                          
000054f1  Timer_A_configureUpMode                   
00005a5d  Timer_A_initCompare                       
000063b9  Timer_A_startCounter                      
000023b7  UsageFault_Handler                        
4000480c  WDTCTL_SYM                                
000023b7  WDT_A_IRQHandler                          
00006259  WDT_A_clearTimer                          
0000627d  WDT_A_holdTimer                           
00006688  _SlActionLookupTable                      
000010d9  _SlAsyncEventGenericHandler               
000067bc  _SlDeviceGetCmdCtrl                       
00005b89  _SlDrvBasicCmd                            
00002fad  _SlDrvClassifyRxMsg                       
00004131  _SlDrvCmdOp                               
00005bd1  _SlDrvCmdSend                             
00005629  _SlDrvDeviceEventHandler                  
00004565  _SlDrvDriverCBDeinit                      
000037f9  _SlDrvDriverCBInit                        
00005c19  _SlDrvFlowContDeinit                      
00005c5d  _SlDrvFlowContInit                        
00000aa5  _SlDrvMsgRead                             
000034f9  _SlDrvMsgReadCmdCtx                       
000038e9  _SlDrvMsgReadSpawnCtx                     
00001e25  _SlDrvMsgWrite                            
000035fd  _SlDrvNetAppEventHandler                  
000062a1  _SlDrvObjDeInit                           
00004f9d  _SlDrvObjInit                             
00001a15  _SlDrvReleasePoolObj                      
00001801  _SlDrvRxHdrRead                           
00005aad  _SlDrvRxIrqHandler                        
00005d29  _SlDrvShiftDWord                          
00001c1d  _SlDrvWaitForPoolObj                      
00002545  _SlFindAndSetActiveObj                    
000067c0  _SlNetAppSendTokenValueCmdCtrl            
000067c4  _SlNetCfgSetCmdCtrl                       
000052d5  _SlNonOsMainLoopTask                      
0000574f  _SlNonOsSemGet                            
00006389  _SlNonOsSemSet                            
000059b9  _SlNonOsSpawn                             
000067c8  _SlPolicySetCmdCtrl                       
000067cc  _SlProfileDelCmdCtrl                      
000067d0  _SlRegisterServiceCtrl                    
0000406d  _SlRemoveFromList                         
000067d4  _SlRxFilterSetCmdCtrl                     
000067d8  _SlStopCmdCtrl                            
000067dc  _SlWlanCfgSetCmdCtrl                      
000067e0  _SlWlanSetModeCmdCtrl                     
20010000  __STACK_END                               
00000200  __STACK_SIZE                              
00000800  __SYSMEM_SIZE                             
00006818  __TI_CINIT_Base                           
00006828  __TI_CINIT_Limit                          
00006804  __TI_Handler_Table_Base                   
00006810  __TI_Handler_Table_Limit                  
00005ca1  __TI_auto_init_nobinit_nopinit            
00005559  __TI_decompress_lzss                      
000064d1  __TI_decompress_none                      
ffffffff  __TI_pprof_out_hndl                       
ffffffff  __TI_prof_data_size                       
ffffffff  __TI_prof_data_start                      
00000000  __TI_static_base__                        
0000641f  __TI_zero_init_nomemset                   
00004d0d  __aeabi_cdcmpeq                           
00004d0d  __aeabi_cdcmple                           
00004d93  __aeabi_cdrcmple                          
00005267  __aeabi_d2f                               
0000220b  __aeabi_dadd                              
00002d49  __aeabi_ddiv                              
000036fb  __aeabi_dmul                              
00002201  __aeabi_dsub                              
00006549  __aeabi_errno_addr                        
00005f0d  __aeabi_f2d                               
00006139  __aeabi_i2d                               
0000501d  __aeabi_memclr                            
0000501d  __aeabi_memclr4                           
0000501d  __aeabi_memclr8                           
00004801  __aeabi_memcpy                            
00004801  __aeabi_memcpy4                           
00004801  __aeabi_memcpy8                           
0000501f  __aeabi_memset                            
0000501f  __aeabi_memset4                           
0000501f  __aeabi_memset8                           
00006305  __aeabi_ui2d                              
ffffffff  __binit__                                 
ffffffff  __c_args__                                
UNDEFED   __mpu_init                                
2000fe00  __stack                                   
00005e9d  _c_int00_noargs                           
00005ce5  _delay_ms                                 
20000b5c  _lock                                     
000037f7  _nop                                      
000058b5  _sl_GetStartResponseConvert               
00004935  _sl_HandleAsync_Accept                    
00004359  _sl_HandleAsync_Connect                   
00003edd  _sl_HandleAsync_DnsGetHostByName          
00003d3d  _sl_HandleAsync_DnsGetHostByService       
000041e9  _sl_HandleAsync_InitComplete              
00003fa5  _sl_HandleAsync_PingResponse              
00004a61  _sl_HandleAsync_Select                    
00004b75  _sl_HandleAsync_Stop                      
20000000  _sys_memory                               
UNDEFED   _system_post_cinit                        
00006551  _system_pre_init                          
20000b60  _unlock                                   
00006555  abort                                     
20000d0c  alarm_info                                
ffffffff  binit                                     
00006778  compareConfig                             
000063e5  copysign                                  
000063e5  copysignl                                 
20000d16  ctrl_info                                 
20000b70  errno                                     
0000460d  floatToArray                              
00003b91  free                                      
20000b58  gFirstCmdMode                             
00006794  g_H2NCnysPattern                          
0000679c  g_H2NSyncPattern                          
20000b74  g_StatMem                                 
20000b30  g_Status                                  
20000cd8  g__SlNonOsCB                              
20000b50  g_pCB                                     
00006511  getLocalIP                                
00003e11  initCC3100                                
000049cd  init_LCD                                  
00004c85  init_fireAlarm_ADC                        
00005485  integerToString                           
00000000  interruptVectors                          
000030c5  ldexp                                     
000030c5  ldexpl                                    
000023b9  main                                      
00005099  malloc                                    
00004801  memcpy                                    
00005025  memset                                    
00005ed5  minit                                     
20000d28  norm_voltage                              
20000b6c  pIraEventHandler                          
20000b54  pPingCallBackFunc                         
000000e5  pow                                       
000000e5  powl                                      
20000b38  receivedAlready                           
000063a1  registerInterruptHandler                  
20000b34  retVal                                    
00005a0d  reverse                                   
000030c5  scalbn                                    
000030c5  scalbnl                                   
000032e5  setPin                                    
000046b5  sl_DevGet                                 
000042a1  sl_NetAppMDNSRegisterUnregisterService    
00005f45  sl_NetAppMDNSUnRegisterService            
000055c1  sl_NetAppSendTokenValue                   
00005341  sl_NetCfgSet                              
000031d5  sl_Start                                  
00002e81  sl_Stop                                   
000015bd  sl_WlanConnect                            
0000651d  sl_WlanDisconnect                         
0000568d  sl_WlanPolicySet                          
000060d9  sl_WlanProfileDel                         
0000590d  sl_WlanRxFilterSet                        
000053ad  sl_WlanSet                                
00006109  sl_WlanSetMode                            
00006529  spi_Close                                 
00002c0d  spi_Open                                  
00005111  spi_Read                                  
00005419  spi_Write                                 
00002971  sqrt                                      
00002971  sqrtl                                     
000063f9  strlen                                    
00005f7b  strncpy                                   
20000800  test                                      
20000d2c  transmit                                  
20000b3c  transmitedAlready                         
000044b9  uartReceive                               
0000674c  upModeConfig                              


GLOBAL SYMBOLS: SORTED BY Symbol Address 

address   name                                      
-------   ----                                      
00000000  __TI_static_base__                        
00000000  interruptVectors                          
000000e5  pow                                       
000000e5  powl                                      
00000200  __STACK_SIZE                              
00000800  __SYSMEM_SIZE                             
00000aa5  _SlDrvMsgRead                             
000010d9  _SlAsyncEventGenericHandler               
000015bd  sl_WlanConnect                            
00001801  _SlDrvRxHdrRead                           
00001a15  _SlDrvReleasePoolObj                      
00001c1d  _SlDrvWaitForPoolObj                      
00001e25  _SlDrvMsgWrite                            
00002201  __aeabi_dsub                              
0000220b  __aeabi_dadd                              
000023b7  AES256_IRQHandler                         
000023b7  BusFault_Handler                          
000023b7  COMP_E0_IRQHandler                        
000023b7  COMP_E1_IRQHandler                        
000023b7  CS_IRQHandler                             
000023b7  DMA_ERR_IRQHandler                        
000023b7  DMA_INT0_IRQHandler                       
000023b7  DMA_INT1_IRQHandler                       
000023b7  DMA_INT2_IRQHandler                       
000023b7  DMA_INT3_IRQHandler                       
000023b7  DebugMon_Handler                          
000023b7  Default_Handler                           
000023b7  EUSCIA1_IRQHandler                        
000023b7  EUSCIA2_IRQHandler                        
000023b7  EUSCIA3_IRQHandler                        
000023b7  EUSCIB0_IRQHandler                        
000023b7  EUSCIB1_IRQHandler                        
000023b7  EUSCIB2_IRQHandler                        
000023b7  EUSCIB3_IRQHandler                        
000023b7  FLCTL_IRQHandler                          
000023b7  FPU_IRQHandler                            
000023b7  HardFault_Handler                         
000023b7  MemManage_Handler                         
000023b7  NMI_Handler                               
000023b7  PCM_IRQHandler                            
000023b7  PORT3_IRQHandler                          
000023b7  PORT4_IRQHandler                          
000023b7  PORT5_IRQHandler                          
000023b7  PORT6_IRQHandler                          
000023b7  PSS_IRQHandler                            
000023b7  PendSV_Handler                            
000023b7  RTC_C_IRQHandler                          
000023b7  SVC_Handler                               
000023b7  SysTick_Handler                           
000023b7  T32_INT1_IRQHandler                       
000023b7  T32_INT2_IRQHandler                       
000023b7  T32_INTC_IRQHandler                       
000023b7  TA0_0_IRQHandler                          
000023b7  TA0_N_IRQHandler                          
000023b7  TA1_0_IRQHandler                          
000023b7  TA1_N_IRQHandler                          
000023b7  TA2_0_IRQHandler                          
000023b7  TA2_N_IRQHandler                          
000023b7  TA3_0_IRQHandler                          
000023b7  TA3_N_IRQHandler                          
000023b7  UsageFault_Handler                        
000023b7  WDT_A_IRQHandler                          
000023b9  main                                      
00002545  _SlFindAndSetActiveObj                    
00002971  sqrt                                      
00002971  sqrtl                                     
00002c0d  spi_Open                                  
00002d49  __aeabi_ddiv                              
00002e7f  PORT1_IRQHandler                          
00002e7f  PORT1_IRQHandler                          
00002e81  sl_Stop                                   
00002fad  _SlDrvClassifyRxMsg                       
000030c5  ldexp                                     
000030c5  ldexpl                                    
000030c5  scalbn                                    
000030c5  scalbnl                                   
000031d5  sl_Start                                  
000032e5  setPin                                    
000034f9  _SlDrvMsgReadCmdCtx                       
000035fd  _SlDrvNetAppEventHandler                  
000036fb  __aeabi_dmul                              
000037f7  _nop                                      
000037f9  _SlDrvDriverCBInit                        
000038e9  _SlDrvMsgReadSpawnCtx                     
000039d1  CS_startHFXTWithTimeout                   
00003b91  free                                      
00003c69  SystemInit                                
00003d3d  _sl_HandleAsync_DnsGetHostByService       
00003e11  initCC3100                                
00003edd  _sl_HandleAsync_DnsGetHostByName          
00003fa5  _sl_HandleAsync_PingResponse              
0000406d  _SlRemoveFromList                         
00004131  _SlDrvCmdOp                               
000041e9  _sl_HandleAsync_InitComplete              
000042a1  sl_NetAppMDNSRegisterUnregisterService    
00004359  _sl_HandleAsync_Connect                   
0000440d  ClockSys_SetMaxFreq                       
000044b9  uartReceive                               
00004565  _SlDrvDriverCBDeinit                      
0000460d  floatToArray                              
000046b5  sl_DevGet                                 
0000475d  ADC14_configureConversionMemory           
00004801  __aeabi_memcpy                            
00004801  __aeabi_memcpy4                           
00004801  __aeabi_memcpy8                           
00004801  memcpy                                    
0000489d  ADC14_IRQHandler                          
0000489d  ADC14_IRQHandler                          
00004935  _sl_HandleAsync_Accept                    
000049cd  init_LCD                                  
00004a61  _sl_HandleAsync_Select                    
00004aed  GPIO_setAsPeripheralModuleFunctionInputPin
00004b75  _sl_HandleAsync_Stop                      
00004c85  init_fireAlarm_ADC                        
00004d0d  __aeabi_cdcmpeq                           
00004d0d  __aeabi_cdcmple                           
00004d93  __aeabi_cdrcmple                          
00004e19  LCD_setCursor                             
00004e9d  Interrupt_disableInterrupt                
00004f1d  Interrupt_enableInterrupt                 
00004f9d  _SlDrvObjInit                             
0000501d  __aeabi_memclr                            
0000501d  __aeabi_memclr4                           
0000501d  __aeabi_memclr8                           
0000501f  __aeabi_memset                            
0000501f  __aeabi_memset4                           
0000501f  __aeabi_memset8                           
00005025  memset                                    
00005099  malloc                                    
00005111  spi_Read                                  
00005185  LCD_char                                  
000051f7  LCD_transmit                              
00005267  __aeabi_d2f                               
000052d5  _SlNonOsMainLoopTask                      
00005341  sl_NetCfgSet                              
000053ad  sl_WlanSet                                
00005419  spi_Write                                 
00005485  integerToString                           
000054f1  Timer_A_configureUpMode                   
00005559  __TI_decompress_lzss                      
000055c1  sl_NetAppSendTokenValue                   
00005629  _SlDrvDeviceEventHandler                  
0000568d  sl_WlanPolicySet                          
000056f1  PCM_getCoreVoltageLevel                   
0000574f  _SlNonOsSemGet                            
000057ab  PCM_getPowerMode                          
00005805  ADC14_configureSingleSampleMode           
0000585d  SimpleLinkWlanEventHandler                
000058b5  _sl_GetStartResponseConvert               
0000590d  sl_WlanRxFilterSet                        
00005965  ADC14_initModule                          
000059b9  _SlNonOsSpawn                             
00005a0d  reverse                                   
00005a5d  Timer_A_initCompare                       
00005aad  _SlDrvRxIrqHandler                        
00005af9  ADC14_setSampleHoldTrigger                
00005b41  CC3100_InterruptEnable                    
00005b89  _SlDrvBasicCmd                            
00005bd1  _SlDrvCmdSend                             
00005c19  _SlDrvFlowContDeinit                      
00005c5d  _SlDrvFlowContInit                        
00005ca1  __TI_auto_init_nobinit_nopinit            
00005ce5  _delay_ms                                 
00005d29  _SlDrvShiftDWord                          
00005d6d  GPIO_setAsOutputPin                       
00005dad  SimpleLinkNetAppEventHandler              
00005ded  CopyPingResultsToReport                   
00005e65  ADC14_getEnabledInterruptStatus           
00005e9d  _c_int00_noargs                           
00005ed5  minit                                     
00005f0d  __aeabi_f2d                               
00005f45  sl_NetAppMDNSUnRegisterService            
00005f7b  strncpy                                   
00005fb1  ADC14_enableSampleTimer                   
00005fe5  LCD_command                               
00006019  ADC14_clearInterruptFlag                  
00006049  ADC14_enableInterrupt                     
00006079  CC3100_InterruptDisable                   
000060a9  PORT2_IRQHandler                          
000060a9  PORT2_IRQHandler                          
000060d9  sl_WlanProfileDel                         
00006109  sl_WlanSetMode                            
00006139  __aeabi_i2d                               
00006169  ADC14_getInterruptStatus                  
00006195  ADC14_enableConversion                    
000061bd  Delay                                     
0000620d  LCD_string                                
00006235  EUSCIA0_IRQHandler                        
00006235  EUSCIA0_IRQHandler                        
00006259  WDT_A_clearTimer                          
0000627d  WDT_A_holdTimer                           
000062a1  _SlDrvObjDeInit                           
000062c5  ADC14_setResolution                       
000062e5  CS_setExternalClockSourceFrequency        
00006305  __aeabi_ui2d                              
00006325  ADC14_getResult                           
00006341  FPU_enableModule                          
00006359  SysCtl_disableNMISource                   
00006371  SysCtl_enableNMISource                    
00006389  _SlNonOsSemSet                            
000063a1  registerInterruptHandler                  
000063b9  Timer_A_startCounter                      
000063d1  PCM_getPowerState                         
000063e5  copysign                                  
000063e5  copysignl                                 
000063f9  strlen                                    
0000640d  CS_startHFXT                              
0000641f  __TI_zero_init_nomemset                   
00006431  ADC14_disableConversion                   
00006451  CC3100_disable                            
00006461  CC3100_enable                             
00006471  FPU_enableLazyStacking                    
00006481  Interrupt_enableMaster                    
00006491  PCM_setCoreVoltageLevel                   
000064a1  PCM_setPowerMode                          
000064b1  SimpleLinkSockEventHandler                
000064c1  SysCtl_getNMISourceStatus                 
000064d1  __TI_decompress_none                      
000064e1  ADC14_enableModule                        
000064ed  CPU_cpsie                                 
000064f9  Reset_Handler                             
00006505  SimpleLinkHttpServerCallback              
00006511  getLocalIP                                
0000651d  sl_WlanDisconnect                         
00006529  spi_Close                                 
00006535  LCD_clearScreen                           
0000653f  SimpleLinkGeneralEventHandler             
00006549  __aeabi_errno_addr                        
00006551  _system_pre_init                          
00006555  C$$EXIT                                   
00006555  abort                                     
00006688  _SlActionLookupTable                      
0000674c  upModeConfig                              
00006778  compareConfig                             
00006794  g_H2NCnysPattern                          
0000679c  g_H2NSyncPattern                          
000067bc  _SlDeviceGetCmdCtrl                       
000067c0  _SlNetAppSendTokenValueCmdCtrl            
000067c4  _SlNetCfgSetCmdCtrl                       
000067c8  _SlPolicySetCmdCtrl                       
000067cc  _SlProfileDelCmdCtrl                      
000067d0  _SlRegisterServiceCtrl                    
000067d4  _SlRxFilterSetCmdCtrl                     
000067d8  _SlStopCmdCtrl                            
000067dc  _SlWlanCfgSetCmdCtrl                      
000067e0  _SlWlanSetModeCmdCtrl                     
00006804  __TI_Handler_Table_Base                   
00006810  __TI_Handler_Table_Limit                  
00006818  __TI_CINIT_Base                           
00006828  __TI_CINIT_Limit                          
20000000  _sys_memory                               
20000800  test                                      
20000b30  g_Status                                  
20000b34  retVal                                    
20000b38  receivedAlready                           
20000b3c  transmitedAlready                         
20000b40  SockIDRx                                  
20000b42  SockIDTx                                  
20000b50  g_pCB                                     
20000b54  pPingCallBackFunc                         
20000b58  gFirstCmdMode                             
20000b5c  _lock                                     
20000b60  _unlock                                   
20000b6c  pIraEventHandler                          
20000b70  errno                                     
20000b74  g_StatMem                                 
20000cd8  g__SlNonOsCB                              
20000d0c  alarm_info                                
20000d16  ctrl_info                                 
20000d24  FIREALARM_IP                              
20000d28  norm_voltage                              
20000d2c  transmit                                  
2000fe00  __stack                                   
20010000  __STACK_END                               
4000480c  WDTCTL_SYM                                
ffffffff  __TI_pprof_out_hndl                       
ffffffff  __TI_prof_data_size                       
ffffffff  __TI_prof_data_start                      
ffffffff  __binit__                                 
ffffffff  __c_args__                                
ffffffff  binit                                     
UNDEFED   __mpu_init                                
UNDEFED   _system_post_cinit                        

[283 symbols]
