******************************************************************************
                  TI ARM Linker PC v18.1.5                     
******************************************************************************
>> Linked Wed Mar 20 14:26:23 2019

OUTPUT FILE NAME:   <firealarm.out>
ENTRY POINT SYMBOL: "_c_int00_noargs"  address: 00004b85


MEMORY CONFIGURATION

         name            origin    length      used     unused   attr    fill
----------------------  --------  ---------  --------  --------  ----  --------
  MAIN                  00000000   00040000  00005396  0003ac6a  R  X
  INFO                  00200000   00004000  00000000  00004000  R  X
  SRAM_CODE             01000000   00010000  00000711  0000f8ef  RW X
  SRAM_DATA             20000000   00010000  00000711  0000f8ef  RW  


SEGMENT ALLOCATION MAP

run origin  load origin   length   init length attrs members
----------  ----------- ---------- ----------- ----- -------
00000000    00000000    00005398   00005398    r-x
  00000000    00000000    000000e4   000000e4    r-- .intvecs
  000000e4    000000e4    00005016   00005016    r-x .text
  000050fc    000050fc    00000264   00000264    r-- .const
  00005360    00005360    00000038   00000038    r-- .cinit
20000000    20000000    00000511   00000000    rw-
  20000000    20000000    0000035c   00000000    rw- .data
  2000035c    2000035c    000001b5   00000000    rw- .bss
2000fe00    2000fe00    00000200   00000000    rw-
  2000fe00    2000fe00    00000200   00000000    rw- .stack


SECTION ALLOCATION MAP

 output                                  attributes/
section   page    origin      length       input sections
--------  ----  ----------  ----------   ----------------
.intvecs   0    00000000    000000e4     
                  00000000    000000e4     startup_msp432p401r_ccs.obj (.intvecs:retain)

.text      0    000000e4    00005016     
                  000000e4    00000634     driver.obj (.text:_SlDrvMsgRead)
                  00000718    000004e4     driver.obj (.text:_SlAsyncEventGenericHandler)
                  00000bfc    00000244     wlan.obj (.text:sl_WlanConnect)
                  00000e40    00000214     driver.obj (.text:_SlDrvRxHdrRead)
                  00001054    00000208     driver.obj (.text:_SlDrvReleasePoolObj)
                  0000125c    00000208     driver.obj (.text:_SlDrvWaitForPoolObj)
                  00001464    000001f8     driver.obj (.text:_SlDrvMsgWrite)
                  0000165c    000001e4     cc3100_usage.obj (.text:configureSimpleLinkToDefaultState)
                  00001840    000001cc     driver.obj (.text:_SlDrvDataWriteOp)
                  00001a0c    00000170     driver.obj (.text:_SlFindAndSetActiveObj)
                  00001b7c    00000160     adc14.obj (.text:_getIndexForMemRegister)
                  00001cdc    0000015c     pcm.obj (.text:__PCM_setPowerModeAdvanced)
                  00001e38    00000144     timer_a.obj (.text:privateTimer_AProcessClockSourceDivider)
                  00001f7c    0000013c     spi_cc3100.obj (.text:spi_Open)
                  000020b8    0000012c     device.obj (.text:sl_Stop)
                  000021e4    00000120     socket.obj (.text:sl_SendTo)
                  00002304    00000118     driver.obj (.text:_SlDrvClassifyRxMsg)
                  0000241c    00000110     device.obj (.text:sl_Start)
                  0000252c    00000108     pcm.obj (.text:__PCM_setCoreVoltageLevelAdvanced)
                  00002634    00000104     driver.obj (.text:_SlDrvMsgReadCmdCtx)
                  00002738    000000fe     netapp.obj (.text:_SlDrvNetAppEventHandler)
                  00002836    00000002     startup_msp432p401r_ccs.obj (.text:Default_Handler)
                  00002838    000000f0     driver.obj (.text:_SlDrvDriverCBInit)
                  00002928    000000e8     driver.obj (.text:_SlDrvMsgReadSpawnCtx)
                  00002a10    000000e4     cs.obj (.text:CS_startHFXTWithTimeout)
                  00002af4    000000e4     main.obj (.text:main)
                  00002bd8    000000dc     cs.obj (.text:_CSGetHFXTFrequency)
                  00002cb4    000000d4     system_msp432p401r.obj (.text:SystemInit)
                  00002d88    000000d4     netapp.obj (.text:_sl_HandleAsync_DnsGetHostByService)
                  00002e5c    000000cc     cc3100_usage.obj (.text:initCC3100)
                  00002f28    000000c8     netapp.obj (.text:_sl_HandleAsync_DnsGetHostByName)
                  00002ff0    000000c8     netapp.obj (.text:_sl_HandleAsync_PingResponse)
                  000030b8    000000c8     socket.obj (.text:_sl_TruncatePayloadByProtocol)
                  00003180    000000c4     driver.obj (.text:_SlRemoveFromList)
                  00003244    000000b8     cc3100_usage.obj (.text:BsdUdpClient)
                  000032fc    000000b8     driver.obj (.text:_SlDrvCmdOp)
                  000033b4    000000b8     device.obj (.text:_sl_HandleAsync_InitComplete)
                  0000346c    000000b8     netapp.obj (.text:sl_NetAppMDNSRegisterUnregisterService)
                  00003524    000000b4     socket.obj (.text:_sl_HandleAsync_Connect)
                  000035d8    000000ac     ClockSys.obj (.text:ClockSys_SetMaxFreq)
                  00003684    000000ac     uart_driver.obj (.text:uartReceive)
                  00003730    000000a8     driver.obj (.text:_SlDrvDriverCBDeinit)
                  000037d8    000000a8     device.obj (.text:sl_DevGet)
                  00003880    000000a4     adc14.obj (.text:ADC14_configureConversionMemory)
                  00003924    0000009c     rtsv7M4_T_le_v4SPD16_eabi.lib : memcpy_t2.asm.obj (.text)
                  000039c0    00000098     main.obj (.text:ADC14_IRQHandler)
                  00003a58    00000098     socket.obj (.text:_sl_HandleAsync_Accept)
                  00003af0    0000008c     socket.obj (.text:_sl_HandleAsync_Select)
                  00003b7c    00000088     gpio.obj (.text:GPIO_setAsPeripheralModuleFunctionInputPin)
                  00003c04    00000088     device.obj (.text:_sl_HandleAsync_Stop)
                  00003c8c    00000088     cc3100_usage.obj (.text:establishConnectionWithAP)
                  00003d14    00000088     firealarm.obj (.text:init_fireAlarm_ADC)
                  00003d9c    00000080     interrupt.obj (.text:Interrupt_disableInterrupt)
                  00003e1c    00000080     interrupt.obj (.text:Interrupt_enableInterrupt)
                  00003e9c    00000080     driver.obj (.text:_SlDrvObjInit)
                  00003f1c    0000007a     rtsv7M4_T_le_v4SPD16_eabi.lib : memset_t2.asm.obj (.text)
                  00003f96    00000002     board.obj (.text:PORT1_IRQHandler)
                  00003f98    00000074     spi_cc3100.obj (.text:spi_Read)
                  0000400c    0000006c     nonos.obj (.text:_SlNonOsMainLoopTask)
                  00004078    0000006c     netcfg.obj (.text:sl_NetCfgSet)
                  000040e4    0000006c     wlan.obj (.text:sl_WlanSet)
                  00004150    0000006c     spi_cc3100.obj (.text:spi_Write)
                  000041bc    00000068     timer_a.obj (.text:Timer_A_configureUpMode)
                  00004224    00000068     rtsv7M4_T_le_v4SPD16_eabi.lib : copy_decompress_lzss.c.obj (.text:decompress:lzss:__TI_decompress_lzss)
                  0000428c    00000068     netapp.obj (.text:sl_NetAppSendTokenValue)
                  000042f4    00000064     device.obj (.text:_SlDrvDeviceEventHandler)
                  00004358    00000064     wlan.obj (.text:sl_WlanPolicySet)
                  000043bc    0000005e     pcm.obj (.text:PCM_getCoreVoltageLevel)
                  0000441a    0000005c     nonos.obj (.text:_SlNonOsSemGet)
                  00004476    00000002     --HOLE-- [fill = 0]
                  00004478    0000005c     socket.obj (.text:sl_Socket)
                  000044d4    0000005a     pcm.obj (.text:PCM_getPowerMode)
                  0000452e    00000002     --HOLE-- [fill = 0]
                  00004530    00000058     adc14.obj (.text:ADC14_configureSingleSampleMode)
                  00004588    00000058     cc3100_usage.obj (.text:SimpleLinkWlanEventHandler)
                  000045e0    00000058     device.obj (.text:_sl_GetStartResponseConvert)
                  00004638    00000058     wlan.obj (.text:sl_WlanRxFilterSet)
                  00004690    00000054     adc14.obj (.text:ADC14_initModule)
                  000046e4    00000054     nonos.obj (.text:_SlNonOsSpawn)
                  00004738    00000050     socket.obj (.text:_sl_BuildAddress)
                  00004788    0000004e     timer_a.obj (.text:Timer_A_initCompare)
                  000047d6    00000002     --HOLE-- [fill = 0]
                  000047d8    0000004c     driver.obj (.text:_SlDrvRxIrqHandler)
                  00004824    00000048     adc14.obj (.text:ADC14_setSampleHoldTrigger)
                  0000486c    00000048     board.obj (.text:CC3100_InterruptEnable)
                  000048b4    00000048     driver.obj (.text:_SlDrvBasicCmd)
                  000048fc    00000048     driver.obj (.text:_SlDrvCmdSend)
                  00004944    00000044     flowcont.obj (.text:_SlDrvFlowContDeinit)
                  00004988    00000044     flowcont.obj (.text:_SlDrvFlowContInit)
                  000049cc    00000044     rtsv7M4_T_le_v4SPD16_eabi.lib : autoinit.c.obj (.text:__TI_auto_init_nobinit_nopinit:__TI_auto_init_nobinit_nopinit)
                  00004a10    00000042     driver.obj (.text:_SlDrvShiftDWord)
                  00004a52    00000042     socket.obj (.text:sl_Htonl)
                  00004a94    00000040     cc3100_usage.obj (.text:SimpleLinkNetAppEventHandler)
                  00004ad4    0000003c     netapp.obj (.text:CopyPingResultsToReport)
                  00004b10    0000003c     socket.obj (.text:sl_Htons)
                  00004b4c    00000038     adc14.obj (.text:ADC14_getEnabledInterruptStatus)
                  00004b84    00000038     rtsv7M4_T_le_v4SPD16_eabi.lib : boot_cortex_m.c.obj (.text:_c_int00_noargs:_c_int00_noargs)
                  00004bbc    00000036     netapp.obj (.text:sl_NetAppMDNSUnRegisterService)
                  00004bf2    00000036     rtsv7M4_T_le_v4SPD16_eabi.lib : strncpy.c.obj (.text:strncpy)
                  00004c28    00000034     adc14.obj (.text:ADC14_enableSampleTimer)
                  00004c5c    00000030     adc14.obj (.text:ADC14_clearInterruptFlag)
                  00004c8c    00000030     adc14.obj (.text:ADC14_enableInterrupt)
                  00004cbc    00000030     board.obj (.text:CC3100_InterruptDisable)
                  00004cec    00000030     board.obj (.text:PORT2_IRQHandler)
                  00004d1c    00000030     wlan.obj (.text:sl_WlanProfileDel)
                  00004d4c    00000030     wlan.obj (.text:sl_WlanSetMode)
                  00004d7c    0000002c     adc14.obj (.text:ADC14_getInterruptStatus)
                  00004da8    00000028     adc14.obj (.text:ADC14_enableConversion)
                  00004dd0    00000028     board.obj (.text:Delay)
                  00004df8    00000024     uart_driver.obj (.text:EUSCIA0_IRQHandler)
                  00004e1c    00000024     cc3100_usage.obj (.text:SendData)
                  00004e40    00000024     wdt_a.obj (.text:WDT_A_clearTimer)
                  00004e64    00000024     wdt_a.obj (.text:WDT_A_holdTimer)
                  00004e88    00000024     driver.obj (.text:_SlDrvObjDeInit)
                  00004eac    00000020     adc14.obj (.text:ADC14_setResolution)
                  00004ecc    00000020     cs.obj (.text:CS_setExternalClockSourceFrequency)
                  00004eec    0000001c     adc14.obj (.text:ADC14_getResult)
                  00004f08    00000018     fpu.obj (.text:FPU_enableModule)
                  00004f20    00000018     sysctl.obj (.text:SysCtl_disableNMISource)
                  00004f38    00000018     sysctl.obj (.text:SysCtl_enableNMISource)
                  00004f50    00000018     nonos.obj (.text:_SlNonOsSemSet)
                  00004f68    00000018     board.obj (.text:registerInterruptHandler)
                  00004f80    00000016     timer_a.obj (.text:Timer_A_startCounter)
                  00004f96    00000002     --HOLE-- [fill = 0]
                  00004f98    00000014     pcm.obj (.text:PCM_getPowerState)
                  00004fac    00000014     rtsv7M4_T_le_v4SPD16_eabi.lib : strlen.c.obj (.text:strlen)
                  00004fc0    00000012     cs.obj (.text:CS_startHFXT)
                  00004fd2    00000012     rtsv7M4_T_le_v4SPD16_eabi.lib : copy_zero_init.c.obj (.text:decompress:ZI:__TI_zero_init_nomemset:__TI_zero_init_nomemset)
                  00004fe4    00000010     adc14.obj (.text:ADC14_disableConversion)
                  00004ff4    00000010     adc14.obj (.text:ADCIsConversionRunning)
                  00005004    00000010     board.obj (.text:CC3100_disable)
                  00005014    00000010     board.obj (.text:CC3100_enable)
                  00005024    00000010     fpu.obj (.text:FPU_enableLazyStacking)
                  00005034    00000010     interrupt.obj (.text:Interrupt_enableMaster)
                  00005044    00000010     pcm.obj (.text:PCM_setCoreVoltageLevel)
                  00005054    00000010     pcm.obj (.text:PCM_setPowerMode)
                  00005064    00000010     cc3100_usage.obj (.text:SimpleLinkSockEventHandler)
                  00005074    00000010     sysctl.obj (.text:SysCtl_getNMISourceStatus)
                  00005084    0000000e     rtsv7M4_T_le_v4SPD16_eabi.lib : copy_decompress_none.c.obj (.text:decompress:none:__TI_decompress_none)
                  00005092    00000002     --HOLE-- [fill = 0]
                  00005094    0000000c     adc14.obj (.text:ADC14_enableModule)
                  000050a0    0000000c     cpu.obj (.text:CPU_cpsie)
                  000050ac    0000000c     startup_msp432p401r_ccs.obj (.text:Reset_Handler)
                  000050b8    0000000c     cc3100_usage.obj (.text:SimpleLinkHttpServerCallback)
                  000050c4    0000000c     cc3100_usage.obj (.text:getLocalIP)
                  000050d0    0000000c     wlan.obj (.text:sl_WlanDisconnect)
                  000050dc    0000000c     spi_cc3100.obj (.text:spi_Close)
                  000050e8    0000000a     cc3100_usage.obj (.text:SimpleLinkGeneralEventHandler)
                  000050f2    00000004     rtsv7M4_T_le_v4SPD16_eabi.lib : pre_init.c.obj (.text:_system_pre_init)
                  000050f6    00000004                                   : exit.c.obj (.text:abort:abort)

.const     0    000050fc    00000264     
                  000050fc    000000b0     wlan.obj (.const:$P$T0$1)
                  000051ac    00000080     adc14.obj (.const:_ctlRegs)
                  0000522c    00000038     driver.obj (.const:_SlActionLookupTable)
                  00005264    00000030     gpio.obj (.const:GPIO_PORT_TO_BASE)
                  00005294    0000002c     cc3100_usage.obj (.const:$P$T0$1)
                  000052c0    00000018     firealarm.obj (.const:upModeConfig)
                  000052d8    00000014     cc3100_usage.obj (.const:$P$T1$2)
                  000052ec    00000010     firealarm.obj (.const:compareConfig)
                  000052fc    0000000c     cc3100_usage.obj (.const:$P$T2$3)
                  00005308    00000008     driver.obj (.const:g_H2NCnysPattern)
                  00005310    00000008     driver.obj (.const:g_H2NSyncPattern)
                  00005318    00000008     interrupt.obj (.const:g_pulDisRegs)
                  00005320    00000008     interrupt.obj (.const:g_pulEnRegs)
                  00005328    00000004     driver.obj (.const:$P$T0$1)
                  0000532c    00000004     socket.obj (.const:$P$T1$2)
                  00005330    00000004     wlan.obj (.const:$P$T1$2)
                  00005334    00000004     device.obj (.const:_SlDeviceGetCmdCtrl)
                  00005338    00000004     netapp.obj (.const:_SlNetAppSendTokenValueCmdCtrl)
                  0000533c    00000004     netcfg.obj (.const:_SlNetCfgSetCmdCtrl)
                  00005340    00000004     wlan.obj (.const:_SlPolicySetCmdCtrl)
                  00005344    00000004     wlan.obj (.const:_SlProfileDelCmdCtrl)
                  00005348    00000004     netapp.obj (.const:_SlRegisterServiceCtrl)
                  0000534c    00000004     wlan.obj (.const:_SlRxFilterSetCmdCtrl)
                  00005350    00000004     socket.obj (.const:_SlSockSocketCmdCtrl)
                  00005354    00000004     device.obj (.const:_SlStopCmdCtrl)
                  00005358    00000004     wlan.obj (.const:_SlWlanCfgSetCmdCtrl)
                  0000535c    00000004     wlan.obj (.const:_SlWlanSetModeCmdCtrl)

.cinit     0    00005360    00000038     
                  00005360    0000000f     (.cinit..data.load) [load image, compression = lzss]
                  0000536f    00000001     --HOLE-- [fill = 0]
                  00005370    0000000c     (__TI_handler_table)
                  0000537c    00000004     --HOLE-- [fill = 0]
                  00005380    00000008     (.cinit..bss.load) [load image, compression = zero_init]
                  00005388    00000010     (__TI_cinit_table)

.init_array 
*          0    00000000    00000000     UNINITIALIZED

.binit     0    00000000    00000000     

.data      0    20000000    0000035c     UNINITIALIZED
                  20000000    0000021f     uart_driver.obj (.data:test)
                  2000021f    0000010f     uart_driver.obj (.data:pieceOfString$2)
                  2000032e    00000002     --HOLE--
                  20000330    00000014     cc3100_usage.obj (.data)
                  20000344    00000009     driver.obj (.data)
                  2000034d    00000003     --HOLE--
                  20000350    00000008     uart_driver.obj (.data)
                  20000358    00000004     board.obj (.data)

.bss       0    2000035c    000001b5     UNINITIALIZED
                  2000035c    00000164     (.common:g_StatMem)
                  200004c0    00000028     (.common:g__SlNonOsCB)
                  200004e8    0000000c     main.obj (.bss)
                  200004f4    0000000a     (.common:alarm_info)
                  200004fe    00000002     (.common:ctrl_info)
                  20000500    00000008     cs.obj (.bss)
                  20000508    00000004     cc3100_usage.obj (.bss)
                  2000050c    00000004     (.common:FIREALARM_IP)
                  20000510    00000001     (.common:transmit)

.stack     0    2000fe00    00000200     UNINITIALIZED
                  2000fe00    00000004     rtsv7M4_T_le_v4SPD16_eabi.lib : boot_cortex_m.c.obj (.stack)
                  2000fe04    000001fc     --HOLE--

MODULE SUMMARY

       Module                        code    ro data   rw data
       ------                        ----    -------   -------
    .\
       uart_driver.obj               208     0         1644   
       adc14.obj                     1152    128       0      
       pcm.obj                       848     0         0      
       timer_a.obj                   528     0         0      
       cs.obj                        498     0         16     
       main.obj                      380     0         58     
       interrupt.obj                 272     16        0      
       system_msp432p401r.obj        212     0         0      
       gpio.obj                      136     48        0      
       firealarm.obj                 136     40        0      
       ClockSys.obj                  172     0         0      
       wdt_a.obj                     72      0         0      
       sysctl.obj                    64      0         0      
       fpu.obj                       40      0         0      
       cpu.obj                       12      0         0      
    +--+-----------------------------+-------+---------+---------+
       Total:                        4730    232       1718   
                                                              
    .\WiFi\
       driver.obj                    7754    76        730    
       cc3100_usage.obj              1246    76        48     
       netapp.obj                    1268    8         0      
       socket.obj                    1258    8         0      
       device.obj                    1248    8         0      
       wlan.obj                      984     200       0      
       spi_cc3100.obj                552     0         0      
       nonos.obj                     308     0         80     
       board.obj                     266     0         8      
       flowcont.obj                  136     0         0      
       netcfg.obj                    108     4         0      
    +--+-----------------------------+-------+---------+---------+
       Total:                        15128   380       866    
                                                              
    .\ccs\
       startup_msp432p401r_ccs.obj   14      228       0      
    +--+-----------------------------+-------+---------+---------+
       Total:                        14      228       0      
                                                              
    C:\ti\ccsv8\tools\compiler\ti-cgt-arm_18.1.5.LTS\lib\rtsv7M4_T_le_v4SPD16_eabi.lib
       memcpy_t2.asm.obj             156     0         0      
       memset_t2.asm.obj             122     0         0      
       copy_decompress_lzss.c.obj    104     0         0      
       autoinit.c.obj                68      0         0      
       boot_cortex_m.c.obj           56      0         0      
       strncpy.c.obj                 54      0         0      
       strlen.c.obj                  20      0         0      
       copy_zero_init.c.obj          18      0         0      
       copy_decompress_none.c.obj    14      0         0      
       exit.c.obj                    4       0         0      
       pre_init.c.obj                4       0         0      
    +--+-----------------------------+-------+---------+---------+
       Total:                        620     0         0      
                                                              
       Stack:                        0       0         1024   
       Linker Generated:             0       51        0      
    +--+-----------------------------+-------+---------+---------+
       Grand Total:                  20492   891       3608   


LINKER GENERATED COPY TABLES

__TI_cinit_table @ 00005388 records: 2, size/record: 8, table size: 16
	.data: load addr=00005360, load size=0000000f bytes, run addr=20000000, run size=0000035c bytes, compression=lzss
	.bss: load addr=00005380, load size=00000008 bytes, run addr=2000035c, run size=000001b5 bytes, compression=zero_init


LINKER GENERATED HANDLER TABLE

__TI_handler_table @ 00005370 records: 3, size/record: 4, table size: 12
	index: 0, handler: __TI_decompress_lzss
	index: 1, handler: __TI_decompress_none
	index: 2, handler: __TI_zero_init


GLOBAL SYMBOLS: SORTED ALPHABETICALLY BY Name 

address   name                                      
-------   ----                                      
000039c1  ADC14_IRQHandler                          
000039c1  ADC14_IRQHandler                          
00004c5d  ADC14_clearInterruptFlag                  
00003881  ADC14_configureConversionMemory           
00004531  ADC14_configureSingleSampleMode           
00004fe5  ADC14_disableConversion                   
00004da9  ADC14_enableConversion                    
00004c8d  ADC14_enableInterrupt                     
00005095  ADC14_enableModule                        
00004c29  ADC14_enableSampleTimer                   
00004b4d  ADC14_getEnabledInterruptStatus           
00004d7d  ADC14_getInterruptStatus                  
00004eed  ADC14_getResult                           
00004691  ADC14_initModule                          
00004ead  ADC14_setResolution                       
00004825  ADC14_setSampleHoldTrigger                
00002837  AES256_IRQHandler                         
00002837  BusFault_Handler                          
000050f7  C$$EXIT                                   
00004cbd  CC3100_InterruptDisable                   
0000486d  CC3100_InterruptEnable                    
00005005  CC3100_disable                            
00005015  CC3100_enable                             
00002837  COMP_E0_IRQHandler                        
00002837  COMP_E1_IRQHandler                        
000050a1  CPU_cpsie                                 
00002837  CS_IRQHandler                             
00004ecd  CS_setExternalClockSourceFrequency        
00004fc1  CS_startHFXT                              
00002a11  CS_startHFXTWithTimeout                   
000035d9  ClockSys_SetMaxFreq                       
00004ad5  CopyPingResultsToReport                   
00002837  DMA_ERR_IRQHandler                        
00002837  DMA_INT0_IRQHandler                       
00002837  DMA_INT1_IRQHandler                       
00002837  DMA_INT2_IRQHandler                       
00002837  DMA_INT3_IRQHandler                       
00002837  DebugMon_Handler                          
00002837  Default_Handler                           
00004dd1  Delay                                     
00004df9  EUSCIA0_IRQHandler                        
00004df9  EUSCIA0_IRQHandler                        
00002837  EUSCIA1_IRQHandler                        
00002837  EUSCIA2_IRQHandler                        
00002837  EUSCIA3_IRQHandler                        
00002837  EUSCIB0_IRQHandler                        
00002837  EUSCIB1_IRQHandler                        
00002837  EUSCIB2_IRQHandler                        
00002837  EUSCIB3_IRQHandler                        
2000050c  FIREALARM_IP                              
00002837  FLCTL_IRQHandler                          
00002837  FPU_IRQHandler                            
00005025  FPU_enableLazyStacking                    
00004f09  FPU_enableModule                          
00003b7d  GPIO_setAsPeripheralModuleFunctionInputPin
00002837  HardFault_Handler                         
00003d9d  Interrupt_disableInterrupt                
00003e1d  Interrupt_enableInterrupt                 
00005035  Interrupt_enableMaster                    
00002837  MemManage_Handler                         
00002837  NMI_Handler                               
00002837  PCM_IRQHandler                            
000043bd  PCM_getCoreVoltageLevel                   
000044d5  PCM_getPowerMode                          
00004f99  PCM_getPowerState                         
00005045  PCM_setCoreVoltageLevel                   
00005055  PCM_setPowerMode                          
00003f97  PORT1_IRQHandler                          
00003f97  PORT1_IRQHandler                          
00004ced  PORT2_IRQHandler                          
00004ced  PORT2_IRQHandler                          
00002837  PORT3_IRQHandler                          
00002837  PORT4_IRQHandler                          
00002837  PORT5_IRQHandler                          
00002837  PORT6_IRQHandler                          
00002837  PSS_IRQHandler                            
00002837  PendSV_Handler                            
00002837  RTC_C_IRQHandler                          
000050ad  Reset_Handler                             
00002837  SVC_Handler                               
00004e1d  SendData                                  
000050e9  SimpleLinkGeneralEventHandler             
000050b9  SimpleLinkHttpServerCallback              
00004a95  SimpleLinkNetAppEventHandler              
00005065  SimpleLinkSockEventHandler                
00004589  SimpleLinkWlanEventHandler                
20000340  SockIDRx                                  
20000342  SockIDTx                                  
00004f21  SysCtl_disableNMISource                   
00004f39  SysCtl_enableNMISource                    
00005075  SysCtl_getNMISourceStatus                 
00002837  SysTick_Handler                           
00002cb5  SystemInit                                
00002837  T32_INT1_IRQHandler                       
00002837  T32_INT2_IRQHandler                       
00002837  T32_INTC_IRQHandler                       
00002837  TA0_0_IRQHandler                          
00002837  TA0_N_IRQHandler                          
00002837  TA1_0_IRQHandler                          
00002837  TA1_N_IRQHandler                          
00002837  TA2_0_IRQHandler                          
00002837  TA2_N_IRQHandler                          
00002837  TA3_0_IRQHandler                          
00002837  TA3_N_IRQHandler                          
000041bd  Timer_A_configureUpMode                   
00004789  Timer_A_initCompare                       
00004f81  Timer_A_startCounter                      
00002837  UsageFault_Handler                        
4000480c  WDTCTL_SYM                                
00002837  WDT_A_IRQHandler                          
00004e41  WDT_A_clearTimer                          
00004e65  WDT_A_holdTimer                           
0000522c  _SlActionLookupTable                      
00000719  _SlAsyncEventGenericHandler               
00005334  _SlDeviceGetCmdCtrl                       
000048b5  _SlDrvBasicCmd                            
00002305  _SlDrvClassifyRxMsg                       
000032fd  _SlDrvCmdOp                               
000048fd  _SlDrvCmdSend                             
00001841  _SlDrvDataWriteOp                         
000042f5  _SlDrvDeviceEventHandler                  
00003731  _SlDrvDriverCBDeinit                      
00002839  _SlDrvDriverCBInit                        
00004945  _SlDrvFlowContDeinit                      
00004989  _SlDrvFlowContInit                        
000000e5  _SlDrvMsgRead                             
00002635  _SlDrvMsgReadCmdCtx                       
00002929  _SlDrvMsgReadSpawnCtx                     
00001465  _SlDrvMsgWrite                            
00002739  _SlDrvNetAppEventHandler                  
00004e89  _SlDrvObjDeInit                           
00003e9d  _SlDrvObjInit                             
00001055  _SlDrvReleasePoolObj                      
00000e41  _SlDrvRxHdrRead                           
000047d9  _SlDrvRxIrqHandler                        
00004a11  _SlDrvShiftDWord                          
0000125d  _SlDrvWaitForPoolObj                      
00001a0d  _SlFindAndSetActiveObj                    
00005338  _SlNetAppSendTokenValueCmdCtrl            
0000533c  _SlNetCfgSetCmdCtrl                       
0000400d  _SlNonOsMainLoopTask                      
0000441b  _SlNonOsSemGet                            
00004f51  _SlNonOsSemSet                            
000046e5  _SlNonOsSpawn                             
00005340  _SlPolicySetCmdCtrl                       
00005344  _SlProfileDelCmdCtrl                      
00005348  _SlRegisterServiceCtrl                    
00003181  _SlRemoveFromList                         
0000534c  _SlRxFilterSetCmdCtrl                     
00005350  _SlSockSocketCmdCtrl                      
00005354  _SlStopCmdCtrl                            
00005358  _SlWlanCfgSetCmdCtrl                      
0000535c  _SlWlanSetModeCmdCtrl                     
20010000  __STACK_END                               
00000200  __STACK_SIZE                              
00005388  __TI_CINIT_Base                           
00005398  __TI_CINIT_Limit                          
00005370  __TI_Handler_Table_Base                   
0000537c  __TI_Handler_Table_Limit                  
000049cd  __TI_auto_init_nobinit_nopinit            
00004225  __TI_decompress_lzss                      
00005085  __TI_decompress_none                      
ffffffff  __TI_pprof_out_hndl                       
ffffffff  __TI_prof_data_size                       
ffffffff  __TI_prof_data_start                      
00000000  __TI_static_base__                        
00004fd3  __TI_zero_init_nomemset                   
00003f1d  __aeabi_memclr                            
00003f1d  __aeabi_memclr4                           
00003f1d  __aeabi_memclr8                           
00003925  __aeabi_memcpy                            
00003925  __aeabi_memcpy4                           
00003925  __aeabi_memcpy8                           
00003f1f  __aeabi_memset                            
00003f1f  __aeabi_memset4                           
00003f1f  __aeabi_memset8                           
ffffffff  __binit__                                 
ffffffff  __c_args__                                
UNDEFED   __mpu_init                                
2000fe00  __stack                                   
00004b85  _c_int00_noargs                           
00004739  _sl_BuildAddress                          
000045e1  _sl_GetStartResponseConvert               
00003a59  _sl_HandleAsync_Accept                    
00003525  _sl_HandleAsync_Connect                   
00002f29  _sl_HandleAsync_DnsGetHostByName          
00002d89  _sl_HandleAsync_DnsGetHostByService       
000033b5  _sl_HandleAsync_InitComplete              
00002ff1  _sl_HandleAsync_PingResponse              
00003af1  _sl_HandleAsync_Select                    
00003c05  _sl_HandleAsync_Stop                      
000030b9  _sl_TruncatePayloadByProtocol             
UNDEFED   _system_post_cinit                        
000050f3  _system_pre_init                          
000050f7  abort                                     
200004f4  alarm_info                                
ffffffff  binit                                     
000052ec  compareConfig                             
200004fe  ctrl_info                                 
2000034c  gFirstCmdMode                             
00005308  g_H2NCnysPattern                          
00005310  g_H2NSyncPattern                          
2000035c  g_StatMem                                 
20000330  g_Status                                  
200004c0  g__SlNonOsCB                              
20000344  g_pCB                                     
000050c5  getLocalIP                                
00002e5d  initCC3100                                
00003d15  init_fireAlarm_ADC                        
00000000  interruptVectors                          
00002af5  main                                      
00003925  memcpy                                    
00003f25  memset                                    
20000358  pIraEventHandler                          
20000348  pPingCallBackFunc                         
20000338  receivedAlready                           
00004f69  registerInterruptHandler                  
20000334  retVal                                    
000037d9  sl_DevGet                                 
00004a53  sl_Htonl                                  
00004b11  sl_Htons                                  
0000346d  sl_NetAppMDNSRegisterUnregisterService    
00004bbd  sl_NetAppMDNSUnRegisterService            
0000428d  sl_NetAppSendTokenValue                   
00004079  sl_NetCfgSet                              
000021e5  sl_SendTo                                 
00004479  sl_Socket                                 
0000241d  sl_Start                                  
000020b9  sl_Stop                                   
00000bfd  sl_WlanConnect                            
000050d1  sl_WlanDisconnect                         
00004359  sl_WlanPolicySet                          
00004d1d  sl_WlanProfileDel                         
00004639  sl_WlanRxFilterSet                        
000040e5  sl_WlanSet                                
00004d4d  sl_WlanSetMode                            
000050dd  spi_Close                                 
00001f7d  spi_Open                                  
00003f99  spi_Read                                  
00004151  spi_Write                                 
00004fad  strlen                                    
00004bf3  strncpy                                   
20000000  test                                      
20000510  transmit                                  
2000033c  transmitedAlready                         
00003685  uartReceive                               
000052c0  upModeConfig                              


GLOBAL SYMBOLS: SORTED BY Symbol Address 

address   name                                      
-------   ----                                      
00000000  __TI_static_base__                        
00000000  interruptVectors                          
000000e5  _SlDrvMsgRead                             
00000200  __STACK_SIZE                              
00000719  _SlAsyncEventGenericHandler               
00000bfd  sl_WlanConnect                            
00000e41  _SlDrvRxHdrRead                           
00001055  _SlDrvReleasePoolObj                      
0000125d  _SlDrvWaitForPoolObj                      
00001465  _SlDrvMsgWrite                            
00001841  _SlDrvDataWriteOp                         
00001a0d  _SlFindAndSetActiveObj                    
00001f7d  spi_Open                                  
000020b9  sl_Stop                                   
000021e5  sl_SendTo                                 
00002305  _SlDrvClassifyRxMsg                       
0000241d  sl_Start                                  
00002635  _SlDrvMsgReadCmdCtx                       
00002739  _SlDrvNetAppEventHandler                  
00002837  AES256_IRQHandler                         
00002837  BusFault_Handler                          
00002837  COMP_E0_IRQHandler                        
00002837  COMP_E1_IRQHandler                        
00002837  CS_IRQHandler                             
00002837  DMA_ERR_IRQHandler                        
00002837  DMA_INT0_IRQHandler                       
00002837  DMA_INT1_IRQHandler                       
00002837  DMA_INT2_IRQHandler                       
00002837  DMA_INT3_IRQHandler                       
00002837  DebugMon_Handler                          
00002837  Default_Handler                           
00002837  EUSCIA1_IRQHandler                        
00002837  EUSCIA2_IRQHandler                        
00002837  EUSCIA3_IRQHandler                        
00002837  EUSCIB0_IRQHandler                        
00002837  EUSCIB1_IRQHandler                        
00002837  EUSCIB2_IRQHandler                        
00002837  EUSCIB3_IRQHandler                        
00002837  FLCTL_IRQHandler                          
00002837  FPU_IRQHandler                            
00002837  HardFault_Handler                         
00002837  MemManage_Handler                         
00002837  NMI_Handler                               
00002837  PCM_IRQHandler                            
00002837  PORT3_IRQHandler                          
00002837  PORT4_IRQHandler                          
00002837  PORT5_IRQHandler                          
00002837  PORT6_IRQHandler                          
00002837  PSS_IRQHandler                            
00002837  PendSV_Handler                            
00002837  RTC_C_IRQHandler                          
00002837  SVC_Handler                               
00002837  SysTick_Handler                           
00002837  T32_INT1_IRQHandler                       
00002837  T32_INT2_IRQHandler                       
00002837  T32_INTC_IRQHandler                       
00002837  TA0_0_IRQHandler                          
00002837  TA0_N_IRQHandler                          
00002837  TA1_0_IRQHandler                          
00002837  TA1_N_IRQHandler                          
00002837  TA2_0_IRQHandler                          
00002837  TA2_N_IRQHandler                          
00002837  TA3_0_IRQHandler                          
00002837  TA3_N_IRQHandler                          
00002837  UsageFault_Handler                        
00002837  WDT_A_IRQHandler                          
00002839  _SlDrvDriverCBInit                        
00002929  _SlDrvMsgReadSpawnCtx                     
00002a11  CS_startHFXTWithTimeout                   
00002af5  main                                      
00002cb5  SystemInit                                
00002d89  _sl_HandleAsync_DnsGetHostByService       
00002e5d  initCC3100                                
00002f29  _sl_HandleAsync_DnsGetHostByName          
00002ff1  _sl_HandleAsync_PingResponse              
000030b9  _sl_TruncatePayloadByProtocol             
00003181  _SlRemoveFromList                         
000032fd  _SlDrvCmdOp                               
000033b5  _sl_HandleAsync_InitComplete              
0000346d  sl_NetAppMDNSRegisterUnregisterService    
00003525  _sl_HandleAsync_Connect                   
000035d9  ClockSys_SetMaxFreq                       
00003685  uartReceive                               
00003731  _SlDrvDriverCBDeinit                      
000037d9  sl_DevGet                                 
00003881  ADC14_configureConversionMemory           
00003925  __aeabi_memcpy                            
00003925  __aeabi_memcpy4                           
00003925  __aeabi_memcpy8                           
00003925  memcpy                                    
000039c1  ADC14_IRQHandler                          
000039c1  ADC14_IRQHandler                          
00003a59  _sl_HandleAsync_Accept                    
00003af1  _sl_HandleAsync_Select                    
00003b7d  GPIO_setAsPeripheralModuleFunctionInputPin
00003c05  _sl_HandleAsync_Stop                      
00003d15  init_fireAlarm_ADC                        
00003d9d  Interrupt_disableInterrupt                
00003e1d  Interrupt_enableInterrupt                 
00003e9d  _SlDrvObjInit                             
00003f1d  __aeabi_memclr                            
00003f1d  __aeabi_memclr4                           
00003f1d  __aeabi_memclr8                           
00003f1f  __aeabi_memset                            
00003f1f  __aeabi_memset4                           
00003f1f  __aeabi_memset8                           
00003f25  memset                                    
00003f97  PORT1_IRQHandler                          
00003f97  PORT1_IRQHandler                          
00003f99  spi_Read                                  
0000400d  _SlNonOsMainLoopTask                      
00004079  sl_NetCfgSet                              
000040e5  sl_WlanSet                                
00004151  spi_Write                                 
000041bd  Timer_A_configureUpMode                   
00004225  __TI_decompress_lzss                      
0000428d  sl_NetAppSendTokenValue                   
000042f5  _SlDrvDeviceEventHandler                  
00004359  sl_WlanPolicySet                          
000043bd  PCM_getCoreVoltageLevel                   
0000441b  _SlNonOsSemGet                            
00004479  sl_Socket                                 
000044d5  PCM_getPowerMode                          
00004531  ADC14_configureSingleSampleMode           
00004589  SimpleLinkWlanEventHandler                
000045e1  _sl_GetStartResponseConvert               
00004639  sl_WlanRxFilterSet                        
00004691  ADC14_initModule                          
000046e5  _SlNonOsSpawn                             
00004739  _sl_BuildAddress                          
00004789  Timer_A_initCompare                       
000047d9  _SlDrvRxIrqHandler                        
00004825  ADC14_setSampleHoldTrigger                
0000486d  CC3100_InterruptEnable                    
000048b5  _SlDrvBasicCmd                            
000048fd  _SlDrvCmdSend                             
00004945  _SlDrvFlowContDeinit                      
00004989  _SlDrvFlowContInit                        
000049cd  __TI_auto_init_nobinit_nopinit            
00004a11  _SlDrvShiftDWord                          
00004a53  sl_Htonl                                  
00004a95  SimpleLinkNetAppEventHandler              
00004ad5  CopyPingResultsToReport                   
00004b11  sl_Htons                                  
00004b4d  ADC14_getEnabledInterruptStatus           
00004b85  _c_int00_noargs                           
00004bbd  sl_NetAppMDNSUnRegisterService            
00004bf3  strncpy                                   
00004c29  ADC14_enableSampleTimer                   
00004c5d  ADC14_clearInterruptFlag                  
00004c8d  ADC14_enableInterrupt                     
00004cbd  CC3100_InterruptDisable                   
00004ced  PORT2_IRQHandler                          
00004ced  PORT2_IRQHandler                          
00004d1d  sl_WlanProfileDel                         
00004d4d  sl_WlanSetMode                            
00004d7d  ADC14_getInterruptStatus                  
00004da9  ADC14_enableConversion                    
00004dd1  Delay                                     
00004df9  EUSCIA0_IRQHandler                        
00004df9  EUSCIA0_IRQHandler                        
00004e1d  SendData                                  
00004e41  WDT_A_clearTimer                          
00004e65  WDT_A_holdTimer                           
00004e89  _SlDrvObjDeInit                           
00004ead  ADC14_setResolution                       
00004ecd  CS_setExternalClockSourceFrequency        
00004eed  ADC14_getResult                           
00004f09  FPU_enableModule                          
00004f21  SysCtl_disableNMISource                   
00004f39  SysCtl_enableNMISource                    
00004f51  _SlNonOsSemSet                            
00004f69  registerInterruptHandler                  
00004f81  Timer_A_startCounter                      
00004f99  PCM_getPowerState                         
00004fad  strlen                                    
00004fc1  CS_startHFXT                              
00004fd3  __TI_zero_init_nomemset                   
00004fe5  ADC14_disableConversion                   
00005005  CC3100_disable                            
00005015  CC3100_enable                             
00005025  FPU_enableLazyStacking                    
00005035  Interrupt_enableMaster                    
00005045  PCM_setCoreVoltageLevel                   
00005055  PCM_setPowerMode                          
00005065  SimpleLinkSockEventHandler                
00005075  SysCtl_getNMISourceStatus                 
00005085  __TI_decompress_none                      
00005095  ADC14_enableModule                        
000050a1  CPU_cpsie                                 
000050ad  Reset_Handler                             
000050b9  SimpleLinkHttpServerCallback              
000050c5  getLocalIP                                
000050d1  sl_WlanDisconnect                         
000050dd  spi_Close                                 
000050e9  SimpleLinkGeneralEventHandler             
000050f3  _system_pre_init                          
000050f7  C$$EXIT                                   
000050f7  abort                                     
0000522c  _SlActionLookupTable                      
000052c0  upModeConfig                              
000052ec  compareConfig                             
00005308  g_H2NCnysPattern                          
00005310  g_H2NSyncPattern                          
00005334  _SlDeviceGetCmdCtrl                       
00005338  _SlNetAppSendTokenValueCmdCtrl            
0000533c  _SlNetCfgSetCmdCtrl                       
00005340  _SlPolicySetCmdCtrl                       
00005344  _SlProfileDelCmdCtrl                      
00005348  _SlRegisterServiceCtrl                    
0000534c  _SlRxFilterSetCmdCtrl                     
00005350  _SlSockSocketCmdCtrl                      
00005354  _SlStopCmdCtrl                            
00005358  _SlWlanCfgSetCmdCtrl                      
0000535c  _SlWlanSetModeCmdCtrl                     
00005370  __TI_Handler_Table_Base                   
0000537c  __TI_Handler_Table_Limit                  
00005388  __TI_CINIT_Base                           
00005398  __TI_CINIT_Limit                          
20000000  test                                      
20000330  g_Status                                  
20000334  retVal                                    
20000338  receivedAlready                           
2000033c  transmitedAlready                         
20000340  SockIDRx                                  
20000342  SockIDTx                                  
20000344  g_pCB                                     
20000348  pPingCallBackFunc                         
2000034c  gFirstCmdMode                             
20000358  pIraEventHandler                          
2000035c  g_StatMem                                 
200004c0  g__SlNonOsCB                              
200004f4  alarm_info                                
200004fe  ctrl_info                                 
2000050c  FIREALARM_IP                              
20000510  transmit                                  
2000fe00  __stack                                   
20010000  __STACK_END                               
4000480c  WDTCTL_SYM                                
ffffffff  __TI_pprof_out_hndl                       
ffffffff  __TI_prof_data_size                       
ffffffff  __TI_prof_data_start                      
ffffffff  __binit__                                 
ffffffff  __c_args__                                
ffffffff  binit                                     
UNDEFED   __mpu_init                                
UNDEFED   _system_post_cinit                        

[247 symbols]
